Command line invocation:
    /Applications/Xcode.app/Contents/Developer/usr/bin/xcodebuild -scheme alarmo -destination "platform=iOS Simulator,name=iPhone 16e" build

2026-01-12 23:45:58.718 xcodebuild[78551:15587533] [MT] IDERunDestination: Supported platforms for the buildables in the current scheme is empty.
ComputePackagePrebuildTargetDependencyGraph

Prepare packages

CreateBuildRequest

SendProjectDescription

CreateBuildOperation

ComputeTargetDependencyGraph
note: Building targets in dependency order
note: Target dependency graph (1 target)
    Target 'alarmo' in project 'alarmo' (no dependencies)

GatherProvisioningInputs

CreateBuildDescription

ExecuteExternalTool /Applications/Xcode.app/Contents/Developer/Toolchains/XcodeDefault.xctoolchain/usr/bin/clang -v -E -dM -isysroot /Applications/Xcode.app/Contents/Developer/Platforms/iPhoneSimulator.platform/Developer/SDKs/iPhoneSimulator26.2.sdk -x c -c /dev/null

ExecuteExternalTool /Applications/Xcode.app/Contents/Developer/usr/bin/actool --print-asset-tag-combinations --output-format xml1 /Users/rukesh/Documents/projects/alarmo/alarmo/alarmo/Assets.xcassets

ExecuteExternalTool /Applications/Xcode.app/Contents/Developer/usr/bin/actool --version --output-format xml1

ExecuteExternalTool /Applications/Xcode.app/Contents/Developer/Toolchains/XcodeDefault.xctoolchain/usr/bin/swiftc --version

ExecuteExternalTool /Applications/Xcode.app/Contents/Developer/Toolchains/XcodeDefault.xctoolchain/usr/bin/ld -version_details

Build description signature: 779074472b55b34446cdff6aed6437ec
Build description path: /Users/rukesh/Library/Developer/Xcode/DerivedData/alarmo-ceckqxjdtadmywhgpijqujqnffnr/Build/Intermediates.noindex/XCBuildData/779074472b55b34446cdff6aed6437ec.xcbuilddata
ClangStatCache /Applications/Xcode.app/Contents/Developer/Toolchains/XcodeDefault.xctoolchain/usr/bin/clang-stat-cache /Applications/Xcode.app/Contents/Developer/Platforms/iPhoneSimulator.platform/Developer/SDKs/iPhoneSimulator26.2.sdk /Users/rukesh/Library/Developer/Xcode/DerivedData/SDKStatCaches.noindex/iphonesimulator26.2-23C53-3885c01c3e6b6a337905948deab2002e7d00a8b37fbd7999ea79df8ebc024bf0.sdkstatcache
    cd /Users/rukesh/Documents/projects/alarmo/alarmo/alarmo.xcodeproj
    /Applications/Xcode.app/Contents/Developer/Toolchains/XcodeDefault.xctoolchain/usr/bin/clang-stat-cache /Applications/Xcode.app/Contents/Developer/Platforms/iPhoneSimulator.platform/Developer/SDKs/iPhoneSimulator26.2.sdk -o /Users/rukesh/Library/Developer/Xcode/DerivedData/SDKStatCaches.noindex/iphonesimulator26.2-23C53-3885c01c3e6b6a337905948deab2002e7d00a8b37fbd7999ea79df8ebc024bf0.sdkstatcache

ProcessProductPackaging "" /Users/rukesh/Library/Developer/Xcode/DerivedData/alarmo-ceckqxjdtadmywhgpijqujqnffnr/Build/Intermediates.noindex/alarmo.build/Debug-iphonesimulator/alarmo.build/alarmo.app-Simulated.xcent (in target 'alarmo' from project 'alarmo')
    cd /Users/rukesh/Documents/projects/alarmo/alarmo
    
    Entitlements:
    
    {
    "application-identifier" = "FAKETEAMID.ht.alarmo";
}
    
    builtin-productPackagingUtility -entitlements -format xml -o /Users/rukesh/Library/Developer/Xcode/DerivedData/alarmo-ceckqxjdtadmywhgpijqujqnffnr/Build/Intermediates.noindex/alarmo.build/Debug-iphonesimulator/alarmo.build/alarmo.app-Simulated.xcent

ProcessProductPackagingDER /Users/rukesh/Library/Developer/Xcode/DerivedData/alarmo-ceckqxjdtadmywhgpijqujqnffnr/Build/Intermediates.noindex/alarmo.build/Debug-iphonesimulator/alarmo.build/alarmo.app-Simulated.xcent /Users/rukesh/Library/Developer/Xcode/DerivedData/alarmo-ceckqxjdtadmywhgpijqujqnffnr/Build/Intermediates.noindex/alarmo.build/Debug-iphonesimulator/alarmo.build/alarmo.app-Simulated.xcent.der (in target 'alarmo' from project 'alarmo')
    cd /Users/rukesh/Documents/projects/alarmo/alarmo
    /usr/bin/derq query -f xml -i /Users/rukesh/Library/Developer/Xcode/DerivedData/alarmo-ceckqxjdtadmywhgpijqujqnffnr/Build/Intermediates.noindex/alarmo.build/Debug-iphonesimulator/alarmo.build/alarmo.app-Simulated.xcent -o /Users/rukesh/Library/Developer/Xcode/DerivedData/alarmo-ceckqxjdtadmywhgpijqujqnffnr/Build/Intermediates.noindex/alarmo.build/Debug-iphonesimulator/alarmo.build/alarmo.app-Simulated.xcent.der --raw

LinkAssetCatalog /Users/rukesh/Documents/projects/alarmo/alarmo/alarmo/Assets.xcassets (in target 'alarmo' from project 'alarmo')
    cd /Users/rukesh/Documents/projects/alarmo/alarmo
    builtin-linkAssetCatalog --thinned /Users/rukesh/Library/Developer/Xcode/DerivedData/alarmo-ceckqxjdtadmywhgpijqujqnffnr/Build/Intermediates.noindex/alarmo.build/Debug-iphonesimulator/alarmo.build/assetcatalog_output/thinned --thinned-dependencies /Users/rukesh/Library/Developer/Xcode/DerivedData/alarmo-ceckqxjdtadmywhgpijqujqnffnr/Build/Intermediates.noindex/alarmo.build/Debug-iphonesimulator/alarmo.build/assetcatalog_dependencies_thinned --thinned-info-plist-content /Users/rukesh/Library/Developer/Xcode/DerivedData/alarmo-ceckqxjdtadmywhgpijqujqnffnr/Build/Intermediates.noindex/alarmo.build/Debug-iphonesimulator/alarmo.build/assetcatalog_generated_info.plist_thinned --unthinned /Users/rukesh/Library/Developer/Xcode/DerivedData/alarmo-ceckqxjdtadmywhgpijqujqnffnr/Build/Intermediates.noindex/alarmo.build/Debug-iphonesimulator/alarmo.build/assetcatalog_output/unthinned --unthinned-dependencies /Users/rukesh/Library/Developer/Xcode/DerivedData/alarmo-ceckqxjdtadmywhgpijqujqnffnr/Build/Intermediates.noindex/alarmo.build/Debug-iphonesimulator/alarmo.build/assetcatalog_dependencies_unthinned --unthinned-info-plist-content /Users/rukesh/Library/Developer/Xcode/DerivedData/alarmo-ceckqxjdtadmywhgpijqujqnffnr/Build/Intermediates.noindex/alarmo.build/Debug-iphonesimulator/alarmo.build/assetcatalog_generated_info.plist_unthinned --output /Users/rukesh/Library/Developer/Xcode/DerivedData/alarmo-ceckqxjdtadmywhgpijqujqnffnr/Build/Products/Debug-iphonesimulator/alarmo.app --plist-output /Users/rukesh/Library/Developer/Xcode/DerivedData/alarmo-ceckqxjdtadmywhgpijqujqnffnr/Build/Intermediates.noindex/alarmo.build/Debug-iphonesimulator/alarmo.build/assetcatalog_generated_info.plist

ProcessInfoPlistFile /Users/rukesh/Library/Developer/Xcode/DerivedData/alarmo-ceckqxjdtadmywhgpijqujqnffnr/Build/Products/Debug-iphonesimulator/alarmo.app/Info.plist /Users/rukesh/Library/Developer/Xcode/DerivedData/alarmo-ceckqxjdtadmywhgpijqujqnffnr/Build/Intermediates.noindex/alarmo.build/Debug-iphonesimulator/alarmo.build/empty-alarmo.plist (in target 'alarmo' from project 'alarmo')
    cd /Users/rukesh/Documents/projects/alarmo/alarmo
    builtin-infoPlistUtility /Users/rukesh/Library/Developer/Xcode/DerivedData/alarmo-ceckqxjdtadmywhgpijqujqnffnr/Build/Intermediates.noindex/alarmo.build/Debug-iphonesimulator/alarmo.build/empty-alarmo.plist -producttype com.apple.product-type.application -genpkginfo /Users/rukesh/Library/Developer/Xcode/DerivedData/alarmo-ceckqxjdtadmywhgpijqujqnffnr/Build/Products/Debug-iphonesimulator/alarmo.app/PkgInfo -expandbuildsettings -format binary -platform iphonesimulator -additionalcontentfile /Users/rukesh/Library/Developer/Xcode/DerivedData/alarmo-ceckqxjdtadmywhgpijqujqnffnr/Build/Intermediates.noindex/alarmo.build/Debug-iphonesimulator/alarmo.build/assetcatalog_generated_info.plist -o /Users/rukesh/Library/Developer/Xcode/DerivedData/alarmo-ceckqxjdtadmywhgpijqujqnffnr/Build/Products/Debug-iphonesimulator/alarmo.app/Info.plist

SwiftDriver alarmo normal arm64 com.apple.xcode.tools.swift.compiler (in target 'alarmo' from project 'alarmo')
    cd /Users/rukesh/Documents/projects/alarmo/alarmo
    builtin-SwiftDriver -- /Applications/Xcode.app/Contents/Developer/Toolchains/XcodeDefault.xctoolchain/usr/bin/swiftc -module-name alarmo -Onone -enforce-exclusivity\=checked @/Users/rukesh/Library/Developer/Xcode/DerivedData/alarmo-ceckqxjdtadmywhgpijqujqnffnr/Build/Intermediates.noindex/alarmo.build/Debug-iphonesimulator/alarmo.build/Objects-normal/arm64/alarmo.SwiftFileList -DDEBUG -default-isolation\=MainActor -enable-bare-slash-regex -enable-upcoming-feature DisableOutwardActorInference -enable-upcoming-feature InferSendableFromCaptures -enable-upcoming-feature GlobalActorIsolatedTypesUsability -enable-upcoming-feature MemberImportVisibility -enable-upcoming-feature InferIsolatedConformances -enable-upcoming-feature NonisolatedNonsendingByDefault -enable-experimental-feature DebugDescriptionMacro -sdk /Applications/Xcode.app/Contents/Developer/Platforms/iPhoneSimulator.platform/Developer/SDKs/iPhoneSimulator26.2.sdk -target arm64-apple-ios26.2-simulator -g -module-cache-path /Users/rukesh/Library/Developer/Xcode/DerivedData/ModuleCache.noindex -Xfrontend -serialize-debugging-options -profile-coverage-mapping -profile-generate -enable-testing -index-store-path /Users/rukesh/Library/Developer/Xcode/DerivedData/alarmo-ceckqxjdtadmywhgpijqujqnffnr/Index.noindex/DataStore -Xcc -D_LIBCPP_HARDENING_MODE\=_LIBCPP_HARDENING_MODE_DEBUG -swift-version 5 -I /Users/rukesh/Library/Developer/Xcode/DerivedData/alarmo-ceckqxjdtadmywhgpijqujqnffnr/Build/Products/Debug-iphonesimulator -F /Users/rukesh/Library/Developer/Xcode/DerivedData/alarmo-ceckqxjdtadmywhgpijqujqnffnr/Build/Products/Debug-iphonesimulator -emit-localized-strings -emit-localized-strings-path /Users/rukesh/Library/Developer/Xcode/DerivedData/alarmo-ceckqxjdtadmywhgpijqujqnffnr/Build/Intermediates.noindex/alarmo.build/Debug-iphonesimulator/alarmo.build/Objects-normal/arm64 -c -j14 -enable-batch-mode -incremental -Xcc -ivfsstatcache -Xcc /Users/rukesh/Library/Developer/Xcode/DerivedData/SDKStatCaches.noindex/iphonesimulator26.2-23C53-3885c01c3e6b6a337905948deab2002e7d00a8b37fbd7999ea79df8ebc024bf0.sdkstatcache -output-file-map /Users/rukesh/Library/Developer/Xcode/DerivedData/alarmo-ceckqxjdtadmywhgpijqujqnffnr/Build/Intermediates.noindex/alarmo.build/Debug-iphonesimulator/alarmo.build/Objects-normal/arm64/alarmo-OutputFileMap.json -use-frontend-parseable-output -save-temps -no-color-diagnostics -explicit-module-build -module-cache-path /Users/rukesh/Library/Developer/Xcode/DerivedData/alarmo-ceckqxjdtadmywhgpijqujqnffnr/Build/Intermediates.noindex/SwiftExplicitPrecompiledModules -clang-scanner-module-cache-path /Users/rukesh/Library/Developer/Xcode/DerivedData/ModuleCache.noindex -sdk-module-cache-path /Users/rukesh/Library/Developer/Xcode/DerivedData/ModuleCache.noindex -serialize-diagnostics -emit-dependencies -emit-module -emit-module-path /Users/rukesh/Library/Developer/Xcode/DerivedData/alarmo-ceckqxjdtadmywhgpijqujqnffnr/Build/Intermediates.noindex/alarmo.build/Debug-iphonesimulator/alarmo.build/Objects-normal/arm64/alarmo.swiftmodule -validate-clang-modules-once -clang-build-session-file /Users/rukesh/Library/Developer/Xcode/DerivedData/ModuleCache.noindex/Session.modulevalidation -Xcc -I/Users/rukesh/Library/Developer/Xcode/DerivedData/alarmo-ceckqxjdtadmywhgpijqujqnffnr/Build/Intermediates.noindex/alarmo.build/Debug-iphonesimulator/alarmo.build/swift-overrides.hmap -emit-const-values -Xfrontend -const-gather-protocols-file -Xfrontend /Users/rukesh/Library/Developer/Xcode/DerivedData/alarmo-ceckqxjdtadmywhgpijqujqnffnr/Build/Intermediates.noindex/alarmo.build/Debug-iphonesimulator/alarmo.build/Objects-normal/arm64/alarmo_const_extract_protocols.json -Xcc -iquote -Xcc /Users/rukesh/Library/Developer/Xcode/DerivedData/alarmo-ceckqxjdtadmywhgpijqujqnffnr/Build/Intermediates.noindex/alarmo.build/Debug-iphonesimulator/alarmo.build/alarmo-generated-files.hmap -Xcc -I/Users/rukesh/Library/Developer/Xcode/DerivedData/alarmo-ceckqxjdtadmywhgpijqujqnffnr/Build/Intermediates.noindex/alarmo.build/Debug-iphonesimulator/alarmo.build/alarmo-own-target-headers.hmap -Xcc -I/Users/rukesh/Library/Developer/Xcode/DerivedData/alarmo-ceckqxjdtadmywhgpijqujqnffnr/Build/Intermediates.noindex/alarmo.build/Debug-iphonesimulator/alarmo.build/alarmo-all-target-headers.hmap -Xcc -iquote -Xcc /Users/rukesh/Library/Developer/Xcode/DerivedData/alarmo-ceckqxjdtadmywhgpijqujqnffnr/Build/Intermediates.noindex/alarmo.build/Debug-iphonesimulator/alarmo.build/alarmo-project-headers.hmap -Xcc -I/Users/rukesh/Library/Developer/Xcode/DerivedData/alarmo-ceckqxjdtadmywhgpijqujqnffnr/Build/Products/Debug-iphonesimulator/include -Xcc -I/Users/rukesh/Library/Developer/Xcode/DerivedData/alarmo-ceckqxjdtadmywhgpijqujqnffnr/Build/Intermediates.noindex/alarmo.build/Debug-iphonesimulator/alarmo.build/DerivedSources-normal/arm64 -Xcc -I/Users/rukesh/Library/Developer/Xcode/DerivedData/alarmo-ceckqxjdtadmywhgpijqujqnffnr/Build/Intermediates.noindex/alarmo.build/Debug-iphonesimulator/alarmo.build/DerivedSources/arm64 -Xcc -I/Users/rukesh/Library/Developer/Xcode/DerivedData/alarmo-ceckqxjdtadmywhgpijqujqnffnr/Build/Intermediates.noindex/alarmo.build/Debug-iphonesimulator/alarmo.build/DerivedSources -Xcc -DDEBUG\=1 -emit-objc-header -emit-objc-header-path /Users/rukesh/Library/Developer/Xcode/DerivedData/alarmo-ceckqxjdtadmywhgpijqujqnffnr/Build/Intermediates.noindex/alarmo.build/Debug-iphonesimulator/alarmo.build/Objects-normal/arm64/alarmo-Swift.h -working-directory /Users/rukesh/Documents/projects/alarmo/alarmo -experimental-emit-module-separately -disable-cmo

SwiftCompile normal arm64 Compiling\ View+CornerRadius.swift,\ CatalogAsset.swift,\ CatalogCategory.swift,\ CatalogLoader.swift,\ SoundConfig.swift,\ WallpaperCatalogLoader.swift,\ WallpaperConfig.swift,\ AlarmRepository.swift /Users/rukesh/Documents/projects/alarmo/alarmo/alarmo/Core/Utilities/View+CornerRadius.swift /Users/rukesh/Documents/projects/alarmo/alarmo/alarmo/Data/Catalog/Models/CatalogAsset.swift /Users/rukesh/Documents/projects/alarmo/alarmo/alarmo/Data/Catalog/Models/CatalogCategory.swift /Users/rukesh/Documents/projects/alarmo/alarmo/alarmo/Data/Catalog/CatalogLoader.swift /Users/rukesh/Documents/projects/alarmo/alarmo/alarmo/Data/Catalog/SoundConfig.swift /Users/rukesh/Documents/projects/alarmo/alarmo/alarmo/Data/Catalog/WallpaperCatalogLoader.swift /Users/rukesh/Documents/projects/alarmo/alarmo/alarmo/Data/Catalog/WallpaperConfig.swift /Users/rukesh/Documents/projects/alarmo/alarmo/alarmo/Data/Repositories/AlarmRepository.swift (in target 'alarmo' from project 'alarmo')

SwiftCompile normal arm64 /Users/rukesh/Documents/projects/alarmo/alarmo/alarmo/Core/Utilities/View+CornerRadius.swift (in target 'alarmo' from project 'alarmo')
    cd /Users/rukesh/Documents/projects/alarmo/alarmo
    

SwiftCompile normal arm64 /Users/rukesh/Documents/projects/alarmo/alarmo/alarmo/Data/Catalog/Models/CatalogAsset.swift (in target 'alarmo' from project 'alarmo')
    cd /Users/rukesh/Documents/projects/alarmo/alarmo
    

SwiftCompile normal arm64 /Users/rukesh/Documents/projects/alarmo/alarmo/alarmo/Data/Catalog/Models/CatalogCategory.swift (in target 'alarmo' from project 'alarmo')
    cd /Users/rukesh/Documents/projects/alarmo/alarmo
    

SwiftCompile normal arm64 /Users/rukesh/Documents/projects/alarmo/alarmo/alarmo/Data/Catalog/CatalogLoader.swift (in target 'alarmo' from project 'alarmo')
    cd /Users/rukesh/Documents/projects/alarmo/alarmo
    

SwiftCompile normal arm64 /Users/rukesh/Documents/projects/alarmo/alarmo/alarmo/Data/Catalog/SoundConfig.swift (in target 'alarmo' from project 'alarmo')
    cd /Users/rukesh/Documents/projects/alarmo/alarmo
    

SwiftCompile normal arm64 /Users/rukesh/Documents/projects/alarmo/alarmo/alarmo/Data/Catalog/WallpaperCatalogLoader.swift (in target 'alarmo' from project 'alarmo')
    cd /Users/rukesh/Documents/projects/alarmo/alarmo
    

SwiftCompile normal arm64 /Users/rukesh/Documents/projects/alarmo/alarmo/alarmo/Data/Catalog/WallpaperConfig.swift (in target 'alarmo' from project 'alarmo')
    cd /Users/rukesh/Documents/projects/alarmo/alarmo
    

SwiftCompile normal arm64 /Users/rukesh/Documents/projects/alarmo/alarmo/alarmo/Data/Repositories/AlarmRepository.swift (in target 'alarmo' from project 'alarmo')
    cd /Users/rukesh/Documents/projects/alarmo/alarmo
    

SwiftCompile normal arm64 Compiling\ CatalogRepository.swift,\ SoundCatalogRepository.swift,\ UserSettingsRepository.swift,\ AlarmRingingView.swift,\ CreateWakeUpAlarmView.swift,\ CreateWakeUpAlarmViewModel.swift,\ EmojiPickerView.swift,\ GentleWakeUpPickerView.swift /Users/rukesh/Documents/projects/alarmo/alarmo/alarmo/Data/Repositories/CatalogRepository.swift /Users/rukesh/Documents/projects/alarmo/alarmo/alarmo/Data/Repositories/SoundCatalogRepository.swift /Users/rukesh/Documents/projects/alarmo/alarmo/alarmo/Data/Repositories/UserSettingsRepository.swift /Users/rukesh/Documents/projects/alarmo/alarmo/alarmo/Features/Alarms/AlarmRingingView.swift /Users/rukesh/Documents/projects/alarmo/alarmo/alarmo/Features/Alarms/CreateWakeUpAlarmView.swift /Users/rukesh/Documents/projects/alarmo/alarmo/alarmo/Features/Alarms/CreateWakeUpAlarmViewModel.swift /Users/rukesh/Documents/projects/alarmo/alarmo/alarmo/Features/Alarms/EmojiPickerView.swift /Users/rukesh/Documents/projects/alarmo/alarmo/alarmo/Features/Alarms/GentleWakeUpPickerView.swift (in target 'alarmo' from project 'alarmo')
SwiftCompile normal arm64 /Users/rukesh/Documents/projects/alarmo/alarmo/alarmo/Data/Repositories/CatalogRepository.swift (in target 'alarmo' from project 'alarmo')
    cd /Users/rukesh/Documents/projects/alarmo/alarmo
    

SwiftCompile normal arm64 /Users/rukesh/Documents/projects/alarmo/alarmo/alarmo/Data/Repositories/SoundCatalogRepository.swift (in target 'alarmo' from project 'alarmo')
    cd /Users/rukesh/Documents/projects/alarmo/alarmo
    

SwiftCompile normal arm64 /Users/rukesh/Documents/projects/alarmo/alarmo/alarmo/Data/Repositories/UserSettingsRepository.swift (in target 'alarmo' from project 'alarmo')
    cd /Users/rukesh/Documents/projects/alarmo/alarmo
    

SwiftCompile normal arm64 /Users/rukesh/Documents/projects/alarmo/alarmo/alarmo/Features/Alarms/AlarmRingingView.swift (in target 'alarmo' from project 'alarmo')
    cd /Users/rukesh/Documents/projects/alarmo/alarmo
    

SwiftCompile normal arm64 /Users/rukesh/Documents/projects/alarmo/alarmo/alarmo/Features/Alarms/CreateWakeUpAlarmView.swift (in target 'alarmo' from project 'alarmo')
    cd /Users/rukesh/Documents/projects/alarmo/alarmo
    

SwiftCompile normal arm64 /Users/rukesh/Documents/projects/alarmo/alarmo/alarmo/Features/Alarms/CreateWakeUpAlarmViewModel.swift (in target 'alarmo' from project 'alarmo')
    cd /Users/rukesh/Documents/projects/alarmo/alarmo
    

SwiftCompile normal arm64 /Users/rukesh/Documents/projects/alarmo/alarmo/alarmo/Features/Alarms/EmojiPickerView.swift (in target 'alarmo' from project 'alarmo')
    cd /Users/rukesh/Documents/projects/alarmo/alarmo
    

SwiftCompile normal arm64 /Users/rukesh/Documents/projects/alarmo/alarmo/alarmo/Features/Alarms/GentleWakeUpPickerView.swift (in target 'alarmo' from project 'alarmo')
    cd /Users/rukesh/Documents/projects/alarmo/alarmo
    

SwiftCompile normal arm64 Compiling\ AlarmAppDelegate.swift,\ AlarmoApp.swift,\ AppEnvironment.swift,\ AppRootView.swift,\ Router.swift,\ AppConstants.swift,\ Colors.swift,\ Radii.swift /Users/rukesh/Documents/projects/alarmo/alarmo/alarmo/App/AlarmAppDelegate.swift /Users/rukesh/Documents/projects/alarmo/alarmo/alarmo/App/AlarmoApp.swift /Users/rukesh/Documents/projects/alarmo/alarmo/alarmo/App/AppEnvironment.swift /Users/rukesh/Documents/projects/alarmo/alarmo/alarmo/App/AppRootView.swift /Users/rukesh/Documents/projects/alarmo/alarmo/alarmo/App/Router.swift /Users/rukesh/Documents/projects/alarmo/alarmo/alarmo/Core/Constants/AppConstants.swift /Users/rukesh/Documents/projects/alarmo/alarmo/alarmo/Core/Theme/Colors.swift /Users/rukesh/Documents/projects/alarmo/alarmo/alarmo/Core/Theme/Radii.swift (in target 'alarmo' from project 'alarmo')
SwiftCompile normal arm64 /Users/rukesh/Documents/projects/alarmo/alarmo/alarmo/App/AlarmAppDelegate.swift (in target 'alarmo' from project 'alarmo')
    cd /Users/rukesh/Documents/projects/alarmo/alarmo
    

SwiftCompile normal arm64 /Users/rukesh/Documents/projects/alarmo/alarmo/alarmo/App/AlarmoApp.swift (in target 'alarmo' from project 'alarmo')
    cd /Users/rukesh/Documents/projects/alarmo/alarmo
    

SwiftCompile normal arm64 /Users/rukesh/Documents/projects/alarmo/alarmo/alarmo/App/AppEnvironment.swift (in target 'alarmo' from project 'alarmo')
    cd /Users/rukesh/Documents/projects/alarmo/alarmo
    

SwiftCompile normal arm64 /Users/rukesh/Documents/projects/alarmo/alarmo/alarmo/App/AppRootView.swift (in target 'alarmo' from project 'alarmo')
    cd /Users/rukesh/Documents/projects/alarmo/alarmo
    

SwiftCompile normal arm64 /Users/rukesh/Documents/projects/alarmo/alarmo/alarmo/App/Router.swift (in target 'alarmo' from project 'alarmo')
    cd /Users/rukesh/Documents/projects/alarmo/alarmo
    

SwiftCompile normal arm64 /Users/rukesh/Documents/projects/alarmo/alarmo/alarmo/Core/Constants/AppConstants.swift (in target 'alarmo' from project 'alarmo')
    cd /Users/rukesh/Documents/projects/alarmo/alarmo
    

SwiftCompile normal arm64 /Users/rukesh/Documents/projects/alarmo/alarmo/alarmo/Core/Theme/Colors.swift (in target 'alarmo' from project 'alarmo')
    cd /Users/rukesh/Documents/projects/alarmo/alarmo
    

SwiftCompile normal arm64 /Users/rukesh/Documents/projects/alarmo/alarmo/alarmo/Core/Theme/Radii.swift (in target 'alarmo' from project 'alarmo')
    cd /Users/rukesh/Documents/projects/alarmo/alarmo
    

SwiftCompile normal arm64 Compiling\ PrimaryButton.swift,\ ProgressHeader.swift,\ PromoCard.swift,\ TimeWheelPickerView.swift,\ AlarmDebug.swift,\ Haptics.swift,\ Logging.swift,\ TimeFormatters.swift /Users/rukesh/Documents/projects/alarmo/alarmo/alarmo/Core/UIComponents/PrimaryButton.swift /Users/rukesh/Documents/projects/alarmo/alarmo/alarmo/Core/UIComponents/ProgressHeader.swift /Users/rukesh/Documents/projects/alarmo/alarmo/alarmo/Core/UIComponents/PromoCard.swift /Users/rukesh/Documents/projects/alarmo/alarmo/alarmo/Core/UIComponents/TimeWheelPickerView.swift /Users/rukesh/Documents/projects/alarmo/alarmo/alarmo/Core/Utilities/AlarmDebug.swift /Users/rukesh/Documents/projects/alarmo/alarmo/alarmo/Core/Utilities/Haptics.swift /Users/rukesh/Documents/projects/alarmo/alarmo/alarmo/Core/Utilities/Logging.swift /Users/rukesh/Documents/projects/alarmo/alarmo/alarmo/Core/Utilities/TimeFormatters.swift (in target 'alarmo' from project 'alarmo')

SwiftCompile normal arm64 /Users/rukesh/Documents/projects/alarmo/alarmo/alarmo/Core/UIComponents/PrimaryButton.swift (in target 'alarmo' from project 'alarmo')
    cd /Users/rukesh/Documents/projects/alarmo/alarmo
    

SwiftCompile normal arm64 /Users/rukesh/Documents/projects/alarmo/alarmo/alarmo/Core/UIComponents/ProgressHeader.swift (in target 'alarmo' from project 'alarmo')
    cd /Users/rukesh/Documents/projects/alarmo/alarmo
    

SwiftCompile normal arm64 /Users/rukesh/Documents/projects/alarmo/alarmo/alarmo/Core/UIComponents/PromoCard.swift (in target 'alarmo' from project 'alarmo')
    cd /Users/rukesh/Documents/projects/alarmo/alarmo
    

SwiftCompile normal arm64 /Users/rukesh/Documents/projects/alarmo/alarmo/alarmo/Core/UIComponents/TimeWheelPickerView.swift (in target 'alarmo' from project 'alarmo')
    cd /Users/rukesh/Documents/projects/alarmo/alarmo
    

SwiftCompile normal arm64 /Users/rukesh/Documents/projects/alarmo/alarmo/alarmo/Core/Utilities/AlarmDebug.swift (in target 'alarmo' from project 'alarmo')
    cd /Users/rukesh/Documents/projects/alarmo/alarmo
    

SwiftCompile normal arm64 /Users/rukesh/Documents/projects/alarmo/alarmo/alarmo/Core/Utilities/Haptics.swift (in target 'alarmo' from project 'alarmo')
    cd /Users/rukesh/Documents/projects/alarmo/alarmo
    

SwiftCompile normal arm64 /Users/rukesh/Documents/projects/alarmo/alarmo/alarmo/Core/Utilities/Logging.swift (in target 'alarmo' from project 'alarmo')
    cd /Users/rukesh/Documents/projects/alarmo/alarmo
    

SwiftCompile normal arm64 /Users/rukesh/Documents/projects/alarmo/alarmo/alarmo/Core/Utilities/TimeFormatters.swift (in target 'alarmo' from project 'alarmo')
    cd /Users/rukesh/Documents/projects/alarmo/alarmo
    

SwiftCompile normal arm64 Compiling\ Shadows.swift,\ Spacing.swift,\ Typography.swift,\ BottomSheetContainer.swift,\ Card.swift,\ CustomTabBar.swift,\ PageDots.swift,\ PressedScaleButtonStyle.swift /Users/rukesh/Documents/projects/alarmo/alarmo/alarmo/Core/Theme/Shadows.swift /Users/rukesh/Documents/projects/alarmo/alarmo/alarmo/Core/Theme/Spacing.swift /Users/rukesh/Documents/projects/alarmo/alarmo/alarmo/Core/Theme/Typography.swift /Users/rukesh/Documents/projects/alarmo/alarmo/alarmo/Core/UIComponents/BottomSheetContainer.swift /Users/rukesh/Documents/projects/alarmo/alarmo/alarmo/Core/UIComponents/Card.swift /Users/rukesh/Documents/projects/alarmo/alarmo/alarmo/Core/UIComponents/CustomTabBar.swift /Users/rukesh/Documents/projects/alarmo/alarmo/alarmo/Core/UIComponents/PageDots.swift /Users/rukesh/Documents/projects/alarmo/alarmo/alarmo/Core/UIComponents/PressedScaleButtonStyle.swift (in target 'alarmo' from project 'alarmo')

SwiftCompile normal arm64 /Users/rukesh/Documents/projects/alarmo/alarmo/alarmo/Core/Theme/Shadows.swift (in target 'alarmo' from project 'alarmo')
    cd /Users/rukesh/Documents/projects/alarmo/alarmo
    

SwiftCompile normal arm64 /Users/rukesh/Documents/projects/alarmo/alarmo/alarmo/Core/Theme/Spacing.swift (in target 'alarmo' from project 'alarmo')
    cd /Users/rukesh/Documents/projects/alarmo/alarmo
    

SwiftCompile normal arm64 /Users/rukesh/Documents/projects/alarmo/alarmo/alarmo/Core/Theme/Typography.swift (in target 'alarmo' from project 'alarmo')
    cd /Users/rukesh/Documents/projects/alarmo/alarmo
    

SwiftCompile normal arm64 /Users/rukesh/Documents/projects/alarmo/alarmo/alarmo/Core/UIComponents/BottomSheetContainer.swift (in target 'alarmo' from project 'alarmo')
    cd /Users/rukesh/Documents/projects/alarmo/alarmo
    

SwiftCompile normal arm64 /Users/rukesh/Documents/projects/alarmo/alarmo/alarmo/Core/UIComponents/Card.swift (in target 'alarmo' from project 'alarmo')
    cd /Users/rukesh/Documents/projects/alarmo/alarmo
    

SwiftCompile normal arm64 /Users/rukesh/Documents/projects/alarmo/alarmo/alarmo/Core/UIComponents/CustomTabBar.swift (in target 'alarmo' from project 'alarmo')
    cd /Users/rukesh/Documents/projects/alarmo/alarmo
    

SwiftCompile normal arm64 /Users/rukesh/Documents/projects/alarmo/alarmo/alarmo/Core/UIComponents/PageDots.swift (in target 'alarmo' from project 'alarmo')
    cd /Users/rukesh/Documents/projects/alarmo/alarmo
    

SwiftCompile normal arm64 /Users/rukesh/Documents/projects/alarmo/alarmo/alarmo/Core/UIComponents/PressedScaleButtonStyle.swift (in target 'alarmo' from project 'alarmo')
    cd /Users/rukesh/Documents/projects/alarmo/alarmo
    

SwiftCompile normal arm64 Compiling\ MainTabContainerView.swift,\ MissionOption.swift,\ MissionRowView.swift,\ OnboardingMissionView.swift,\ OnboardingMissionViewModel.swift,\ WakeUpMissionType.swift,\ OnboardingState.swift,\ OnboardingSoundSelectionView.swift /Users/rukesh/Documents/projects/alarmo/alarmo/alarmo/Features/Home/MainTabContainerView.swift /Users/rukesh/Documents/projects/alarmo/alarmo/alarmo/Features/Onboarding/Missions/MissionOption.swift /Users/rukesh/Documents/projects/alarmo/alarmo/alarmo/Features/Onboarding/Missions/MissionRowView.swift /Users/rukesh/Documents/projects/alarmo/alarmo/alarmo/Features/Onboarding/Missions/OnboardingMissionView.swift /Users/rukesh/Documents/projects/alarmo/alarmo/alarmo/Features/Onboarding/Missions/OnboardingMissionViewModel.swift /Users/rukesh/Documents/projects/alarmo/alarmo/alarmo/Features/Onboarding/Missions/WakeUpMissionType.swift /Users/rukesh/Documents/projects/alarmo/alarmo/alarmo/Features/Onboarding/Models/OnboardingState.swift /Users/rukesh/Documents/projects/alarmo/alarmo/alarmo/Features/Onboarding/SoundSelection/OnboardingSoundSelectionView.swift (in target 'alarmo' from project 'alarmo')

SwiftCompile normal arm64 /Users/rukesh/Documents/projects/alarmo/alarmo/alarmo/Features/Home/MainTabContainerView.swift (in target 'alarmo' from project 'alarmo')
    cd /Users/rukesh/Documents/projects/alarmo/alarmo
    

SwiftCompile normal arm64 /Users/rukesh/Documents/projects/alarmo/alarmo/alarmo/Features/Onboarding/Missions/MissionOption.swift (in target 'alarmo' from project 'alarmo')
    cd /Users/rukesh/Documents/projects/alarmo/alarmo
    

SwiftCompile normal arm64 /Users/rukesh/Documents/projects/alarmo/alarmo/alarmo/Features/Onboarding/Missions/MissionRowView.swift (in target 'alarmo' from project 'alarmo')
    cd /Users/rukesh/Documents/projects/alarmo/alarmo
    

SwiftCompile normal arm64 /Users/rukesh/Documents/projects/alarmo/alarmo/alarmo/Features/Onboarding/Missions/OnboardingMissionView.swift (in target 'alarmo' from project 'alarmo')
    cd /Users/rukesh/Documents/projects/alarmo/alarmo
    

SwiftCompile normal arm64 /Users/rukesh/Documents/projects/alarmo/alarmo/alarmo/Features/Onboarding/Missions/OnboardingMissionViewModel.swift (in target 'alarmo' from project 'alarmo')
    cd /Users/rukesh/Documents/projects/alarmo/alarmo
    

SwiftCompile normal arm64 /Users/rukesh/Documents/projects/alarmo/alarmo/alarmo/Features/Onboarding/Missions/WakeUpMissionType.swift (in target 'alarmo' from project 'alarmo')
    cd /Users/rukesh/Documents/projects/alarmo/alarmo
    

SwiftCompile normal arm64 /Users/rukesh/Documents/projects/alarmo/alarmo/alarmo/Features/Onboarding/Models/OnboardingState.swift (in target 'alarmo' from project 'alarmo')
    cd /Users/rukesh/Documents/projects/alarmo/alarmo
    

SwiftCompile normal arm64 /Users/rukesh/Documents/projects/alarmo/alarmo/alarmo/Features/Onboarding/SoundSelection/OnboardingSoundSelectionView.swift (in target 'alarmo' from project 'alarmo')
    cd /Users/rukesh/Documents/projects/alarmo/alarmo
    

SwiftCompile normal arm64 Compiling\ OnboardingSoundSelectionViewModel.swift,\ SoundModels.swift,\ TrackingExplainerView.swift,\ TrackingExplainerViewModel.swift,\ OnboardingVolumeSettingsView.swift,\ OnboardingVolumeSettingsViewModel.swift,\ ComparisonCardAppView.swift,\ ComparisonCardOtherAppsView.swift /Users/rukesh/Documents/projects/alarmo/alarmo/alarmo/Features/Onboarding/SoundSelection/OnboardingSoundSelectionViewModel.swift /Users/rukesh/Documents/projects/alarmo/alarmo/alarmo/Features/Onboarding/SoundSelection/SoundModels.swift /Users/rukesh/Documents/projects/alarmo/alarmo/alarmo/Features/Onboarding/Tracking/TrackingExplainerView.swift /Users/rukesh/Documents/projects/alarmo/alarmo/alarmo/Features/Onboarding/Tracking/TrackingExplainerViewModel.swift /Users/rukesh/Documents/projects/alarmo/alarmo/alarmo/Features/Onboarding/VolumeSettings/OnboardingVolumeSettingsView.swift /Users/rukesh/Documents/projects/alarmo/alarmo/alarmo/Features/Onboarding/VolumeSettings/OnboardingVolumeSettingsViewModel.swift /Users/rukesh/Documents/projects/alarmo/alarmo/alarmo/Features/Onboarding/ComparisonCardAppView.swift /Users/rukesh/Documents/projects/alarmo/alarmo/alarmo/Features/Onboarding/ComparisonCardOtherAppsView.swift (in target 'alarmo' from project 'alarmo')

SwiftCompile normal arm64 /Users/rukesh/Documents/projects/alarmo/alarmo/alarmo/Features/Onboarding/SoundSelection/OnboardingSoundSelectionViewModel.swift (in target 'alarmo' from project 'alarmo')
    cd /Users/rukesh/Documents/projects/alarmo/alarmo
    

SwiftCompile normal arm64 /Users/rukesh/Documents/projects/alarmo/alarmo/alarmo/Features/Onboarding/SoundSelection/SoundModels.swift (in target 'alarmo' from project 'alarmo')
    cd /Users/rukesh/Documents/projects/alarmo/alarmo
    

SwiftCompile normal arm64 /Users/rukesh/Documents/projects/alarmo/alarmo/alarmo/Features/Onboarding/Tracking/TrackingExplainerView.swift (in target 'alarmo' from project 'alarmo')
    cd /Users/rukesh/Documents/projects/alarmo/alarmo
    

SwiftCompile normal arm64 /Users/rukesh/Documents/projects/alarmo/alarmo/alarmo/Features/Onboarding/Tracking/TrackingExplainerViewModel.swift (in target 'alarmo' from project 'alarmo')
    cd /Users/rukesh/Documents/projects/alarmo/alarmo
    

SwiftCompile normal arm64 /Users/rukesh/Documents/projects/alarmo/alarmo/alarmo/Features/Onboarding/VolumeSettings/OnboardingVolumeSettingsView.swift (in target 'alarmo' from project 'alarmo')
    cd /Users/rukesh/Documents/projects/alarmo/alarmo
    

SwiftCompile normal arm64 /Users/rukesh/Documents/projects/alarmo/alarmo/alarmo/Features/Onboarding/VolumeSettings/OnboardingVolumeSettingsViewModel.swift (in target 'alarmo' from project 'alarmo')
    cd /Users/rukesh/Documents/projects/alarmo/alarmo
    

SwiftCompile normal arm64 /Users/rukesh/Documents/projects/alarmo/alarmo/alarmo/Features/Onboarding/ComparisonCardAppView.swift (in target 'alarmo' from project 'alarmo')
    cd /Users/rukesh/Documents/projects/alarmo/alarmo
    

SwiftCompile normal arm64 /Users/rukesh/Documents/projects/alarmo/alarmo/alarmo/Features/Onboarding/ComparisonCardOtherAppsView.swift (in target 'alarmo' from project 'alarmo')
    cd /Users/rukesh/Documents/projects/alarmo/alarmo
    

SwiftCompile normal arm64 Compiling\ SnoozePickerView.swift,\ SoundPickerView.swift,\ WakeUpCheckView.swift,\ WallpaperPickerView.swift,\ WeekdayPill.swift,\ FloatingAddMenu.swift,\ HomeView.swift,\ HomeViewModel.swift /Users/rukesh/Documents/projects/alarmo/alarmo/alarmo/Features/Alarms/SnoozePickerView.swift /Users/rukesh/Documents/projects/alarmo/alarmo/alarmo/Features/Alarms/SoundPickerView.swift /Users/rukesh/Documents/projects/alarmo/alarmo/alarmo/Features/Alarms/WakeUpCheckView.swift /Users/rukesh/Documents/projects/alarmo/alarmo/alarmo/Features/Alarms/WallpaperPickerView.swift /Users/rukesh/Documents/projects/alarmo/alarmo/alarmo/Features/Alarms/WeekdayPill.swift /Users/rukesh/Documents/projects/alarmo/alarmo/alarmo/Features/Home/FloatingAddMenu.swift /Users/rukesh/Documents/projects/alarmo/alarmo/alarmo/Features/Home/HomeView.swift /Users/rukesh/Documents/projects/alarmo/alarmo/alarmo/Features/Home/HomeViewModel.swift (in target 'alarmo' from project 'alarmo')

SwiftCompile normal arm64 /Users/rukesh/Documents/projects/alarmo/alarmo/alarmo/Features/Alarms/SnoozePickerView.swift (in target 'alarmo' from project 'alarmo')
    cd /Users/rukesh/Documents/projects/alarmo/alarmo
    

SwiftCompile normal arm64 /Users/rukesh/Documents/projects/alarmo/alarmo/alarmo/Features/Alarms/SoundPickerView.swift (in target 'alarmo' from project 'alarmo')
    cd /Users/rukesh/Documents/projects/alarmo/alarmo
    

SwiftCompile normal arm64 /Users/rukesh/Documents/projects/alarmo/alarmo/alarmo/Features/Alarms/WakeUpCheckView.swift (in target 'alarmo' from project 'alarmo')
    cd /Users/rukesh/Documents/projects/alarmo/alarmo
    

SwiftCompile normal arm64 /Users/rukesh/Documents/projects/alarmo/alarmo/alarmo/Features/Alarms/WallpaperPickerView.swift (in target 'alarmo' from project 'alarmo')
    cd /Users/rukesh/Documents/projects/alarmo/alarmo
    

SwiftCompile normal arm64 /Users/rukesh/Documents/projects/alarmo/alarmo/alarmo/Features/Alarms/WeekdayPill.swift (in target 'alarmo' from project 'alarmo')
    cd /Users/rukesh/Documents/projects/alarmo/alarmo
    

SwiftCompile normal arm64 /Users/rukesh/Documents/projects/alarmo/alarmo/alarmo/Features/Home/FloatingAddMenu.swift (in target 'alarmo' from project 'alarmo')
    cd /Users/rukesh/Documents/projects/alarmo/alarmo
    

SwiftCompile normal arm64 /Users/rukesh/Documents/projects/alarmo/alarmo/alarmo/Features/Home/HomeView.swift (in target 'alarmo' from project 'alarmo')
    cd /Users/rukesh/Documents/projects/alarmo/alarmo
    

SwiftCompile normal arm64 /Users/rukesh/Documents/projects/alarmo/alarmo/alarmo/Features/Home/HomeViewModel.swift (in target 'alarmo' from project 'alarmo')
    cd /Users/rukesh/Documents/projects/alarmo/alarmo
    

SwiftCompile normal arm64 Compiling\ OnboardingFlowView.swift,\ OnboardingIntroView.swift,\ OnboardingPermissionsView.swift,\ OnboardingSetTimeView.swift,\ OnboardingStep.swift,\ OnboardingViewModel.swift,\ OnboardingWallpaperPreviewView.swift,\ OnboardingWallpaperSelectionView.swift /Users/rukesh/Documents/projects/alarmo/alarmo/alarmo/Features/Onboarding/OnboardingFlowView.swift /Users/rukesh/Documents/projects/alarmo/alarmo/alarmo/Features/Onboarding/OnboardingIntroView.swift /Users/rukesh/Documents/projects/alarmo/alarmo/alarmo/Features/Onboarding/OnboardingPermissionsView.swift /Users/rukesh/Documents/projects/alarmo/alarmo/alarmo/Features/Onboarding/OnboardingSetTimeView.swift /Users/rukesh/Documents/projects/alarmo/alarmo/alarmo/Features/Onboarding/OnboardingStep.swift /Users/rukesh/Documents/projects/alarmo/alarmo/alarmo/Features/Onboarding/OnboardingViewModel.swift /Users/rukesh/Documents/projects/alarmo/alarmo/alarmo/Features/Onboarding/OnboardingWallpaperPreviewView.swift /Users/rukesh/Documents/projects/alarmo/alarmo/alarmo/Features/Onboarding/OnboardingWallpaperSelectionView.swift (in target 'alarmo' from project 'alarmo')

SwiftCompile normal arm64 /Users/rukesh/Documents/projects/alarmo/alarmo/alarmo/Features/Onboarding/OnboardingFlowView.swift (in target 'alarmo' from project 'alarmo')
    cd /Users/rukesh/Documents/projects/alarmo/alarmo
    

SwiftCompile normal arm64 /Users/rukesh/Documents/projects/alarmo/alarmo/alarmo/Features/Onboarding/OnboardingIntroView.swift (in target 'alarmo' from project 'alarmo')
    cd /Users/rukesh/Documents/projects/alarmo/alarmo
    

SwiftCompile normal arm64 /Users/rukesh/Documents/projects/alarmo/alarmo/alarmo/Features/Onboarding/OnboardingPermissionsView.swift (in target 'alarmo' from project 'alarmo')
    cd /Users/rukesh/Documents/projects/alarmo/alarmo
    

SwiftCompile normal arm64 /Users/rukesh/Documents/projects/alarmo/alarmo/alarmo/Features/Onboarding/OnboardingSetTimeView.swift (in target 'alarmo' from project 'alarmo')
    cd /Users/rukesh/Documents/projects/alarmo/alarmo
    

SwiftCompile normal arm64 /Users/rukesh/Documents/projects/alarmo/alarmo/alarmo/Features/Onboarding/OnboardingStep.swift (in target 'alarmo' from project 'alarmo')
    cd /Users/rukesh/Documents/projects/alarmo/alarmo
    

SwiftCompile normal arm64 /Users/rukesh/Documents/projects/alarmo/alarmo/alarmo/Features/Onboarding/OnboardingViewModel.swift (in target 'alarmo' from project 'alarmo')
    cd /Users/rukesh/Documents/projects/alarmo/alarmo
    

SwiftCompile normal arm64 /Users/rukesh/Documents/projects/alarmo/alarmo/alarmo/Features/Onboarding/OnboardingWallpaperPreviewView.swift (in target 'alarmo' from project 'alarmo')
    cd /Users/rukesh/Documents/projects/alarmo/alarmo
    

SwiftCompile normal arm64 /Users/rukesh/Documents/projects/alarmo/alarmo/alarmo/Features/Onboarding/OnboardingWallpaperSelectionView.swift (in target 'alarmo' from project 'alarmo')
    cd /Users/rukesh/Documents/projects/alarmo/alarmo
    

SwiftCompile normal arm64 Compiling\ Clock.swift,\ NetworkMonitoring.swift,\ UUIDProviding.swift,\ AlarmForegroundScheduler.swift,\ AlarmRingCoordinator.swift,\ AlarmScheduler.swift,\ AlarmStore.swift /Users/rukesh/Documents/projects/alarmo/alarmo/alarmo/Shared/Protocols/Clock.swift /Users/rukesh/Documents/projects/alarmo/alarmo/alarmo/Shared/Protocols/NetworkMonitoring.swift /Users/rukesh/Documents/projects/alarmo/alarmo/alarmo/Shared/Protocols/UUIDProviding.swift /Users/rukesh/Documents/projects/alarmo/alarmo/alarmo/Shared/Services/AlarmForegroundScheduler.swift /Users/rukesh/Documents/projects/alarmo/alarmo/alarmo/Shared/Services/AlarmRingCoordinator.swift /Users/rukesh/Documents/projects/alarmo/alarmo/alarmo/Shared/Services/AlarmScheduler.swift /Users/rukesh/Documents/projects/alarmo/alarmo/alarmo/Shared/Services/AlarmStore.swift (in target 'alarmo' from project 'alarmo')
Failed frontend command:
/Applications/Xcode.app/Contents/Developer/Toolchains/XcodeDefault.xctoolchain/usr/bin/swift-frontend -frontend -c /Users/rukesh/Documents/projects/alarmo/alarmo/alarmo/App/AlarmAppDelegate.swift /Users/rukesh/Documents/projects/alarmo/alarmo/alarmo/App/AlarmoApp.swift /Users/rukesh/Documents/projects/alarmo/alarmo/alarmo/App/AppEnvironment.swift /Users/rukesh/Documents/projects/alarmo/alarmo/alarmo/App/AppRootView.swift /Users/rukesh/Documents/projects/alarmo/alarmo/alarmo/App/Router.swift /Users/rukesh/Documents/projects/alarmo/alarmo/alarmo/Core/Constants/AppConstants.swift /Users/rukesh/Documents/projects/alarmo/alarmo/alarmo/Core/Theme/Colors.swift /Users/rukesh/Documents/projects/alarmo/alarmo/alarmo/Core/Theme/Radii.swift /Users/rukesh/Documents/projects/alarmo/alarmo/alarmo/Core/Theme/Shadows.swift /Users/rukesh/Documents/projects/alarmo/alarmo/alarmo/Core/Theme/Spacing.swift /Users/rukesh/Documents/projects/alarmo/alarmo/alarmo/Core/Theme/Typography.swift /Users/rukesh/Documents/projects/alarmo/alarmo/alarmo/Core/UIComponents/BottomSheetContainer.swift /Users/rukesh/Documents/projects/alarmo/alarmo/alarmo/Core/UIComponents/Card.swift /Users/rukesh/Documents/projects/alarmo/alarmo/alarmo/Core/UIComponents/CustomTabBar.swift /Users/rukesh/Documents/projects/alarmo/alarmo/alarmo/Core/UIComponents/PageDots.swift /Users/rukesh/Documents/projects/alarmo/alarmo/alarmo/Core/UIComponents/PressedScaleButtonStyle.swift /Users/rukesh/Documents/projects/alarmo/alarmo/alarmo/Core/UIComponents/PrimaryButton.swift /Users/rukesh/Documents/projects/alarmo/alarmo/alarmo/Core/UIComponents/ProgressHeader.swift /Users/rukesh/Documents/projects/alarmo/alarmo/alarmo/Core/UIComponents/PromoCard.swift /Users/rukesh/Documents/projects/alarmo/alarmo/alarmo/Core/UIComponents/TimeWheelPickerView.swift /Users/rukesh/Documents/projects/alarmo/alarmo/alarmo/Core/Utilities/AlarmDebug.swift /Users/rukesh/Documents/projects/alarmo/alarmo/alarmo/Core/Utilities/Haptics.swift /Users/rukesh/Documents/projects/alarmo/alarmo/alarmo/Core/Utilities/Logging.swift /Users/rukesh/Documents/projects/alarmo/alarmo/alarmo/Core/Utilities/TimeFormatters.swift /Users/rukesh/Documents/projects/alarmo/alarmo/alarmo/Core/Utilities/View+CornerRadius.swift /Users/rukesh/Documents/projects/alarmo/alarmo/alarmo/Data/Catalog/Models/CatalogAsset.swift /Users/rukesh/Documents/projects/alarmo/alarmo/alarmo/Data/Catalog/Models/CatalogCategory.swift /Users/rukesh/Documents/projects/alarmo/alarmo/alarmo/Data/Catalog/CatalogLoader.swift /Users/rukesh/Documents/projects/alarmo/alarmo/alarmo/Data/Catalog/SoundConfig.swift /Users/rukesh/Documents/projects/alarmo/alarmo/alarmo/Data/Catalog/WallpaperCatalogLoader.swift /Users/rukesh/Documents/projects/alarmo/alarmo/alarmo/Data/Catalog/WallpaperConfig.swift /Users/rukesh/Documents/projects/alarmo/alarmo/alarmo/Data/Repositories/AlarmRepository.swift /Users/rukesh/Documents/projects/alarmo/alarmo/alarmo/Data/Repositories/CatalogRepository.swift /Users/rukesh/Documents/projects/alarmo/alarmo/alarmo/Data/Repositories/SoundCatalogRepository.swift /Users/rukesh/Documents/projects/alarmo/alarmo/alarmo/Data/Repositories/UserSettingsRepository.swift /Users/rukesh/Documents/projects/alarmo/alarmo/alarmo/Features/Alarms/AlarmRingingView.swift /Users/rukesh/Documents/projects/alarmo/alarmo/alarmo/Features/Alarms/CreateWakeUpAlarmView.swift /Users/rukesh/Documents/projects/alarmo/alarmo/alarmo/Features/Alarms/CreateWakeUpAlarmViewModel.swift /Users/rukesh/Documents/projects/alarmo/alarmo/alarmo/Features/Alarms/EmojiPickerView.swift /Users/rukesh/Documents/projects/alarmo/alarmo/alarmo/Features/Alarms/GentleWakeUpPickerView.swift /Users/rukesh/Documents/projects/alarmo/alarmo/alarmo/Features/Alarms/SnoozePickerView.swift /Users/rukesh/Documents/projects/alarmo/alarmo/alarmo/Features/Alarms/SoundPickerView.swift /Users/rukesh/Documents/projects/alarmo/alarmo/alarmo/Features/Alarms/WakeUpCheckView.swift /Users/rukesh/Documents/projects/alarmo/alarmo/alarmo/Features/Alarms/WallpaperPickerView.swift /Users/rukesh/Documents/projects/alarmo/alarmo/alarmo/Features/Alarms/WeekdayPill.swift /Users/rukesh/Documents/projects/alarmo/alarmo/alarmo/Features/Home/FloatingAddMenu.swift /Users/rukesh/Documents/projects/alarmo/alarmo/alarmo/Features/Home/HomeView.swift /Users/rukesh/Documents/projects/alarmo/alarmo/alarmo/Features/Home/HomeViewModel.swift /Users/rukesh/Documents/projects/alarmo/alarmo/alarmo/Features/Home/MainTabContainerView.swift /Users/rukesh/Documents/projects/alarmo/alarmo/alarmo/Features/Onboarding/Missions/MissionOption.swift /Users/rukesh/Documents/projects/alarmo/alarmo/alarmo/Features/Onboarding/Missions/MissionRowView.swift /Users/rukesh/Documents/projects/alarmo/alarmo/alarmo/Features/Onboarding/Missions/OnboardingMissionView.swift /Users/rukesh/Documents/projects/alarmo/alarmo/alarmo/Features/Onboarding/Missions/OnboardingMissionViewModel.swift /Users/rukesh/Documents/projects/alarmo/alarmo/alarmo/Features/Onboarding/Missions/WakeUpMissionType.swift /Users/rukesh/Documents/projects/alarmo/alarmo/alarmo/Features/Onboarding/Models/OnboardingState.swift /Users/rukesh/Documents/projects/alarmo/alarmo/alarmo/Features/Onboarding/SoundSelection/OnboardingSoundSelectionView.swift /Users/rukesh/Documents/projects/alarmo/alarmo/alarmo/Features/Onboarding/SoundSelection/OnboardingSoundSelectionViewModel.swift /Users/rukesh/Documents/projects/alarmo/alarmo/alarmo/Features/Onboarding/SoundSelection/SoundModels.swift /Users/rukesh/Documents/projects/alarmo/alarmo/alarmo/Features/Onboarding/Tracking/TrackingExplainerView.swift /Users/rukesh/Documents/projects/alarmo/alarmo/alarmo/Features/Onboarding/Tracking/TrackingExplainerViewModel.swift /Users/rukesh/Documents/projects/alarmo/alarmo/alarmo/Features/Onboarding/VolumeSettings/OnboardingVolumeSettingsView.swift /Users/rukesh/Documents/projects/alarmo/alarmo/alarmo/Features/Onboarding/VolumeSettings/OnboardingVolumeSettingsViewModel.swift /Users/rukesh/Documents/projects/alarmo/alarmo/alarmo/Features/Onboarding/ComparisonCardAppView.swift /Users/rukesh/Documents/projects/alarmo/alarmo/alarmo/Features/Onboarding/ComparisonCardOtherAppsView.swift /Users/rukesh/Documents/projects/alarmo/alarmo/alarmo/Features/Onboarding/OnboardingFlowView.swift /Users/rukesh/Documents/projects/alarmo/alarmo/alarmo/Features/Onboarding/OnboardingIntroView.swift /Users/rukesh/Documents/projects/alarmo/alarmo/alarmo/Features/Onboarding/OnboardingPermissionsView.swift /Users/rukesh/Documents/projects/alarmo/alarmo/alarmo/Features/Onboarding/OnboardingSetTimeView.swift /Users/rukesh/Documents/projects/alarmo/alarmo/alarmo/Features/Onboarding/OnboardingStep.swift /Users/rukesh/Documents/projects/alarmo/alarmo/alarmo/Features/Onboarding/OnboardingViewModel.swift /Users/rukesh/Documents/projects/alarmo/alarmo/alarmo/Features/Onboarding/OnboardingWallpaperPreviewView.swift /Users/rukesh/Documents/projects/alarmo/alarmo/alarmo/Features/Onboarding/OnboardingWallpaperSelectionView.swift /Users/rukesh/Documents/projects/alarmo/alarmo/alarmo/Features/Paywall/Components/ExitDiscountDialogView.swift /Users/rukesh/Documents/projects/alarmo/alarmo/alarmo/Features/Paywall/DiscountPaywallView.swift /Users/rukesh/Documents/projects/alarmo/alarmo/alarmo/Features/Paywall/DiscountPaywallViewModel.swift /Users/rukesh/Documents/projects/alarmo/alarmo/alarmo/Features/Paywall/PaywallView.swift /Users/rukesh/Documents/projects/alarmo/alarmo/alarmo/Features/Paywall/PaywallViewModel.swift /Users/rukesh/Documents/projects/alarmo/alarmo/alarmo/Features/Paywall/ProPaywallFlowView.swift /Users/rukesh/Documents/projects/alarmo/alarmo/alarmo/Features/Placeholder/OnboardingSoundStubView.swift /Users/rukesh/Documents/projects/alarmo/alarmo/alarmo/Features/Placeholder/OnboardingStep3StubView.swift /Users/rukesh/Documents/projects/alarmo/alarmo/alarmo/Features/Upsell/CelebrationOverlayView.swift /Users/rukesh/Documents/projects/alarmo/alarmo/alarmo/Features/Upsell/ConfettiView.swift /Users/rukesh/Documents/projects/alarmo/alarmo/alarmo/Shared/Models/Alarm.swift /Users/rukesh/Documents/projects/alarmo/alarmo/alarmo/Shared/Models/AlarmDraft.swift /Users/rukesh/Documents/projects/alarmo/alarmo/alarmo/Shared/Models/AssetRef.swift /Users/rukesh/Documents/projects/alarmo/alarmo/alarmo/Shared/Models/Item.swift /Users/rukesh/Documents/projects/alarmo/alarmo/alarmo/Shared/Models/RepeatMask.swift /Users/rukesh/Documents/projects/alarmo/alarmo/alarmo/Shared/Models/WallpaperModels.swift -primary-file /Users/rukesh/Documents/projects/alarmo/alarmo/alarmo/Shared/Protocols/Clock.swift -primary-file /Users/rukesh/Documents/projects/alarmo/alarmo/alarmo/Shared/Protocols/NetworkMonitoring.swift -primary-file /Users/rukesh/Documents/projects/alarmo/alarmo/alarmo/Shared/Protocols/UUIDProviding.swift -primary-file /Users/rukesh/Documents/projects/alarmo/alarmo/alarmo/Shared/Services/AlarmForegroundScheduler.swift -primary-file /Users/rukesh/Documents/projects/alarmo/alarmo/alarmo/Shared/Services/AlarmRingCoordinator.swift -primary-file /Users/rukesh/Documents/projects/alarmo/alarmo/alarmo/Shared/Services/AlarmScheduler.swift -primary-file /Users/rukesh/Documents/projects/alarmo/alarmo/alarmo/Shared/Services/AlarmStore.swift /Users/rukesh/Documents/projects/alarmo/alarmo/alarmo/Shared/Services/AppPreferences.swift /Users/rukesh/Documents/projects/alarmo/alarmo/alarmo/Shared/Services/AudioPlayerService.swift /Users/rukesh/Documents/projects/alarmo/alarmo/alarmo/Shared/Services/EntitlementStore.swift /Users/rukesh/Documents/projects/alarmo/alarmo/alarmo/Shared/Services/FileStorageService.swift /Users/rukesh/Documents/projects/alarmo/alarmo/alarmo/Shared/Services/HapticsPlayer.swift /Users/rukesh/Documents/projects/alarmo/alarmo/alarmo/Shared/Services/NotificationManager.swift /Users/rukesh/Documents/projects/alarmo/alarmo/alarmo/Shared/Services/NotificationPermissionService.swift /Users/rukesh/Documents/projects/alarmo/alarmo/alarmo/Shared/Services/NotificationScheduler.swift /Users/rukesh/Documents/projects/alarmo/alarmo/alarmo/Shared/Services/ODRService.swift /Users/rukesh/Documents/projects/alarmo/alarmo/alarmo/Shared/Services/PurchaseService.swift /Users/rukesh/Documents/projects/alarmo/alarmo/alarmo/Shared/Services/SoundPlayer.swift /Users/rukesh/Documents/projects/alarmo/alarmo/alarmo/Shared/Services/SoundPreviewPlayer.swift /Users/rukesh/Documents/projects/alarmo/alarmo/alarmo/Shared/Services/TrackingPermissionService.swift /Users/rukesh/Library/Developer/Xcode/DerivedData/alarmo-ceckqxjdtadmywhgpijqujqnffnr/Build/Intermediates.noindex/alarmo.build/Debug-iphonesimulator/alarmo.build/DerivedSources/GeneratedAssetSymbols.swift -supplementary-output-file-map /Users/rukesh/Library/Developer/Xcode/DerivedData/alarmo-ceckqxjdtadmywhgpijqujqnffnr/Build/Intermediates.noindex/alarmo.build/Debug-iphonesimulator/alarmo.build/Objects-normal/arm64/supplementaryOutputs-12 -emit-localized-strings -emit-localized-strings-path /Users/rukesh/Library/Developer/Xcode/DerivedData/alarmo-ceckqxjdtadmywhgpijqujqnffnr/Build/Intermediates.noindex/alarmo.build/Debug-iphonesimulator/alarmo.build/Objects-normal/arm64 -target arm64-apple-ios26.2-simulator -module-can-import-version DeveloperToolsSupport 23.0.4 23.0.4 -module-can-import-version SwiftUI 7.2.5.1 7.2.5 -module-can-import-version UIKit 9126.2.4.1 9126.2.4 -disable-cross-import-overlay-search -swift-module-cross-import PhotosUI /Applications/Xcode.app/Contents/Developer/Platforms/iPhoneSimulator.platform/Developer/SDKs/iPhoneSimulator.sdk/System/Library/Frameworks/PhotosUI.framework/Modules/PhotosUI.swiftcrossimport/SwiftUI.swiftoverlay -swift-module-cross-import PhotosUI /Applications/Xcode.app/Contents/Developer/Platforms/iPhoneSimulator.platform/Developer/SDKs/iPhoneSimulator.sdk/System/Library/Frameworks/PhotosUI.framework/Modules/PhotosUI.swiftcrossimport/WidgetKit.swiftoverlay -swift-module-cross-import PhotosUI /Applications/Xcode.app/Contents/Developer/Platforms/iPhoneSimulator.platform/Developer/SDKs/iPhoneSimulator26.2.sdk/System/Library/Frameworks/PhotosUI.framework/Modules/PhotosUI.swiftcrossimport/SwiftUI.swiftoverlay -swift-module-cross-import PhotosUI /Applications/Xcode.app/Contents/Developer/Platforms/iPhoneSimulator.platform/Developer/SDKs/iPhoneSimulator26.2.sdk/System/Library/Frameworks/PhotosUI.framework/Modules/PhotosUI.swiftcrossimport/WidgetKit.swiftoverlay -swift-module-cross-import SwiftData /Applications/Xcode.app/Contents/Developer/Platforms/iPhoneSimulator.platform/Developer/SDKs/iPhoneSimulator26.2.sdk/System/Library/Frameworks/SwiftData.framework/Modules/SwiftData.swiftcrossimport/CoreData.swiftoverlay -swift-module-cross-import SwiftData /Applications/Xcode.app/Contents/Developer/Platforms/iPhoneSimulator.platform/Developer/SDKs/iPhoneSimulator26.2.sdk/System/Library/Frameworks/SwiftData.framework/Modules/SwiftData.swiftcrossimport/SwiftUI.swiftoverlay -load-resolved-plugin /Applications/Xcode.app/Contents/Developer/Platforms/iPhoneOS.platform/Developer/usr/lib/swift/host/plugins/libFoundationMacros.dylib\#/Applications/Xcode.app/Contents/Developer/Platforms/iPhoneOS.platform/Developer/usr/bin/swift-plugin-server\#FoundationMacros -load-resolved-plugin /Applications/Xcode.app/Contents/Developer/Platforms/iPhoneOS.platform/Developer/usr/lib/swift/host/plugins/libObservationMacros.dylib\#/Applications/Xcode.app/Contents/Developer/Platforms/iPhoneOS.platform/Developer/usr/bin/swift-plugin-server\#ObservationMacros -load-resolved-plugin /Applications/Xcode.app/Contents/Developer/Platforms/iPhoneOS.platform/Developer/usr/lib/swift/host/plugins/libPreviewsMacros.dylib\#/Applications/Xcode.app/Contents/Developer/Platforms/iPhoneOS.platform/Developer/usr/bin/swift-plugin-server\#PreviewsMacros -load-resolved-plugin /Applications/Xcode.app/Contents/Developer/Platforms/iPhoneOS.platform/Developer/usr/lib/swift/host/plugins/libSwiftDataMacros.dylib\#/Applications/Xcode.app/Contents/Developer/Platforms/iPhoneOS.platform/Developer/usr/bin/swift-plugin-server\#SwiftDataMacros -load-resolved-plugin /Applications/Xcode.app/Contents/Developer/Platforms/iPhoneOS.platform/Developer/usr/lib/swift/host/plugins/libSwiftMacros.dylib\#/Applications/Xcode.app/Contents/Developer/Platforms/iPhoneOS.platform/Developer/usr/bin/swift-plugin-server\#SwiftMacros -load-resolved-plugin /Applications/Xcode.app/Contents/Developer/Platforms/iPhoneOS.platform/Developer/usr/lib/swift/host/plugins/libSwiftUIMacros.dylib\#/Applications/Xcode.app/Contents/Developer/Platforms/iPhoneOS.platform/Developer/usr/bin/swift-plugin-server\#SwiftUIMacros -disable-implicit-swift-modules -Xcc -fno-implicit-modules -Xcc -fno-implicit-module-maps -explicit-swift-module-map-file /Users/rukesh/Library/Developer/Xcode/DerivedData/alarmo-ceckqxjdtadmywhgpijqujqnffnr/Build/Intermediates.noindex/alarmo.build/Debug-iphonesimulator/alarmo.build/Objects-normal/arm64/alarmo-dependencies-1.json -Xllvm -aarch64-use-tbi -enable-objc-interop -sdk /Applications/Xcode.app/Contents/Developer/Platforms/iPhoneSimulator.platform/Developer/SDKs/iPhoneSimulator26.2.sdk -I /Users/rukesh/Library/Developer/Xcode/DerivedData/alarmo-ceckqxjdtadmywhgpijqujqnffnr/Build/Products/Debug-iphonesimulator -F /Users/rukesh/Library/Developer/Xcode/DerivedData/alarmo-ceckqxjdtadmywhgpijqujqnffnr/Build/Products/Debug-iphonesimulator -no-color-diagnostics -Xcc -fno-color-diagnostics -enable-testing -g -debug-info-format\=dwarf -dwarf-version\=5 -module-cache-path /Users/rukesh/Library/Developer/Xcode/DerivedData/alarmo-ceckqxjdtadmywhgpijqujqnffnr/Build/Intermediates.noindex/SwiftExplicitPrecompiledModules -profile-generate -profile-coverage-mapping -swift-version 5 -enforce-exclusivity\=checked -Onone -D DEBUG -serialize-debugging-options -const-gather-protocols-file /Users/rukesh/Library/Developer/Xcode/DerivedData/alarmo-ceckqxjdtadmywhgpijqujqnffnr/Build/Intermediates.noindex/alarmo.build/Debug-iphonesimulator/alarmo.build/Objects-normal/arm64/alarmo_const_extract_protocols.json -enable-upcoming-feature DisableOutwardActorInference -enable-upcoming-feature InferSendableFromCaptures -enable-upcoming-feature GlobalActorIsolatedTypesUsability -enable-upcoming-feature MemberImportVisibility -enable-upcoming-feature InferIsolatedConformances -enable-upcoming-feature NonisolatedNonsendingByDefault -enable-experimental-feature DebugDescriptionMacro -enable-bare-slash-regex -default-isolation\=MainActor -empty-abi-descriptor -validate-clang-modules-once -clang-build-session-file /Users/rukesh/Library/Developer/Xcode/DerivedData/ModuleCache.noindex/Session.modulevalidation -Xcc -working-directory -Xcc /Users/rukesh/Documents/projects/alarmo/alarmo -enable-anonymous-context-mangled-names -file-compilation-dir /Users/rukesh/Documents/projects/alarmo/alarmo -Xcc -D_LIBCPP_HARDENING_MODE\=_LIBCPP_HARDENING_MODE_DEBUG -Xcc -ivfsstatcache -Xcc /Users/rukesh/Library/Developer/Xcode/DerivedData/SDKStatCaches.noindex/iphonesimulator26.2-23C53-3885c01c3e6b6a337905948deab2002e7d00a8b37fbd7999ea79df8ebc024bf0.sdkstatcache -Xcc -I/Users/rukesh/Library/Developer/Xcode/DerivedData/alarmo-ceckqxjdtadmywhgpijqujqnffnr/Build/Intermediates.noindex/alarmo.build/Debug-iphonesimulator/alarmo.build/swift-overrides.hmap -Xcc -iquote -Xcc /Users/rukesh/Library/Developer/Xcode/DerivedData/alarmo-ceckqxjdtadmywhgpijqujqnffnr/Build/Intermediates.noindex/alarmo.build/Debug-iphonesimulator/alarmo.build/alarmo-generated-files.hmap -Xcc -I/Users/rukesh/Library/Developer/Xcode/DerivedData/alarmo-ceckqxjdtadmywhgpijqujqnffnr/Build/Intermediates.noindex/alarmo.build/Debug-iphonesimulator/alarmo.build/alarmo-own-target-headers.hmap -Xcc -I/Users/rukesh/Library/Developer/Xcode/DerivedData/alarmo-ceckqxjdtadmywhgpijqujqnffnr/Build/Intermediates.noindex/alarmo.build/Debug-iphonesimulator/alarmo.build/alarmo-all-target-headers.hmap -Xcc -iquote -Xcc /Users/rukesh/Library/Developer/Xcode/DerivedData/alarmo-ceckqxjdtadmywhgpijqujqnffnr/Build/Intermediates.noindex/alarmo.build/Debug-iphonesimulator/alarmo.build/alarmo-project-headers.hmap -Xcc -I/Users/rukesh/Library/Developer/Xcode/DerivedData/alarmo-ceckqxjdtadmywhgpijqujqnffnr/Build/Products/Debug-iphonesimulator/include -Xcc -I/Users/rukesh/Library/Developer/Xcode/DerivedData/alarmo-ceckqxjdtadmywhgpijqujqnffnr/Build/Intermediates.noindex/alarmo.build/Debug-iphonesimulator/alarmo.build/DerivedSources-normal/arm64 -Xcc -I/Users/rukesh/Library/Developer/Xcode/DerivedData/alarmo-ceckqxjdtadmywhgpijqujqnffnr/Build/Intermediates.noindex/alarmo.build/Debug-iphonesimulator/alarmo.build/DerivedSources/arm64 -Xcc -I/Users/rukesh/Library/Developer/Xcode/DerivedData/alarmo-ceckqxjdtadmywhgpijqujqnffnr/Build/Intermediates.noindex/alarmo.build/Debug-iphonesimulator/alarmo.build/DerivedSources -Xcc -DDEBUG\=1 -no-auto-bridging-header-chaining -module-name alarmo -frontend-parseable-output -disable-clang-spi -target-sdk-version 26.2 -target-sdk-name iphonesimulator26.2 -clang-target arm64-apple-ios26.2-simulator -in-process-plugin-server-path /Applications/Xcode.app/Contents/Developer/Toolchains/XcodeDefault.xctoolchain/usr/lib/swift/host/libSwiftInProcPluginServer.dylib -o /Users/rukesh/Library/Developer/Xcode/DerivedData/alarmo-ceckqxjdtadmywhgpijqujqnffnr/Build/Intermediates.noindex/alarmo.build/Debug-iphonesimulator/alarmo.build/Objects-normal/arm64/Clock.o -o /Users/rukesh/Library/Developer/Xcode/DerivedData/alarmo-ceckqxjdtadmywhgpijqujqnffnr/Build/Intermediates.noindex/alarmo.build/Debug-iphonesimulator/alarmo.build/Objects-normal/arm64/NetworkMonitoring.o -o /Users/rukesh/Library/Developer/Xcode/DerivedData/alarmo-ceckqxjdtadmywhgpijqujqnffnr/Build/Intermediates.noindex/alarmo.build/Debug-iphonesimulator/alarmo.build/Objects-normal/arm64/UUIDProviding.o -o /Users/rukesh/Library/Developer/Xcode/DerivedData/alarmo-ceckqxjdtadmywhgpijqujqnffnr/Build/Intermediates.noindex/alarmo.build/Debug-iphonesimulator/alarmo.build/Objects-normal/arm64/AlarmForegroundScheduler.o -o /Users/rukesh/Library/Developer/Xcode/DerivedData/alarmo-ceckqxjdtadmywhgpijqujqnffnr/Build/Intermediates.noindex/alarmo.build/Debug-iphonesimulator/alarmo.build/Objects-normal/arm64/AlarmRingCoordinator.o -o /Users/rukesh/Library/Developer/Xcode/DerivedData/alarmo-ceckqxjdtadmywhgpijqujqnffnr/Build/Intermediates.noindex/alarmo.build/Debug-iphonesimulator/alarmo.build/Objects-normal/arm64/AlarmScheduler.o -o /Users/rukesh/Library/Developer/Xcode/DerivedData/alarmo-ceckqxjdtadmywhgpijqujqnffnr/Build/Intermediates.noindex/alarmo.build/Debug-iphonesimulator/alarmo.build/Objects-normal/arm64/AlarmStore.o -index-unit-output-path /alarmo.build/Debug-iphonesimulator/alarmo.build/Objects-normal/arm64/Clock.o -index-unit-output-path /alarmo.build/Debug-iphonesimulator/alarmo.build/Objects-normal/arm64/NetworkMonitoring.o -index-unit-output-path /alarmo.build/Debug-iphonesimulator/alarmo.build/Objects-normal/arm64/UUIDProviding.o -index-unit-output-path /alarmo.build/Debug-iphonesimulator/alarmo.build/Objects-normal/arm64/AlarmForegroundScheduler.o -index-unit-output-path /alarmo.build/Debug-iphonesimulator/alarmo.build/Objects-normal/arm64/AlarmRingCoordinator.o -index-unit-output-path /alarmo.build/Debug-iphonesimulator/alarmo.build/Objects-normal/arm64/AlarmScheduler.o -index-unit-output-path /alarmo.build/Debug-iphonesimulator/alarmo.build/Objects-normal/arm64/AlarmStore.o -index-store-path /Users/rukesh/Library/Developer/Xcode/DerivedData/alarmo-ceckqxjdtadmywhgpijqujqnffnr/Index.noindex/DataStore -index-system-modules

SwiftCompile normal arm64 /Users/rukesh/Documents/projects/alarmo/alarmo/alarmo/Shared/Protocols/Clock.swift (in target 'alarmo' from project 'alarmo')
    cd /Users/rukesh/Documents/projects/alarmo/alarmo
    

SwiftCompile normal arm64 /Users/rukesh/Documents/projects/alarmo/alarmo/alarmo/Shared/Protocols/NetworkMonitoring.swift (in target 'alarmo' from project 'alarmo')
    cd /Users/rukesh/Documents/projects/alarmo/alarmo
    

SwiftCompile normal arm64 /Users/rukesh/Documents/projects/alarmo/alarmo/alarmo/Shared/Protocols/UUIDProviding.swift (in target 'alarmo' from project 'alarmo')
    cd /Users/rukesh/Documents/projects/alarmo/alarmo
    

SwiftCompile normal arm64 /Users/rukesh/Documents/projects/alarmo/alarmo/alarmo/Shared/Services/AlarmForegroundScheduler.swift (in target 'alarmo' from project 'alarmo')
    cd /Users/rukesh/Documents/projects/alarmo/alarmo
    
/Users/rukesh/Documents/projects/alarmo/alarmo/alarmo/Shared/Services/AlarmForegroundScheduler.swift:45:26: error: cannot find 'nextAlarm' in scope
        guard let next = nextAlarm(from: now) else { return }
                         ^~~~~~~~~

SwiftCompile normal arm64 /Users/rukesh/Documents/projects/alarmo/alarmo/alarmo/Shared/Services/AlarmRingCoordinator.swift (in target 'alarmo' from project 'alarmo')
    cd /Users/rukesh/Documents/projects/alarmo/alarmo
    

SwiftCompile normal arm64 /Users/rukesh/Documents/projects/alarmo/alarmo/alarmo/Shared/Services/AlarmScheduler.swift (in target 'alarmo' from project 'alarmo')
    cd /Users/rukesh/Documents/projects/alarmo/alarmo
    

SwiftCompile normal arm64 /Users/rukesh/Documents/projects/alarmo/alarmo/alarmo/Shared/Services/AlarmStore.swift (in target 'alarmo' from project 'alarmo')
    cd /Users/rukesh/Documents/projects/alarmo/alarmo
    

SwiftCompile normal arm64 Compiling\ NotificationScheduler.swift,\ ODRService.swift,\ PurchaseService.swift,\ SoundPlayer.swift,\ SoundPreviewPlayer.swift,\ TrackingPermissionService.swift,\ GeneratedAssetSymbols.swift /Users/rukesh/Documents/projects/alarmo/alarmo/alarmo/Shared/Services/NotificationScheduler.swift /Users/rukesh/Documents/projects/alarmo/alarmo/alarmo/Shared/Services/ODRService.swift /Users/rukesh/Documents/projects/alarmo/alarmo/alarmo/Shared/Services/PurchaseService.swift /Users/rukesh/Documents/projects/alarmo/alarmo/alarmo/Shared/Services/SoundPlayer.swift /Users/rukesh/Documents/projects/alarmo/alarmo/alarmo/Shared/Services/SoundPreviewPlayer.swift /Users/rukesh/Documents/projects/alarmo/alarmo/alarmo/Shared/Services/TrackingPermissionService.swift /Users/rukesh/Library/Developer/Xcode/DerivedData/alarmo-ceckqxjdtadmywhgpijqujqnffnr/Build/Intermediates.noindex/alarmo.build/Debug-iphonesimulator/alarmo.build/DerivedSources/GeneratedAssetSymbols.swift (in target 'alarmo' from project 'alarmo')

SwiftCompile normal arm64 /Users/rukesh/Documents/projects/alarmo/alarmo/alarmo/Shared/Services/NotificationScheduler.swift (in target 'alarmo' from project 'alarmo')
    cd /Users/rukesh/Documents/projects/alarmo/alarmo
    

SwiftCompile normal arm64 /Users/rukesh/Documents/projects/alarmo/alarmo/alarmo/Shared/Services/ODRService.swift (in target 'alarmo' from project 'alarmo')
    cd /Users/rukesh/Documents/projects/alarmo/alarmo
    

SwiftCompile normal arm64 /Users/rukesh/Documents/projects/alarmo/alarmo/alarmo/Shared/Services/PurchaseService.swift (in target 'alarmo' from project 'alarmo')
    cd /Users/rukesh/Documents/projects/alarmo/alarmo
    

SwiftCompile normal arm64 /Users/rukesh/Documents/projects/alarmo/alarmo/alarmo/Shared/Services/SoundPlayer.swift (in target 'alarmo' from project 'alarmo')
    cd /Users/rukesh/Documents/projects/alarmo/alarmo
    

SwiftCompile normal arm64 /Users/rukesh/Documents/projects/alarmo/alarmo/alarmo/Shared/Services/SoundPreviewPlayer.swift (in target 'alarmo' from project 'alarmo')
    cd /Users/rukesh/Documents/projects/alarmo/alarmo
    

SwiftCompile normal arm64 /Users/rukesh/Documents/projects/alarmo/alarmo/alarmo/Shared/Services/TrackingPermissionService.swift (in target 'alarmo' from project 'alarmo')
    cd /Users/rukesh/Documents/projects/alarmo/alarmo
    

SwiftCompile normal arm64 /Users/rukesh/Library/Developer/Xcode/DerivedData/alarmo-ceckqxjdtadmywhgpijqujqnffnr/Build/Intermediates.noindex/alarmo.build/Debug-iphonesimulator/alarmo.build/DerivedSources/GeneratedAssetSymbols.swift (in target 'alarmo' from project 'alarmo')
    cd /Users/rukesh/Documents/projects/alarmo/alarmo
    

SwiftCompile normal arm64 Compiling\ AppPreferences.swift,\ AudioPlayerService.swift,\ EntitlementStore.swift,\ FileStorageService.swift,\ HapticsPlayer.swift,\ NotificationManager.swift,\ NotificationPermissionService.swift /Users/rukesh/Documents/projects/alarmo/alarmo/alarmo/Shared/Services/AppPreferences.swift /Users/rukesh/Documents/projects/alarmo/alarmo/alarmo/Shared/Services/AudioPlayerService.swift /Users/rukesh/Documents/projects/alarmo/alarmo/alarmo/Shared/Services/EntitlementStore.swift /Users/rukesh/Documents/projects/alarmo/alarmo/alarmo/Shared/Services/FileStorageService.swift /Users/rukesh/Documents/projects/alarmo/alarmo/alarmo/Shared/Services/HapticsPlayer.swift /Users/rukesh/Documents/projects/alarmo/alarmo/alarmo/Shared/Services/NotificationManager.swift /Users/rukesh/Documents/projects/alarmo/alarmo/alarmo/Shared/Services/NotificationPermissionService.swift (in target 'alarmo' from project 'alarmo')

SwiftCompile normal arm64 /Users/rukesh/Documents/projects/alarmo/alarmo/alarmo/Shared/Services/AppPreferences.swift (in target 'alarmo' from project 'alarmo')
    cd /Users/rukesh/Documents/projects/alarmo/alarmo
    

SwiftCompile normal arm64 /Users/rukesh/Documents/projects/alarmo/alarmo/alarmo/Shared/Services/AudioPlayerService.swift (in target 'alarmo' from project 'alarmo')
    cd /Users/rukesh/Documents/projects/alarmo/alarmo
    

SwiftCompile normal arm64 /Users/rukesh/Documents/projects/alarmo/alarmo/alarmo/Shared/Services/EntitlementStore.swift (in target 'alarmo' from project 'alarmo')
    cd /Users/rukesh/Documents/projects/alarmo/alarmo
    

SwiftCompile normal arm64 /Users/rukesh/Documents/projects/alarmo/alarmo/alarmo/Shared/Services/FileStorageService.swift (in target 'alarmo' from project 'alarmo')
    cd /Users/rukesh/Documents/projects/alarmo/alarmo
    

SwiftCompile normal arm64 /Users/rukesh/Documents/projects/alarmo/alarmo/alarmo/Shared/Services/HapticsPlayer.swift (in target 'alarmo' from project 'alarmo')
    cd /Users/rukesh/Documents/projects/alarmo/alarmo
    

SwiftCompile normal arm64 /Users/rukesh/Documents/projects/alarmo/alarmo/alarmo/Shared/Services/NotificationManager.swift (in target 'alarmo' from project 'alarmo')
    cd /Users/rukesh/Documents/projects/alarmo/alarmo
    

SwiftCompile normal arm64 /Users/rukesh/Documents/projects/alarmo/alarmo/alarmo/Shared/Services/NotificationPermissionService.swift (in target 'alarmo' from project 'alarmo')
    cd /Users/rukesh/Documents/projects/alarmo/alarmo
    

SwiftEmitModule normal arm64 Emitting\ module\ for\ alarmo (in target 'alarmo' from project 'alarmo')

EmitSwiftModule normal arm64 (in target 'alarmo' from project 'alarmo')
    cd /Users/rukesh/Documents/projects/alarmo/alarmo
    

SwiftCompile normal arm64 Compiling\ ExitDiscountDialogView.swift,\ DiscountPaywallView.swift,\ DiscountPaywallViewModel.swift,\ PaywallView.swift,\ PaywallViewModel.swift,\ ProPaywallFlowView.swift,\ OnboardingSoundStubView.swift,\ OnboardingStep3StubView.swift /Users/rukesh/Documents/projects/alarmo/alarmo/alarmo/Features/Paywall/Components/ExitDiscountDialogView.swift /Users/rukesh/Documents/projects/alarmo/alarmo/alarmo/Features/Paywall/DiscountPaywallView.swift /Users/rukesh/Documents/projects/alarmo/alarmo/alarmo/Features/Paywall/DiscountPaywallViewModel.swift /Users/rukesh/Documents/projects/alarmo/alarmo/alarmo/Features/Paywall/PaywallView.swift /Users/rukesh/Documents/projects/alarmo/alarmo/alarmo/Features/Paywall/PaywallViewModel.swift /Users/rukesh/Documents/projects/alarmo/alarmo/alarmo/Features/Paywall/ProPaywallFlowView.swift /Users/rukesh/Documents/projects/alarmo/alarmo/alarmo/Features/Placeholder/OnboardingSoundStubView.swift /Users/rukesh/Documents/projects/alarmo/alarmo/alarmo/Features/Placeholder/OnboardingStep3StubView.swift (in target 'alarmo' from project 'alarmo')

SwiftCompile normal arm64 /Users/rukesh/Documents/projects/alarmo/alarmo/alarmo/Features/Paywall/Components/ExitDiscountDialogView.swift (in target 'alarmo' from project 'alarmo')
    cd /Users/rukesh/Documents/projects/alarmo/alarmo
    

SwiftCompile normal arm64 /Users/rukesh/Documents/projects/alarmo/alarmo/alarmo/Features/Paywall/DiscountPaywallView.swift (in target 'alarmo' from project 'alarmo')
    cd /Users/rukesh/Documents/projects/alarmo/alarmo
    

SwiftCompile normal arm64 /Users/rukesh/Documents/projects/alarmo/alarmo/alarmo/Features/Paywall/DiscountPaywallViewModel.swift (in target 'alarmo' from project 'alarmo')
    cd /Users/rukesh/Documents/projects/alarmo/alarmo
    

SwiftCompile normal arm64 /Users/rukesh/Documents/projects/alarmo/alarmo/alarmo/Features/Paywall/PaywallView.swift (in target 'alarmo' from project 'alarmo')
    cd /Users/rukesh/Documents/projects/alarmo/alarmo
    

SwiftCompile normal arm64 /Users/rukesh/Documents/projects/alarmo/alarmo/alarmo/Features/Paywall/PaywallViewModel.swift (in target 'alarmo' from project 'alarmo')
    cd /Users/rukesh/Documents/projects/alarmo/alarmo
    

SwiftCompile normal arm64 /Users/rukesh/Documents/projects/alarmo/alarmo/alarmo/Features/Paywall/ProPaywallFlowView.swift (in target 'alarmo' from project 'alarmo')
    cd /Users/rukesh/Documents/projects/alarmo/alarmo
    

SwiftCompile normal arm64 /Users/rukesh/Documents/projects/alarmo/alarmo/alarmo/Features/Placeholder/OnboardingSoundStubView.swift (in target 'alarmo' from project 'alarmo')
    cd /Users/rukesh/Documents/projects/alarmo/alarmo
    

SwiftCompile normal arm64 /Users/rukesh/Documents/projects/alarmo/alarmo/alarmo/Features/Placeholder/OnboardingStep3StubView.swift (in target 'alarmo' from project 'alarmo')
    cd /Users/rukesh/Documents/projects/alarmo/alarmo
    

SwiftCompile normal arm64 Compiling\ CelebrationOverlayView.swift,\ ConfettiView.swift,\ Alarm.swift,\ AlarmDraft.swift,\ AssetRef.swift,\ Item.swift,\ RepeatMask.swift,\ WallpaperModels.swift /Users/rukesh/Documents/projects/alarmo/alarmo/alarmo/Features/Upsell/CelebrationOverlayView.swift /Users/rukesh/Documents/projects/alarmo/alarmo/alarmo/Features/Upsell/ConfettiView.swift /Users/rukesh/Documents/projects/alarmo/alarmo/alarmo/Shared/Models/Alarm.swift /Users/rukesh/Documents/projects/alarmo/alarmo/alarmo/Shared/Models/AlarmDraft.swift /Users/rukesh/Documents/projects/alarmo/alarmo/alarmo/Shared/Models/AssetRef.swift /Users/rukesh/Documents/projects/alarmo/alarmo/alarmo/Shared/Models/Item.swift /Users/rukesh/Documents/projects/alarmo/alarmo/alarmo/Shared/Models/RepeatMask.swift /Users/rukesh/Documents/projects/alarmo/alarmo/alarmo/Shared/Models/WallpaperModels.swift (in target 'alarmo' from project 'alarmo')

** BUILD FAILED **


The following build commands failed:
	SwiftCompile normal arm64 Compiling\ Clock.swift,\ NetworkMonitoring.swift,\ UUIDProviding.swift,\ AlarmForegroundScheduler.swift,\ AlarmRingCoordinator.swift,\ AlarmScheduler.swift,\ AlarmStore.swift /Users/rukesh/Documents/projects/alarmo/alarmo/alarmo/Shared/Protocols/Clock.swift /Users/rukesh/Documents/projects/alarmo/alarmo/alarmo/Shared/Protocols/NetworkMonitoring.swift /Users/rukesh/Documents/projects/alarmo/alarmo/alarmo/Shared/Protocols/UUIDProviding.swift /Users/rukesh/Documents/projects/alarmo/alarmo/alarmo/Shared/Services/AlarmForegroundScheduler.swift /Users/rukesh/Documents/projects/alarmo/alarmo/alarmo/Shared/Services/AlarmRingCoordinator.swift /Users/rukesh/Documents/projects/alarmo/alarmo/alarmo/Shared/Services/AlarmScheduler.swift /Users/rukesh/Documents/projects/alarmo/alarmo/alarmo/Shared/Services/AlarmStore.swift (in target 'alarmo' from project 'alarmo')
	SwiftCompile normal arm64 /Users/rukesh/Documents/projects/alarmo/alarmo/alarmo/Shared/Services/AlarmForegroundScheduler.swift (in target 'alarmo' from project 'alarmo')
	Building project alarmo with scheme alarmo
(3 failures)
