Command line invocation:
    /Applications/Xcode.app/Contents/Developer/usr/bin/xcodebuild -project alarmo.xcodeproj -scheme alarmo clean build -destination "generic/platform=iOS Simulator"

2026-03-01 21:07:53.267 xcodebuild[87970:1999771] [MT] IDERunDestination: Supported platforms for the buildables in the current scheme is empty.
CreateBuildRequest

SendProjectDescription

CreateBuildOperation

** CLEAN SUCCEEDED **

ComputePackagePrebuildTargetDependencyGraph

Prepare packages

CreateBuildRequest

SendProjectDescription

CreateBuildOperation

ComputeTargetDependencyGraph
note: Building targets in dependency order
note: Target dependency graph (3 targets)
    Target 'alarmo' in project 'alarmo'
        ➜ Explicit dependency on target 'AlarmoShieldUI' in project 'alarmo'
        ➜ Explicit dependency on target 'AlarmoWidget' in project 'alarmo'
    Target 'AlarmoWidget' in project 'alarmo' (no dependencies)
    Target 'AlarmoShieldUI' in project 'alarmo' (no dependencies)

GatherProvisioningInputs

CreateBuildDescription

ExecuteExternalTool /Applications/Xcode.app/Contents/Developer/Toolchains/XcodeDefault.xctoolchain/usr/bin/clang -v -E -dM -isysroot /Applications/Xcode.app/Contents/Developer/Platforms/iPhoneSimulator.platform/Developer/SDKs/iPhoneSimulator26.2.sdk -x c -c /dev/null

ExecuteExternalTool /Applications/Xcode.app/Contents/Developer/Toolchains/XcodeDefault.xctoolchain/usr/bin/swiftc --version

ExecuteExternalTool /Applications/Xcode.app/Contents/Developer/usr/bin/actool --print-asset-tag-combinations --output-format xml1 /Users/rukesh/Documents/projects/alarmo/alarmo/alarmo/Assets.xcassets

ExecuteExternalTool /Applications/Xcode.app/Contents/Developer/usr/bin/actool --version --output-format xml1

ExecuteExternalTool /Applications/Xcode.app/Contents/Developer/Toolchains/XcodeDefault.xctoolchain/usr/bin/ld -version_details

Build description signature: 6cc07dd3a0d3aefcf57199410536f4b0
Build description path: /Users/rukesh/Library/Developer/Xcode/DerivedData/alarmo-ceckqxjdtadmywhgpijqujqnffnr/Build/Intermediates.noindex/XCBuildData/6cc07dd3a0d3aefcf57199410536f4b0.xcbuilddata
ClangStatCache /Applications/Xcode.app/Contents/Developer/Toolchains/XcodeDefault.xctoolchain/usr/bin/clang-stat-cache /Applications/Xcode.app/Contents/Developer/Platforms/iPhoneSimulator.platform/Developer/SDKs/iPhoneSimulator26.2.sdk /Users/rukesh/Library/Developer/Xcode/DerivedData/SDKStatCaches.noindex/iphonesimulator26.2-23C53-3885c01c3e6b6a337905948deab2002e7d00a8b37fbd7999ea79df8ebc024bf0.sdkstatcache
    cd /Users/rukesh/Documents/projects/alarmo/alarmo/alarmo.xcodeproj
    /Applications/Xcode.app/Contents/Developer/Toolchains/XcodeDefault.xctoolchain/usr/bin/clang-stat-cache /Applications/Xcode.app/Contents/Developer/Platforms/iPhoneSimulator.platform/Developer/SDKs/iPhoneSimulator26.2.sdk -o /Users/rukesh/Library/Developer/Xcode/DerivedData/SDKStatCaches.noindex/iphonesimulator26.2-23C53-3885c01c3e6b6a337905948deab2002e7d00a8b37fbd7999ea79df8ebc024bf0.sdkstatcache

CreateBuildDirectory /Users/rukesh/Library/Developer/Xcode/DerivedData/alarmo-ceckqxjdtadmywhgpijqujqnffnr/Build/Intermediates.noindex
    cd /Users/rukesh/Documents/projects/alarmo/alarmo/alarmo.xcodeproj
    builtin-create-build-directory /Users/rukesh/Library/Developer/Xcode/DerivedData/alarmo-ceckqxjdtadmywhgpijqujqnffnr/Build/Intermediates.noindex

CreateBuildDirectory /Users/rukesh/Library/Developer/Xcode/DerivedData/alarmo-ceckqxjdtadmywhgpijqujqnffnr/Build/Products
    cd /Users/rukesh/Documents/projects/alarmo/alarmo/alarmo.xcodeproj
    builtin-create-build-directory /Users/rukesh/Library/Developer/Xcode/DerivedData/alarmo-ceckqxjdtadmywhgpijqujqnffnr/Build/Products

CreateBuildDirectory /Users/rukesh/Library/Developer/Xcode/DerivedData/alarmo-ceckqxjdtadmywhgpijqujqnffnr/Build/Products/Debug-iphonesimulator
    cd /Users/rukesh/Documents/projects/alarmo/alarmo/alarmo.xcodeproj
    builtin-create-build-directory /Users/rukesh/Library/Developer/Xcode/DerivedData/alarmo-ceckqxjdtadmywhgpijqujqnffnr/Build/Products/Debug-iphonesimulator

CreateBuildDirectory /Users/rukesh/Library/Developer/Xcode/DerivedData/alarmo-ceckqxjdtadmywhgpijqujqnffnr/Build/Intermediates.noindex/SwiftExplicitPrecompiledModules
    cd /Users/rukesh/Documents/projects/alarmo/alarmo/alarmo.xcodeproj
    builtin-create-build-directory /Users/rukesh/Library/Developer/Xcode/DerivedData/alarmo-ceckqxjdtadmywhgpijqujqnffnr/Build/Intermediates.noindex/SwiftExplicitPrecompiledModules

CreateBuildDirectory /Users/rukesh/Library/Developer/Xcode/DerivedData/alarmo-ceckqxjdtadmywhgpijqujqnffnr/Build/Intermediates.noindex/ExplicitPrecompiledModules
    cd /Users/rukesh/Documents/projects/alarmo/alarmo/alarmo.xcodeproj
    builtin-create-build-directory /Users/rukesh/Library/Developer/Xcode/DerivedData/alarmo-ceckqxjdtadmywhgpijqujqnffnr/Build/Intermediates.noindex/ExplicitPrecompiledModules

CreateBuildDirectory /Users/rukesh/Library/Developer/Xcode/DerivedData/alarmo-ceckqxjdtadmywhgpijqujqnffnr/Build/Intermediates.noindex/EagerLinkingTBDs/Debug-iphonesimulator
    cd /Users/rukesh/Documents/projects/alarmo/alarmo/alarmo.xcodeproj
    builtin-create-build-directory /Users/rukesh/Library/Developer/Xcode/DerivedData/alarmo-ceckqxjdtadmywhgpijqujqnffnr/Build/Intermediates.noindex/EagerLinkingTBDs/Debug-iphonesimulator

WriteAuxiliaryFile /Users/rukesh/Library/Developer/Xcode/DerivedData/alarmo-ceckqxjdtadmywhgpijqujqnffnr/Build/Intermediates.noindex/alarmo.build/Debug-iphonesimulator/alarmo-5628d80e570d09dc2d0e3b0ac9d03365-VFS-iphonesimulator/all-product-headers.yaml
    cd /Users/rukesh/Documents/projects/alarmo/alarmo/alarmo.xcodeproj
    write-file /Users/rukesh/Library/Developer/Xcode/DerivedData/alarmo-ceckqxjdtadmywhgpijqujqnffnr/Build/Intermediates.noindex/alarmo.build/Debug-iphonesimulator/alarmo-5628d80e570d09dc2d0e3b0ac9d03365-VFS-iphonesimulator/all-product-headers.yaml

WriteAuxiliaryFile /Users/rukesh/Library/Developer/Xcode/DerivedData/alarmo-ceckqxjdtadmywhgpijqujqnffnr/Build/Intermediates.noindex/alarmo.build/Debug-iphonesimulator/AlarmoWidget.build/AlarmoWidget-project-headers.hmap (in target 'AlarmoWidget' from project 'alarmo')
    cd /Users/rukesh/Documents/projects/alarmo/alarmo
    write-file /Users/rukesh/Library/Developer/Xcode/DerivedData/alarmo-ceckqxjdtadmywhgpijqujqnffnr/Build/Intermediates.noindex/alarmo.build/Debug-iphonesimulator/AlarmoWidget.build/AlarmoWidget-project-headers.hmap

WriteAuxiliaryFile /Users/rukesh/Library/Developer/Xcode/DerivedData/alarmo-ceckqxjdtadmywhgpijqujqnffnr/Build/Intermediates.noindex/alarmo.build/Debug-iphonesimulator/AlarmoWidget.build/AlarmoWidget.hmap (in target 'AlarmoWidget' from project 'alarmo')
    cd /Users/rukesh/Documents/projects/alarmo/alarmo
    write-file /Users/rukesh/Library/Developer/Xcode/DerivedData/alarmo-ceckqxjdtadmywhgpijqujqnffnr/Build/Intermediates.noindex/alarmo.build/Debug-iphonesimulator/AlarmoWidget.build/AlarmoWidget.hmap

WriteAuxiliaryFile /Users/rukesh/Library/Developer/Xcode/DerivedData/alarmo-ceckqxjdtadmywhgpijqujqnffnr/Build/Intermediates.noindex/alarmo.build/Debug-iphonesimulator/AlarmoWidget.build/AlarmoWidget-own-target-headers.hmap (in target 'AlarmoWidget' from project 'alarmo')
    cd /Users/rukesh/Documents/projects/alarmo/alarmo
    write-file /Users/rukesh/Library/Developer/Xcode/DerivedData/alarmo-ceckqxjdtadmywhgpijqujqnffnr/Build/Intermediates.noindex/alarmo.build/Debug-iphonesimulator/AlarmoWidget.build/AlarmoWidget-own-target-headers.hmap

WriteAuxiliaryFile /Users/rukesh/Library/Developer/Xcode/DerivedData/alarmo-ceckqxjdtadmywhgpijqujqnffnr/Build/Intermediates.noindex/alarmo.build/Debug-iphonesimulator/AlarmoWidget.build/AlarmoWidget-generated-files.hmap (in target 'AlarmoWidget' from project 'alarmo')
    cd /Users/rukesh/Documents/projects/alarmo/alarmo
    write-file /Users/rukesh/Library/Developer/Xcode/DerivedData/alarmo-ceckqxjdtadmywhgpijqujqnffnr/Build/Intermediates.noindex/alarmo.build/Debug-iphonesimulator/AlarmoWidget.build/AlarmoWidget-generated-files.hmap

WriteAuxiliaryFile /Users/rukesh/Library/Developer/Xcode/DerivedData/alarmo-ceckqxjdtadmywhgpijqujqnffnr/Build/Intermediates.noindex/alarmo.build/Debug-iphonesimulator/AlarmoWidget.build/AlarmoWidget-all-target-headers.hmap (in target 'AlarmoWidget' from project 'alarmo')
    cd /Users/rukesh/Documents/projects/alarmo/alarmo
    write-file /Users/rukesh/Library/Developer/Xcode/DerivedData/alarmo-ceckqxjdtadmywhgpijqujqnffnr/Build/Intermediates.noindex/alarmo.build/Debug-iphonesimulator/AlarmoWidget.build/AlarmoWidget-all-target-headers.hmap

WriteAuxiliaryFile /Users/rukesh/Library/Developer/Xcode/DerivedData/alarmo-ceckqxjdtadmywhgpijqujqnffnr/Build/Intermediates.noindex/alarmo.build/Debug-iphonesimulator/alarmo.build/empty-alarmo.plist (in target 'alarmo' from project 'alarmo')
    cd /Users/rukesh/Documents/projects/alarmo/alarmo
    write-file /Users/rukesh/Library/Developer/Xcode/DerivedData/alarmo-ceckqxjdtadmywhgpijqujqnffnr/Build/Intermediates.noindex/alarmo.build/Debug-iphonesimulator/alarmo.build/empty-alarmo.plist

WriteAuxiliaryFile /Users/rukesh/Library/Developer/Xcode/DerivedData/alarmo-ceckqxjdtadmywhgpijqujqnffnr/Build/Intermediates.noindex/alarmo.build/Debug-iphonesimulator/AlarmoWidget.build/DerivedSources/Entitlements-Simulated.plist (in target 'AlarmoWidget' from project 'alarmo')
    cd /Users/rukesh/Documents/projects/alarmo/alarmo
    write-file /Users/rukesh/Library/Developer/Xcode/DerivedData/alarmo-ceckqxjdtadmywhgpijqujqnffnr/Build/Intermediates.noindex/alarmo.build/Debug-iphonesimulator/AlarmoWidget.build/DerivedSources/Entitlements-Simulated.plist

WriteAuxiliaryFile /Users/rukesh/Library/Developer/Xcode/DerivedData/alarmo-ceckqxjdtadmywhgpijqujqnffnr/Build/Intermediates.noindex/alarmo.build/Debug-iphonesimulator/alarmo.build/alarmo.DependencyMetadataFileList (in target 'alarmo' from project 'alarmo')
    cd /Users/rukesh/Documents/projects/alarmo/alarmo
    write-file /Users/rukesh/Library/Developer/Xcode/DerivedData/alarmo-ceckqxjdtadmywhgpijqujqnffnr/Build/Intermediates.noindex/alarmo.build/Debug-iphonesimulator/alarmo.build/alarmo.DependencyMetadataFileList

WriteAuxiliaryFile /Users/rukesh/Library/Developer/Xcode/DerivedData/alarmo-ceckqxjdtadmywhgpijqujqnffnr/Build/Intermediates.noindex/alarmo.build/Debug-iphonesimulator/alarmo.build/alarmo.DependencyStaticMetadataFileList (in target 'alarmo' from project 'alarmo')
    cd /Users/rukesh/Documents/projects/alarmo/alarmo
    write-file /Users/rukesh/Library/Developer/Xcode/DerivedData/alarmo-ceckqxjdtadmywhgpijqujqnffnr/Build/Intermediates.noindex/alarmo.build/Debug-iphonesimulator/alarmo.build/alarmo.DependencyStaticMetadataFileList

WriteAuxiliaryFile /Users/rukesh/Library/Developer/Xcode/DerivedData/alarmo-ceckqxjdtadmywhgpijqujqnffnr/Build/Intermediates.noindex/alarmo.build/Debug-iphonesimulator/alarmo.build/alarmo.hmap (in target 'alarmo' from project 'alarmo')
    cd /Users/rukesh/Documents/projects/alarmo/alarmo
    write-file /Users/rukesh/Library/Developer/Xcode/DerivedData/alarmo-ceckqxjdtadmywhgpijqujqnffnr/Build/Intermediates.noindex/alarmo.build/Debug-iphonesimulator/alarmo.build/alarmo.hmap

WriteAuxiliaryFile /Users/rukesh/Library/Developer/Xcode/DerivedData/alarmo-ceckqxjdtadmywhgpijqujqnffnr/Build/Intermediates.noindex/alarmo.build/Debug-iphonesimulator/alarmo.build/alarmo-project-headers.hmap (in target 'alarmo' from project 'alarmo')
    cd /Users/rukesh/Documents/projects/alarmo/alarmo
    write-file /Users/rukesh/Library/Developer/Xcode/DerivedData/alarmo-ceckqxjdtadmywhgpijqujqnffnr/Build/Intermediates.noindex/alarmo.build/Debug-iphonesimulator/alarmo.build/alarmo-project-headers.hmap

WriteAuxiliaryFile /Users/rukesh/Library/Developer/Xcode/DerivedData/alarmo-ceckqxjdtadmywhgpijqujqnffnr/Build/Intermediates.noindex/alarmo.build/Debug-iphonesimulator/AlarmoWidget.build/Objects-normal/x86_64/AlarmoWidget_const_extract_protocols.json (in target 'AlarmoWidget' from project 'alarmo')
    cd /Users/rukesh/Documents/projects/alarmo/alarmo
    write-file /Users/rukesh/Library/Developer/Xcode/DerivedData/alarmo-ceckqxjdtadmywhgpijqujqnffnr/Build/Intermediates.noindex/alarmo.build/Debug-iphonesimulator/AlarmoWidget.build/Objects-normal/x86_64/AlarmoWidget_const_extract_protocols.json

WriteAuxiliaryFile /Users/rukesh/Library/Developer/Xcode/DerivedData/alarmo-ceckqxjdtadmywhgpijqujqnffnr/Build/Intermediates.noindex/alarmo.build/Debug-iphonesimulator/AlarmoWidget.build/Objects-normal/x86_64/AlarmoWidget-OutputFileMap.json (in target 'AlarmoWidget' from project 'alarmo')
    cd /Users/rukesh/Documents/projects/alarmo/alarmo
    write-file /Users/rukesh/Library/Developer/Xcode/DerivedData/alarmo-ceckqxjdtadmywhgpijqujqnffnr/Build/Intermediates.noindex/alarmo.build/Debug-iphonesimulator/AlarmoWidget.build/Objects-normal/x86_64/AlarmoWidget-OutputFileMap.json

WriteAuxiliaryFile /Users/rukesh/Library/Developer/Xcode/DerivedData/alarmo-ceckqxjdtadmywhgpijqujqnffnr/Build/Intermediates.noindex/alarmo.build/Debug-iphonesimulator/alarmo.build/alarmo-own-target-headers.hmap (in target 'alarmo' from project 'alarmo')
    cd /Users/rukesh/Documents/projects/alarmo/alarmo
    write-file /Users/rukesh/Library/Developer/Xcode/DerivedData/alarmo-ceckqxjdtadmywhgpijqujqnffnr/Build/Intermediates.noindex/alarmo.build/Debug-iphonesimulator/alarmo.build/alarmo-own-target-headers.hmap

WriteAuxiliaryFile /Users/rukesh/Library/Developer/Xcode/DerivedData/alarmo-ceckqxjdtadmywhgpijqujqnffnr/Build/Intermediates.noindex/alarmo.build/Debug-iphonesimulator/alarmo.build/alarmo-generated-files.hmap (in target 'alarmo' from project 'alarmo')
    cd /Users/rukesh/Documents/projects/alarmo/alarmo
    write-file /Users/rukesh/Library/Developer/Xcode/DerivedData/alarmo-ceckqxjdtadmywhgpijqujqnffnr/Build/Intermediates.noindex/alarmo.build/Debug-iphonesimulator/alarmo.build/alarmo-generated-files.hmap

WriteAuxiliaryFile /Users/rukesh/Library/Developer/Xcode/DerivedData/alarmo-ceckqxjdtadmywhgpijqujqnffnr/Build/Intermediates.noindex/alarmo.build/Debug-iphonesimulator/alarmo.build/alarmo-all-target-headers.hmap (in target 'alarmo' from project 'alarmo')
    cd /Users/rukesh/Documents/projects/alarmo/alarmo
    write-file /Users/rukesh/Library/Developer/Xcode/DerivedData/alarmo-ceckqxjdtadmywhgpijqujqnffnr/Build/Intermediates.noindex/alarmo.build/Debug-iphonesimulator/alarmo.build/alarmo-all-target-headers.hmap

WriteAuxiliaryFile /Users/rukesh/Library/Developer/Xcode/DerivedData/alarmo-ceckqxjdtadmywhgpijqujqnffnr/Build/Intermediates.noindex/alarmo.build/Debug-iphonesimulator/alarmo.build/alarmo-all-non-framework-target-headers.hmap (in target 'alarmo' from project 'alarmo')
    cd /Users/rukesh/Documents/projects/alarmo/alarmo
    write-file /Users/rukesh/Library/Developer/Xcode/DerivedData/alarmo-ceckqxjdtadmywhgpijqujqnffnr/Build/Intermediates.noindex/alarmo.build/Debug-iphonesimulator/alarmo.build/alarmo-all-non-framework-target-headers.hmap

WriteAuxiliaryFile /Users/rukesh/Library/Developer/Xcode/DerivedData/alarmo-ceckqxjdtadmywhgpijqujqnffnr/Build/Intermediates.noindex/alarmo.build/Debug-iphonesimulator/alarmo.build/alarmo-DebugDylibPath-normal-x86_64.txt (in target 'alarmo' from project 'alarmo')
    cd /Users/rukesh/Documents/projects/alarmo/alarmo
    write-file /Users/rukesh/Library/Developer/Xcode/DerivedData/alarmo-ceckqxjdtadmywhgpijqujqnffnr/Build/Intermediates.noindex/alarmo.build/Debug-iphonesimulator/alarmo.build/alarmo-DebugDylibPath-normal-x86_64.txt

WriteAuxiliaryFile /Users/rukesh/Library/Developer/Xcode/DerivedData/alarmo-ceckqxjdtadmywhgpijqujqnffnr/Build/Intermediates.noindex/alarmo.build/Debug-iphonesimulator/alarmo.build/alarmo-DebugDylibPath-normal-arm64.txt (in target 'alarmo' from project 'alarmo')
    cd /Users/rukesh/Documents/projects/alarmo/alarmo
    write-file /Users/rukesh/Library/Developer/Xcode/DerivedData/alarmo-ceckqxjdtadmywhgpijqujqnffnr/Build/Intermediates.noindex/alarmo.build/Debug-iphonesimulator/alarmo.build/alarmo-DebugDylibPath-normal-arm64.txt

WriteAuxiliaryFile /Users/rukesh/Library/Developer/Xcode/DerivedData/alarmo-ceckqxjdtadmywhgpijqujqnffnr/Build/Intermediates.noindex/alarmo.build/Debug-iphonesimulator/alarmo.build/alarmo-DebugDylibInstallName-normal-x86_64.txt (in target 'alarmo' from project 'alarmo')
    cd /Users/rukesh/Documents/projects/alarmo/alarmo
    write-file /Users/rukesh/Library/Developer/Xcode/DerivedData/alarmo-ceckqxjdtadmywhgpijqujqnffnr/Build/Intermediates.noindex/alarmo.build/Debug-iphonesimulator/alarmo.build/alarmo-DebugDylibInstallName-normal-x86_64.txt

WriteAuxiliaryFile /Users/rukesh/Library/Developer/Xcode/DerivedData/alarmo-ceckqxjdtadmywhgpijqujqnffnr/Build/Intermediates.noindex/alarmo.build/Debug-iphonesimulator/alarmo.build/alarmo-DebugDylibInstallName-normal-arm64.txt (in target 'alarmo' from project 'alarmo')
    cd /Users/rukesh/Documents/projects/alarmo/alarmo
    write-file /Users/rukesh/Library/Developer/Xcode/DerivedData/alarmo-ceckqxjdtadmywhgpijqujqnffnr/Build/Intermediates.noindex/alarmo.build/Debug-iphonesimulator/alarmo.build/alarmo-DebugDylibInstallName-normal-arm64.txt

WriteAuxiliaryFile /Users/rukesh/Library/Developer/Xcode/DerivedData/alarmo-ceckqxjdtadmywhgpijqujqnffnr/Build/Intermediates.noindex/alarmo.build/Debug-iphonesimulator/alarmo.build/Objects-normal/x86_64/alarmo_const_extract_protocols.json (in target 'alarmo' from project 'alarmo')
    cd /Users/rukesh/Documents/projects/alarmo/alarmo
    write-file /Users/rukesh/Library/Developer/Xcode/DerivedData/alarmo-ceckqxjdtadmywhgpijqujqnffnr/Build/Intermediates.noindex/alarmo.build/Debug-iphonesimulator/alarmo.build/Objects-normal/x86_64/alarmo_const_extract_protocols.json

WriteAuxiliaryFile /Users/rukesh/Library/Developer/Xcode/DerivedData/alarmo-ceckqxjdtadmywhgpijqujqnffnr/Build/Intermediates.noindex/alarmo.build/Debug-iphonesimulator/alarmo.build/Objects-normal/x86_64/alarmo.SwiftFileList (in target 'alarmo' from project 'alarmo')
    cd /Users/rukesh/Documents/projects/alarmo/alarmo
    write-file /Users/rukesh/Library/Developer/Xcode/DerivedData/alarmo-ceckqxjdtadmywhgpijqujqnffnr/Build/Intermediates.noindex/alarmo.build/Debug-iphonesimulator/alarmo.build/Objects-normal/x86_64/alarmo.SwiftFileList

WriteAuxiliaryFile /Users/rukesh/Library/Developer/Xcode/DerivedData/alarmo-ceckqxjdtadmywhgpijqujqnffnr/Build/Intermediates.noindex/alarmo.build/Debug-iphonesimulator/alarmo.build/Objects-normal/x86_64/alarmo.SwiftConstValuesFileList (in target 'alarmo' from project 'alarmo')
    cd /Users/rukesh/Documents/projects/alarmo/alarmo
    write-file /Users/rukesh/Library/Developer/Xcode/DerivedData/alarmo-ceckqxjdtadmywhgpijqujqnffnr/Build/Intermediates.noindex/alarmo.build/Debug-iphonesimulator/alarmo.build/Objects-normal/x86_64/alarmo.SwiftConstValuesFileList

WriteAuxiliaryFile /Users/rukesh/Library/Developer/Xcode/DerivedData/alarmo-ceckqxjdtadmywhgpijqujqnffnr/Build/Intermediates.noindex/alarmo.build/Debug-iphonesimulator/alarmo.build/Objects-normal/x86_64/alarmo.LinkFileList (in target 'alarmo' from project 'alarmo')
    cd /Users/rukesh/Documents/projects/alarmo/alarmo
    write-file /Users/rukesh/Library/Developer/Xcode/DerivedData/alarmo-ceckqxjdtadmywhgpijqujqnffnr/Build/Intermediates.noindex/alarmo.build/Debug-iphonesimulator/alarmo.build/Objects-normal/x86_64/alarmo.LinkFileList

WriteAuxiliaryFile /Users/rukesh/Library/Developer/Xcode/DerivedData/alarmo-ceckqxjdtadmywhgpijqujqnffnr/Build/Intermediates.noindex/alarmo.build/Debug-iphonesimulator/alarmo.build/Objects-normal/x86_64/alarmo-OutputFileMap.json (in target 'alarmo' from project 'alarmo')
    cd /Users/rukesh/Documents/projects/alarmo/alarmo
    write-file /Users/rukesh/Library/Developer/Xcode/DerivedData/alarmo-ceckqxjdtadmywhgpijqujqnffnr/Build/Intermediates.noindex/alarmo.build/Debug-iphonesimulator/alarmo.build/Objects-normal/x86_64/alarmo-OutputFileMap.json

WriteAuxiliaryFile /Users/rukesh/Library/Developer/Xcode/DerivedData/alarmo-ceckqxjdtadmywhgpijqujqnffnr/Build/Intermediates.noindex/alarmo.build/Debug-iphonesimulator/alarmo.build/Objects-normal/arm64/alarmo_const_extract_protocols.json (in target 'alarmo' from project 'alarmo')
    cd /Users/rukesh/Documents/projects/alarmo/alarmo
    write-file /Users/rukesh/Library/Developer/Xcode/DerivedData/alarmo-ceckqxjdtadmywhgpijqujqnffnr/Build/Intermediates.noindex/alarmo.build/Debug-iphonesimulator/alarmo.build/Objects-normal/arm64/alarmo_const_extract_protocols.json

WriteAuxiliaryFile /Users/rukesh/Library/Developer/Xcode/DerivedData/alarmo-ceckqxjdtadmywhgpijqujqnffnr/Build/Intermediates.noindex/alarmo.build/Debug-iphonesimulator/alarmo.build/Objects-normal/arm64/alarmo.SwiftFileList (in target 'alarmo' from project 'alarmo')
    cd /Users/rukesh/Documents/projects/alarmo/alarmo
    write-file /Users/rukesh/Library/Developer/Xcode/DerivedData/alarmo-ceckqxjdtadmywhgpijqujqnffnr/Build/Intermediates.noindex/alarmo.build/Debug-iphonesimulator/alarmo.build/Objects-normal/arm64/alarmo.SwiftFileList

WriteAuxiliaryFile /Users/rukesh/Library/Developer/Xcode/DerivedData/alarmo-ceckqxjdtadmywhgpijqujqnffnr/Build/Intermediates.noindex/alarmo.build/Debug-iphonesimulator/alarmo.build/Objects-normal/arm64/alarmo.SwiftConstValuesFileList (in target 'alarmo' from project 'alarmo')
    cd /Users/rukesh/Documents/projects/alarmo/alarmo
    write-file /Users/rukesh/Library/Developer/Xcode/DerivedData/alarmo-ceckqxjdtadmywhgpijqujqnffnr/Build/Intermediates.noindex/alarmo.build/Debug-iphonesimulator/alarmo.build/Objects-normal/arm64/alarmo.SwiftConstValuesFileList

WriteAuxiliaryFile /Users/rukesh/Library/Developer/Xcode/DerivedData/alarmo-ceckqxjdtadmywhgpijqujqnffnr/Build/Intermediates.noindex/alarmo.build/Debug-iphonesimulator/alarmo.build/Objects-normal/arm64/alarmo.LinkFileList (in target 'alarmo' from project 'alarmo')
    cd /Users/rukesh/Documents/projects/alarmo/alarmo
    write-file /Users/rukesh/Library/Developer/Xcode/DerivedData/alarmo-ceckqxjdtadmywhgpijqujqnffnr/Build/Intermediates.noindex/alarmo.build/Debug-iphonesimulator/alarmo.build/Objects-normal/arm64/alarmo.LinkFileList

WriteAuxiliaryFile /Users/rukesh/Library/Developer/Xcode/DerivedData/alarmo-ceckqxjdtadmywhgpijqujqnffnr/Build/Intermediates.noindex/alarmo.build/Debug-iphonesimulator/alarmo.build/Objects-normal/arm64/alarmo-OutputFileMap.json (in target 'alarmo' from project 'alarmo')
    cd /Users/rukesh/Documents/projects/alarmo/alarmo
    write-file /Users/rukesh/Library/Developer/Xcode/DerivedData/alarmo-ceckqxjdtadmywhgpijqujqnffnr/Build/Intermediates.noindex/alarmo.build/Debug-iphonesimulator/alarmo.build/Objects-normal/arm64/alarmo-OutputFileMap.json

WriteAuxiliaryFile /Users/rukesh/Library/Developer/Xcode/DerivedData/alarmo-ceckqxjdtadmywhgpijqujqnffnr/Build/Intermediates.noindex/alarmo.build/Debug-iphonesimulator/alarmo.build/DerivedSources/Entitlements-Simulated.plist (in target 'alarmo' from project 'alarmo')
    cd /Users/rukesh/Documents/projects/alarmo/alarmo
    write-file /Users/rukesh/Library/Developer/Xcode/DerivedData/alarmo-ceckqxjdtadmywhgpijqujqnffnr/Build/Intermediates.noindex/alarmo.build/Debug-iphonesimulator/alarmo.build/DerivedSources/Entitlements-Simulated.plist

WriteAuxiliaryFile /Users/rukesh/Library/Developer/Xcode/DerivedData/alarmo-ceckqxjdtadmywhgpijqujqnffnr/Build/Intermediates.noindex/alarmo.build/Debug-iphonesimulator/AlarmoWidget.build/Objects-normal/x86_64/AlarmoWidget.SwiftFileList (in target 'AlarmoWidget' from project 'alarmo')
    cd /Users/rukesh/Documents/projects/alarmo/alarmo
    write-file /Users/rukesh/Library/Developer/Xcode/DerivedData/alarmo-ceckqxjdtadmywhgpijqujqnffnr/Build/Intermediates.noindex/alarmo.build/Debug-iphonesimulator/AlarmoWidget.build/Objects-normal/x86_64/AlarmoWidget.SwiftFileList

WriteAuxiliaryFile /Users/rukesh/Library/Developer/Xcode/DerivedData/alarmo-ceckqxjdtadmywhgpijqujqnffnr/Build/Intermediates.noindex/alarmo.build/Debug-iphonesimulator/AlarmoWidget.build/Objects-normal/x86_64/AlarmoWidget.SwiftConstValuesFileList (in target 'AlarmoWidget' from project 'alarmo')
    cd /Users/rukesh/Documents/projects/alarmo/alarmo
    write-file /Users/rukesh/Library/Developer/Xcode/DerivedData/alarmo-ceckqxjdtadmywhgpijqujqnffnr/Build/Intermediates.noindex/alarmo.build/Debug-iphonesimulator/AlarmoWidget.build/Objects-normal/x86_64/AlarmoWidget.SwiftConstValuesFileList

WriteAuxiliaryFile /Users/rukesh/Library/Developer/Xcode/DerivedData/alarmo-ceckqxjdtadmywhgpijqujqnffnr/Build/Intermediates.noindex/alarmo.build/Debug-iphonesimulator/AlarmoWidget.build/Objects-normal/x86_64/AlarmoWidget.LinkFileList (in target 'AlarmoWidget' from project 'alarmo')
    cd /Users/rukesh/Documents/projects/alarmo/alarmo
    write-file /Users/rukesh/Library/Developer/Xcode/DerivedData/alarmo-ceckqxjdtadmywhgpijqujqnffnr/Build/Intermediates.noindex/alarmo.build/Debug-iphonesimulator/AlarmoWidget.build/Objects-normal/x86_64/AlarmoWidget.LinkFileList

WriteAuxiliaryFile /Users/rukesh/Library/Developer/Xcode/DerivedData/alarmo-ceckqxjdtadmywhgpijqujqnffnr/Build/Intermediates.noindex/alarmo.build/Debug-iphonesimulator/AlarmoWidget.build/Objects-normal/arm64/AlarmoWidget_const_extract_protocols.json (in target 'AlarmoWidget' from project 'alarmo')
    cd /Users/rukesh/Documents/projects/alarmo/alarmo
    write-file /Users/rukesh/Library/Developer/Xcode/DerivedData/alarmo-ceckqxjdtadmywhgpijqujqnffnr/Build/Intermediates.noindex/alarmo.build/Debug-iphonesimulator/AlarmoWidget.build/Objects-normal/arm64/AlarmoWidget_const_extract_protocols.json

WriteAuxiliaryFile /Users/rukesh/Library/Developer/Xcode/DerivedData/alarmo-ceckqxjdtadmywhgpijqujqnffnr/Build/Intermediates.noindex/alarmo.build/Debug-iphonesimulator/AlarmoWidget.build/Objects-normal/arm64/AlarmoWidget.SwiftFileList (in target 'AlarmoWidget' from project 'alarmo')
    cd /Users/rukesh/Documents/projects/alarmo/alarmo
    write-file /Users/rukesh/Library/Developer/Xcode/DerivedData/alarmo-ceckqxjdtadmywhgpijqujqnffnr/Build/Intermediates.noindex/alarmo.build/Debug-iphonesimulator/AlarmoWidget.build/Objects-normal/arm64/AlarmoWidget.SwiftFileList

WriteAuxiliaryFile /Users/rukesh/Library/Developer/Xcode/DerivedData/alarmo-ceckqxjdtadmywhgpijqujqnffnr/Build/Intermediates.noindex/alarmo.build/Debug-iphonesimulator/AlarmoWidget.build/Objects-normal/arm64/AlarmoWidget.SwiftConstValuesFileList (in target 'AlarmoWidget' from project 'alarmo')
    cd /Users/rukesh/Documents/projects/alarmo/alarmo
    write-file /Users/rukesh/Library/Developer/Xcode/DerivedData/alarmo-ceckqxjdtadmywhgpijqujqnffnr/Build/Intermediates.noindex/alarmo.build/Debug-iphonesimulator/AlarmoWidget.build/Objects-normal/arm64/AlarmoWidget.SwiftConstValuesFileList

WriteAuxiliaryFile /Users/rukesh/Library/Developer/Xcode/DerivedData/alarmo-ceckqxjdtadmywhgpijqujqnffnr/Build/Intermediates.noindex/alarmo.build/Debug-iphonesimulator/AlarmoWidget.build/Objects-normal/arm64/AlarmoWidget.LinkFileList (in target 'AlarmoWidget' from project 'alarmo')
    cd /Users/rukesh/Documents/projects/alarmo/alarmo
    write-file /Users/rukesh/Library/Developer/Xcode/DerivedData/alarmo-ceckqxjdtadmywhgpijqujqnffnr/Build/Intermediates.noindex/alarmo.build/Debug-iphonesimulator/AlarmoWidget.build/Objects-normal/arm64/AlarmoWidget.LinkFileList

WriteAuxiliaryFile /Users/rukesh/Library/Developer/Xcode/DerivedData/alarmo-ceckqxjdtadmywhgpijqujqnffnr/Build/Intermediates.noindex/alarmo.build/Debug-iphonesimulator/AlarmoWidget.build/Objects-normal/arm64/AlarmoWidget-OutputFileMap.json (in target 'AlarmoWidget' from project 'alarmo')
    cd /Users/rukesh/Documents/projects/alarmo/alarmo
    write-file /Users/rukesh/Library/Developer/Xcode/DerivedData/alarmo-ceckqxjdtadmywhgpijqujqnffnr/Build/Intermediates.noindex/alarmo.build/Debug-iphonesimulator/AlarmoWidget.build/Objects-normal/arm64/AlarmoWidget-OutputFileMap.json

WriteAuxiliaryFile /Users/rukesh/Library/Developer/Xcode/DerivedData/alarmo-ceckqxjdtadmywhgpijqujqnffnr/Build/Intermediates.noindex/alarmo.build/Debug-iphonesimulator/AlarmoWidget.build/AlarmoWidget.DependencyStaticMetadataFileList (in target 'AlarmoWidget' from project 'alarmo')
    cd /Users/rukesh/Documents/projects/alarmo/alarmo
    write-file /Users/rukesh/Library/Developer/Xcode/DerivedData/alarmo-ceckqxjdtadmywhgpijqujqnffnr/Build/Intermediates.noindex/alarmo.build/Debug-iphonesimulator/AlarmoWidget.build/AlarmoWidget.DependencyStaticMetadataFileList

WriteAuxiliaryFile /Users/rukesh/Library/Developer/Xcode/DerivedData/alarmo-ceckqxjdtadmywhgpijqujqnffnr/Build/Intermediates.noindex/alarmo.build/Debug-iphonesimulator/AlarmoWidget.build/AlarmoWidget.DependencyMetadataFileList (in target 'AlarmoWidget' from project 'alarmo')
    cd /Users/rukesh/Documents/projects/alarmo/alarmo
    write-file /Users/rukesh/Library/Developer/Xcode/DerivedData/alarmo-ceckqxjdtadmywhgpijqujqnffnr/Build/Intermediates.noindex/alarmo.build/Debug-iphonesimulator/AlarmoWidget.build/AlarmoWidget.DependencyMetadataFileList

WriteAuxiliaryFile /Users/rukesh/Library/Developer/Xcode/DerivedData/alarmo-ceckqxjdtadmywhgpijqujqnffnr/Build/Intermediates.noindex/alarmo.build/Debug-iphonesimulator/AlarmoWidget.build/AlarmoWidget-all-non-framework-target-headers.hmap (in target 'AlarmoWidget' from project 'alarmo')
    cd /Users/rukesh/Documents/projects/alarmo/alarmo
    write-file /Users/rukesh/Library/Developer/Xcode/DerivedData/alarmo-ceckqxjdtadmywhgpijqujqnffnr/Build/Intermediates.noindex/alarmo.build/Debug-iphonesimulator/AlarmoWidget.build/AlarmoWidget-all-non-framework-target-headers.hmap

WriteAuxiliaryFile /Users/rukesh/Library/Developer/Xcode/DerivedData/alarmo-ceckqxjdtadmywhgpijqujqnffnr/Build/Intermediates.noindex/alarmo.build/Debug-iphonesimulator/AlarmoWidget.build/AlarmoWidget-DebugEntryPoint-normal-x86_64.txt (in target 'AlarmoWidget' from project 'alarmo')
    cd /Users/rukesh/Documents/projects/alarmo/alarmo
    write-file /Users/rukesh/Library/Developer/Xcode/DerivedData/alarmo-ceckqxjdtadmywhgpijqujqnffnr/Build/Intermediates.noindex/alarmo.build/Debug-iphonesimulator/AlarmoWidget.build/AlarmoWidget-DebugEntryPoint-normal-x86_64.txt

WriteAuxiliaryFile /Users/rukesh/Library/Developer/Xcode/DerivedData/alarmo-ceckqxjdtadmywhgpijqujqnffnr/Build/Intermediates.noindex/alarmo.build/Debug-iphonesimulator/AlarmoWidget.build/AlarmoWidget-DebugEntryPoint-normal-arm64.txt (in target 'AlarmoWidget' from project 'alarmo')
    cd /Users/rukesh/Documents/projects/alarmo/alarmo
    write-file /Users/rukesh/Library/Developer/Xcode/DerivedData/alarmo-ceckqxjdtadmywhgpijqujqnffnr/Build/Intermediates.noindex/alarmo.build/Debug-iphonesimulator/AlarmoWidget.build/AlarmoWidget-DebugEntryPoint-normal-arm64.txt

WriteAuxiliaryFile /Users/rukesh/Library/Developer/Xcode/DerivedData/alarmo-ceckqxjdtadmywhgpijqujqnffnr/Build/Intermediates.noindex/alarmo.build/Debug-iphonesimulator/AlarmoWidget.build/AlarmoWidget-DebugDylibPath-normal-x86_64.txt (in target 'AlarmoWidget' from project 'alarmo')
    cd /Users/rukesh/Documents/projects/alarmo/alarmo
    write-file /Users/rukesh/Library/Developer/Xcode/DerivedData/alarmo-ceckqxjdtadmywhgpijqujqnffnr/Build/Intermediates.noindex/alarmo.build/Debug-iphonesimulator/AlarmoWidget.build/AlarmoWidget-DebugDylibPath-normal-x86_64.txt

WriteAuxiliaryFile /Users/rukesh/Library/Developer/Xcode/DerivedData/alarmo-ceckqxjdtadmywhgpijqujqnffnr/Build/Intermediates.noindex/alarmo.build/Debug-iphonesimulator/AlarmoWidget.build/AlarmoWidget-DebugDylibPath-normal-arm64.txt (in target 'AlarmoWidget' from project 'alarmo')
    cd /Users/rukesh/Documents/projects/alarmo/alarmo
    write-file /Users/rukesh/Library/Developer/Xcode/DerivedData/alarmo-ceckqxjdtadmywhgpijqujqnffnr/Build/Intermediates.noindex/alarmo.build/Debug-iphonesimulator/AlarmoWidget.build/AlarmoWidget-DebugDylibPath-normal-arm64.txt

WriteAuxiliaryFile /Users/rukesh/Library/Developer/Xcode/DerivedData/alarmo-ceckqxjdtadmywhgpijqujqnffnr/Build/Intermediates.noindex/alarmo.build/Debug-iphonesimulator/AlarmoWidget.build/AlarmoWidget-DebugDylibInstallName-normal-x86_64.txt (in target 'AlarmoWidget' from project 'alarmo')
    cd /Users/rukesh/Documents/projects/alarmo/alarmo
    write-file /Users/rukesh/Library/Developer/Xcode/DerivedData/alarmo-ceckqxjdtadmywhgpijqujqnffnr/Build/Intermediates.noindex/alarmo.build/Debug-iphonesimulator/AlarmoWidget.build/AlarmoWidget-DebugDylibInstallName-normal-x86_64.txt

WriteAuxiliaryFile /Users/rukesh/Library/Developer/Xcode/DerivedData/alarmo-ceckqxjdtadmywhgpijqujqnffnr/Build/Intermediates.noindex/alarmo.build/Debug-iphonesimulator/AlarmoWidget.build/AlarmoWidget-DebugDylibInstallName-normal-arm64.txt (in target 'AlarmoWidget' from project 'alarmo')
    cd /Users/rukesh/Documents/projects/alarmo/alarmo
    write-file /Users/rukesh/Library/Developer/Xcode/DerivedData/alarmo-ceckqxjdtadmywhgpijqujqnffnr/Build/Intermediates.noindex/alarmo.build/Debug-iphonesimulator/AlarmoWidget.build/AlarmoWidget-DebugDylibInstallName-normal-arm64.txt

WriteAuxiliaryFile /Users/rukesh/Library/Developer/Xcode/DerivedData/alarmo-ceckqxjdtadmywhgpijqujqnffnr/Build/Intermediates.noindex/alarmo.build/Debug-iphonesimulator/AlarmoShieldUI.build/Objects-normal/x86_64/AlarmoShieldUI.SwiftConstValuesFileList (in target 'AlarmoShieldUI' from project 'alarmo')
    cd /Users/rukesh/Documents/projects/alarmo/alarmo
    write-file /Users/rukesh/Library/Developer/Xcode/DerivedData/alarmo-ceckqxjdtadmywhgpijqujqnffnr/Build/Intermediates.noindex/alarmo.build/Debug-iphonesimulator/AlarmoShieldUI.build/Objects-normal/x86_64/AlarmoShieldUI.SwiftConstValuesFileList

WriteAuxiliaryFile /Users/rukesh/Library/Developer/Xcode/DerivedData/alarmo-ceckqxjdtadmywhgpijqujqnffnr/Build/Intermediates.noindex/alarmo.build/Debug-iphonesimulator/AlarmoShieldUI.build/Objects-normal/x86_64/AlarmoShieldUI.SwiftFileList (in target 'AlarmoShieldUI' from project 'alarmo')
    cd /Users/rukesh/Documents/projects/alarmo/alarmo
    write-file /Users/rukesh/Library/Developer/Xcode/DerivedData/alarmo-ceckqxjdtadmywhgpijqujqnffnr/Build/Intermediates.noindex/alarmo.build/Debug-iphonesimulator/AlarmoShieldUI.build/Objects-normal/x86_64/AlarmoShieldUI.SwiftFileList

WriteAuxiliaryFile /Users/rukesh/Library/Developer/Xcode/DerivedData/alarmo-ceckqxjdtadmywhgpijqujqnffnr/Build/Intermediates.noindex/alarmo.build/Debug-iphonesimulator/AlarmoShieldUI.build/Objects-normal/x86_64/AlarmoShieldUI_const_extract_protocols.json (in target 'AlarmoShieldUI' from project 'alarmo')
    cd /Users/rukesh/Documents/projects/alarmo/alarmo
    write-file /Users/rukesh/Library/Developer/Xcode/DerivedData/alarmo-ceckqxjdtadmywhgpijqujqnffnr/Build/Intermediates.noindex/alarmo.build/Debug-iphonesimulator/AlarmoShieldUI.build/Objects-normal/x86_64/AlarmoShieldUI_const_extract_protocols.json

WriteAuxiliaryFile /Users/rukesh/Library/Developer/Xcode/DerivedData/alarmo-ceckqxjdtadmywhgpijqujqnffnr/Build/Intermediates.noindex/alarmo.build/Debug-iphonesimulator/AlarmoShieldUI.build/Objects-normal/x86_64/AlarmoShieldUI.LinkFileList (in target 'AlarmoShieldUI' from project 'alarmo')
    cd /Users/rukesh/Documents/projects/alarmo/alarmo
    write-file /Users/rukesh/Library/Developer/Xcode/DerivedData/alarmo-ceckqxjdtadmywhgpijqujqnffnr/Build/Intermediates.noindex/alarmo.build/Debug-iphonesimulator/AlarmoShieldUI.build/Objects-normal/x86_64/AlarmoShieldUI.LinkFileList

WriteAuxiliaryFile /Users/rukesh/Library/Developer/Xcode/DerivedData/alarmo-ceckqxjdtadmywhgpijqujqnffnr/Build/Intermediates.noindex/alarmo.build/Debug-iphonesimulator/AlarmoShieldUI.build/Objects-normal/x86_64/AlarmoShieldUI-OutputFileMap.json (in target 'AlarmoShieldUI' from project 'alarmo')
    cd /Users/rukesh/Documents/projects/alarmo/alarmo
    write-file /Users/rukesh/Library/Developer/Xcode/DerivedData/alarmo-ceckqxjdtadmywhgpijqujqnffnr/Build/Intermediates.noindex/alarmo.build/Debug-iphonesimulator/AlarmoShieldUI.build/Objects-normal/x86_64/AlarmoShieldUI-OutputFileMap.json

WriteAuxiliaryFile /Users/rukesh/Library/Developer/Xcode/DerivedData/alarmo-ceckqxjdtadmywhgpijqujqnffnr/Build/Intermediates.noindex/alarmo.build/Debug-iphonesimulator/AlarmoShieldUI.build/Objects-normal/arm64/AlarmoShieldUI_const_extract_protocols.json (in target 'AlarmoShieldUI' from project 'alarmo')
    cd /Users/rukesh/Documents/projects/alarmo/alarmo
    write-file /Users/rukesh/Library/Developer/Xcode/DerivedData/alarmo-ceckqxjdtadmywhgpijqujqnffnr/Build/Intermediates.noindex/alarmo.build/Debug-iphonesimulator/AlarmoShieldUI.build/Objects-normal/arm64/AlarmoShieldUI_const_extract_protocols.json

WriteAuxiliaryFile /Users/rukesh/Library/Developer/Xcode/DerivedData/alarmo-ceckqxjdtadmywhgpijqujqnffnr/Build/Intermediates.noindex/alarmo.build/Debug-iphonesimulator/AlarmoShieldUI.build/Objects-normal/arm64/AlarmoShieldUI.SwiftFileList (in target 'AlarmoShieldUI' from project 'alarmo')
    cd /Users/rukesh/Documents/projects/alarmo/alarmo
    write-file /Users/rukesh/Library/Developer/Xcode/DerivedData/alarmo-ceckqxjdtadmywhgpijqujqnffnr/Build/Intermediates.noindex/alarmo.build/Debug-iphonesimulator/AlarmoShieldUI.build/Objects-normal/arm64/AlarmoShieldUI.SwiftFileList

WriteAuxiliaryFile /Users/rukesh/Library/Developer/Xcode/DerivedData/alarmo-ceckqxjdtadmywhgpijqujqnffnr/Build/Intermediates.noindex/alarmo.build/Debug-iphonesimulator/AlarmoShieldUI.build/Objects-normal/arm64/AlarmoShieldUI.SwiftConstValuesFileList (in target 'AlarmoShieldUI' from project 'alarmo')
    cd /Users/rukesh/Documents/projects/alarmo/alarmo
    write-file /Users/rukesh/Library/Developer/Xcode/DerivedData/alarmo-ceckqxjdtadmywhgpijqujqnffnr/Build/Intermediates.noindex/alarmo.build/Debug-iphonesimulator/AlarmoShieldUI.build/Objects-normal/arm64/AlarmoShieldUI.SwiftConstValuesFileList

WriteAuxiliaryFile /Users/rukesh/Library/Developer/Xcode/DerivedData/alarmo-ceckqxjdtadmywhgpijqujqnffnr/Build/Intermediates.noindex/alarmo.build/Debug-iphonesimulator/AlarmoShieldUI.build/Objects-normal/arm64/AlarmoShieldUI.LinkFileList (in target 'AlarmoShieldUI' from project 'alarmo')
    cd /Users/rukesh/Documents/projects/alarmo/alarmo
    write-file /Users/rukesh/Library/Developer/Xcode/DerivedData/alarmo-ceckqxjdtadmywhgpijqujqnffnr/Build/Intermediates.noindex/alarmo.build/Debug-iphonesimulator/AlarmoShieldUI.build/Objects-normal/arm64/AlarmoShieldUI.LinkFileList

WriteAuxiliaryFile /Users/rukesh/Library/Developer/Xcode/DerivedData/alarmo-ceckqxjdtadmywhgpijqujqnffnr/Build/Intermediates.noindex/alarmo.build/Debug-iphonesimulator/AlarmoShieldUI.build/Objects-normal/arm64/AlarmoShieldUI-OutputFileMap.json (in target 'AlarmoShieldUI' from project 'alarmo')
    cd /Users/rukesh/Documents/projects/alarmo/alarmo
    write-file /Users/rukesh/Library/Developer/Xcode/DerivedData/alarmo-ceckqxjdtadmywhgpijqujqnffnr/Build/Intermediates.noindex/alarmo.build/Debug-iphonesimulator/AlarmoShieldUI.build/Objects-normal/arm64/AlarmoShieldUI-OutputFileMap.json

WriteAuxiliaryFile /Users/rukesh/Library/Developer/Xcode/DerivedData/alarmo-ceckqxjdtadmywhgpijqujqnffnr/Build/Intermediates.noindex/alarmo.build/Debug-iphonesimulator/AlarmoShieldUI.build/DerivedSources/Entitlements-Simulated.plist (in target 'AlarmoShieldUI' from project 'alarmo')
    cd /Users/rukesh/Documents/projects/alarmo/alarmo
    write-file /Users/rukesh/Library/Developer/Xcode/DerivedData/alarmo-ceckqxjdtadmywhgpijqujqnffnr/Build/Intermediates.noindex/alarmo.build/Debug-iphonesimulator/AlarmoShieldUI.build/DerivedSources/Entitlements-Simulated.plist

WriteAuxiliaryFile /Users/rukesh/Library/Developer/Xcode/DerivedData/alarmo-ceckqxjdtadmywhgpijqujqnffnr/Build/Intermediates.noindex/alarmo.build/Debug-iphonesimulator/AlarmoShieldUI.build/AlarmoShieldUI.hmap (in target 'AlarmoShieldUI' from project 'alarmo')
    cd /Users/rukesh/Documents/projects/alarmo/alarmo
    write-file /Users/rukesh/Library/Developer/Xcode/DerivedData/alarmo-ceckqxjdtadmywhgpijqujqnffnr/Build/Intermediates.noindex/alarmo.build/Debug-iphonesimulator/AlarmoShieldUI.build/AlarmoShieldUI.hmap

WriteAuxiliaryFile /Users/rukesh/Library/Developer/Xcode/DerivedData/alarmo-ceckqxjdtadmywhgpijqujqnffnr/Build/Intermediates.noindex/alarmo.build/Debug-iphonesimulator/AlarmoShieldUI.build/AlarmoShieldUI.DependencyStaticMetadataFileList (in target 'AlarmoShieldUI' from project 'alarmo')
    cd /Users/rukesh/Documents/projects/alarmo/alarmo
    write-file /Users/rukesh/Library/Developer/Xcode/DerivedData/alarmo-ceckqxjdtadmywhgpijqujqnffnr/Build/Intermediates.noindex/alarmo.build/Debug-iphonesimulator/AlarmoShieldUI.build/AlarmoShieldUI.DependencyStaticMetadataFileList

WriteAuxiliaryFile /Users/rukesh/Library/Developer/Xcode/DerivedData/alarmo-ceckqxjdtadmywhgpijqujqnffnr/Build/Intermediates.noindex/alarmo.build/Debug-iphonesimulator/AlarmoShieldUI.build/AlarmoShieldUI.DependencyMetadataFileList (in target 'AlarmoShieldUI' from project 'alarmo')
    cd /Users/rukesh/Documents/projects/alarmo/alarmo
    write-file /Users/rukesh/Library/Developer/Xcode/DerivedData/alarmo-ceckqxjdtadmywhgpijqujqnffnr/Build/Intermediates.noindex/alarmo.build/Debug-iphonesimulator/AlarmoShieldUI.build/AlarmoShieldUI.DependencyMetadataFileList

WriteAuxiliaryFile /Users/rukesh/Library/Developer/Xcode/DerivedData/alarmo-ceckqxjdtadmywhgpijqujqnffnr/Build/Intermediates.noindex/alarmo.build/Debug-iphonesimulator/AlarmoShieldUI.build/AlarmoShieldUI-project-headers.hmap (in target 'AlarmoShieldUI' from project 'alarmo')
    cd /Users/rukesh/Documents/projects/alarmo/alarmo
    write-file /Users/rukesh/Library/Developer/Xcode/DerivedData/alarmo-ceckqxjdtadmywhgpijqujqnffnr/Build/Intermediates.noindex/alarmo.build/Debug-iphonesimulator/AlarmoShieldUI.build/AlarmoShieldUI-project-headers.hmap

WriteAuxiliaryFile /Users/rukesh/Library/Developer/Xcode/DerivedData/alarmo-ceckqxjdtadmywhgpijqujqnffnr/Build/Intermediates.noindex/alarmo.build/Debug-iphonesimulator/AlarmoShieldUI.build/AlarmoShieldUI-own-target-headers.hmap (in target 'AlarmoShieldUI' from project 'alarmo')
    cd /Users/rukesh/Documents/projects/alarmo/alarmo
    write-file /Users/rukesh/Library/Developer/Xcode/DerivedData/alarmo-ceckqxjdtadmywhgpijqujqnffnr/Build/Intermediates.noindex/alarmo.build/Debug-iphonesimulator/AlarmoShieldUI.build/AlarmoShieldUI-own-target-headers.hmap

WriteAuxiliaryFile /Users/rukesh/Library/Developer/Xcode/DerivedData/alarmo-ceckqxjdtadmywhgpijqujqnffnr/Build/Intermediates.noindex/alarmo.build/Debug-iphonesimulator/AlarmoShieldUI.build/AlarmoShieldUI-generated-files.hmap (in target 'AlarmoShieldUI' from project 'alarmo')
    cd /Users/rukesh/Documents/projects/alarmo/alarmo
    write-file /Users/rukesh/Library/Developer/Xcode/DerivedData/alarmo-ceckqxjdtadmywhgpijqujqnffnr/Build/Intermediates.noindex/alarmo.build/Debug-iphonesimulator/AlarmoShieldUI.build/AlarmoShieldUI-generated-files.hmap

WriteAuxiliaryFile /Users/rukesh/Library/Developer/Xcode/DerivedData/alarmo-ceckqxjdtadmywhgpijqujqnffnr/Build/Intermediates.noindex/alarmo.build/Debug-iphonesimulator/AlarmoShieldUI.build/AlarmoShieldUI-all-target-headers.hmap (in target 'AlarmoShieldUI' from project 'alarmo')
    cd /Users/rukesh/Documents/projects/alarmo/alarmo
    write-file /Users/rukesh/Library/Developer/Xcode/DerivedData/alarmo-ceckqxjdtadmywhgpijqujqnffnr/Build/Intermediates.noindex/alarmo.build/Debug-iphonesimulator/AlarmoShieldUI.build/AlarmoShieldUI-all-target-headers.hmap

WriteAuxiliaryFile /Users/rukesh/Library/Developer/Xcode/DerivedData/alarmo-ceckqxjdtadmywhgpijqujqnffnr/Build/Intermediates.noindex/alarmo.build/Debug-iphonesimulator/AlarmoShieldUI.build/AlarmoShieldUI-all-non-framework-target-headers.hmap (in target 'AlarmoShieldUI' from project 'alarmo')
    cd /Users/rukesh/Documents/projects/alarmo/alarmo
    write-file /Users/rukesh/Library/Developer/Xcode/DerivedData/alarmo-ceckqxjdtadmywhgpijqujqnffnr/Build/Intermediates.noindex/alarmo.build/Debug-iphonesimulator/AlarmoShieldUI.build/AlarmoShieldUI-all-non-framework-target-headers.hmap

WriteAuxiliaryFile /Users/rukesh/Library/Developer/Xcode/DerivedData/alarmo-ceckqxjdtadmywhgpijqujqnffnr/Build/Intermediates.noindex/alarmo.build/Debug-iphonesimulator/AlarmoShieldUI.build/AlarmoShieldUI-DebugEntryPoint-normal-x86_64.txt (in target 'AlarmoShieldUI' from project 'alarmo')
    cd /Users/rukesh/Documents/projects/alarmo/alarmo
    write-file /Users/rukesh/Library/Developer/Xcode/DerivedData/alarmo-ceckqxjdtadmywhgpijqujqnffnr/Build/Intermediates.noindex/alarmo.build/Debug-iphonesimulator/AlarmoShieldUI.build/AlarmoShieldUI-DebugEntryPoint-normal-x86_64.txt

WriteAuxiliaryFile /Users/rukesh/Library/Developer/Xcode/DerivedData/alarmo-ceckqxjdtadmywhgpijqujqnffnr/Build/Intermediates.noindex/alarmo.build/Debug-iphonesimulator/AlarmoShieldUI.build/AlarmoShieldUI-DebugEntryPoint-normal-arm64.txt (in target 'AlarmoShieldUI' from project 'alarmo')
    cd /Users/rukesh/Documents/projects/alarmo/alarmo
    write-file /Users/rukesh/Library/Developer/Xcode/DerivedData/alarmo-ceckqxjdtadmywhgpijqujqnffnr/Build/Intermediates.noindex/alarmo.build/Debug-iphonesimulator/AlarmoShieldUI.build/AlarmoShieldUI-DebugEntryPoint-normal-arm64.txt

WriteAuxiliaryFile /Users/rukesh/Library/Developer/Xcode/DerivedData/alarmo-ceckqxjdtadmywhgpijqujqnffnr/Build/Intermediates.noindex/alarmo.build/Debug-iphonesimulator/AlarmoShieldUI.build/AlarmoShieldUI-DebugDylibPath-normal-x86_64.txt (in target 'AlarmoShieldUI' from project 'alarmo')
    cd /Users/rukesh/Documents/projects/alarmo/alarmo
    write-file /Users/rukesh/Library/Developer/Xcode/DerivedData/alarmo-ceckqxjdtadmywhgpijqujqnffnr/Build/Intermediates.noindex/alarmo.build/Debug-iphonesimulator/AlarmoShieldUI.build/AlarmoShieldUI-DebugDylibPath-normal-x86_64.txt

WriteAuxiliaryFile /Users/rukesh/Library/Developer/Xcode/DerivedData/alarmo-ceckqxjdtadmywhgpijqujqnffnr/Build/Intermediates.noindex/alarmo.build/Debug-iphonesimulator/AlarmoShieldUI.build/AlarmoShieldUI-DebugDylibPath-normal-arm64.txt (in target 'AlarmoShieldUI' from project 'alarmo')
    cd /Users/rukesh/Documents/projects/alarmo/alarmo
    write-file /Users/rukesh/Library/Developer/Xcode/DerivedData/alarmo-ceckqxjdtadmywhgpijqujqnffnr/Build/Intermediates.noindex/alarmo.build/Debug-iphonesimulator/AlarmoShieldUI.build/AlarmoShieldUI-DebugDylibPath-normal-arm64.txt

WriteAuxiliaryFile /Users/rukesh/Library/Developer/Xcode/DerivedData/alarmo-ceckqxjdtadmywhgpijqujqnffnr/Build/Intermediates.noindex/alarmo.build/Debug-iphonesimulator/AlarmoShieldUI.build/AlarmoShieldUI-DebugDylibInstallName-normal-x86_64.txt (in target 'AlarmoShieldUI' from project 'alarmo')
    cd /Users/rukesh/Documents/projects/alarmo/alarmo
    write-file /Users/rukesh/Library/Developer/Xcode/DerivedData/alarmo-ceckqxjdtadmywhgpijqujqnffnr/Build/Intermediates.noindex/alarmo.build/Debug-iphonesimulator/AlarmoShieldUI.build/AlarmoShieldUI-DebugDylibInstallName-normal-x86_64.txt

WriteAuxiliaryFile /Users/rukesh/Library/Developer/Xcode/DerivedData/alarmo-ceckqxjdtadmywhgpijqujqnffnr/Build/Intermediates.noindex/alarmo.build/Debug-iphonesimulator/AlarmoShieldUI.build/AlarmoShieldUI-DebugDylibInstallName-normal-arm64.txt (in target 'AlarmoShieldUI' from project 'alarmo')
    cd /Users/rukesh/Documents/projects/alarmo/alarmo
    write-file /Users/rukesh/Library/Developer/Xcode/DerivedData/alarmo-ceckqxjdtadmywhgpijqujqnffnr/Build/Intermediates.noindex/alarmo.build/Debug-iphonesimulator/AlarmoShieldUI.build/AlarmoShieldUI-DebugDylibInstallName-normal-arm64.txt

MkDir /Users/rukesh/Library/Developer/Xcode/DerivedData/alarmo-ceckqxjdtadmywhgpijqujqnffnr/Build/Products/Debug-iphonesimulator/alarmo.app (in target 'alarmo' from project 'alarmo')
    cd /Users/rukesh/Documents/projects/alarmo/alarmo
    /bin/mkdir -p /Users/rukesh/Library/Developer/Xcode/DerivedData/alarmo-ceckqxjdtadmywhgpijqujqnffnr/Build/Products/Debug-iphonesimulator/alarmo.app

MkDir /Users/rukesh/Library/Developer/Xcode/DerivedData/alarmo-ceckqxjdtadmywhgpijqujqnffnr/Build/Products/Debug-iphonesimulator/alarmo.app/PlugIns (in target 'alarmo' from project 'alarmo')
    cd /Users/rukesh/Documents/projects/alarmo/alarmo
    /bin/mkdir -p /Users/rukesh/Library/Developer/Xcode/DerivedData/alarmo-ceckqxjdtadmywhgpijqujqnffnr/Build/Products/Debug-iphonesimulator/alarmo.app/PlugIns

MkDir /Users/rukesh/Library/Developer/Xcode/DerivedData/alarmo-ceckqxjdtadmywhgpijqujqnffnr/Build/Products/Debug-iphonesimulator/AlarmoWidget.appex (in target 'AlarmoWidget' from project 'alarmo')
    cd /Users/rukesh/Documents/projects/alarmo/alarmo
    /bin/mkdir -p /Users/rukesh/Library/Developer/Xcode/DerivedData/alarmo-ceckqxjdtadmywhgpijqujqnffnr/Build/Products/Debug-iphonesimulator/AlarmoWidget.appex

MkDir /Users/rukesh/Library/Developer/Xcode/DerivedData/alarmo-ceckqxjdtadmywhgpijqujqnffnr/Build/Products/Debug-iphonesimulator/AlarmoShieldUI.appex (in target 'AlarmoShieldUI' from project 'alarmo')
    cd /Users/rukesh/Documents/projects/alarmo/alarmo
    /bin/mkdir -p /Users/rukesh/Library/Developer/Xcode/DerivedData/alarmo-ceckqxjdtadmywhgpijqujqnffnr/Build/Products/Debug-iphonesimulator/AlarmoShieldUI.appex

ProcessProductPackaging "" /Users/rukesh/Library/Developer/Xcode/DerivedData/alarmo-ceckqxjdtadmywhgpijqujqnffnr/Build/Intermediates.noindex/alarmo.build/Debug-iphonesimulator/AlarmoWidget.build/AlarmoWidget.appex-Simulated.xcent (in target 'AlarmoWidget' from project 'alarmo')
    cd /Users/rukesh/Documents/projects/alarmo/alarmo
    
    Entitlements:
    
    {
    "application-identifier" = "FAKETEAMID.ht.alarmo.AlarmoWidget";
}
    
    builtin-productPackagingUtility -entitlements -format xml -o /Users/rukesh/Library/Developer/Xcode/DerivedData/alarmo-ceckqxjdtadmywhgpijqujqnffnr/Build/Intermediates.noindex/alarmo.build/Debug-iphonesimulator/AlarmoWidget.build/AlarmoWidget.appex-Simulated.xcent

ProcessProductPackaging "" /Users/rukesh/Library/Developer/Xcode/DerivedData/alarmo-ceckqxjdtadmywhgpijqujqnffnr/Build/Intermediates.noindex/alarmo.build/Debug-iphonesimulator/AlarmoShieldUI.build/AlarmoShieldUI.appex-Simulated.xcent (in target 'AlarmoShieldUI' from project 'alarmo')
    cd /Users/rukesh/Documents/projects/alarmo/alarmo
    
    Entitlements:
    
    {
    "application-identifier" = "FAKETEAMID.ht.alarmo.AlarmoShieldUI";
}
    
    builtin-productPackagingUtility -entitlements -format xml -o /Users/rukesh/Library/Developer/Xcode/DerivedData/alarmo-ceckqxjdtadmywhgpijqujqnffnr/Build/Intermediates.noindex/alarmo.build/Debug-iphonesimulator/AlarmoShieldUI.build/AlarmoShieldUI.appex-Simulated.xcent

ProcessProductPackagingDER /Users/rukesh/Library/Developer/Xcode/DerivedData/alarmo-ceckqxjdtadmywhgpijqujqnffnr/Build/Intermediates.noindex/alarmo.build/Debug-iphonesimulator/AlarmoShieldUI.build/AlarmoShieldUI.appex-Simulated.xcent /Users/rukesh/Library/Developer/Xcode/DerivedData/alarmo-ceckqxjdtadmywhgpijqujqnffnr/Build/Intermediates.noindex/alarmo.build/Debug-iphonesimulator/AlarmoShieldUI.build/AlarmoShieldUI.appex-Simulated.xcent.der (in target 'AlarmoShieldUI' from project 'alarmo')
    cd /Users/rukesh/Documents/projects/alarmo/alarmo
    /usr/bin/derq query -f xml -i /Users/rukesh/Library/Developer/Xcode/DerivedData/alarmo-ceckqxjdtadmywhgpijqujqnffnr/Build/Intermediates.noindex/alarmo.build/Debug-iphonesimulator/AlarmoShieldUI.build/AlarmoShieldUI.appex-Simulated.xcent -o /Users/rukesh/Library/Developer/Xcode/DerivedData/alarmo-ceckqxjdtadmywhgpijqujqnffnr/Build/Intermediates.noindex/alarmo.build/Debug-iphonesimulator/AlarmoShieldUI.build/AlarmoShieldUI.appex-Simulated.xcent.der --raw

ProcessProductPackagingDER /Users/rukesh/Library/Developer/Xcode/DerivedData/alarmo-ceckqxjdtadmywhgpijqujqnffnr/Build/Intermediates.noindex/alarmo.build/Debug-iphonesimulator/AlarmoWidget.build/AlarmoWidget.appex-Simulated.xcent /Users/rukesh/Library/Developer/Xcode/DerivedData/alarmo-ceckqxjdtadmywhgpijqujqnffnr/Build/Intermediates.noindex/alarmo.build/Debug-iphonesimulator/AlarmoWidget.build/AlarmoWidget.appex-Simulated.xcent.der (in target 'AlarmoWidget' from project 'alarmo')
    cd /Users/rukesh/Documents/projects/alarmo/alarmo
    /usr/bin/derq query -f xml -i /Users/rukesh/Library/Developer/Xcode/DerivedData/alarmo-ceckqxjdtadmywhgpijqujqnffnr/Build/Intermediates.noindex/alarmo.build/Debug-iphonesimulator/AlarmoWidget.build/AlarmoWidget.appex-Simulated.xcent -o /Users/rukesh/Library/Developer/Xcode/DerivedData/alarmo-ceckqxjdtadmywhgpijqujqnffnr/Build/Intermediates.noindex/alarmo.build/Debug-iphonesimulator/AlarmoWidget.build/AlarmoWidget.appex-Simulated.xcent.der --raw

ProcessInfoPlistFile /Users/rukesh/Library/Developer/Xcode/DerivedData/alarmo-ceckqxjdtadmywhgpijqujqnffnr/Build/Products/Debug-iphonesimulator/AlarmoWidget.appex/Info.plist /Users/rukesh/Documents/projects/alarmo/alarmo/AlarmoWidget/Info.plist (in target 'AlarmoWidget' from project 'alarmo')
    cd /Users/rukesh/Documents/projects/alarmo/alarmo
    builtin-infoPlistUtility /Users/rukesh/Documents/projects/alarmo/alarmo/AlarmoWidget/Info.plist -producttype com.apple.product-type.app-extension -expandbuildsettings -format binary -platform iphonesimulator -o /Users/rukesh/Library/Developer/Xcode/DerivedData/alarmo-ceckqxjdtadmywhgpijqujqnffnr/Build/Products/Debug-iphonesimulator/AlarmoWidget.appex/Info.plist

ProcessInfoPlistFile /Users/rukesh/Library/Developer/Xcode/DerivedData/alarmo-ceckqxjdtadmywhgpijqujqnffnr/Build/Products/Debug-iphonesimulator/AlarmoShieldUI.appex/Info.plist /Users/rukesh/Documents/projects/alarmo/alarmo/AlarmoShieldUI/Info.plist (in target 'AlarmoShieldUI' from project 'alarmo')
    cd /Users/rukesh/Documents/projects/alarmo/alarmo
    builtin-infoPlistUtility /Users/rukesh/Documents/projects/alarmo/alarmo/AlarmoShieldUI/Info.plist -producttype com.apple.product-type.app-extension -expandbuildsettings -format binary -platform iphonesimulator -o /Users/rukesh/Library/Developer/Xcode/DerivedData/alarmo-ceckqxjdtadmywhgpijqujqnffnr/Build/Products/Debug-iphonesimulator/AlarmoShieldUI.appex/Info.plist

Ld /Users/rukesh/Library/Developer/Xcode/DerivedData/alarmo-ceckqxjdtadmywhgpijqujqnffnr/Build/Intermediates.noindex/alarmo.build/Debug-iphonesimulator/AlarmoWidget.build/Objects-normal/x86_64/Binary/__preview.dylib normal x86_64 (in target 'AlarmoWidget' from project 'alarmo')
    cd /Users/rukesh/Documents/projects/alarmo/alarmo
    /Applications/Xcode.app/Contents/Developer/Toolchains/XcodeDefault.xctoolchain/usr/bin/clang -Xlinker -reproducible -target x86_64-apple-ios17.0-simulator -dynamiclib -isysroot /Applications/Xcode.app/Contents/Developer/Platforms/iPhoneSimulator.platform/Developer/SDKs/iPhoneSimulator26.2.sdk -O0 -L/Users/rukesh/Library/Developer/Xcode/DerivedData/alarmo-ceckqxjdtadmywhgpijqujqnffnr/Build/Products/Debug-iphonesimulator -F/Users/rukesh/Library/Developer/Xcode/DerivedData/alarmo-ceckqxjdtadmywhgpijqujqnffnr/Build/Products/Debug-iphonesimulator -install_name @rpath/AlarmoWidget.debug.dylib -dead_strip -rdynamic -Xlinker -no_deduplicate -Xlinker -objc_abi_version -Xlinker 2 -Xlinker -debug_variant -Xlinker -dependency_info -Xlinker /Users/rukesh/Library/Developer/Xcode/DerivedData/alarmo-ceckqxjdtadmywhgpijqujqnffnr/Build/Intermediates.noindex/alarmo.build/Debug-iphonesimulator/AlarmoWidget.build/Objects-normal/x86_64/AlarmoWidget_dependency_info.dat -Xlinker -sectcreate -Xlinker __TEXT -Xlinker __entitlements -Xlinker /Users/rukesh/Library/Developer/Xcode/DerivedData/alarmo-ceckqxjdtadmywhgpijqujqnffnr/Build/Intermediates.noindex/alarmo.build/Debug-iphonesimulator/AlarmoWidget.build/AlarmoWidget.appex-Simulated.xcent -Xlinker -sectcreate -Xlinker __TEXT -Xlinker __ents_der -Xlinker /Users/rukesh/Library/Developer/Xcode/DerivedData/alarmo-ceckqxjdtadmywhgpijqujqnffnr/Build/Intermediates.noindex/alarmo.build/Debug-iphonesimulator/AlarmoWidget.build/AlarmoWidget.appex-Simulated.xcent.der -Xlinker -no_adhoc_codesign -o /Users/rukesh/Library/Developer/Xcode/DerivedData/alarmo-ceckqxjdtadmywhgpijqujqnffnr/Build/Intermediates.noindex/alarmo.build/Debug-iphonesimulator/AlarmoWidget.build/Objects-normal/x86_64/Binary/__preview.dylib

Ld /Users/rukesh/Library/Developer/Xcode/DerivedData/alarmo-ceckqxjdtadmywhgpijqujqnffnr/Build/Intermediates.noindex/alarmo.build/Debug-iphonesimulator/AlarmoShieldUI.build/Objects-normal/x86_64/Binary/__preview.dylib normal x86_64 (in target 'AlarmoShieldUI' from project 'alarmo')
    cd /Users/rukesh/Documents/projects/alarmo/alarmo
    /Applications/Xcode.app/Contents/Developer/Toolchains/XcodeDefault.xctoolchain/usr/bin/clang -Xlinker -reproducible -target x86_64-apple-ios17.0-simulator -dynamiclib -isysroot /Applications/Xcode.app/Contents/Developer/Platforms/iPhoneSimulator.platform/Developer/SDKs/iPhoneSimulator26.2.sdk -O0 -L/Users/rukesh/Library/Developer/Xcode/DerivedData/alarmo-ceckqxjdtadmywhgpijqujqnffnr/Build/Products/Debug-iphonesimulator -F/Users/rukesh/Library/Developer/Xcode/DerivedData/alarmo-ceckqxjdtadmywhgpijqujqnffnr/Build/Products/Debug-iphonesimulator -install_name @rpath/AlarmoShieldUI.debug.dylib -dead_strip -rdynamic -Xlinker -no_deduplicate -Xlinker -objc_abi_version -Xlinker 2 -Xlinker -debug_variant -Xlinker -dependency_info -Xlinker /Users/rukesh/Library/Developer/Xcode/DerivedData/alarmo-ceckqxjdtadmywhgpijqujqnffnr/Build/Intermediates.noindex/alarmo.build/Debug-iphonesimulator/AlarmoShieldUI.build/Objects-normal/x86_64/AlarmoShieldUI_dependency_info.dat -Xlinker -sectcreate -Xlinker __TEXT -Xlinker __entitlements -Xlinker /Users/rukesh/Library/Developer/Xcode/DerivedData/alarmo-ceckqxjdtadmywhgpijqujqnffnr/Build/Intermediates.noindex/alarmo.build/Debug-iphonesimulator/AlarmoShieldUI.build/AlarmoShieldUI.appex-Simulated.xcent -Xlinker -sectcreate -Xlinker __TEXT -Xlinker __ents_der -Xlinker /Users/rukesh/Library/Developer/Xcode/DerivedData/alarmo-ceckqxjdtadmywhgpijqujqnffnr/Build/Intermediates.noindex/alarmo.build/Debug-iphonesimulator/AlarmoShieldUI.build/AlarmoShieldUI.appex-Simulated.xcent.der -Xlinker -no_adhoc_codesign -o /Users/rukesh/Library/Developer/Xcode/DerivedData/alarmo-ceckqxjdtadmywhgpijqujqnffnr/Build/Intermediates.noindex/alarmo.build/Debug-iphonesimulator/AlarmoShieldUI.build/Objects-normal/x86_64/Binary/__preview.dylib

Ld /Users/rukesh/Library/Developer/Xcode/DerivedData/alarmo-ceckqxjdtadmywhgpijqujqnffnr/Build/Intermediates.noindex/alarmo.build/Debug-iphonesimulator/AlarmoWidget.build/Objects-normal/arm64/Binary/__preview.dylib normal arm64 (in target 'AlarmoWidget' from project 'alarmo')
    cd /Users/rukesh/Documents/projects/alarmo/alarmo
    /Applications/Xcode.app/Contents/Developer/Toolchains/XcodeDefault.xctoolchain/usr/bin/clang -Xlinker -reproducible -target arm64-apple-ios17.0-simulator -dynamiclib -isysroot /Applications/Xcode.app/Contents/Developer/Platforms/iPhoneSimulator.platform/Developer/SDKs/iPhoneSimulator26.2.sdk -O0 -L/Users/rukesh/Library/Developer/Xcode/DerivedData/alarmo-ceckqxjdtadmywhgpijqujqnffnr/Build/Products/Debug-iphonesimulator -F/Users/rukesh/Library/Developer/Xcode/DerivedData/alarmo-ceckqxjdtadmywhgpijqujqnffnr/Build/Products/Debug-iphonesimulator -install_name @rpath/AlarmoWidget.debug.dylib -dead_strip -rdynamic -Xlinker -no_deduplicate -Xlinker -objc_abi_version -Xlinker 2 -Xlinker -debug_variant -Xlinker -dependency_info -Xlinker /Users/rukesh/Library/Developer/Xcode/DerivedData/alarmo-ceckqxjdtadmywhgpijqujqnffnr/Build/Intermediates.noindex/alarmo.build/Debug-iphonesimulator/AlarmoWidget.build/Objects-normal/arm64/AlarmoWidget_dependency_info.dat -Xlinker -sectcreate -Xlinker __TEXT -Xlinker __entitlements -Xlinker /Users/rukesh/Library/Developer/Xcode/DerivedData/alarmo-ceckqxjdtadmywhgpijqujqnffnr/Build/Intermediates.noindex/alarmo.build/Debug-iphonesimulator/AlarmoWidget.build/AlarmoWidget.appex-Simulated.xcent -Xlinker -sectcreate -Xlinker __TEXT -Xlinker __ents_der -Xlinker /Users/rukesh/Library/Developer/Xcode/DerivedData/alarmo-ceckqxjdtadmywhgpijqujqnffnr/Build/Intermediates.noindex/alarmo.build/Debug-iphonesimulator/AlarmoWidget.build/AlarmoWidget.appex-Simulated.xcent.der -Xlinker -no_adhoc_codesign -o /Users/rukesh/Library/Developer/Xcode/DerivedData/alarmo-ceckqxjdtadmywhgpijqujqnffnr/Build/Intermediates.noindex/alarmo.build/Debug-iphonesimulator/AlarmoWidget.build/Objects-normal/arm64/Binary/__preview.dylib

Ld /Users/rukesh/Library/Developer/Xcode/DerivedData/alarmo-ceckqxjdtadmywhgpijqujqnffnr/Build/Intermediates.noindex/alarmo.build/Debug-iphonesimulator/AlarmoShieldUI.build/Objects-normal/arm64/Binary/__preview.dylib normal arm64 (in target 'AlarmoShieldUI' from project 'alarmo')
    cd /Users/rukesh/Documents/projects/alarmo/alarmo
    /Applications/Xcode.app/Contents/Developer/Toolchains/XcodeDefault.xctoolchain/usr/bin/clang -Xlinker -reproducible -target arm64-apple-ios17.0-simulator -dynamiclib -isysroot /Applications/Xcode.app/Contents/Developer/Platforms/iPhoneSimulator.platform/Developer/SDKs/iPhoneSimulator26.2.sdk -O0 -L/Users/rukesh/Library/Developer/Xcode/DerivedData/alarmo-ceckqxjdtadmywhgpijqujqnffnr/Build/Products/Debug-iphonesimulator -F/Users/rukesh/Library/Developer/Xcode/DerivedData/alarmo-ceckqxjdtadmywhgpijqujqnffnr/Build/Products/Debug-iphonesimulator -install_name @rpath/AlarmoShieldUI.debug.dylib -dead_strip -rdynamic -Xlinker -no_deduplicate -Xlinker -objc_abi_version -Xlinker 2 -Xlinker -debug_variant -Xlinker -dependency_info -Xlinker /Users/rukesh/Library/Developer/Xcode/DerivedData/alarmo-ceckqxjdtadmywhgpijqujqnffnr/Build/Intermediates.noindex/alarmo.build/Debug-iphonesimulator/AlarmoShieldUI.build/Objects-normal/arm64/AlarmoShieldUI_dependency_info.dat -Xlinker -sectcreate -Xlinker __TEXT -Xlinker __entitlements -Xlinker /Users/rukesh/Library/Developer/Xcode/DerivedData/alarmo-ceckqxjdtadmywhgpijqujqnffnr/Build/Intermediates.noindex/alarmo.build/Debug-iphonesimulator/AlarmoShieldUI.build/AlarmoShieldUI.appex-Simulated.xcent -Xlinker -sectcreate -Xlinker __TEXT -Xlinker __ents_der -Xlinker /Users/rukesh/Library/Developer/Xcode/DerivedData/alarmo-ceckqxjdtadmywhgpijqujqnffnr/Build/Intermediates.noindex/alarmo.build/Debug-iphonesimulator/AlarmoShieldUI.build/AlarmoShieldUI.appex-Simulated.xcent.der -Xlinker -no_adhoc_codesign -o /Users/rukesh/Library/Developer/Xcode/DerivedData/alarmo-ceckqxjdtadmywhgpijqujqnffnr/Build/Intermediates.noindex/alarmo.build/Debug-iphonesimulator/AlarmoShieldUI.build/Objects-normal/arm64/Binary/__preview.dylib

CreateUniversalBinary /Users/rukesh/Library/Developer/Xcode/DerivedData/alarmo-ceckqxjdtadmywhgpijqujqnffnr/Build/Products/Debug-iphonesimulator/AlarmoWidget.appex/__preview.dylib normal arm64\ x86_64 (in target 'AlarmoWidget' from project 'alarmo')
    cd /Users/rukesh/Documents/projects/alarmo/alarmo
    /Applications/Xcode.app/Contents/Developer/Toolchains/XcodeDefault.xctoolchain/usr/bin/lipo -create /Users/rukesh/Library/Developer/Xcode/DerivedData/alarmo-ceckqxjdtadmywhgpijqujqnffnr/Build/Intermediates.noindex/alarmo.build/Debug-iphonesimulator/AlarmoWidget.build/Objects-normal/arm64/Binary/__preview.dylib /Users/rukesh/Library/Developer/Xcode/DerivedData/alarmo-ceckqxjdtadmywhgpijqujqnffnr/Build/Intermediates.noindex/alarmo.build/Debug-iphonesimulator/AlarmoWidget.build/Objects-normal/x86_64/Binary/__preview.dylib -output /Users/rukesh/Library/Developer/Xcode/DerivedData/alarmo-ceckqxjdtadmywhgpijqujqnffnr/Build/Products/Debug-iphonesimulator/AlarmoWidget.appex/__preview.dylib

CreateUniversalBinary /Users/rukesh/Library/Developer/Xcode/DerivedData/alarmo-ceckqxjdtadmywhgpijqujqnffnr/Build/Products/Debug-iphonesimulator/AlarmoShieldUI.appex/__preview.dylib normal arm64\ x86_64 (in target 'AlarmoShieldUI' from project 'alarmo')
    cd /Users/rukesh/Documents/projects/alarmo/alarmo
    /Applications/Xcode.app/Contents/Developer/Toolchains/XcodeDefault.xctoolchain/usr/bin/lipo -create /Users/rukesh/Library/Developer/Xcode/DerivedData/alarmo-ceckqxjdtadmywhgpijqujqnffnr/Build/Intermediates.noindex/alarmo.build/Debug-iphonesimulator/AlarmoShieldUI.build/Objects-normal/arm64/Binary/__preview.dylib /Users/rukesh/Library/Developer/Xcode/DerivedData/alarmo-ceckqxjdtadmywhgpijqujqnffnr/Build/Intermediates.noindex/alarmo.build/Debug-iphonesimulator/AlarmoShieldUI.build/Objects-normal/x86_64/Binary/__preview.dylib -output /Users/rukesh/Library/Developer/Xcode/DerivedData/alarmo-ceckqxjdtadmywhgpijqujqnffnr/Build/Products/Debug-iphonesimulator/AlarmoShieldUI.appex/__preview.dylib

SwiftDriver AlarmoShieldUI normal x86_64 com.apple.xcode.tools.swift.compiler (in target 'AlarmoShieldUI' from project 'alarmo')
    cd /Users/rukesh/Documents/projects/alarmo/alarmo
    builtin-SwiftDriver -- /Applications/Xcode.app/Contents/Developer/Toolchains/XcodeDefault.xctoolchain/usr/bin/swiftc -module-name AlarmoShieldUI -Onone -enforce-exclusivity\=checked @/Users/rukesh/Library/Developer/Xcode/DerivedData/alarmo-ceckqxjdtadmywhgpijqujqnffnr/Build/Intermediates.noindex/alarmo.build/Debug-iphonesimulator/AlarmoShieldUI.build/Objects-normal/x86_64/AlarmoShieldUI.SwiftFileList -DDEBUG -enable-bare-slash-regex -enable-experimental-feature DebugDescriptionMacro -sdk /Applications/Xcode.app/Contents/Developer/Platforms/iPhoneSimulator.platform/Developer/SDKs/iPhoneSimulator26.2.sdk -target x86_64-apple-ios17.0-simulator -g -module-cache-path /Users/rukesh/Library/Developer/Xcode/DerivedData/ModuleCache.noindex -Xfrontend -serialize-debugging-options -application-extension -profile-coverage-mapping -profile-generate -enable-testing -index-store-path /Users/rukesh/Library/Developer/Xcode/DerivedData/alarmo-ceckqxjdtadmywhgpijqujqnffnr/Index.noindex/DataStore -Xcc -D_LIBCPP_HARDENING_MODE\=_LIBCPP_HARDENING_MODE_DEBUG -swift-version 5 -I /Users/rukesh/Library/Developer/Xcode/DerivedData/alarmo-ceckqxjdtadmywhgpijqujqnffnr/Build/Products/Debug-iphonesimulator -F /Users/rukesh/Library/Developer/Xcode/DerivedData/alarmo-ceckqxjdtadmywhgpijqujqnffnr/Build/Products/Debug-iphonesimulator -parse-as-library -c -j14 -enable-batch-mode -incremental -Xcc -ivfsstatcache -Xcc /Users/rukesh/Library/Developer/Xcode/DerivedData/SDKStatCaches.noindex/iphonesimulator26.2-23C53-3885c01c3e6b6a337905948deab2002e7d00a8b37fbd7999ea79df8ebc024bf0.sdkstatcache -output-file-map /Users/rukesh/Library/Developer/Xcode/DerivedData/alarmo-ceckqxjdtadmywhgpijqujqnffnr/Build/Intermediates.noindex/alarmo.build/Debug-iphonesimulator/AlarmoShieldUI.build/Objects-normal/x86_64/AlarmoShieldUI-OutputFileMap.json -use-frontend-parseable-output -save-temps -no-color-diagnostics -explicit-module-build -module-cache-path /Users/rukesh/Library/Developer/Xcode/DerivedData/alarmo-ceckqxjdtadmywhgpijqujqnffnr/Build/Intermediates.noindex/SwiftExplicitPrecompiledModules -clang-scanner-module-cache-path /Users/rukesh/Library/Developer/Xcode/DerivedData/ModuleCache.noindex -sdk-module-cache-path /Users/rukesh/Library/Developer/Xcode/DerivedData/ModuleCache.noindex -serialize-diagnostics -emit-dependencies -emit-module -emit-module-path /Users/rukesh/Library/Developer/Xcode/DerivedData/alarmo-ceckqxjdtadmywhgpijqujqnffnr/Build/Intermediates.noindex/alarmo.build/Debug-iphonesimulator/AlarmoShieldUI.build/Objects-normal/x86_64/AlarmoShieldUI.swiftmodule -validate-clang-modules-once -clang-build-session-file /Users/rukesh/Library/Developer/Xcode/DerivedData/ModuleCache.noindex/Session.modulevalidation -Xcc -I/Users/rukesh/Library/Developer/Xcode/DerivedData/alarmo-ceckqxjdtadmywhgpijqujqnffnr/Build/Intermediates.noindex/alarmo.build/Debug-iphonesimulator/AlarmoShieldUI.build/swift-overrides.hmap -emit-const-values -Xfrontend -const-gather-protocols-file -Xfrontend /Users/rukesh/Library/Developer/Xcode/DerivedData/alarmo-ceckqxjdtadmywhgpijqujqnffnr/Build/Intermediates.noindex/alarmo.build/Debug-iphonesimulator/AlarmoShieldUI.build/Objects-normal/x86_64/AlarmoShieldUI_const_extract_protocols.json -Xcc -iquote -Xcc /Users/rukesh/Library/Developer/Xcode/DerivedData/alarmo-ceckqxjdtadmywhgpijqujqnffnr/Build/Intermediates.noindex/alarmo.build/Debug-iphonesimulator/AlarmoShieldUI.build/AlarmoShieldUI-generated-files.hmap -Xcc -I/Users/rukesh/Library/Developer/Xcode/DerivedData/alarmo-ceckqxjdtadmywhgpijqujqnffnr/Build/Intermediates.noindex/alarmo.build/Debug-iphonesimulator/AlarmoShieldUI.build/AlarmoShieldUI-own-target-headers.hmap -Xcc -I/Users/rukesh/Library/Developer/Xcode/DerivedData/alarmo-ceckqxjdtadmywhgpijqujqnffnr/Build/Intermediates.noindex/alarmo.build/Debug-iphonesimulator/AlarmoShieldUI.build/AlarmoShieldUI-all-target-headers.hmap -Xcc -iquote -Xcc /Users/rukesh/Library/Developer/Xcode/DerivedData/alarmo-ceckqxjdtadmywhgpijqujqnffnr/Build/Intermediates.noindex/alarmo.build/Debug-iphonesimulator/AlarmoShieldUI.build/AlarmoShieldUI-project-headers.hmap -Xcc -I/Users/rukesh/Library/Developer/Xcode/DerivedData/alarmo-ceckqxjdtadmywhgpijqujqnffnr/Build/Products/Debug-iphonesimulator/include -Xcc -I/Users/rukesh/Library/Developer/Xcode/DerivedData/alarmo-ceckqxjdtadmywhgpijqujqnffnr/Build/Intermediates.noindex/alarmo.build/Debug-iphonesimulator/AlarmoShieldUI.build/DerivedSources-normal/x86_64 -Xcc -I/Users/rukesh/Library/Developer/Xcode/DerivedData/alarmo-ceckqxjdtadmywhgpijqujqnffnr/Build/Intermediates.noindex/alarmo.build/Debug-iphonesimulator/AlarmoShieldUI.build/DerivedSources/x86_64 -Xcc -I/Users/rukesh/Library/Developer/Xcode/DerivedData/alarmo-ceckqxjdtadmywhgpijqujqnffnr/Build/Intermediates.noindex/alarmo.build/Debug-iphonesimulator/AlarmoShieldUI.build/DerivedSources -Xcc -DDEBUG\=1 -emit-objc-header -emit-objc-header-path /Users/rukesh/Library/Developer/Xcode/DerivedData/alarmo-ceckqxjdtadmywhgpijqujqnffnr/Build/Intermediates.noindex/alarmo.build/Debug-iphonesimulator/AlarmoShieldUI.build/Objects-normal/x86_64/AlarmoShieldUI-Swift.h -working-directory /Users/rukesh/Documents/projects/alarmo/alarmo -experimental-emit-module-separately -disable-cmo

SwiftDriver AlarmoWidget normal arm64 com.apple.xcode.tools.swift.compiler (in target 'AlarmoWidget' from project 'alarmo')
    cd /Users/rukesh/Documents/projects/alarmo/alarmo
    builtin-SwiftDriver -- /Applications/Xcode.app/Contents/Developer/Toolchains/XcodeDefault.xctoolchain/usr/bin/swiftc -module-name AlarmoWidget -Onone -enforce-exclusivity\=checked @/Users/rukesh/Library/Developer/Xcode/DerivedData/alarmo-ceckqxjdtadmywhgpijqujqnffnr/Build/Intermediates.noindex/alarmo.build/Debug-iphonesimulator/AlarmoWidget.build/Objects-normal/arm64/AlarmoWidget.SwiftFileList -DDEBUG -enable-bare-slash-regex -enable-experimental-feature DebugDescriptionMacro -sdk /Applications/Xcode.app/Contents/Developer/Platforms/iPhoneSimulator.platform/Developer/SDKs/iPhoneSimulator26.2.sdk -target arm64-apple-ios17.0-simulator -g -module-cache-path /Users/rukesh/Library/Developer/Xcode/DerivedData/ModuleCache.noindex -Xfrontend -serialize-debugging-options -application-extension -profile-coverage-mapping -profile-generate -enable-testing -index-store-path /Users/rukesh/Library/Developer/Xcode/DerivedData/alarmo-ceckqxjdtadmywhgpijqujqnffnr/Index.noindex/DataStore -Xcc -D_LIBCPP_HARDENING_MODE\=_LIBCPP_HARDENING_MODE_DEBUG -swift-version 5 -I /Users/rukesh/Library/Developer/Xcode/DerivedData/alarmo-ceckqxjdtadmywhgpijqujqnffnr/Build/Products/Debug-iphonesimulator -F /Users/rukesh/Library/Developer/Xcode/DerivedData/alarmo-ceckqxjdtadmywhgpijqujqnffnr/Build/Products/Debug-iphonesimulator -c -j14 -enable-batch-mode -incremental -Xcc -ivfsstatcache -Xcc /Users/rukesh/Library/Developer/Xcode/DerivedData/SDKStatCaches.noindex/iphonesimulator26.2-23C53-3885c01c3e6b6a337905948deab2002e7d00a8b37fbd7999ea79df8ebc024bf0.sdkstatcache -output-file-map /Users/rukesh/Library/Developer/Xcode/DerivedData/alarmo-ceckqxjdtadmywhgpijqujqnffnr/Build/Intermediates.noindex/alarmo.build/Debug-iphonesimulator/AlarmoWidget.build/Objects-normal/arm64/AlarmoWidget-OutputFileMap.json -use-frontend-parseable-output -save-temps -no-color-diagnostics -explicit-module-build -module-cache-path /Users/rukesh/Library/Developer/Xcode/DerivedData/alarmo-ceckqxjdtadmywhgpijqujqnffnr/Build/Intermediates.noindex/SwiftExplicitPrecompiledModules -clang-scanner-module-cache-path /Users/rukesh/Library/Developer/Xcode/DerivedData/ModuleCache.noindex -sdk-module-cache-path /Users/rukesh/Library/Developer/Xcode/DerivedData/ModuleCache.noindex -serialize-diagnostics -emit-dependencies -emit-module -emit-module-path /Users/rukesh/Library/Developer/Xcode/DerivedData/alarmo-ceckqxjdtadmywhgpijqujqnffnr/Build/Intermediates.noindex/alarmo.build/Debug-iphonesimulator/AlarmoWidget.build/Objects-normal/arm64/AlarmoWidget.swiftmodule -validate-clang-modules-once -clang-build-session-file /Users/rukesh/Library/Developer/Xcode/DerivedData/ModuleCache.noindex/Session.modulevalidation -Xcc -I/Users/rukesh/Library/Developer/Xcode/DerivedData/alarmo-ceckqxjdtadmywhgpijqujqnffnr/Build/Intermediates.noindex/alarmo.build/Debug-iphonesimulator/AlarmoWidget.build/swift-overrides.hmap -emit-const-values -Xfrontend -const-gather-protocols-file -Xfrontend /Users/rukesh/Library/Developer/Xcode/DerivedData/alarmo-ceckqxjdtadmywhgpijqujqnffnr/Build/Intermediates.noindex/alarmo.build/Debug-iphonesimulator/AlarmoWidget.build/Objects-normal/arm64/AlarmoWidget_const_extract_protocols.json -Xcc -iquote -Xcc /Users/rukesh/Library/Developer/Xcode/DerivedData/alarmo-ceckqxjdtadmywhgpijqujqnffnr/Build/Intermediates.noindex/alarmo.build/Debug-iphonesimulator/AlarmoWidget.build/AlarmoWidget-generated-files.hmap -Xcc -I/Users/rukesh/Library/Developer/Xcode/DerivedData/alarmo-ceckqxjdtadmywhgpijqujqnffnr/Build/Intermediates.noindex/alarmo.build/Debug-iphonesimulator/AlarmoWidget.build/AlarmoWidget-own-target-headers.hmap -Xcc -I/Users/rukesh/Library/Developer/Xcode/DerivedData/alarmo-ceckqxjdtadmywhgpijqujqnffnr/Build/Intermediates.noindex/alarmo.build/Debug-iphonesimulator/AlarmoWidget.build/AlarmoWidget-all-target-headers.hmap -Xcc -iquote -Xcc /Users/rukesh/Library/Developer/Xcode/DerivedData/alarmo-ceckqxjdtadmywhgpijqujqnffnr/Build/Intermediates.noindex/alarmo.build/Debug-iphonesimulator/AlarmoWidget.build/AlarmoWidget-project-headers.hmap -Xcc -I/Users/rukesh/Library/Developer/Xcode/DerivedData/alarmo-ceckqxjdtadmywhgpijqujqnffnr/Build/Products/Debug-iphonesimulator/include -Xcc -I/Users/rukesh/Library/Developer/Xcode/DerivedData/alarmo-ceckqxjdtadmywhgpijqujqnffnr/Build/Intermediates.noindex/alarmo.build/Debug-iphonesimulator/AlarmoWidget.build/DerivedSources-normal/arm64 -Xcc -I/Users/rukesh/Library/Developer/Xcode/DerivedData/alarmo-ceckqxjdtadmywhgpijqujqnffnr/Build/Intermediates.noindex/alarmo.build/Debug-iphonesimulator/AlarmoWidget.build/DerivedSources/arm64 -Xcc -I/Users/rukesh/Library/Developer/Xcode/DerivedData/alarmo-ceckqxjdtadmywhgpijqujqnffnr/Build/Intermediates.noindex/alarmo.build/Debug-iphonesimulator/AlarmoWidget.build/DerivedSources -Xcc -DDEBUG\=1 -emit-objc-header -emit-objc-header-path /Users/rukesh/Library/Developer/Xcode/DerivedData/alarmo-ceckqxjdtadmywhgpijqujqnffnr/Build/Intermediates.noindex/alarmo.build/Debug-iphonesimulator/AlarmoWidget.build/Objects-normal/arm64/AlarmoWidget-Swift.h -working-directory /Users/rukesh/Documents/projects/alarmo/alarmo -experimental-emit-module-separately -disable-cmo

SwiftDriver AlarmoShieldUI normal arm64 com.apple.xcode.tools.swift.compiler (in target 'AlarmoShieldUI' from project 'alarmo')
    cd /Users/rukesh/Documents/projects/alarmo/alarmo
    builtin-SwiftDriver -- /Applications/Xcode.app/Contents/Developer/Toolchains/XcodeDefault.xctoolchain/usr/bin/swiftc -module-name AlarmoShieldUI -Onone -enforce-exclusivity\=checked @/Users/rukesh/Library/Developer/Xcode/DerivedData/alarmo-ceckqxjdtadmywhgpijqujqnffnr/Build/Intermediates.noindex/alarmo.build/Debug-iphonesimulator/AlarmoShieldUI.build/Objects-normal/arm64/AlarmoShieldUI.SwiftFileList -DDEBUG -enable-bare-slash-regex -enable-experimental-feature DebugDescriptionMacro -sdk /Applications/Xcode.app/Contents/Developer/Platforms/iPhoneSimulator.platform/Developer/SDKs/iPhoneSimulator26.2.sdk -target arm64-apple-ios17.0-simulator -g -module-cache-path /Users/rukesh/Library/Developer/Xcode/DerivedData/ModuleCache.noindex -Xfrontend -serialize-debugging-options -application-extension -profile-coverage-mapping -profile-generate -enable-testing -index-store-path /Users/rukesh/Library/Developer/Xcode/DerivedData/alarmo-ceckqxjdtadmywhgpijqujqnffnr/Index.noindex/DataStore -Xcc -D_LIBCPP_HARDENING_MODE\=_LIBCPP_HARDENING_MODE_DEBUG -swift-version 5 -I /Users/rukesh/Library/Developer/Xcode/DerivedData/alarmo-ceckqxjdtadmywhgpijqujqnffnr/Build/Products/Debug-iphonesimulator -F /Users/rukesh/Library/Developer/Xcode/DerivedData/alarmo-ceckqxjdtadmywhgpijqujqnffnr/Build/Products/Debug-iphonesimulator -parse-as-library -c -j14 -enable-batch-mode -incremental -Xcc -ivfsstatcache -Xcc /Users/rukesh/Library/Developer/Xcode/DerivedData/SDKStatCaches.noindex/iphonesimulator26.2-23C53-3885c01c3e6b6a337905948deab2002e7d00a8b37fbd7999ea79df8ebc024bf0.sdkstatcache -output-file-map /Users/rukesh/Library/Developer/Xcode/DerivedData/alarmo-ceckqxjdtadmywhgpijqujqnffnr/Build/Intermediates.noindex/alarmo.build/Debug-iphonesimulator/AlarmoShieldUI.build/Objects-normal/arm64/AlarmoShieldUI-OutputFileMap.json -use-frontend-parseable-output -save-temps -no-color-diagnostics -explicit-module-build -module-cache-path /Users/rukesh/Library/Developer/Xcode/DerivedData/alarmo-ceckqxjdtadmywhgpijqujqnffnr/Build/Intermediates.noindex/SwiftExplicitPrecompiledModules -clang-scanner-module-cache-path /Users/rukesh/Library/Developer/Xcode/DerivedData/ModuleCache.noindex -sdk-module-cache-path /Users/rukesh/Library/Developer/Xcode/DerivedData/ModuleCache.noindex -serialize-diagnostics -emit-dependencies -emit-module -emit-module-path /Users/rukesh/Library/Developer/Xcode/DerivedData/alarmo-ceckqxjdtadmywhgpijqujqnffnr/Build/Intermediates.noindex/alarmo.build/Debug-iphonesimulator/AlarmoShieldUI.build/Objects-normal/arm64/AlarmoShieldUI.swiftmodule -validate-clang-modules-once -clang-build-session-file /Users/rukesh/Library/Developer/Xcode/DerivedData/ModuleCache.noindex/Session.modulevalidation -Xcc -I/Users/rukesh/Library/Developer/Xcode/DerivedData/alarmo-ceckqxjdtadmywhgpijqujqnffnr/Build/Intermediates.noindex/alarmo.build/Debug-iphonesimulator/AlarmoShieldUI.build/swift-overrides.hmap -emit-const-values -Xfrontend -const-gather-protocols-file -Xfrontend /Users/rukesh/Library/Developer/Xcode/DerivedData/alarmo-ceckqxjdtadmywhgpijqujqnffnr/Build/Intermediates.noindex/alarmo.build/Debug-iphonesimulator/AlarmoShieldUI.build/Objects-normal/arm64/AlarmoShieldUI_const_extract_protocols.json -Xcc -iquote -Xcc /Users/rukesh/Library/Developer/Xcode/DerivedData/alarmo-ceckqxjdtadmywhgpijqujqnffnr/Build/Intermediates.noindex/alarmo.build/Debug-iphonesimulator/AlarmoShieldUI.build/AlarmoShieldUI-generated-files.hmap -Xcc -I/Users/rukesh/Library/Developer/Xcode/DerivedData/alarmo-ceckqxjdtadmywhgpijqujqnffnr/Build/Intermediates.noindex/alarmo.build/Debug-iphonesimulator/AlarmoShieldUI.build/AlarmoShieldUI-own-target-headers.hmap -Xcc -I/Users/rukesh/Library/Developer/Xcode/DerivedData/alarmo-ceckqxjdtadmywhgpijqujqnffnr/Build/Intermediates.noindex/alarmo.build/Debug-iphonesimulator/AlarmoShieldUI.build/AlarmoShieldUI-all-target-headers.hmap -Xcc -iquote -Xcc /Users/rukesh/Library/Developer/Xcode/DerivedData/alarmo-ceckqxjdtadmywhgpijqujqnffnr/Build/Intermediates.noindex/alarmo.build/Debug-iphonesimulator/AlarmoShieldUI.build/AlarmoShieldUI-project-headers.hmap -Xcc -I/Users/rukesh/Library/Developer/Xcode/DerivedData/alarmo-ceckqxjdtadmywhgpijqujqnffnr/Build/Products/Debug-iphonesimulator/include -Xcc -I/Users/rukesh/Library/Developer/Xcode/DerivedData/alarmo-ceckqxjdtadmywhgpijqujqnffnr/Build/Intermediates.noindex/alarmo.build/Debug-iphonesimulator/AlarmoShieldUI.build/DerivedSources-normal/arm64 -Xcc -I/Users/rukesh/Library/Developer/Xcode/DerivedData/alarmo-ceckqxjdtadmywhgpijqujqnffnr/Build/Intermediates.noindex/alarmo.build/Debug-iphonesimulator/AlarmoShieldUI.build/DerivedSources/arm64 -Xcc -I/Users/rukesh/Library/Developer/Xcode/DerivedData/alarmo-ceckqxjdtadmywhgpijqujqnffnr/Build/Intermediates.noindex/alarmo.build/Debug-iphonesimulator/AlarmoShieldUI.build/DerivedSources -Xcc -DDEBUG\=1 -emit-objc-header -emit-objc-header-path /Users/rukesh/Library/Developer/Xcode/DerivedData/alarmo-ceckqxjdtadmywhgpijqujqnffnr/Build/Intermediates.noindex/alarmo.build/Debug-iphonesimulator/AlarmoShieldUI.build/Objects-normal/arm64/AlarmoShieldUI-Swift.h -working-directory /Users/rukesh/Documents/projects/alarmo/alarmo -experimental-emit-module-separately -disable-cmo

SwiftDriver AlarmoWidget normal x86_64 com.apple.xcode.tools.swift.compiler (in target 'AlarmoWidget' from project 'alarmo')
    cd /Users/rukesh/Documents/projects/alarmo/alarmo
    builtin-SwiftDriver -- /Applications/Xcode.app/Contents/Developer/Toolchains/XcodeDefault.xctoolchain/usr/bin/swiftc -module-name AlarmoWidget -Onone -enforce-exclusivity\=checked @/Users/rukesh/Library/Developer/Xcode/DerivedData/alarmo-ceckqxjdtadmywhgpijqujqnffnr/Build/Intermediates.noindex/alarmo.build/Debug-iphonesimulator/AlarmoWidget.build/Objects-normal/x86_64/AlarmoWidget.SwiftFileList -DDEBUG -enable-bare-slash-regex -enable-experimental-feature DebugDescriptionMacro -sdk /Applications/Xcode.app/Contents/Developer/Platforms/iPhoneSimulator.platform/Developer/SDKs/iPhoneSimulator26.2.sdk -target x86_64-apple-ios17.0-simulator -g -module-cache-path /Users/rukesh/Library/Developer/Xcode/DerivedData/ModuleCache.noindex -Xfrontend -serialize-debugging-options -application-extension -profile-coverage-mapping -profile-generate -enable-testing -index-store-path /Users/rukesh/Library/Developer/Xcode/DerivedData/alarmo-ceckqxjdtadmywhgpijqujqnffnr/Index.noindex/DataStore -Xcc -D_LIBCPP_HARDENING_MODE\=_LIBCPP_HARDENING_MODE_DEBUG -swift-version 5 -I /Users/rukesh/Library/Developer/Xcode/DerivedData/alarmo-ceckqxjdtadmywhgpijqujqnffnr/Build/Products/Debug-iphonesimulator -F /Users/rukesh/Library/Developer/Xcode/DerivedData/alarmo-ceckqxjdtadmywhgpijqujqnffnr/Build/Products/Debug-iphonesimulator -c -j14 -enable-batch-mode -incremental -Xcc -ivfsstatcache -Xcc /Users/rukesh/Library/Developer/Xcode/DerivedData/SDKStatCaches.noindex/iphonesimulator26.2-23C53-3885c01c3e6b6a337905948deab2002e7d00a8b37fbd7999ea79df8ebc024bf0.sdkstatcache -output-file-map /Users/rukesh/Library/Developer/Xcode/DerivedData/alarmo-ceckqxjdtadmywhgpijqujqnffnr/Build/Intermediates.noindex/alarmo.build/Debug-iphonesimulator/AlarmoWidget.build/Objects-normal/x86_64/AlarmoWidget-OutputFileMap.json -use-frontend-parseable-output -save-temps -no-color-diagnostics -explicit-module-build -module-cache-path /Users/rukesh/Library/Developer/Xcode/DerivedData/alarmo-ceckqxjdtadmywhgpijqujqnffnr/Build/Intermediates.noindex/SwiftExplicitPrecompiledModules -clang-scanner-module-cache-path /Users/rukesh/Library/Developer/Xcode/DerivedData/ModuleCache.noindex -sdk-module-cache-path /Users/rukesh/Library/Developer/Xcode/DerivedData/ModuleCache.noindex -serialize-diagnostics -emit-dependencies -emit-module -emit-module-path /Users/rukesh/Library/Developer/Xcode/DerivedData/alarmo-ceckqxjdtadmywhgpijqujqnffnr/Build/Intermediates.noindex/alarmo.build/Debug-iphonesimulator/AlarmoWidget.build/Objects-normal/x86_64/AlarmoWidget.swiftmodule -validate-clang-modules-once -clang-build-session-file /Users/rukesh/Library/Developer/Xcode/DerivedData/ModuleCache.noindex/Session.modulevalidation -Xcc -I/Users/rukesh/Library/Developer/Xcode/DerivedData/alarmo-ceckqxjdtadmywhgpijqujqnffnr/Build/Intermediates.noindex/alarmo.build/Debug-iphonesimulator/AlarmoWidget.build/swift-overrides.hmap -emit-const-values -Xfrontend -const-gather-protocols-file -Xfrontend /Users/rukesh/Library/Developer/Xcode/DerivedData/alarmo-ceckqxjdtadmywhgpijqujqnffnr/Build/Intermediates.noindex/alarmo.build/Debug-iphonesimulator/AlarmoWidget.build/Objects-normal/x86_64/AlarmoWidget_const_extract_protocols.json -Xcc -iquote -Xcc /Users/rukesh/Library/Developer/Xcode/DerivedData/alarmo-ceckqxjdtadmywhgpijqujqnffnr/Build/Intermediates.noindex/alarmo.build/Debug-iphonesimulator/AlarmoWidget.build/AlarmoWidget-generated-files.hmap -Xcc -I/Users/rukesh/Library/Developer/Xcode/DerivedData/alarmo-ceckqxjdtadmywhgpijqujqnffnr/Build/Intermediates.noindex/alarmo.build/Debug-iphonesimulator/AlarmoWidget.build/AlarmoWidget-own-target-headers.hmap -Xcc -I/Users/rukesh/Library/Developer/Xcode/DerivedData/alarmo-ceckqxjdtadmywhgpijqujqnffnr/Build/Intermediates.noindex/alarmo.build/Debug-iphonesimulator/AlarmoWidget.build/AlarmoWidget-all-target-headers.hmap -Xcc -iquote -Xcc /Users/rukesh/Library/Developer/Xcode/DerivedData/alarmo-ceckqxjdtadmywhgpijqujqnffnr/Build/Intermediates.noindex/alarmo.build/Debug-iphonesimulator/AlarmoWidget.build/AlarmoWidget-project-headers.hmap -Xcc -I/Users/rukesh/Library/Developer/Xcode/DerivedData/alarmo-ceckqxjdtadmywhgpijqujqnffnr/Build/Products/Debug-iphonesimulator/include -Xcc -I/Users/rukesh/Library/Developer/Xcode/DerivedData/alarmo-ceckqxjdtadmywhgpijqujqnffnr/Build/Intermediates.noindex/alarmo.build/Debug-iphonesimulator/AlarmoWidget.build/DerivedSources-normal/x86_64 -Xcc -I/Users/rukesh/Library/Developer/Xcode/DerivedData/alarmo-ceckqxjdtadmywhgpijqujqnffnr/Build/Intermediates.noindex/alarmo.build/Debug-iphonesimulator/AlarmoWidget.build/DerivedSources/x86_64 -Xcc -I/Users/rukesh/Library/Developer/Xcode/DerivedData/alarmo-ceckqxjdtadmywhgpijqujqnffnr/Build/Intermediates.noindex/alarmo.build/Debug-iphonesimulator/AlarmoWidget.build/DerivedSources -Xcc -DDEBUG\=1 -emit-objc-header -emit-objc-header-path /Users/rukesh/Library/Developer/Xcode/DerivedData/alarmo-ceckqxjdtadmywhgpijqujqnffnr/Build/Intermediates.noindex/alarmo.build/Debug-iphonesimulator/AlarmoWidget.build/Objects-normal/x86_64/AlarmoWidget-Swift.h -working-directory /Users/rukesh/Documents/projects/alarmo/alarmo -experimental-emit-module-separately -disable-cmo

SwiftCompile normal arm64 Compiling\ ShieldConfigurationExtension.swift /Users/rukesh/Documents/projects/alarmo/alarmo/AlarmoShieldUI/ShieldConfigurationExtension.swift (in target 'AlarmoShieldUI' from project 'alarmo')

SwiftCompile normal arm64 /Users/rukesh/Documents/projects/alarmo/alarmo/AlarmoShieldUI/ShieldConfigurationExtension.swift (in target 'AlarmoShieldUI' from project 'alarmo')
    cd /Users/rukesh/Documents/projects/alarmo/alarmo
    

SwiftEmitModule normal arm64 Emitting\ module\ for\ AlarmoShieldUI (in target 'AlarmoShieldUI' from project 'alarmo')

SwiftCompile normal arm64 /Users/rukesh/Documents/projects/alarmo/alarmo/AlarmoShieldUI/ShieldConfigurationExtension.swift (in target 'AlarmoShieldUI' from project 'alarmo')
    cd /Users/rukesh/Documents/projects/alarmo/alarmo
    

SwiftEmitModule normal x86_64 Emitting\ module\ for\ AlarmoShieldUI (in target 'AlarmoShieldUI' from project 'alarmo')

SwiftCompile normal x86_64 /Users/rukesh/Documents/projects/alarmo/alarmo/AlarmoShieldUI/ShieldConfigurationExtension.swift (in target 'AlarmoShieldUI' from project 'alarmo')
    cd /Users/rukesh/Documents/projects/alarmo/alarmo
    

SwiftCompile normal x86_64 Compiling\ ShieldConfigurationExtension.swift /Users/rukesh/Documents/projects/alarmo/alarmo/AlarmoShieldUI/ShieldConfigurationExtension.swift (in target 'AlarmoShieldUI' from project 'alarmo')

SwiftCompile normal x86_64 /Users/rukesh/Documents/projects/alarmo/alarmo/AlarmoShieldUI/ShieldConfigurationExtension.swift (in target 'AlarmoShieldUI' from project 'alarmo')
    cd /Users/rukesh/Documents/projects/alarmo/alarmo
    

SwiftCompile normal x86_64 Compiling\ LiveActivityIntents.swift /Users/rukesh/Documents/projects/alarmo/alarmo/AlarmoWidget/LiveActivityIntents.swift (in target 'AlarmoWidget' from project 'alarmo')

SwiftCompile normal x86_64 /Users/rukesh/Documents/projects/alarmo/alarmo/AlarmoWidget/LiveActivityIntents.swift (in target 'AlarmoWidget' from project 'alarmo')
    cd /Users/rukesh/Documents/projects/alarmo/alarmo
    

SwiftEmitModule normal x86_64 Emitting\ module\ for\ AlarmoWidget (in target 'AlarmoWidget' from project 'alarmo')

EmitSwiftModule normal x86_64 (in target 'AlarmoWidget' from project 'alarmo')
    cd /Users/rukesh/Documents/projects/alarmo/alarmo
    

SwiftCompile normal x86_64 Compiling\ PomoAttributes.swift /Users/rukesh/Documents/projects/alarmo/alarmo/AlarmoWidget/PomoAttributes.swift (in target 'AlarmoWidget' from project 'alarmo')
SwiftCompile normal x86_64 /Users/rukesh/Documents/projects/alarmo/alarmo/AlarmoWidget/PomoAttributes.swift (in target 'AlarmoWidget' from project 'alarmo')
    cd /Users/rukesh/Documents/projects/alarmo/alarmo
    

SwiftCompile normal x86_64 Compiling\ AlarmoWidgetLiveActivity.swift /Users/rukesh/Documents/projects/alarmo/alarmo/AlarmoWidget/AlarmoWidgetLiveActivity.swift (in target 'AlarmoWidget' from project 'alarmo')
SwiftCompile normal x86_64 /Users/rukesh/Documents/projects/alarmo/alarmo/AlarmoWidget/AlarmoWidgetLiveActivity.swift (in target 'AlarmoWidget' from project 'alarmo')
    cd /Users/rukesh/Documents/projects/alarmo/alarmo
    

SwiftEmitModule normal arm64 Emitting\ module\ for\ AlarmoWidget (in target 'AlarmoWidget' from project 'alarmo')

EmitSwiftModule normal arm64 (in target 'AlarmoWidget' from project 'alarmo')
    cd /Users/rukesh/Documents/projects/alarmo/alarmo
    

SwiftCompile normal arm64 Compiling\ LiveActivityIntents.swift /Users/rukesh/Documents/projects/alarmo/alarmo/AlarmoWidget/LiveActivityIntents.swift (in target 'AlarmoWidget' from project 'alarmo')

SwiftCompile normal arm64 /Users/rukesh/Documents/projects/alarmo/alarmo/AlarmoWidget/LiveActivityIntents.swift (in target 'AlarmoWidget' from project 'alarmo')
    cd /Users/rukesh/Documents/projects/alarmo/alarmo
    

SwiftCompile normal arm64 Compiling\ PomoAttributes.swift /Users/rukesh/Documents/projects/alarmo/alarmo/AlarmoWidget/PomoAttributes.swift (in target 'AlarmoWidget' from project 'alarmo')

SwiftCompile normal arm64 /Users/rukesh/Documents/projects/alarmo/alarmo/AlarmoWidget/PomoAttributes.swift (in target 'AlarmoWidget' from project 'alarmo')
    cd /Users/rukesh/Documents/projects/alarmo/alarmo
    

SwiftCompile normal arm64 Compiling\ AlarmoWidgetLiveActivity.swift /Users/rukesh/Documents/projects/alarmo/alarmo/AlarmoWidget/AlarmoWidgetLiveActivity.swift (in target 'AlarmoWidget' from project 'alarmo')
SwiftCompile normal arm64 /Users/rukesh/Documents/projects/alarmo/alarmo/AlarmoWidget/AlarmoWidgetLiveActivity.swift (in target 'AlarmoWidget' from project 'alarmo')
    cd /Users/rukesh/Documents/projects/alarmo/alarmo
    

SwiftDriverJobDiscovery normal x86_64 Emitting module for AlarmoShieldUI (in target 'AlarmoShieldUI' from project 'alarmo')

SwiftDriverJobDiscovery normal arm64 Emitting module for AlarmoShieldUI (in target 'AlarmoShieldUI' from project 'alarmo')

SwiftDriver\ Compilation\ Requirements AlarmoShieldUI normal arm64 com.apple.xcode.tools.swift.compiler (in target 'AlarmoShieldUI' from project 'alarmo')
    cd /Users/rukesh/Documents/projects/alarmo/alarmo
    builtin-Swift-Compilation-Requirements -- /Applications/Xcode.app/Contents/Developer/Toolchains/XcodeDefault.xctoolchain/usr/bin/swiftc -module-name AlarmoShieldUI -Onone -enforce-exclusivity\=checked @/Users/rukesh/Library/Developer/Xcode/DerivedData/alarmo-ceckqxjdtadmywhgpijqujqnffnr/Build/Intermediates.noindex/alarmo.build/Debug-iphonesimulator/AlarmoShieldUI.build/Objects-normal/arm64/AlarmoShieldUI.SwiftFileList -DDEBUG -enable-bare-slash-regex -enable-experimental-feature DebugDescriptionMacro -sdk /Applications/Xcode.app/Contents/Developer/Platforms/iPhoneSimulator.platform/Developer/SDKs/iPhoneSimulator26.2.sdk -target arm64-apple-ios17.0-simulator -g -module-cache-path /Users/rukesh/Library/Developer/Xcode/DerivedData/ModuleCache.noindex -Xfrontend -serialize-debugging-options -application-extension -profile-coverage-mapping -profile-generate -enable-testing -index-store-path /Users/rukesh/Library/Developer/Xcode/DerivedData/alarmo-ceckqxjdtadmywhgpijqujqnffnr/Index.noindex/DataStore -Xcc -D_LIBCPP_HARDENING_MODE\=_LIBCPP_HARDENING_MODE_DEBUG -swift-version 5 -I /Users/rukesh/Library/Developer/Xcode/DerivedData/alarmo-ceckqxjdtadmywhgpijqujqnffnr/Build/Products/Debug-iphonesimulator -F /Users/rukesh/Library/Developer/Xcode/DerivedData/alarmo-ceckqxjdtadmywhgpijqujqnffnr/Build/Products/Debug-iphonesimulator -parse-as-library -c -j14 -enable-batch-mode -incremental -Xcc -ivfsstatcache -Xcc /Users/rukesh/Library/Developer/Xcode/DerivedData/SDKStatCaches.noindex/iphonesimulator26.2-23C53-3885c01c3e6b6a337905948deab2002e7d00a8b37fbd7999ea79df8ebc024bf0.sdkstatcache -output-file-map /Users/rukesh/Library/Developer/Xcode/DerivedData/alarmo-ceckqxjdtadmywhgpijqujqnffnr/Build/Intermediates.noindex/alarmo.build/Debug-iphonesimulator/AlarmoShieldUI.build/Objects-normal/arm64/AlarmoShieldUI-OutputFileMap.json -use-frontend-parseable-output -save-temps -no-color-diagnostics -explicit-module-build -module-cache-path /Users/rukesh/Library/Developer/Xcode/DerivedData/alarmo-ceckqxjdtadmywhgpijqujqnffnr/Build/Intermediates.noindex/SwiftExplicitPrecompiledModules -clang-scanner-module-cache-path /Users/rukesh/Library/Developer/Xcode/DerivedData/ModuleCache.noindex -sdk-module-cache-path /Users/rukesh/Library/Developer/Xcode/DerivedData/ModuleCache.noindex -serialize-diagnostics -emit-dependencies -emit-module -emit-module-path /Users/rukesh/Library/Developer/Xcode/DerivedData/alarmo-ceckqxjdtadmywhgpijqujqnffnr/Build/Intermediates.noindex/alarmo.build/Debug-iphonesimulator/AlarmoShieldUI.build/Objects-normal/arm64/AlarmoShieldUI.swiftmodule -validate-clang-modules-once -clang-build-session-file /Users/rukesh/Library/Developer/Xcode/DerivedData/ModuleCache.noindex/Session.modulevalidation -Xcc -I/Users/rukesh/Library/Developer/Xcode/DerivedData/alarmo-ceckqxjdtadmywhgpijqujqnffnr/Build/Intermediates.noindex/alarmo.build/Debug-iphonesimulator/AlarmoShieldUI.build/swift-overrides.hmap -emit-const-values -Xfrontend -const-gather-protocols-file -Xfrontend /Users/rukesh/Library/Developer/Xcode/DerivedData/alarmo-ceckqxjdtadmywhgpijqujqnffnr/Build/Intermediates.noindex/alarmo.build/Debug-iphonesimulator/AlarmoShieldUI.build/Objects-normal/arm64/AlarmoShieldUI_const_extract_protocols.json -Xcc -iquote -Xcc /Users/rukesh/Library/Developer/Xcode/DerivedData/alarmo-ceckqxjdtadmywhgpijqujqnffnr/Build/Intermediates.noindex/alarmo.build/Debug-iphonesimulator/AlarmoShieldUI.build/AlarmoShieldUI-generated-files.hmap -Xcc -I/Users/rukesh/Library/Developer/Xcode/DerivedData/alarmo-ceckqxjdtadmywhgpijqujqnffnr/Build/Intermediates.noindex/alarmo.build/Debug-iphonesimulator/AlarmoShieldUI.build/AlarmoShieldUI-own-target-headers.hmap -Xcc -I/Users/rukesh/Library/Developer/Xcode/DerivedData/alarmo-ceckqxjdtadmywhgpijqujqnffnr/Build/Intermediates.noindex/alarmo.build/Debug-iphonesimulator/AlarmoShieldUI.build/AlarmoShieldUI-all-target-headers.hmap -Xcc -iquote -Xcc /Users/rukesh/Library/Developer/Xcode/DerivedData/alarmo-ceckqxjdtadmywhgpijqujqnffnr/Build/Intermediates.noindex/alarmo.build/Debug-iphonesimulator/AlarmoShieldUI.build/AlarmoShieldUI-project-headers.hmap -Xcc -I/Users/rukesh/Library/Developer/Xcode/DerivedData/alarmo-ceckqxjdtadmywhgpijqujqnffnr/Build/Products/Debug-iphonesimulator/include -Xcc -I/Users/rukesh/Library/Developer/Xcode/DerivedData/alarmo-ceckqxjdtadmywhgpijqujqnffnr/Build/Intermediates.noindex/alarmo.build/Debug-iphonesimulator/AlarmoShieldUI.build/DerivedSources-normal/arm64 -Xcc -I/Users/rukesh/Library/Developer/Xcode/DerivedData/alarmo-ceckqxjdtadmywhgpijqujqnffnr/Build/Intermediates.noindex/alarmo.build/Debug-iphonesimulator/AlarmoShieldUI.build/DerivedSources/arm64 -Xcc -I/Users/rukesh/Library/Developer/Xcode/DerivedData/alarmo-ceckqxjdtadmywhgpijqujqnffnr/Build/Intermediates.noindex/alarmo.build/Debug-iphonesimulator/AlarmoShieldUI.build/DerivedSources -Xcc -DDEBUG\=1 -emit-objc-header -emit-objc-header-path /Users/rukesh/Library/Developer/Xcode/DerivedData/alarmo-ceckqxjdtadmywhgpijqujqnffnr/Build/Intermediates.noindex/alarmo.build/Debug-iphonesimulator/AlarmoShieldUI.build/Objects-normal/arm64/AlarmoShieldUI-Swift.h -working-directory /Users/rukesh/Documents/projects/alarmo/alarmo -experimental-emit-module-separately -disable-cmo

SwiftDriver\ Compilation\ Requirements AlarmoShieldUI normal x86_64 com.apple.xcode.tools.swift.compiler (in target 'AlarmoShieldUI' from project 'alarmo')
    cd /Users/rukesh/Documents/projects/alarmo/alarmo
    builtin-Swift-Compilation-Requirements -- /Applications/Xcode.app/Contents/Developer/Toolchains/XcodeDefault.xctoolchain/usr/bin/swiftc -module-name AlarmoShieldUI -Onone -enforce-exclusivity\=checked @/Users/rukesh/Library/Developer/Xcode/DerivedData/alarmo-ceckqxjdtadmywhgpijqujqnffnr/Build/Intermediates.noindex/alarmo.build/Debug-iphonesimulator/AlarmoShieldUI.build/Objects-normal/x86_64/AlarmoShieldUI.SwiftFileList -DDEBUG -enable-bare-slash-regex -enable-experimental-feature DebugDescriptionMacro -sdk /Applications/Xcode.app/Contents/Developer/Platforms/iPhoneSimulator.platform/Developer/SDKs/iPhoneSimulator26.2.sdk -target x86_64-apple-ios17.0-simulator -g -module-cache-path /Users/rukesh/Library/Developer/Xcode/DerivedData/ModuleCache.noindex -Xfrontend -serialize-debugging-options -application-extension -profile-coverage-mapping -profile-generate -enable-testing -index-store-path /Users/rukesh/Library/Developer/Xcode/DerivedData/alarmo-ceckqxjdtadmywhgpijqujqnffnr/Index.noindex/DataStore -Xcc -D_LIBCPP_HARDENING_MODE\=_LIBCPP_HARDENING_MODE_DEBUG -swift-version 5 -I /Users/rukesh/Library/Developer/Xcode/DerivedData/alarmo-ceckqxjdtadmywhgpijqujqnffnr/Build/Products/Debug-iphonesimulator -F /Users/rukesh/Library/Developer/Xcode/DerivedData/alarmo-ceckqxjdtadmywhgpijqujqnffnr/Build/Products/Debug-iphonesimulator -parse-as-library -c -j14 -enable-batch-mode -incremental -Xcc -ivfsstatcache -Xcc /Users/rukesh/Library/Developer/Xcode/DerivedData/SDKStatCaches.noindex/iphonesimulator26.2-23C53-3885c01c3e6b6a337905948deab2002e7d00a8b37fbd7999ea79df8ebc024bf0.sdkstatcache -output-file-map /Users/rukesh/Library/Developer/Xcode/DerivedData/alarmo-ceckqxjdtadmywhgpijqujqnffnr/Build/Intermediates.noindex/alarmo.build/Debug-iphonesimulator/AlarmoShieldUI.build/Objects-normal/x86_64/AlarmoShieldUI-OutputFileMap.json -use-frontend-parseable-output -save-temps -no-color-diagnostics -explicit-module-build -module-cache-path /Users/rukesh/Library/Developer/Xcode/DerivedData/alarmo-ceckqxjdtadmywhgpijqujqnffnr/Build/Intermediates.noindex/SwiftExplicitPrecompiledModules -clang-scanner-module-cache-path /Users/rukesh/Library/Developer/Xcode/DerivedData/ModuleCache.noindex -sdk-module-cache-path /Users/rukesh/Library/Developer/Xcode/DerivedData/ModuleCache.noindex -serialize-diagnostics -emit-dependencies -emit-module -emit-module-path /Users/rukesh/Library/Developer/Xcode/DerivedData/alarmo-ceckqxjdtadmywhgpijqujqnffnr/Build/Intermediates.noindex/alarmo.build/Debug-iphonesimulator/AlarmoShieldUI.build/Objects-normal/x86_64/AlarmoShieldUI.swiftmodule -validate-clang-modules-once -clang-build-session-file /Users/rukesh/Library/Developer/Xcode/DerivedData/ModuleCache.noindex/Session.modulevalidation -Xcc -I/Users/rukesh/Library/Developer/Xcode/DerivedData/alarmo-ceckqxjdtadmywhgpijqujqnffnr/Build/Intermediates.noindex/alarmo.build/Debug-iphonesimulator/AlarmoShieldUI.build/swift-overrides.hmap -emit-const-values -Xfrontend -const-gather-protocols-file -Xfrontend /Users/rukesh/Library/Developer/Xcode/DerivedData/alarmo-ceckqxjdtadmywhgpijqujqnffnr/Build/Intermediates.noindex/alarmo.build/Debug-iphonesimulator/AlarmoShieldUI.build/Objects-normal/x86_64/AlarmoShieldUI_const_extract_protocols.json -Xcc -iquote -Xcc /Users/rukesh/Library/Developer/Xcode/DerivedData/alarmo-ceckqxjdtadmywhgpijqujqnffnr/Build/Intermediates.noindex/alarmo.build/Debug-iphonesimulator/AlarmoShieldUI.build/AlarmoShieldUI-generated-files.hmap -Xcc -I/Users/rukesh/Library/Developer/Xcode/DerivedData/alarmo-ceckqxjdtadmywhgpijqujqnffnr/Build/Intermediates.noindex/alarmo.build/Debug-iphonesimulator/AlarmoShieldUI.build/AlarmoShieldUI-own-target-headers.hmap -Xcc -I/Users/rukesh/Library/Developer/Xcode/DerivedData/alarmo-ceckqxjdtadmywhgpijqujqnffnr/Build/Intermediates.noindex/alarmo.build/Debug-iphonesimulator/AlarmoShieldUI.build/AlarmoShieldUI-all-target-headers.hmap -Xcc -iquote -Xcc /Users/rukesh/Library/Developer/Xcode/DerivedData/alarmo-ceckqxjdtadmywhgpijqujqnffnr/Build/Intermediates.noindex/alarmo.build/Debug-iphonesimulator/AlarmoShieldUI.build/AlarmoShieldUI-project-headers.hmap -Xcc -I/Users/rukesh/Library/Developer/Xcode/DerivedData/alarmo-ceckqxjdtadmywhgpijqujqnffnr/Build/Products/Debug-iphonesimulator/include -Xcc -I/Users/rukesh/Library/Developer/Xcode/DerivedData/alarmo-ceckqxjdtadmywhgpijqujqnffnr/Build/Intermediates.noindex/alarmo.build/Debug-iphonesimulator/AlarmoShieldUI.build/DerivedSources-normal/x86_64 -Xcc -I/Users/rukesh/Library/Developer/Xcode/DerivedData/alarmo-ceckqxjdtadmywhgpijqujqnffnr/Build/Intermediates.noindex/alarmo.build/Debug-iphonesimulator/AlarmoShieldUI.build/DerivedSources/x86_64 -Xcc -I/Users/rukesh/Library/Developer/Xcode/DerivedData/alarmo-ceckqxjdtadmywhgpijqujqnffnr/Build/Intermediates.noindex/alarmo.build/Debug-iphonesimulator/AlarmoShieldUI.build/DerivedSources -Xcc -DDEBUG\=1 -emit-objc-header -emit-objc-header-path /Users/rukesh/Library/Developer/Xcode/DerivedData/alarmo-ceckqxjdtadmywhgpijqujqnffnr/Build/Intermediates.noindex/alarmo.build/Debug-iphonesimulator/AlarmoShieldUI.build/Objects-normal/x86_64/AlarmoShieldUI-Swift.h -working-directory /Users/rukesh/Documents/projects/alarmo/alarmo -experimental-emit-module-separately -disable-cmo

SwiftMergeGeneratedHeaders /Users/rukesh/Library/Developer/Xcode/DerivedData/alarmo-ceckqxjdtadmywhgpijqujqnffnr/Build/Intermediates.noindex/alarmo.build/Debug-iphonesimulator/AlarmoShieldUI.build/DerivedSources/AlarmoShieldUI-Swift.h /Users/rukesh/Library/Developer/Xcode/DerivedData/alarmo-ceckqxjdtadmywhgpijqujqnffnr/Build/Intermediates.noindex/alarmo.build/Debug-iphonesimulator/AlarmoShieldUI.build/Objects-normal/arm64/AlarmoShieldUI-Swift.h /Users/rukesh/Library/Developer/Xcode/DerivedData/alarmo-ceckqxjdtadmywhgpijqujqnffnr/Build/Intermediates.noindex/alarmo.build/Debug-iphonesimulator/AlarmoShieldUI.build/Objects-normal/x86_64/AlarmoShieldUI-Swift.h (in target 'AlarmoShieldUI' from project 'alarmo')
    cd /Users/rukesh/Documents/projects/alarmo/alarmo
    builtin-swiftHeaderTool -arch arm64 /Users/rukesh/Library/Developer/Xcode/DerivedData/alarmo-ceckqxjdtadmywhgpijqujqnffnr/Build/Intermediates.noindex/alarmo.build/Debug-iphonesimulator/AlarmoShieldUI.build/Objects-normal/arm64/AlarmoShieldUI-Swift.h -arch x86_64 /Users/rukesh/Library/Developer/Xcode/DerivedData/alarmo-ceckqxjdtadmywhgpijqujqnffnr/Build/Intermediates.noindex/alarmo.build/Debug-iphonesimulator/AlarmoShieldUI.build/Objects-normal/x86_64/AlarmoShieldUI-Swift.h -o /Users/rukesh/Library/Developer/Xcode/DerivedData/alarmo-ceckqxjdtadmywhgpijqujqnffnr/Build/Intermediates.noindex/alarmo.build/Debug-iphonesimulator/AlarmoShieldUI.build/DerivedSources/AlarmoShieldUI-Swift.h

Copy /Users/rukesh/Library/Developer/Xcode/DerivedData/alarmo-ceckqxjdtadmywhgpijqujqnffnr/Build/Products/Debug-iphonesimulator/AlarmoShieldUI.swiftmodule/x86_64-apple-ios-simulator.swiftmodule /Users/rukesh/Library/Developer/Xcode/DerivedData/alarmo-ceckqxjdtadmywhgpijqujqnffnr/Build/Intermediates.noindex/alarmo.build/Debug-iphonesimulator/AlarmoShieldUI.build/Objects-normal/x86_64/AlarmoShieldUI.swiftmodule (in target 'AlarmoShieldUI' from project 'alarmo')
    cd /Users/rukesh/Documents/projects/alarmo/alarmo
    builtin-copy -exclude .DS_Store -exclude CVS -exclude .svn -exclude .git -exclude .hg -resolve-src-symlinks -rename /Users/rukesh/Library/Developer/Xcode/DerivedData/alarmo-ceckqxjdtadmywhgpijqujqnffnr/Build/Intermediates.noindex/alarmo.build/Debug-iphonesimulator/AlarmoShieldUI.build/Objects-normal/x86_64/AlarmoShieldUI.swiftmodule /Users/rukesh/Library/Developer/Xcode/DerivedData/alarmo-ceckqxjdtadmywhgpijqujqnffnr/Build/Products/Debug-iphonesimulator/AlarmoShieldUI.swiftmodule/x86_64-apple-ios-simulator.swiftmodule

Copy /Users/rukesh/Library/Developer/Xcode/DerivedData/alarmo-ceckqxjdtadmywhgpijqujqnffnr/Build/Products/Debug-iphonesimulator/AlarmoShieldUI.swiftmodule/x86_64-apple-ios-simulator.swiftdoc /Users/rukesh/Library/Developer/Xcode/DerivedData/alarmo-ceckqxjdtadmywhgpijqujqnffnr/Build/Intermediates.noindex/alarmo.build/Debug-iphonesimulator/AlarmoShieldUI.build/Objects-normal/x86_64/AlarmoShieldUI.swiftdoc (in target 'AlarmoShieldUI' from project 'alarmo')
    cd /Users/rukesh/Documents/projects/alarmo/alarmo
    builtin-copy -exclude .DS_Store -exclude CVS -exclude .svn -exclude .git -exclude .hg -resolve-src-symlinks -rename /Users/rukesh/Library/Developer/Xcode/DerivedData/alarmo-ceckqxjdtadmywhgpijqujqnffnr/Build/Intermediates.noindex/alarmo.build/Debug-iphonesimulator/AlarmoShieldUI.build/Objects-normal/x86_64/AlarmoShieldUI.swiftdoc /Users/rukesh/Library/Developer/Xcode/DerivedData/alarmo-ceckqxjdtadmywhgpijqujqnffnr/Build/Products/Debug-iphonesimulator/AlarmoShieldUI.swiftmodule/x86_64-apple-ios-simulator.swiftdoc

Copy /Users/rukesh/Library/Developer/Xcode/DerivedData/alarmo-ceckqxjdtadmywhgpijqujqnffnr/Build/Products/Debug-iphonesimulator/AlarmoShieldUI.swiftmodule/x86_64-apple-ios-simulator.abi.json /Users/rukesh/Library/Developer/Xcode/DerivedData/alarmo-ceckqxjdtadmywhgpijqujqnffnr/Build/Intermediates.noindex/alarmo.build/Debug-iphonesimulator/AlarmoShieldUI.build/Objects-normal/x86_64/AlarmoShieldUI.abi.json (in target 'AlarmoShieldUI' from project 'alarmo')
    cd /Users/rukesh/Documents/projects/alarmo/alarmo
    builtin-copy -exclude .DS_Store -exclude CVS -exclude .svn -exclude .git -exclude .hg -resolve-src-symlinks -rename /Users/rukesh/Library/Developer/Xcode/DerivedData/alarmo-ceckqxjdtadmywhgpijqujqnffnr/Build/Intermediates.noindex/alarmo.build/Debug-iphonesimulator/AlarmoShieldUI.build/Objects-normal/x86_64/AlarmoShieldUI.abi.json /Users/rukesh/Library/Developer/Xcode/DerivedData/alarmo-ceckqxjdtadmywhgpijqujqnffnr/Build/Products/Debug-iphonesimulator/AlarmoShieldUI.swiftmodule/x86_64-apple-ios-simulator.abi.json

Copy /Users/rukesh/Library/Developer/Xcode/DerivedData/alarmo-ceckqxjdtadmywhgpijqujqnffnr/Build/Products/Debug-iphonesimulator/AlarmoShieldUI.swiftmodule/arm64-apple-ios-simulator.swiftmodule /Users/rukesh/Library/Developer/Xcode/DerivedData/alarmo-ceckqxjdtadmywhgpijqujqnffnr/Build/Intermediates.noindex/alarmo.build/Debug-iphonesimulator/AlarmoShieldUI.build/Objects-normal/arm64/AlarmoShieldUI.swiftmodule (in target 'AlarmoShieldUI' from project 'alarmo')
    cd /Users/rukesh/Documents/projects/alarmo/alarmo
    builtin-copy -exclude .DS_Store -exclude CVS -exclude .svn -exclude .git -exclude .hg -resolve-src-symlinks -rename /Users/rukesh/Library/Developer/Xcode/DerivedData/alarmo-ceckqxjdtadmywhgpijqujqnffnr/Build/Intermediates.noindex/alarmo.build/Debug-iphonesimulator/AlarmoShieldUI.build/Objects-normal/arm64/AlarmoShieldUI.swiftmodule /Users/rukesh/Library/Developer/Xcode/DerivedData/alarmo-ceckqxjdtadmywhgpijqujqnffnr/Build/Products/Debug-iphonesimulator/AlarmoShieldUI.swiftmodule/arm64-apple-ios-simulator.swiftmodule

Copy /Users/rukesh/Library/Developer/Xcode/DerivedData/alarmo-ceckqxjdtadmywhgpijqujqnffnr/Build/Products/Debug-iphonesimulator/AlarmoShieldUI.swiftmodule/arm64-apple-ios-simulator.swiftdoc /Users/rukesh/Library/Developer/Xcode/DerivedData/alarmo-ceckqxjdtadmywhgpijqujqnffnr/Build/Intermediates.noindex/alarmo.build/Debug-iphonesimulator/AlarmoShieldUI.build/Objects-normal/arm64/AlarmoShieldUI.swiftdoc (in target 'AlarmoShieldUI' from project 'alarmo')
    cd /Users/rukesh/Documents/projects/alarmo/alarmo
    builtin-copy -exclude .DS_Store -exclude CVS -exclude .svn -exclude .git -exclude .hg -resolve-src-symlinks -rename /Users/rukesh/Library/Developer/Xcode/DerivedData/alarmo-ceckqxjdtadmywhgpijqujqnffnr/Build/Intermediates.noindex/alarmo.build/Debug-iphonesimulator/AlarmoShieldUI.build/Objects-normal/arm64/AlarmoShieldUI.swiftdoc /Users/rukesh/Library/Developer/Xcode/DerivedData/alarmo-ceckqxjdtadmywhgpijqujqnffnr/Build/Products/Debug-iphonesimulator/AlarmoShieldUI.swiftmodule/arm64-apple-ios-simulator.swiftdoc

Copy /Users/rukesh/Library/Developer/Xcode/DerivedData/alarmo-ceckqxjdtadmywhgpijqujqnffnr/Build/Products/Debug-iphonesimulator/AlarmoShieldUI.swiftmodule/arm64-apple-ios-simulator.abi.json /Users/rukesh/Library/Developer/Xcode/DerivedData/alarmo-ceckqxjdtadmywhgpijqujqnffnr/Build/Intermediates.noindex/alarmo.build/Debug-iphonesimulator/AlarmoShieldUI.build/Objects-normal/arm64/AlarmoShieldUI.abi.json (in target 'AlarmoShieldUI' from project 'alarmo')
    cd /Users/rukesh/Documents/projects/alarmo/alarmo
    builtin-copy -exclude .DS_Store -exclude CVS -exclude .svn -exclude .git -exclude .hg -resolve-src-symlinks -rename /Users/rukesh/Library/Developer/Xcode/DerivedData/alarmo-ceckqxjdtadmywhgpijqujqnffnr/Build/Intermediates.noindex/alarmo.build/Debug-iphonesimulator/AlarmoShieldUI.build/Objects-normal/arm64/AlarmoShieldUI.abi.json /Users/rukesh/Library/Developer/Xcode/DerivedData/alarmo-ceckqxjdtadmywhgpijqujqnffnr/Build/Products/Debug-iphonesimulator/AlarmoShieldUI.swiftmodule/arm64-apple-ios-simulator.abi.json

Copy /Users/rukesh/Library/Developer/Xcode/DerivedData/alarmo-ceckqxjdtadmywhgpijqujqnffnr/Build/Products/Debug-iphonesimulator/AlarmoShieldUI.swiftmodule/Project/x86_64-apple-ios-simulator.swiftsourceinfo /Users/rukesh/Library/Developer/Xcode/DerivedData/alarmo-ceckqxjdtadmywhgpijqujqnffnr/Build/Intermediates.noindex/alarmo.build/Debug-iphonesimulator/AlarmoShieldUI.build/Objects-normal/x86_64/AlarmoShieldUI.swiftsourceinfo (in target 'AlarmoShieldUI' from project 'alarmo')
    cd /Users/rukesh/Documents/projects/alarmo/alarmo
    builtin-copy -exclude .DS_Store -exclude CVS -exclude .svn -exclude .git -exclude .hg -resolve-src-symlinks -rename /Users/rukesh/Library/Developer/Xcode/DerivedData/alarmo-ceckqxjdtadmywhgpijqujqnffnr/Build/Intermediates.noindex/alarmo.build/Debug-iphonesimulator/AlarmoShieldUI.build/Objects-normal/x86_64/AlarmoShieldUI.swiftsourceinfo /Users/rukesh/Library/Developer/Xcode/DerivedData/alarmo-ceckqxjdtadmywhgpijqujqnffnr/Build/Products/Debug-iphonesimulator/AlarmoShieldUI.swiftmodule/Project/x86_64-apple-ios-simulator.swiftsourceinfo

Copy /Users/rukesh/Library/Developer/Xcode/DerivedData/alarmo-ceckqxjdtadmywhgpijqujqnffnr/Build/Products/Debug-iphonesimulator/AlarmoShieldUI.swiftmodule/Project/arm64-apple-ios-simulator.swiftsourceinfo /Users/rukesh/Library/Developer/Xcode/DerivedData/alarmo-ceckqxjdtadmywhgpijqujqnffnr/Build/Intermediates.noindex/alarmo.build/Debug-iphonesimulator/AlarmoShieldUI.build/Objects-normal/arm64/AlarmoShieldUI.swiftsourceinfo (in target 'AlarmoShieldUI' from project 'alarmo')
    cd /Users/rukesh/Documents/projects/alarmo/alarmo
    builtin-copy -exclude .DS_Store -exclude CVS -exclude .svn -exclude .git -exclude .hg -resolve-src-symlinks -rename /Users/rukesh/Library/Developer/Xcode/DerivedData/alarmo-ceckqxjdtadmywhgpijqujqnffnr/Build/Intermediates.noindex/alarmo.build/Debug-iphonesimulator/AlarmoShieldUI.build/Objects-normal/arm64/AlarmoShieldUI.swiftsourceinfo /Users/rukesh/Library/Developer/Xcode/DerivedData/alarmo-ceckqxjdtadmywhgpijqujqnffnr/Build/Products/Debug-iphonesimulator/AlarmoShieldUI.swiftmodule/Project/arm64-apple-ios-simulator.swiftsourceinfo

SwiftDriverJobDiscovery normal x86_64 Emitting module for AlarmoWidget (in target 'AlarmoWidget' from project 'alarmo')

SwiftDriverJobDiscovery normal arm64 Emitting module for AlarmoWidget (in target 'AlarmoWidget' from project 'alarmo')

SwiftDriver\ Compilation\ Requirements AlarmoWidget normal x86_64 com.apple.xcode.tools.swift.compiler (in target 'AlarmoWidget' from project 'alarmo')
    cd /Users/rukesh/Documents/projects/alarmo/alarmo
    builtin-Swift-Compilation-Requirements -- /Applications/Xcode.app/Contents/Developer/Toolchains/XcodeDefault.xctoolchain/usr/bin/swiftc -module-name AlarmoWidget -Onone -enforce-exclusivity\=checked @/Users/rukesh/Library/Developer/Xcode/DerivedData/alarmo-ceckqxjdtadmywhgpijqujqnffnr/Build/Intermediates.noindex/alarmo.build/Debug-iphonesimulator/AlarmoWidget.build/Objects-normal/x86_64/AlarmoWidget.SwiftFileList -DDEBUG -enable-bare-slash-regex -enable-experimental-feature DebugDescriptionMacro -sdk /Applications/Xcode.app/Contents/Developer/Platforms/iPhoneSimulator.platform/Developer/SDKs/iPhoneSimulator26.2.sdk -target x86_64-apple-ios17.0-simulator -g -module-cache-path /Users/rukesh/Library/Developer/Xcode/DerivedData/ModuleCache.noindex -Xfrontend -serialize-debugging-options -application-extension -profile-coverage-mapping -profile-generate -enable-testing -index-store-path /Users/rukesh/Library/Developer/Xcode/DerivedData/alarmo-ceckqxjdtadmywhgpijqujqnffnr/Index.noindex/DataStore -Xcc -D_LIBCPP_HARDENING_MODE\=_LIBCPP_HARDENING_MODE_DEBUG -swift-version 5 -I /Users/rukesh/Library/Developer/Xcode/DerivedData/alarmo-ceckqxjdtadmywhgpijqujqnffnr/Build/Products/Debug-iphonesimulator -F /Users/rukesh/Library/Developer/Xcode/DerivedData/alarmo-ceckqxjdtadmywhgpijqujqnffnr/Build/Products/Debug-iphonesimulator -c -j14 -enable-batch-mode -incremental -Xcc -ivfsstatcache -Xcc /Users/rukesh/Library/Developer/Xcode/DerivedData/SDKStatCaches.noindex/iphonesimulator26.2-23C53-3885c01c3e6b6a337905948deab2002e7d00a8b37fbd7999ea79df8ebc024bf0.sdkstatcache -output-file-map /Users/rukesh/Library/Developer/Xcode/DerivedData/alarmo-ceckqxjdtadmywhgpijqujqnffnr/Build/Intermediates.noindex/alarmo.build/Debug-iphonesimulator/AlarmoWidget.build/Objects-normal/x86_64/AlarmoWidget-OutputFileMap.json -use-frontend-parseable-output -save-temps -no-color-diagnostics -explicit-module-build -module-cache-path /Users/rukesh/Library/Developer/Xcode/DerivedData/alarmo-ceckqxjdtadmywhgpijqujqnffnr/Build/Intermediates.noindex/SwiftExplicitPrecompiledModules -clang-scanner-module-cache-path /Users/rukesh/Library/Developer/Xcode/DerivedData/ModuleCache.noindex -sdk-module-cache-path /Users/rukesh/Library/Developer/Xcode/DerivedData/ModuleCache.noindex -serialize-diagnostics -emit-dependencies -emit-module -emit-module-path /Users/rukesh/Library/Developer/Xcode/DerivedData/alarmo-ceckqxjdtadmywhgpijqujqnffnr/Build/Intermediates.noindex/alarmo.build/Debug-iphonesimulator/AlarmoWidget.build/Objects-normal/x86_64/AlarmoWidget.swiftmodule -validate-clang-modules-once -clang-build-session-file /Users/rukesh/Library/Developer/Xcode/DerivedData/ModuleCache.noindex/Session.modulevalidation -Xcc -I/Users/rukesh/Library/Developer/Xcode/DerivedData/alarmo-ceckqxjdtadmywhgpijqujqnffnr/Build/Intermediates.noindex/alarmo.build/Debug-iphonesimulator/AlarmoWidget.build/swift-overrides.hmap -emit-const-values -Xfrontend -const-gather-protocols-file -Xfrontend /Users/rukesh/Library/Developer/Xcode/DerivedData/alarmo-ceckqxjdtadmywhgpijqujqnffnr/Build/Intermediates.noindex/alarmo.build/Debug-iphonesimulator/AlarmoWidget.build/Objects-normal/x86_64/AlarmoWidget_const_extract_protocols.json -Xcc -iquote -Xcc /Users/rukesh/Library/Developer/Xcode/DerivedData/alarmo-ceckqxjdtadmywhgpijqujqnffnr/Build/Intermediates.noindex/alarmo.build/Debug-iphonesimulator/AlarmoWidget.build/AlarmoWidget-generated-files.hmap -Xcc -I/Users/rukesh/Library/Developer/Xcode/DerivedData/alarmo-ceckqxjdtadmywhgpijqujqnffnr/Build/Intermediates.noindex/alarmo.build/Debug-iphonesimulator/AlarmoWidget.build/AlarmoWidget-own-target-headers.hmap -Xcc -I/Users/rukesh/Library/Developer/Xcode/DerivedData/alarmo-ceckqxjdtadmywhgpijqujqnffnr/Build/Intermediates.noindex/alarmo.build/Debug-iphonesimulator/AlarmoWidget.build/AlarmoWidget-all-target-headers.hmap -Xcc -iquote -Xcc /Users/rukesh/Library/Developer/Xcode/DerivedData/alarmo-ceckqxjdtadmywhgpijqujqnffnr/Build/Intermediates.noindex/alarmo.build/Debug-iphonesimulator/AlarmoWidget.build/AlarmoWidget-project-headers.hmap -Xcc -I/Users/rukesh/Library/Developer/Xcode/DerivedData/alarmo-ceckqxjdtadmywhgpijqujqnffnr/Build/Products/Debug-iphonesimulator/include -Xcc -I/Users/rukesh/Library/Developer/Xcode/DerivedData/alarmo-ceckqxjdtadmywhgpijqujqnffnr/Build/Intermediates.noindex/alarmo.build/Debug-iphonesimulator/AlarmoWidget.build/DerivedSources-normal/x86_64 -Xcc -I/Users/rukesh/Library/Developer/Xcode/DerivedData/alarmo-ceckqxjdtadmywhgpijqujqnffnr/Build/Intermediates.noindex/alarmo.build/Debug-iphonesimulator/AlarmoWidget.build/DerivedSources/x86_64 -Xcc -I/Users/rukesh/Library/Developer/Xcode/DerivedData/alarmo-ceckqxjdtadmywhgpijqujqnffnr/Build/Intermediates.noindex/alarmo.build/Debug-iphonesimulator/AlarmoWidget.build/DerivedSources -Xcc -DDEBUG\=1 -emit-objc-header -emit-objc-header-path /Users/rukesh/Library/Developer/Xcode/DerivedData/alarmo-ceckqxjdtadmywhgpijqujqnffnr/Build/Intermediates.noindex/alarmo.build/Debug-iphonesimulator/AlarmoWidget.build/Objects-normal/x86_64/AlarmoWidget-Swift.h -working-directory /Users/rukesh/Documents/projects/alarmo/alarmo -experimental-emit-module-separately -disable-cmo

SwiftDriver\ Compilation\ Requirements AlarmoWidget normal arm64 com.apple.xcode.tools.swift.compiler (in target 'AlarmoWidget' from project 'alarmo')
    cd /Users/rukesh/Documents/projects/alarmo/alarmo
    builtin-Swift-Compilation-Requirements -- /Applications/Xcode.app/Contents/Developer/Toolchains/XcodeDefault.xctoolchain/usr/bin/swiftc -module-name AlarmoWidget -Onone -enforce-exclusivity\=checked @/Users/rukesh/Library/Developer/Xcode/DerivedData/alarmo-ceckqxjdtadmywhgpijqujqnffnr/Build/Intermediates.noindex/alarmo.build/Debug-iphonesimulator/AlarmoWidget.build/Objects-normal/arm64/AlarmoWidget.SwiftFileList -DDEBUG -enable-bare-slash-regex -enable-experimental-feature DebugDescriptionMacro -sdk /Applications/Xcode.app/Contents/Developer/Platforms/iPhoneSimulator.platform/Developer/SDKs/iPhoneSimulator26.2.sdk -target arm64-apple-ios17.0-simulator -g -module-cache-path /Users/rukesh/Library/Developer/Xcode/DerivedData/ModuleCache.noindex -Xfrontend -serialize-debugging-options -application-extension -profile-coverage-mapping -profile-generate -enable-testing -index-store-path /Users/rukesh/Library/Developer/Xcode/DerivedData/alarmo-ceckqxjdtadmywhgpijqujqnffnr/Index.noindex/DataStore -Xcc -D_LIBCPP_HARDENING_MODE\=_LIBCPP_HARDENING_MODE_DEBUG -swift-version 5 -I /Users/rukesh/Library/Developer/Xcode/DerivedData/alarmo-ceckqxjdtadmywhgpijqujqnffnr/Build/Products/Debug-iphonesimulator -F /Users/rukesh/Library/Developer/Xcode/DerivedData/alarmo-ceckqxjdtadmywhgpijqujqnffnr/Build/Products/Debug-iphonesimulator -c -j14 -enable-batch-mode -incremental -Xcc -ivfsstatcache -Xcc /Users/rukesh/Library/Developer/Xcode/DerivedData/SDKStatCaches.noindex/iphonesimulator26.2-23C53-3885c01c3e6b6a337905948deab2002e7d00a8b37fbd7999ea79df8ebc024bf0.sdkstatcache -output-file-map /Users/rukesh/Library/Developer/Xcode/DerivedData/alarmo-ceckqxjdtadmywhgpijqujqnffnr/Build/Intermediates.noindex/alarmo.build/Debug-iphonesimulator/AlarmoWidget.build/Objects-normal/arm64/AlarmoWidget-OutputFileMap.json -use-frontend-parseable-output -save-temps -no-color-diagnostics -explicit-module-build -module-cache-path /Users/rukesh/Library/Developer/Xcode/DerivedData/alarmo-ceckqxjdtadmywhgpijqujqnffnr/Build/Intermediates.noindex/SwiftExplicitPrecompiledModules -clang-scanner-module-cache-path /Users/rukesh/Library/Developer/Xcode/DerivedData/ModuleCache.noindex -sdk-module-cache-path /Users/rukesh/Library/Developer/Xcode/DerivedData/ModuleCache.noindex -serialize-diagnostics -emit-dependencies -emit-module -emit-module-path /Users/rukesh/Library/Developer/Xcode/DerivedData/alarmo-ceckqxjdtadmywhgpijqujqnffnr/Build/Intermediates.noindex/alarmo.build/Debug-iphonesimulator/AlarmoWidget.build/Objects-normal/arm64/AlarmoWidget.swiftmodule -validate-clang-modules-once -clang-build-session-file /Users/rukesh/Library/Developer/Xcode/DerivedData/ModuleCache.noindex/Session.modulevalidation -Xcc -I/Users/rukesh/Library/Developer/Xcode/DerivedData/alarmo-ceckqxjdtadmywhgpijqujqnffnr/Build/Intermediates.noindex/alarmo.build/Debug-iphonesimulator/AlarmoWidget.build/swift-overrides.hmap -emit-const-values -Xfrontend -const-gather-protocols-file -Xfrontend /Users/rukesh/Library/Developer/Xcode/DerivedData/alarmo-ceckqxjdtadmywhgpijqujqnffnr/Build/Intermediates.noindex/alarmo.build/Debug-iphonesimulator/AlarmoWidget.build/Objects-normal/arm64/AlarmoWidget_const_extract_protocols.json -Xcc -iquote -Xcc /Users/rukesh/Library/Developer/Xcode/DerivedData/alarmo-ceckqxjdtadmywhgpijqujqnffnr/Build/Intermediates.noindex/alarmo.build/Debug-iphonesimulator/AlarmoWidget.build/AlarmoWidget-generated-files.hmap -Xcc -I/Users/rukesh/Library/Developer/Xcode/DerivedData/alarmo-ceckqxjdtadmywhgpijqujqnffnr/Build/Intermediates.noindex/alarmo.build/Debug-iphonesimulator/AlarmoWidget.build/AlarmoWidget-own-target-headers.hmap -Xcc -I/Users/rukesh/Library/Developer/Xcode/DerivedData/alarmo-ceckqxjdtadmywhgpijqujqnffnr/Build/Intermediates.noindex/alarmo.build/Debug-iphonesimulator/AlarmoWidget.build/AlarmoWidget-all-target-headers.hmap -Xcc -iquote -Xcc /Users/rukesh/Library/Developer/Xcode/DerivedData/alarmo-ceckqxjdtadmywhgpijqujqnffnr/Build/Intermediates.noindex/alarmo.build/Debug-iphonesimulator/AlarmoWidget.build/AlarmoWidget-project-headers.hmap -Xcc -I/Users/rukesh/Library/Developer/Xcode/DerivedData/alarmo-ceckqxjdtadmywhgpijqujqnffnr/Build/Products/Debug-iphonesimulator/include -Xcc -I/Users/rukesh/Library/Developer/Xcode/DerivedData/alarmo-ceckqxjdtadmywhgpijqujqnffnr/Build/Intermediates.noindex/alarmo.build/Debug-iphonesimulator/AlarmoWidget.build/DerivedSources-normal/arm64 -Xcc -I/Users/rukesh/Library/Developer/Xcode/DerivedData/alarmo-ceckqxjdtadmywhgpijqujqnffnr/Build/Intermediates.noindex/alarmo.build/Debug-iphonesimulator/AlarmoWidget.build/DerivedSources/arm64 -Xcc -I/Users/rukesh/Library/Developer/Xcode/DerivedData/alarmo-ceckqxjdtadmywhgpijqujqnffnr/Build/Intermediates.noindex/alarmo.build/Debug-iphonesimulator/AlarmoWidget.build/DerivedSources -Xcc -DDEBUG\=1 -emit-objc-header -emit-objc-header-path /Users/rukesh/Library/Developer/Xcode/DerivedData/alarmo-ceckqxjdtadmywhgpijqujqnffnr/Build/Intermediates.noindex/alarmo.build/Debug-iphonesimulator/AlarmoWidget.build/Objects-normal/arm64/AlarmoWidget-Swift.h -working-directory /Users/rukesh/Documents/projects/alarmo/alarmo -experimental-emit-module-separately -disable-cmo

SwiftMergeGeneratedHeaders /Users/rukesh/Library/Developer/Xcode/DerivedData/alarmo-ceckqxjdtadmywhgpijqujqnffnr/Build/Intermediates.noindex/alarmo.build/Debug-iphonesimulator/AlarmoWidget.build/DerivedSources/AlarmoWidget-Swift.h /Users/rukesh/Library/Developer/Xcode/DerivedData/alarmo-ceckqxjdtadmywhgpijqujqnffnr/Build/Intermediates.noindex/alarmo.build/Debug-iphonesimulator/AlarmoWidget.build/Objects-normal/arm64/AlarmoWidget-Swift.h /Users/rukesh/Library/Developer/Xcode/DerivedData/alarmo-ceckqxjdtadmywhgpijqujqnffnr/Build/Intermediates.noindex/alarmo.build/Debug-iphonesimulator/AlarmoWidget.build/Objects-normal/x86_64/AlarmoWidget-Swift.h (in target 'AlarmoWidget' from project 'alarmo')
    cd /Users/rukesh/Documents/projects/alarmo/alarmo
    builtin-swiftHeaderTool -arch arm64 /Users/rukesh/Library/Developer/Xcode/DerivedData/alarmo-ceckqxjdtadmywhgpijqujqnffnr/Build/Intermediates.noindex/alarmo.build/Debug-iphonesimulator/AlarmoWidget.build/Objects-normal/arm64/AlarmoWidget-Swift.h -arch x86_64 /Users/rukesh/Library/Developer/Xcode/DerivedData/alarmo-ceckqxjdtadmywhgpijqujqnffnr/Build/Intermediates.noindex/alarmo.build/Debug-iphonesimulator/AlarmoWidget.build/Objects-normal/x86_64/AlarmoWidget-Swift.h -o /Users/rukesh/Library/Developer/Xcode/DerivedData/alarmo-ceckqxjdtadmywhgpijqujqnffnr/Build/Intermediates.noindex/alarmo.build/Debug-iphonesimulator/AlarmoWidget.build/DerivedSources/AlarmoWidget-Swift.h

Copy /Users/rukesh/Library/Developer/Xcode/DerivedData/alarmo-ceckqxjdtadmywhgpijqujqnffnr/Build/Products/Debug-iphonesimulator/AlarmoWidget.swiftmodule/x86_64-apple-ios-simulator.swiftmodule /Users/rukesh/Library/Developer/Xcode/DerivedData/alarmo-ceckqxjdtadmywhgpijqujqnffnr/Build/Intermediates.noindex/alarmo.build/Debug-iphonesimulator/AlarmoWidget.build/Objects-normal/x86_64/AlarmoWidget.swiftmodule (in target 'AlarmoWidget' from project 'alarmo')
    cd /Users/rukesh/Documents/projects/alarmo/alarmo
    builtin-copy -exclude .DS_Store -exclude CVS -exclude .svn -exclude .git -exclude .hg -resolve-src-symlinks -rename /Users/rukesh/Library/Developer/Xcode/DerivedData/alarmo-ceckqxjdtadmywhgpijqujqnffnr/Build/Intermediates.noindex/alarmo.build/Debug-iphonesimulator/AlarmoWidget.build/Objects-normal/x86_64/AlarmoWidget.swiftmodule /Users/rukesh/Library/Developer/Xcode/DerivedData/alarmo-ceckqxjdtadmywhgpijqujqnffnr/Build/Products/Debug-iphonesimulator/AlarmoWidget.swiftmodule/x86_64-apple-ios-simulator.swiftmodule

Copy /Users/rukesh/Library/Developer/Xcode/DerivedData/alarmo-ceckqxjdtadmywhgpijqujqnffnr/Build/Products/Debug-iphonesimulator/AlarmoWidget.swiftmodule/x86_64-apple-ios-simulator.swiftdoc /Users/rukesh/Library/Developer/Xcode/DerivedData/alarmo-ceckqxjdtadmywhgpijqujqnffnr/Build/Intermediates.noindex/alarmo.build/Debug-iphonesimulator/AlarmoWidget.build/Objects-normal/x86_64/AlarmoWidget.swiftdoc (in target 'AlarmoWidget' from project 'alarmo')
    cd /Users/rukesh/Documents/projects/alarmo/alarmo
    builtin-copy -exclude .DS_Store -exclude CVS -exclude .svn -exclude .git -exclude .hg -resolve-src-symlinks -rename /Users/rukesh/Library/Developer/Xcode/DerivedData/alarmo-ceckqxjdtadmywhgpijqujqnffnr/Build/Intermediates.noindex/alarmo.build/Debug-iphonesimulator/AlarmoWidget.build/Objects-normal/x86_64/AlarmoWidget.swiftdoc /Users/rukesh/Library/Developer/Xcode/DerivedData/alarmo-ceckqxjdtadmywhgpijqujqnffnr/Build/Products/Debug-iphonesimulator/AlarmoWidget.swiftmodule/x86_64-apple-ios-simulator.swiftdoc

Copy /Users/rukesh/Library/Developer/Xcode/DerivedData/alarmo-ceckqxjdtadmywhgpijqujqnffnr/Build/Products/Debug-iphonesimulator/AlarmoWidget.swiftmodule/x86_64-apple-ios-simulator.abi.json /Users/rukesh/Library/Developer/Xcode/DerivedData/alarmo-ceckqxjdtadmywhgpijqujqnffnr/Build/Intermediates.noindex/alarmo.build/Debug-iphonesimulator/AlarmoWidget.build/Objects-normal/x86_64/AlarmoWidget.abi.json (in target 'AlarmoWidget' from project 'alarmo')
    cd /Users/rukesh/Documents/projects/alarmo/alarmo
    builtin-copy -exclude .DS_Store -exclude CVS -exclude .svn -exclude .git -exclude .hg -resolve-src-symlinks -rename /Users/rukesh/Library/Developer/Xcode/DerivedData/alarmo-ceckqxjdtadmywhgpijqujqnffnr/Build/Intermediates.noindex/alarmo.build/Debug-iphonesimulator/AlarmoWidget.build/Objects-normal/x86_64/AlarmoWidget.abi.json /Users/rukesh/Library/Developer/Xcode/DerivedData/alarmo-ceckqxjdtadmywhgpijqujqnffnr/Build/Products/Debug-iphonesimulator/AlarmoWidget.swiftmodule/x86_64-apple-ios-simulator.abi.json

Copy /Users/rukesh/Library/Developer/Xcode/DerivedData/alarmo-ceckqxjdtadmywhgpijqujqnffnr/Build/Products/Debug-iphonesimulator/AlarmoWidget.swiftmodule/arm64-apple-ios-simulator.swiftmodule /Users/rukesh/Library/Developer/Xcode/DerivedData/alarmo-ceckqxjdtadmywhgpijqujqnffnr/Build/Intermediates.noindex/alarmo.build/Debug-iphonesimulator/AlarmoWidget.build/Objects-normal/arm64/AlarmoWidget.swiftmodule (in target 'AlarmoWidget' from project 'alarmo')
    cd /Users/rukesh/Documents/projects/alarmo/alarmo
    builtin-copy -exclude .DS_Store -exclude CVS -exclude .svn -exclude .git -exclude .hg -resolve-src-symlinks -rename /Users/rukesh/Library/Developer/Xcode/DerivedData/alarmo-ceckqxjdtadmywhgpijqujqnffnr/Build/Intermediates.noindex/alarmo.build/Debug-iphonesimulator/AlarmoWidget.build/Objects-normal/arm64/AlarmoWidget.swiftmodule /Users/rukesh/Library/Developer/Xcode/DerivedData/alarmo-ceckqxjdtadmywhgpijqujqnffnr/Build/Products/Debug-iphonesimulator/AlarmoWidget.swiftmodule/arm64-apple-ios-simulator.swiftmodule

Copy /Users/rukesh/Library/Developer/Xcode/DerivedData/alarmo-ceckqxjdtadmywhgpijqujqnffnr/Build/Products/Debug-iphonesimulator/AlarmoWidget.swiftmodule/arm64-apple-ios-simulator.swiftdoc /Users/rukesh/Library/Developer/Xcode/DerivedData/alarmo-ceckqxjdtadmywhgpijqujqnffnr/Build/Intermediates.noindex/alarmo.build/Debug-iphonesimulator/AlarmoWidget.build/Objects-normal/arm64/AlarmoWidget.swiftdoc (in target 'AlarmoWidget' from project 'alarmo')
    cd /Users/rukesh/Documents/projects/alarmo/alarmo
    builtin-copy -exclude .DS_Store -exclude CVS -exclude .svn -exclude .git -exclude .hg -resolve-src-symlinks -rename /Users/rukesh/Library/Developer/Xcode/DerivedData/alarmo-ceckqxjdtadmywhgpijqujqnffnr/Build/Intermediates.noindex/alarmo.build/Debug-iphonesimulator/AlarmoWidget.build/Objects-normal/arm64/AlarmoWidget.swiftdoc /Users/rukesh/Library/Developer/Xcode/DerivedData/alarmo-ceckqxjdtadmywhgpijqujqnffnr/Build/Products/Debug-iphonesimulator/AlarmoWidget.swiftmodule/arm64-apple-ios-simulator.swiftdoc

Copy /Users/rukesh/Library/Developer/Xcode/DerivedData/alarmo-ceckqxjdtadmywhgpijqujqnffnr/Build/Products/Debug-iphonesimulator/AlarmoWidget.swiftmodule/arm64-apple-ios-simulator.abi.json /Users/rukesh/Library/Developer/Xcode/DerivedData/alarmo-ceckqxjdtadmywhgpijqujqnffnr/Build/Intermediates.noindex/alarmo.build/Debug-iphonesimulator/AlarmoWidget.build/Objects-normal/arm64/AlarmoWidget.abi.json (in target 'AlarmoWidget' from project 'alarmo')
    cd /Users/rukesh/Documents/projects/alarmo/alarmo
    builtin-copy -exclude .DS_Store -exclude CVS -exclude .svn -exclude .git -exclude .hg -resolve-src-symlinks -rename /Users/rukesh/Library/Developer/Xcode/DerivedData/alarmo-ceckqxjdtadmywhgpijqujqnffnr/Build/Intermediates.noindex/alarmo.build/Debug-iphonesimulator/AlarmoWidget.build/Objects-normal/arm64/AlarmoWidget.abi.json /Users/rukesh/Library/Developer/Xcode/DerivedData/alarmo-ceckqxjdtadmywhgpijqujqnffnr/Build/Products/Debug-iphonesimulator/AlarmoWidget.swiftmodule/arm64-apple-ios-simulator.abi.json

Copy /Users/rukesh/Library/Developer/Xcode/DerivedData/alarmo-ceckqxjdtadmywhgpijqujqnffnr/Build/Products/Debug-iphonesimulator/AlarmoWidget.swiftmodule/Project/x86_64-apple-ios-simulator.swiftsourceinfo /Users/rukesh/Library/Developer/Xcode/DerivedData/alarmo-ceckqxjdtadmywhgpijqujqnffnr/Build/Intermediates.noindex/alarmo.build/Debug-iphonesimulator/AlarmoWidget.build/Objects-normal/x86_64/AlarmoWidget.swiftsourceinfo (in target 'AlarmoWidget' from project 'alarmo')
    cd /Users/rukesh/Documents/projects/alarmo/alarmo
    builtin-copy -exclude .DS_Store -exclude CVS -exclude .svn -exclude .git -exclude .hg -resolve-src-symlinks -rename /Users/rukesh/Library/Developer/Xcode/DerivedData/alarmo-ceckqxjdtadmywhgpijqujqnffnr/Build/Intermediates.noindex/alarmo.build/Debug-iphonesimulator/AlarmoWidget.build/Objects-normal/x86_64/AlarmoWidget.swiftsourceinfo /Users/rukesh/Library/Developer/Xcode/DerivedData/alarmo-ceckqxjdtadmywhgpijqujqnffnr/Build/Products/Debug-iphonesimulator/AlarmoWidget.swiftmodule/Project/x86_64-apple-ios-simulator.swiftsourceinfo

Copy /Users/rukesh/Library/Developer/Xcode/DerivedData/alarmo-ceckqxjdtadmywhgpijqujqnffnr/Build/Products/Debug-iphonesimulator/AlarmoWidget.swiftmodule/Project/arm64-apple-ios-simulator.swiftsourceinfo /Users/rukesh/Library/Developer/Xcode/DerivedData/alarmo-ceckqxjdtadmywhgpijqujqnffnr/Build/Intermediates.noindex/alarmo.build/Debug-iphonesimulator/AlarmoWidget.build/Objects-normal/arm64/AlarmoWidget.swiftsourceinfo (in target 'AlarmoWidget' from project 'alarmo')
    cd /Users/rukesh/Documents/projects/alarmo/alarmo
    builtin-copy -exclude .DS_Store -exclude CVS -exclude .svn -exclude .git -exclude .hg -resolve-src-symlinks -rename /Users/rukesh/Library/Developer/Xcode/DerivedData/alarmo-ceckqxjdtadmywhgpijqujqnffnr/Build/Intermediates.noindex/alarmo.build/Debug-iphonesimulator/AlarmoWidget.build/Objects-normal/arm64/AlarmoWidget.swiftsourceinfo /Users/rukesh/Library/Developer/Xcode/DerivedData/alarmo-ceckqxjdtadmywhgpijqujqnffnr/Build/Products/Debug-iphonesimulator/AlarmoWidget.swiftmodule/Project/arm64-apple-ios-simulator.swiftsourceinfo

ProcessProductPackaging /Users/rukesh/Documents/projects/alarmo/alarmo/alarmo/alarmo.entitlements /Users/rukesh/Library/Developer/Xcode/DerivedData/alarmo-ceckqxjdtadmywhgpijqujqnffnr/Build/Intermediates.noindex/alarmo.build/Debug-iphonesimulator/alarmo.build/alarmo.app.xcent (in target 'alarmo' from project 'alarmo')
    cd /Users/rukesh/Documents/projects/alarmo/alarmo
    
    Entitlements:
    
    {
}
    
    builtin-productPackagingUtility /Users/rukesh/Documents/projects/alarmo/alarmo/alarmo/alarmo.entitlements -entitlements -format xml -o /Users/rukesh/Library/Developer/Xcode/DerivedData/alarmo-ceckqxjdtadmywhgpijqujqnffnr/Build/Intermediates.noindex/alarmo.build/Debug-iphonesimulator/alarmo.build/alarmo.app.xcent

ProcessProductPackaging /Users/rukesh/Documents/projects/alarmo/alarmo/alarmo/alarmo.entitlements /Users/rukesh/Library/Developer/Xcode/DerivedData/alarmo-ceckqxjdtadmywhgpijqujqnffnr/Build/Intermediates.noindex/alarmo.build/Debug-iphonesimulator/alarmo.build/alarmo.app-Simulated.xcent (in target 'alarmo' from project 'alarmo')
    cd /Users/rukesh/Documents/projects/alarmo/alarmo
    
    Entitlements:
    
    {
    "application-identifier" = "FAKETEAMID.ht.alarmo";
    "com.apple.developer.family-controls" = 1;
    "com.apple.developer.healthkit" = 1;
    "com.apple.developer.healthkit.access" =     (
    );
}
    
    builtin-productPackagingUtility /Users/rukesh/Documents/projects/alarmo/alarmo/alarmo/alarmo.entitlements -entitlements -format xml -o /Users/rukesh/Library/Developer/Xcode/DerivedData/alarmo-ceckqxjdtadmywhgpijqujqnffnr/Build/Intermediates.noindex/alarmo.build/Debug-iphonesimulator/alarmo.build/alarmo.app-Simulated.xcent

ProcessProductPackagingDER /Users/rukesh/Library/Developer/Xcode/DerivedData/alarmo-ceckqxjdtadmywhgpijqujqnffnr/Build/Intermediates.noindex/alarmo.build/Debug-iphonesimulator/alarmo.build/alarmo.app.xcent /Users/rukesh/Library/Developer/Xcode/DerivedData/alarmo-ceckqxjdtadmywhgpijqujqnffnr/Build/Intermediates.noindex/alarmo.build/Debug-iphonesimulator/alarmo.build/alarmo.app.xcent.der (in target 'alarmo' from project 'alarmo')
    cd /Users/rukesh/Documents/projects/alarmo/alarmo
    /usr/bin/derq query -f xml -i /Users/rukesh/Library/Developer/Xcode/DerivedData/alarmo-ceckqxjdtadmywhgpijqujqnffnr/Build/Intermediates.noindex/alarmo.build/Debug-iphonesimulator/alarmo.build/alarmo.app.xcent -o /Users/rukesh/Library/Developer/Xcode/DerivedData/alarmo-ceckqxjdtadmywhgpijqujqnffnr/Build/Intermediates.noindex/alarmo.build/Debug-iphonesimulator/alarmo.build/alarmo.app.xcent.der --raw

ProcessProductPackagingDER /Users/rukesh/Library/Developer/Xcode/DerivedData/alarmo-ceckqxjdtadmywhgpijqujqnffnr/Build/Intermediates.noindex/alarmo.build/Debug-iphonesimulator/alarmo.build/alarmo.app-Simulated.xcent /Users/rukesh/Library/Developer/Xcode/DerivedData/alarmo-ceckqxjdtadmywhgpijqujqnffnr/Build/Intermediates.noindex/alarmo.build/Debug-iphonesimulator/alarmo.build/alarmo.app-Simulated.xcent.der (in target 'alarmo' from project 'alarmo')
    cd /Users/rukesh/Documents/projects/alarmo/alarmo
    /usr/bin/derq query -f xml -i /Users/rukesh/Library/Developer/Xcode/DerivedData/alarmo-ceckqxjdtadmywhgpijqujqnffnr/Build/Intermediates.noindex/alarmo.build/Debug-iphonesimulator/alarmo.build/alarmo.app-Simulated.xcent -o /Users/rukesh/Library/Developer/Xcode/DerivedData/alarmo-ceckqxjdtadmywhgpijqujqnffnr/Build/Intermediates.noindex/alarmo.build/Debug-iphonesimulator/alarmo.build/alarmo.app-Simulated.xcent.der --raw

GenerateAssetSymbols /Users/rukesh/Documents/projects/alarmo/alarmo/alarmo/Assets.xcassets (in target 'alarmo' from project 'alarmo')
    cd /Users/rukesh/Documents/projects/alarmo/alarmo
    /Applications/Xcode.app/Contents/Developer/usr/bin/actool /Users/rukesh/Documents/projects/alarmo/alarmo/alarmo/Assets.xcassets --compile /Users/rukesh/Library/Developer/Xcode/DerivedData/alarmo-ceckqxjdtadmywhgpijqujqnffnr/Build/Products/Debug-iphonesimulator/alarmo.app --output-format human-readable-text --notices --warnings --export-dependency-info /Users/rukesh/Library/Developer/Xcode/DerivedData/alarmo-ceckqxjdtadmywhgpijqujqnffnr/Build/Intermediates.noindex/alarmo.build/Debug-iphonesimulator/alarmo.build/assetcatalog_dependencies --output-partial-info-plist /Users/rukesh/Library/Developer/Xcode/DerivedData/alarmo-ceckqxjdtadmywhgpijqujqnffnr/Build/Intermediates.noindex/alarmo.build/Debug-iphonesimulator/alarmo.build/assetcatalog_generated_info.plist --app-icon AppIcon --accent-color AccentColor --compress-pngs --enable-on-demand-resources YES --development-region en --target-device iphone --target-device ipad --minimum-deployment-target 17.0 --platform iphonesimulator --bundle-identifier ht.alarmo --generate-swift-asset-symbols /Users/rukesh/Library/Developer/Xcode/DerivedData/alarmo-ceckqxjdtadmywhgpijqujqnffnr/Build/Intermediates.noindex/alarmo.build/Debug-iphonesimulator/alarmo.build/DerivedSources/GeneratedAssetSymbols.swift --generate-objc-asset-symbols /Users/rukesh/Library/Developer/Xcode/DerivedData/alarmo-ceckqxjdtadmywhgpijqujqnffnr/Build/Intermediates.noindex/alarmo.build/Debug-iphonesimulator/alarmo.build/DerivedSources/GeneratedAssetSymbols.h --generate-asset-symbol-index /Users/rukesh/Library/Developer/Xcode/DerivedData/alarmo-ceckqxjdtadmywhgpijqujqnffnr/Build/Intermediates.noindex/alarmo.build/Debug-iphonesimulator/alarmo.build/DerivedSources/GeneratedAssetSymbols-Index.plist
/* com.apple.actool.compilation-results */
/Users/rukesh/Library/Developer/Xcode/DerivedData/alarmo-ceckqxjdtadmywhgpijqujqnffnr/Build/Intermediates.noindex/alarmo.build/Debug-iphonesimulator/alarmo.build/DerivedSources/GeneratedAssetSymbols-Index.plist
/Users/rukesh/Library/Developer/Xcode/DerivedData/alarmo-ceckqxjdtadmywhgpijqujqnffnr/Build/Intermediates.noindex/alarmo.build/Debug-iphonesimulator/alarmo.build/DerivedSources/GeneratedAssetSymbols.h
/Users/rukesh/Library/Developer/Xcode/DerivedData/alarmo-ceckqxjdtadmywhgpijqujqnffnr/Build/Intermediates.noindex/alarmo.build/Debug-iphonesimulator/alarmo.build/DerivedSources/GeneratedAssetSymbols.swift


MkDir /Users/rukesh/Library/Developer/Xcode/DerivedData/alarmo-ceckqxjdtadmywhgpijqujqnffnr/Build/Intermediates.noindex/alarmo.build/Debug-iphonesimulator/alarmo.build/assetcatalog_output/thinned (in target 'alarmo' from project 'alarmo')
    cd /Users/rukesh/Documents/projects/alarmo/alarmo
    /bin/mkdir -p /Users/rukesh/Library/Developer/Xcode/DerivedData/alarmo-ceckqxjdtadmywhgpijqujqnffnr/Build/Intermediates.noindex/alarmo.build/Debug-iphonesimulator/alarmo.build/assetcatalog_output/thinned

MkDir /Users/rukesh/Library/Developer/Xcode/DerivedData/alarmo-ceckqxjdtadmywhgpijqujqnffnr/Build/Intermediates.noindex/alarmo.build/Debug-iphonesimulator/alarmo.build/assetcatalog_output/unthinned (in target 'alarmo' from project 'alarmo')
    cd /Users/rukesh/Documents/projects/alarmo/alarmo
    /bin/mkdir -p /Users/rukesh/Library/Developer/Xcode/DerivedData/alarmo-ceckqxjdtadmywhgpijqujqnffnr/Build/Intermediates.noindex/alarmo.build/Debug-iphonesimulator/alarmo.build/assetcatalog_output/unthinned

CompileAssetCatalogVariant thinned /Users/rukesh/Library/Developer/Xcode/DerivedData/alarmo-ceckqxjdtadmywhgpijqujqnffnr/Build/Products/Debug-iphonesimulator/alarmo.app /Users/rukesh/Documents/projects/alarmo/alarmo/alarmo/Assets.xcassets (in target 'alarmo' from project 'alarmo')
    cd /Users/rukesh/Documents/projects/alarmo/alarmo
    /Applications/Xcode.app/Contents/Developer/usr/bin/actool /Users/rukesh/Documents/projects/alarmo/alarmo/alarmo/Assets.xcassets --compile /Users/rukesh/Library/Developer/Xcode/DerivedData/alarmo-ceckqxjdtadmywhgpijqujqnffnr/Build/Intermediates.noindex/alarmo.build/Debug-iphonesimulator/alarmo.build/assetcatalog_output/thinned --output-format human-readable-text --notices --warnings --export-dependency-info /Users/rukesh/Library/Developer/Xcode/DerivedData/alarmo-ceckqxjdtadmywhgpijqujqnffnr/Build/Intermediates.noindex/alarmo.build/Debug-iphonesimulator/alarmo.build/assetcatalog_dependencies_thinned --output-partial-info-plist /Users/rukesh/Library/Developer/Xcode/DerivedData/alarmo-ceckqxjdtadmywhgpijqujqnffnr/Build/Intermediates.noindex/alarmo.build/Debug-iphonesimulator/alarmo.build/assetcatalog_generated_info.plist_thinned --app-icon AppIcon --accent-color AccentColor --compress-pngs --enable-on-demand-resources YES --development-region en --target-device iphone --target-device ipad --minimum-deployment-target 17.0 --platform iphonesimulator
/* com.apple.actool.compilation-results */
/Users/rukesh/Library/Developer/Xcode/DerivedData/alarmo-ceckqxjdtadmywhgpijqujqnffnr/Build/Intermediates.noindex/alarmo.build/Debug-iphonesimulator/alarmo.build/assetcatalog_generated_info.plist_thinned


SwiftDriverJobDiscovery normal arm64 Compiling LiveActivityIntents.swift (in target 'AlarmoWidget' from project 'alarmo')

SwiftDriverJobDiscovery normal x86_64 Compiling LiveActivityIntents.swift (in target 'AlarmoWidget' from project 'alarmo')

SwiftDriver alarmo normal x86_64 com.apple.xcode.tools.swift.compiler (in target 'alarmo' from project 'alarmo')
    cd /Users/rukesh/Documents/projects/alarmo/alarmo
    builtin-SwiftDriver -- /Applications/Xcode.app/Contents/Developer/Toolchains/XcodeDefault.xctoolchain/usr/bin/swiftc -module-name alarmo -Onone -enforce-exclusivity\=checked @/Users/rukesh/Library/Developer/Xcode/DerivedData/alarmo-ceckqxjdtadmywhgpijqujqnffnr/Build/Intermediates.noindex/alarmo.build/Debug-iphonesimulator/alarmo.build/Objects-normal/x86_64/alarmo.SwiftFileList -DDEBUG -default-isolation\=MainActor -enable-bare-slash-regex -enable-upcoming-feature DisableOutwardActorInference -enable-upcoming-feature InferSendableFromCaptures -enable-upcoming-feature GlobalActorIsolatedTypesUsability -enable-upcoming-feature MemberImportVisibility -enable-upcoming-feature InferIsolatedConformances -enable-upcoming-feature NonisolatedNonsendingByDefault -enable-experimental-feature DebugDescriptionMacro -sdk /Applications/Xcode.app/Contents/Developer/Platforms/iPhoneSimulator.platform/Developer/SDKs/iPhoneSimulator26.2.sdk -target x86_64-apple-ios17.0-simulator -g -module-cache-path /Users/rukesh/Library/Developer/Xcode/DerivedData/ModuleCache.noindex -Xfrontend -serialize-debugging-options -profile-coverage-mapping -profile-generate -enable-testing -index-store-path /Users/rukesh/Library/Developer/Xcode/DerivedData/alarmo-ceckqxjdtadmywhgpijqujqnffnr/Index.noindex/DataStore -Xcc -D_LIBCPP_HARDENING_MODE\=_LIBCPP_HARDENING_MODE_DEBUG -swift-version 5 -I /Users/rukesh/Library/Developer/Xcode/DerivedData/alarmo-ceckqxjdtadmywhgpijqujqnffnr/Build/Products/Debug-iphonesimulator -F /Users/rukesh/Library/Developer/Xcode/DerivedData/alarmo-ceckqxjdtadmywhgpijqujqnffnr/Build/Products/Debug-iphonesimulator -emit-localized-strings -emit-localized-strings-path /Users/rukesh/Library/Developer/Xcode/DerivedData/alarmo-ceckqxjdtadmywhgpijqujqnffnr/Build/Intermediates.noindex/alarmo.build/Debug-iphonesimulator/alarmo.build/Objects-normal/x86_64 -c -j14 -enable-batch-mode -incremental -Xcc -ivfsstatcache -Xcc /Users/rukesh/Library/Developer/Xcode/DerivedData/SDKStatCaches.noindex/iphonesimulator26.2-23C53-3885c01c3e6b6a337905948deab2002e7d00a8b37fbd7999ea79df8ebc024bf0.sdkstatcache -output-file-map /Users/rukesh/Library/Developer/Xcode/DerivedData/alarmo-ceckqxjdtadmywhgpijqujqnffnr/Build/Intermediates.noindex/alarmo.build/Debug-iphonesimulator/alarmo.build/Objects-normal/x86_64/alarmo-OutputFileMap.json -use-frontend-parseable-output -save-temps -no-color-diagnostics -explicit-module-build -module-cache-path /Users/rukesh/Library/Developer/Xcode/DerivedData/alarmo-ceckqxjdtadmywhgpijqujqnffnr/Build/Intermediates.noindex/SwiftExplicitPrecompiledModules -clang-scanner-module-cache-path /Users/rukesh/Library/Developer/Xcode/DerivedData/ModuleCache.noindex -sdk-module-cache-path /Users/rukesh/Library/Developer/Xcode/DerivedData/ModuleCache.noindex -serialize-diagnostics -emit-dependencies -emit-module -emit-module-path /Users/rukesh/Library/Developer/Xcode/DerivedData/alarmo-ceckqxjdtadmywhgpijqujqnffnr/Build/Intermediates.noindex/alarmo.build/Debug-iphonesimulator/alarmo.build/Objects-normal/x86_64/alarmo.swiftmodule -validate-clang-modules-once -clang-build-session-file /Users/rukesh/Library/Developer/Xcode/DerivedData/ModuleCache.noindex/Session.modulevalidation -Xcc -I/Users/rukesh/Library/Developer/Xcode/DerivedData/alarmo-ceckqxjdtadmywhgpijqujqnffnr/Build/Intermediates.noindex/alarmo.build/Debug-iphonesimulator/alarmo.build/swift-overrides.hmap -emit-const-values -Xfrontend -const-gather-protocols-file -Xfrontend /Users/rukesh/Library/Developer/Xcode/DerivedData/alarmo-ceckqxjdtadmywhgpijqujqnffnr/Build/Intermediates.noindex/alarmo.build/Debug-iphonesimulator/alarmo.build/Objects-normal/x86_64/alarmo_const_extract_protocols.json -Xcc -iquote -Xcc /Users/rukesh/Library/Developer/Xcode/DerivedData/alarmo-ceckqxjdtadmywhgpijqujqnffnr/Build/Intermediates.noindex/alarmo.build/Debug-iphonesimulator/alarmo.build/alarmo-generated-files.hmap -Xcc -I/Users/rukesh/Library/Developer/Xcode/DerivedData/alarmo-ceckqxjdtadmywhgpijqujqnffnr/Build/Intermediates.noindex/alarmo.build/Debug-iphonesimulator/alarmo.build/alarmo-own-target-headers.hmap -Xcc -I/Users/rukesh/Library/Developer/Xcode/DerivedData/alarmo-ceckqxjdtadmywhgpijqujqnffnr/Build/Intermediates.noindex/alarmo.build/Debug-iphonesimulator/alarmo.build/alarmo-all-target-headers.hmap -Xcc -iquote -Xcc /Users/rukesh/Library/Developer/Xcode/DerivedData/alarmo-ceckqxjdtadmywhgpijqujqnffnr/Build/Intermediates.noindex/alarmo.build/Debug-iphonesimulator/alarmo.build/alarmo-project-headers.hmap -Xcc -I/Users/rukesh/Library/Developer/Xcode/DerivedData/alarmo-ceckqxjdtadmywhgpijqujqnffnr/Build/Products/Debug-iphonesimulator/include -Xcc -I/Users/rukesh/Library/Developer/Xcode/DerivedData/alarmo-ceckqxjdtadmywhgpijqujqnffnr/Build/Intermediates.noindex/alarmo.build/Debug-iphonesimulator/alarmo.build/DerivedSources-normal/x86_64 -Xcc -I/Users/rukesh/Library/Developer/Xcode/DerivedData/alarmo-ceckqxjdtadmywhgpijqujqnffnr/Build/Intermediates.noindex/alarmo.build/Debug-iphonesimulator/alarmo.build/DerivedSources/x86_64 -Xcc -I/Users/rukesh/Library/Developer/Xcode/DerivedData/alarmo-ceckqxjdtadmywhgpijqujqnffnr/Build/Intermediates.noindex/alarmo.build/Debug-iphonesimulator/alarmo.build/DerivedSources -Xcc -DDEBUG\=1 -emit-objc-header -emit-objc-header-path /Users/rukesh/Library/Developer/Xcode/DerivedData/alarmo-ceckqxjdtadmywhgpijqujqnffnr/Build/Intermediates.noindex/alarmo.build/Debug-iphonesimulator/alarmo.build/Objects-normal/x86_64/alarmo-Swift.h -working-directory /Users/rukesh/Documents/projects/alarmo/alarmo -experimental-emit-module-separately -disable-cmo

SwiftDriver alarmo normal arm64 com.apple.xcode.tools.swift.compiler (in target 'alarmo' from project 'alarmo')
    cd /Users/rukesh/Documents/projects/alarmo/alarmo
    builtin-SwiftDriver -- /Applications/Xcode.app/Contents/Developer/Toolchains/XcodeDefault.xctoolchain/usr/bin/swiftc -module-name alarmo -Onone -enforce-exclusivity\=checked @/Users/rukesh/Library/Developer/Xcode/DerivedData/alarmo-ceckqxjdtadmywhgpijqujqnffnr/Build/Intermediates.noindex/alarmo.build/Debug-iphonesimulator/alarmo.build/Objects-normal/arm64/alarmo.SwiftFileList -DDEBUG -default-isolation\=MainActor -enable-bare-slash-regex -enable-upcoming-feature DisableOutwardActorInference -enable-upcoming-feature InferSendableFromCaptures -enable-upcoming-feature GlobalActorIsolatedTypesUsability -enable-upcoming-feature MemberImportVisibility -enable-upcoming-feature InferIsolatedConformances -enable-upcoming-feature NonisolatedNonsendingByDefault -enable-experimental-feature DebugDescriptionMacro -sdk /Applications/Xcode.app/Contents/Developer/Platforms/iPhoneSimulator.platform/Developer/SDKs/iPhoneSimulator26.2.sdk -target arm64-apple-ios17.0-simulator -g -module-cache-path /Users/rukesh/Library/Developer/Xcode/DerivedData/ModuleCache.noindex -Xfrontend -serialize-debugging-options -profile-coverage-mapping -profile-generate -enable-testing -index-store-path /Users/rukesh/Library/Developer/Xcode/DerivedData/alarmo-ceckqxjdtadmywhgpijqujqnffnr/Index.noindex/DataStore -Xcc -D_LIBCPP_HARDENING_MODE\=_LIBCPP_HARDENING_MODE_DEBUG -swift-version 5 -I /Users/rukesh/Library/Developer/Xcode/DerivedData/alarmo-ceckqxjdtadmywhgpijqujqnffnr/Build/Products/Debug-iphonesimulator -F /Users/rukesh/Library/Developer/Xcode/DerivedData/alarmo-ceckqxjdtadmywhgpijqujqnffnr/Build/Products/Debug-iphonesimulator -emit-localized-strings -emit-localized-strings-path /Users/rukesh/Library/Developer/Xcode/DerivedData/alarmo-ceckqxjdtadmywhgpijqujqnffnr/Build/Intermediates.noindex/alarmo.build/Debug-iphonesimulator/alarmo.build/Objects-normal/arm64 -c -j14 -enable-batch-mode -incremental -Xcc -ivfsstatcache -Xcc /Users/rukesh/Library/Developer/Xcode/DerivedData/SDKStatCaches.noindex/iphonesimulator26.2-23C53-3885c01c3e6b6a337905948deab2002e7d00a8b37fbd7999ea79df8ebc024bf0.sdkstatcache -output-file-map /Users/rukesh/Library/Developer/Xcode/DerivedData/alarmo-ceckqxjdtadmywhgpijqujqnffnr/Build/Intermediates.noindex/alarmo.build/Debug-iphonesimulator/alarmo.build/Objects-normal/arm64/alarmo-OutputFileMap.json -use-frontend-parseable-output -save-temps -no-color-diagnostics -explicit-module-build -module-cache-path /Users/rukesh/Library/Developer/Xcode/DerivedData/alarmo-ceckqxjdtadmywhgpijqujqnffnr/Build/Intermediates.noindex/SwiftExplicitPrecompiledModules -clang-scanner-module-cache-path /Users/rukesh/Library/Developer/Xcode/DerivedData/ModuleCache.noindex -sdk-module-cache-path /Users/rukesh/Library/Developer/Xcode/DerivedData/ModuleCache.noindex -serialize-diagnostics -emit-dependencies -emit-module -emit-module-path /Users/rukesh/Library/Developer/Xcode/DerivedData/alarmo-ceckqxjdtadmywhgpijqujqnffnr/Build/Intermediates.noindex/alarmo.build/Debug-iphonesimulator/alarmo.build/Objects-normal/arm64/alarmo.swiftmodule -validate-clang-modules-once -clang-build-session-file /Users/rukesh/Library/Developer/Xcode/DerivedData/ModuleCache.noindex/Session.modulevalidation -Xcc -I/Users/rukesh/Library/Developer/Xcode/DerivedData/alarmo-ceckqxjdtadmywhgpijqujqnffnr/Build/Intermediates.noindex/alarmo.build/Debug-iphonesimulator/alarmo.build/swift-overrides.hmap -emit-const-values -Xfrontend -const-gather-protocols-file -Xfrontend /Users/rukesh/Library/Developer/Xcode/DerivedData/alarmo-ceckqxjdtadmywhgpijqujqnffnr/Build/Intermediates.noindex/alarmo.build/Debug-iphonesimulator/alarmo.build/Objects-normal/arm64/alarmo_const_extract_protocols.json -Xcc -iquote -Xcc /Users/rukesh/Library/Developer/Xcode/DerivedData/alarmo-ceckqxjdtadmywhgpijqujqnffnr/Build/Intermediates.noindex/alarmo.build/Debug-iphonesimulator/alarmo.build/alarmo-generated-files.hmap -Xcc -I/Users/rukesh/Library/Developer/Xcode/DerivedData/alarmo-ceckqxjdtadmywhgpijqujqnffnr/Build/Intermediates.noindex/alarmo.build/Debug-iphonesimulator/alarmo.build/alarmo-own-target-headers.hmap -Xcc -I/Users/rukesh/Library/Developer/Xcode/DerivedData/alarmo-ceckqxjdtadmywhgpijqujqnffnr/Build/Intermediates.noindex/alarmo.build/Debug-iphonesimulator/alarmo.build/alarmo-all-target-headers.hmap -Xcc -iquote -Xcc /Users/rukesh/Library/Developer/Xcode/DerivedData/alarmo-ceckqxjdtadmywhgpijqujqnffnr/Build/Intermediates.noindex/alarmo.build/Debug-iphonesimulator/alarmo.build/alarmo-project-headers.hmap -Xcc -I/Users/rukesh/Library/Developer/Xcode/DerivedData/alarmo-ceckqxjdtadmywhgpijqujqnffnr/Build/Products/Debug-iphonesimulator/include -Xcc -I/Users/rukesh/Library/Developer/Xcode/DerivedData/alarmo-ceckqxjdtadmywhgpijqujqnffnr/Build/Intermediates.noindex/alarmo.build/Debug-iphonesimulator/alarmo.build/DerivedSources-normal/arm64 -Xcc -I/Users/rukesh/Library/Developer/Xcode/DerivedData/alarmo-ceckqxjdtadmywhgpijqujqnffnr/Build/Intermediates.noindex/alarmo.build/Debug-iphonesimulator/alarmo.build/DerivedSources/arm64 -Xcc -I/Users/rukesh/Library/Developer/Xcode/DerivedData/alarmo-ceckqxjdtadmywhgpijqujqnffnr/Build/Intermediates.noindex/alarmo.build/Debug-iphonesimulator/alarmo.build/DerivedSources -Xcc -DDEBUG\=1 -emit-objc-header -emit-objc-header-path /Users/rukesh/Library/Developer/Xcode/DerivedData/alarmo-ceckqxjdtadmywhgpijqujqnffnr/Build/Intermediates.noindex/alarmo.build/Debug-iphonesimulator/alarmo.build/Objects-normal/arm64/alarmo-Swift.h -working-directory /Users/rukesh/Documents/projects/alarmo/alarmo -experimental-emit-module-separately -disable-cmo

LinkAssetCatalog /Users/rukesh/Documents/projects/alarmo/alarmo/alarmo/Assets.xcassets (in target 'alarmo' from project 'alarmo')
    cd /Users/rukesh/Documents/projects/alarmo/alarmo
    builtin-linkAssetCatalog --thinned /Users/rukesh/Library/Developer/Xcode/DerivedData/alarmo-ceckqxjdtadmywhgpijqujqnffnr/Build/Intermediates.noindex/alarmo.build/Debug-iphonesimulator/alarmo.build/assetcatalog_output/thinned --thinned-dependencies /Users/rukesh/Library/Developer/Xcode/DerivedData/alarmo-ceckqxjdtadmywhgpijqujqnffnr/Build/Intermediates.noindex/alarmo.build/Debug-iphonesimulator/alarmo.build/assetcatalog_dependencies_thinned --thinned-info-plist-content /Users/rukesh/Library/Developer/Xcode/DerivedData/alarmo-ceckqxjdtadmywhgpijqujqnffnr/Build/Intermediates.noindex/alarmo.build/Debug-iphonesimulator/alarmo.build/assetcatalog_generated_info.plist_thinned --unthinned /Users/rukesh/Library/Developer/Xcode/DerivedData/alarmo-ceckqxjdtadmywhgpijqujqnffnr/Build/Intermediates.noindex/alarmo.build/Debug-iphonesimulator/alarmo.build/assetcatalog_output/unthinned --unthinned-dependencies /Users/rukesh/Library/Developer/Xcode/DerivedData/alarmo-ceckqxjdtadmywhgpijqujqnffnr/Build/Intermediates.noindex/alarmo.build/Debug-iphonesimulator/alarmo.build/assetcatalog_dependencies_unthinned --unthinned-info-plist-content /Users/rukesh/Library/Developer/Xcode/DerivedData/alarmo-ceckqxjdtadmywhgpijqujqnffnr/Build/Intermediates.noindex/alarmo.build/Debug-iphonesimulator/alarmo.build/assetcatalog_generated_info.plist_unthinned --output /Users/rukesh/Library/Developer/Xcode/DerivedData/alarmo-ceckqxjdtadmywhgpijqujqnffnr/Build/Products/Debug-iphonesimulator/alarmo.app --plist-output /Users/rukesh/Library/Developer/Xcode/DerivedData/alarmo-ceckqxjdtadmywhgpijqujqnffnr/Build/Intermediates.noindex/alarmo.build/Debug-iphonesimulator/alarmo.build/assetcatalog_generated_info.plist

SwiftDriverJobDiscovery normal x86_64 Compiling ShieldConfigurationExtension.swift (in target 'AlarmoShieldUI' from project 'alarmo')

SwiftDriver\ Compilation AlarmoShieldUI normal x86_64 com.apple.xcode.tools.swift.compiler (in target 'AlarmoShieldUI' from project 'alarmo')
    cd /Users/rukesh/Documents/projects/alarmo/alarmo
    builtin-Swift-Compilation -- /Applications/Xcode.app/Contents/Developer/Toolchains/XcodeDefault.xctoolchain/usr/bin/swiftc -module-name AlarmoShieldUI -Onone -enforce-exclusivity\=checked @/Users/rukesh/Library/Developer/Xcode/DerivedData/alarmo-ceckqxjdtadmywhgpijqujqnffnr/Build/Intermediates.noindex/alarmo.build/Debug-iphonesimulator/AlarmoShieldUI.build/Objects-normal/x86_64/AlarmoShieldUI.SwiftFileList -DDEBUG -enable-bare-slash-regex -enable-experimental-feature DebugDescriptionMacro -sdk /Applications/Xcode.app/Contents/Developer/Platforms/iPhoneSimulator.platform/Developer/SDKs/iPhoneSimulator26.2.sdk -target x86_64-apple-ios17.0-simulator -g -module-cache-path /Users/rukesh/Library/Developer/Xcode/DerivedData/ModuleCache.noindex -Xfrontend -serialize-debugging-options -application-extension -profile-coverage-mapping -profile-generate -enable-testing -index-store-path /Users/rukesh/Library/Developer/Xcode/DerivedData/alarmo-ceckqxjdtadmywhgpijqujqnffnr/Index.noindex/DataStore -Xcc -D_LIBCPP_HARDENING_MODE\=_LIBCPP_HARDENING_MODE_DEBUG -swift-version 5 -I /Users/rukesh/Library/Developer/Xcode/DerivedData/alarmo-ceckqxjdtadmywhgpijqujqnffnr/Build/Products/Debug-iphonesimulator -F /Users/rukesh/Library/Developer/Xcode/DerivedData/alarmo-ceckqxjdtadmywhgpijqujqnffnr/Build/Products/Debug-iphonesimulator -parse-as-library -c -j14 -enable-batch-mode -incremental -Xcc -ivfsstatcache -Xcc /Users/rukesh/Library/Developer/Xcode/DerivedData/SDKStatCaches.noindex/iphonesimulator26.2-23C53-3885c01c3e6b6a337905948deab2002e7d00a8b37fbd7999ea79df8ebc024bf0.sdkstatcache -output-file-map /Users/rukesh/Library/Developer/Xcode/DerivedData/alarmo-ceckqxjdtadmywhgpijqujqnffnr/Build/Intermediates.noindex/alarmo.build/Debug-iphonesimulator/AlarmoShieldUI.build/Objects-normal/x86_64/AlarmoShieldUI-OutputFileMap.json -use-frontend-parseable-output -save-temps -no-color-diagnostics -explicit-module-build -module-cache-path /Users/rukesh/Library/Developer/Xcode/DerivedData/alarmo-ceckqxjdtadmywhgpijqujqnffnr/Build/Intermediates.noindex/SwiftExplicitPrecompiledModules -clang-scanner-module-cache-path /Users/rukesh/Library/Developer/Xcode/DerivedData/ModuleCache.noindex -sdk-module-cache-path /Users/rukesh/Library/Developer/Xcode/DerivedData/ModuleCache.noindex -serialize-diagnostics -emit-dependencies -emit-module -emit-module-path /Users/rukesh/Library/Developer/Xcode/DerivedData/alarmo-ceckqxjdtadmywhgpijqujqnffnr/Build/Intermediates.noindex/alarmo.build/Debug-iphonesimulator/AlarmoShieldUI.build/Objects-normal/x86_64/AlarmoShieldUI.swiftmodule -validate-clang-modules-once -clang-build-session-file /Users/rukesh/Library/Developer/Xcode/DerivedData/ModuleCache.noindex/Session.modulevalidation -Xcc -I/Users/rukesh/Library/Developer/Xcode/DerivedData/alarmo-ceckqxjdtadmywhgpijqujqnffnr/Build/Intermediates.noindex/alarmo.build/Debug-iphonesimulator/AlarmoShieldUI.build/swift-overrides.hmap -emit-const-values -Xfrontend -const-gather-protocols-file -Xfrontend /Users/rukesh/Library/Developer/Xcode/DerivedData/alarmo-ceckqxjdtadmywhgpijqujqnffnr/Build/Intermediates.noindex/alarmo.build/Debug-iphonesimulator/AlarmoShieldUI.build/Objects-normal/x86_64/AlarmoShieldUI_const_extract_protocols.json -Xcc -iquote -Xcc /Users/rukesh/Library/Developer/Xcode/DerivedData/alarmo-ceckqxjdtadmywhgpijqujqnffnr/Build/Intermediates.noindex/alarmo.build/Debug-iphonesimulator/AlarmoShieldUI.build/AlarmoShieldUI-generated-files.hmap -Xcc -I/Users/rukesh/Library/Developer/Xcode/DerivedData/alarmo-ceckqxjdtadmywhgpijqujqnffnr/Build/Intermediates.noindex/alarmo.build/Debug-iphonesimulator/AlarmoShieldUI.build/AlarmoShieldUI-own-target-headers.hmap -Xcc -I/Users/rukesh/Library/Developer/Xcode/DerivedData/alarmo-ceckqxjdtadmywhgpijqujqnffnr/Build/Intermediates.noindex/alarmo.build/Debug-iphonesimulator/AlarmoShieldUI.build/AlarmoShieldUI-all-target-headers.hmap -Xcc -iquote -Xcc /Users/rukesh/Library/Developer/Xcode/DerivedData/alarmo-ceckqxjdtadmywhgpijqujqnffnr/Build/Intermediates.noindex/alarmo.build/Debug-iphonesimulator/AlarmoShieldUI.build/AlarmoShieldUI-project-headers.hmap -Xcc -I/Users/rukesh/Library/Developer/Xcode/DerivedData/alarmo-ceckqxjdtadmywhgpijqujqnffnr/Build/Products/Debug-iphonesimulator/include -Xcc -I/Users/rukesh/Library/Developer/Xcode/DerivedData/alarmo-ceckqxjdtadmywhgpijqujqnffnr/Build/Intermediates.noindex/alarmo.build/Debug-iphonesimulator/AlarmoShieldUI.build/DerivedSources-normal/x86_64 -Xcc -I/Users/rukesh/Library/Developer/Xcode/DerivedData/alarmo-ceckqxjdtadmywhgpijqujqnffnr/Build/Intermediates.noindex/alarmo.build/Debug-iphonesimulator/AlarmoShieldUI.build/DerivedSources/x86_64 -Xcc -I/Users/rukesh/Library/Developer/Xcode/DerivedData/alarmo-ceckqxjdtadmywhgpijqujqnffnr/Build/Intermediates.noindex/alarmo.build/Debug-iphonesimulator/AlarmoShieldUI.build/DerivedSources -Xcc -DDEBUG\=1 -emit-objc-header -emit-objc-header-path /Users/rukesh/Library/Developer/Xcode/DerivedData/alarmo-ceckqxjdtadmywhgpijqujqnffnr/Build/Intermediates.noindex/alarmo.build/Debug-iphonesimulator/AlarmoShieldUI.build/Objects-normal/x86_64/AlarmoShieldUI-Swift.h -working-directory /Users/rukesh/Documents/projects/alarmo/alarmo -experimental-emit-module-separately -disable-cmo

SwiftDriverJobDiscovery normal arm64 Compiling ShieldConfigurationExtension.swift (in target 'AlarmoShieldUI' from project 'alarmo')

SwiftDriver\ Compilation AlarmoShieldUI normal arm64 com.apple.xcode.tools.swift.compiler (in target 'AlarmoShieldUI' from project 'alarmo')
    cd /Users/rukesh/Documents/projects/alarmo/alarmo
    builtin-Swift-Compilation -- /Applications/Xcode.app/Contents/Developer/Toolchains/XcodeDefault.xctoolchain/usr/bin/swiftc -module-name AlarmoShieldUI -Onone -enforce-exclusivity\=checked @/Users/rukesh/Library/Developer/Xcode/DerivedData/alarmo-ceckqxjdtadmywhgpijqujqnffnr/Build/Intermediates.noindex/alarmo.build/Debug-iphonesimulator/AlarmoShieldUI.build/Objects-normal/arm64/AlarmoShieldUI.SwiftFileList -DDEBUG -enable-bare-slash-regex -enable-experimental-feature DebugDescriptionMacro -sdk /Applications/Xcode.app/Contents/Developer/Platforms/iPhoneSimulator.platform/Developer/SDKs/iPhoneSimulator26.2.sdk -target arm64-apple-ios17.0-simulator -g -module-cache-path /Users/rukesh/Library/Developer/Xcode/DerivedData/ModuleCache.noindex -Xfrontend -serialize-debugging-options -application-extension -profile-coverage-mapping -profile-generate -enable-testing -index-store-path /Users/rukesh/Library/Developer/Xcode/DerivedData/alarmo-ceckqxjdtadmywhgpijqujqnffnr/Index.noindex/DataStore -Xcc -D_LIBCPP_HARDENING_MODE\=_LIBCPP_HARDENING_MODE_DEBUG -swift-version 5 -I /Users/rukesh/Library/Developer/Xcode/DerivedData/alarmo-ceckqxjdtadmywhgpijqujqnffnr/Build/Products/Debug-iphonesimulator -F /Users/rukesh/Library/Developer/Xcode/DerivedData/alarmo-ceckqxjdtadmywhgpijqujqnffnr/Build/Products/Debug-iphonesimulator -parse-as-library -c -j14 -enable-batch-mode -incremental -Xcc -ivfsstatcache -Xcc /Users/rukesh/Library/Developer/Xcode/DerivedData/SDKStatCaches.noindex/iphonesimulator26.2-23C53-3885c01c3e6b6a337905948deab2002e7d00a8b37fbd7999ea79df8ebc024bf0.sdkstatcache -output-file-map /Users/rukesh/Library/Developer/Xcode/DerivedData/alarmo-ceckqxjdtadmywhgpijqujqnffnr/Build/Intermediates.noindex/alarmo.build/Debug-iphonesimulator/AlarmoShieldUI.build/Objects-normal/arm64/AlarmoShieldUI-OutputFileMap.json -use-frontend-parseable-output -save-temps -no-color-diagnostics -explicit-module-build -module-cache-path /Users/rukesh/Library/Developer/Xcode/DerivedData/alarmo-ceckqxjdtadmywhgpijqujqnffnr/Build/Intermediates.noindex/SwiftExplicitPrecompiledModules -clang-scanner-module-cache-path /Users/rukesh/Library/Developer/Xcode/DerivedData/ModuleCache.noindex -sdk-module-cache-path /Users/rukesh/Library/Developer/Xcode/DerivedData/ModuleCache.noindex -serialize-diagnostics -emit-dependencies -emit-module -emit-module-path /Users/rukesh/Library/Developer/Xcode/DerivedData/alarmo-ceckqxjdtadmywhgpijqujqnffnr/Build/Intermediates.noindex/alarmo.build/Debug-iphonesimulator/AlarmoShieldUI.build/Objects-normal/arm64/AlarmoShieldUI.swiftmodule -validate-clang-modules-once -clang-build-session-file /Users/rukesh/Library/Developer/Xcode/DerivedData/ModuleCache.noindex/Session.modulevalidation -Xcc -I/Users/rukesh/Library/Developer/Xcode/DerivedData/alarmo-ceckqxjdtadmywhgpijqujqnffnr/Build/Intermediates.noindex/alarmo.build/Debug-iphonesimulator/AlarmoShieldUI.build/swift-overrides.hmap -emit-const-values -Xfrontend -const-gather-protocols-file -Xfrontend /Users/rukesh/Library/Developer/Xcode/DerivedData/alarmo-ceckqxjdtadmywhgpijqujqnffnr/Build/Intermediates.noindex/alarmo.build/Debug-iphonesimulator/AlarmoShieldUI.build/Objects-normal/arm64/AlarmoShieldUI_const_extract_protocols.json -Xcc -iquote -Xcc /Users/rukesh/Library/Developer/Xcode/DerivedData/alarmo-ceckqxjdtadmywhgpijqujqnffnr/Build/Intermediates.noindex/alarmo.build/Debug-iphonesimulator/AlarmoShieldUI.build/AlarmoShieldUI-generated-files.hmap -Xcc -I/Users/rukesh/Library/Developer/Xcode/DerivedData/alarmo-ceckqxjdtadmywhgpijqujqnffnr/Build/Intermediates.noindex/alarmo.build/Debug-iphonesimulator/AlarmoShieldUI.build/AlarmoShieldUI-own-target-headers.hmap -Xcc -I/Users/rukesh/Library/Developer/Xcode/DerivedData/alarmo-ceckqxjdtadmywhgpijqujqnffnr/Build/Intermediates.noindex/alarmo.build/Debug-iphonesimulator/AlarmoShieldUI.build/AlarmoShieldUI-all-target-headers.hmap -Xcc -iquote -Xcc /Users/rukesh/Library/Developer/Xcode/DerivedData/alarmo-ceckqxjdtadmywhgpijqujqnffnr/Build/Intermediates.noindex/alarmo.build/Debug-iphonesimulator/AlarmoShieldUI.build/AlarmoShieldUI-project-headers.hmap -Xcc -I/Users/rukesh/Library/Developer/Xcode/DerivedData/alarmo-ceckqxjdtadmywhgpijqujqnffnr/Build/Products/Debug-iphonesimulator/include -Xcc -I/Users/rukesh/Library/Developer/Xcode/DerivedData/alarmo-ceckqxjdtadmywhgpijqujqnffnr/Build/Intermediates.noindex/alarmo.build/Debug-iphonesimulator/AlarmoShieldUI.build/DerivedSources-normal/arm64 -Xcc -I/Users/rukesh/Library/Developer/Xcode/DerivedData/alarmo-ceckqxjdtadmywhgpijqujqnffnr/Build/Intermediates.noindex/alarmo.build/Debug-iphonesimulator/AlarmoShieldUI.build/DerivedSources/arm64 -Xcc -I/Users/rukesh/Library/Developer/Xcode/DerivedData/alarmo-ceckqxjdtadmywhgpijqujqnffnr/Build/Intermediates.noindex/alarmo.build/Debug-iphonesimulator/AlarmoShieldUI.build/DerivedSources -Xcc -DDEBUG\=1 -emit-objc-header -emit-objc-header-path /Users/rukesh/Library/Developer/Xcode/DerivedData/alarmo-ceckqxjdtadmywhgpijqujqnffnr/Build/Intermediates.noindex/alarmo.build/Debug-iphonesimulator/AlarmoShieldUI.build/Objects-normal/arm64/AlarmoShieldUI-Swift.h -working-directory /Users/rukesh/Documents/projects/alarmo/alarmo -experimental-emit-module-separately -disable-cmo

Ld /Users/rukesh/Library/Developer/Xcode/DerivedData/alarmo-ceckqxjdtadmywhgpijqujqnffnr/Build/Intermediates.noindex/alarmo.build/Debug-iphonesimulator/AlarmoShieldUI.build/Objects-normal/x86_64/Binary/AlarmoShieldUI.debug.dylib normal x86_64 (in target 'AlarmoShieldUI' from project 'alarmo')
    cd /Users/rukesh/Documents/projects/alarmo/alarmo
    /Applications/Xcode.app/Contents/Developer/Toolchains/XcodeDefault.xctoolchain/usr/bin/clang -Xlinker -reproducible -target x86_64-apple-ios17.0-simulator -dynamiclib -isysroot /Applications/Xcode.app/Contents/Developer/Platforms/iPhoneSimulator.platform/Developer/SDKs/iPhoneSimulator26.2.sdk -O0 -L/Users/rukesh/Library/Developer/Xcode/DerivedData/alarmo-ceckqxjdtadmywhgpijqujqnffnr/Build/Intermediates.noindex/EagerLinkingTBDs/Debug-iphonesimulator -L/Users/rukesh/Library/Developer/Xcode/DerivedData/alarmo-ceckqxjdtadmywhgpijqujqnffnr/Build/Products/Debug-iphonesimulator -F/Users/rukesh/Library/Developer/Xcode/DerivedData/alarmo-ceckqxjdtadmywhgpijqujqnffnr/Build/Intermediates.noindex/EagerLinkingTBDs/Debug-iphonesimulator -F/Users/rukesh/Library/Developer/Xcode/DerivedData/alarmo-ceckqxjdtadmywhgpijqujqnffnr/Build/Products/Debug-iphonesimulator -filelist /Users/rukesh/Library/Developer/Xcode/DerivedData/alarmo-ceckqxjdtadmywhgpijqujqnffnr/Build/Intermediates.noindex/alarmo.build/Debug-iphonesimulator/AlarmoShieldUI.build/Objects-normal/x86_64/AlarmoShieldUI.LinkFileList -install_name @rpath/AlarmoShieldUI.debug.dylib -Xlinker -rpath -Xlinker /usr/lib/swift -dead_strip -Xlinker -object_path_lto -Xlinker /Users/rukesh/Library/Developer/Xcode/DerivedData/alarmo-ceckqxjdtadmywhgpijqujqnffnr/Build/Intermediates.noindex/alarmo.build/Debug-iphonesimulator/AlarmoShieldUI.build/Objects-normal/x86_64/AlarmoShieldUI_lto.o -rdynamic -Xlinker -no_deduplicate -Xlinker -objc_abi_version -Xlinker 2 -Xlinker -debug_variant -Xlinker -dependency_info -Xlinker /Users/rukesh/Library/Developer/Xcode/DerivedData/alarmo-ceckqxjdtadmywhgpijqujqnffnr/Build/Intermediates.noindex/alarmo.build/Debug-iphonesimulator/AlarmoShieldUI.build/Objects-normal/x86_64/AlarmoShieldUI_dependency_info.dat -fapplication-extension -fobjc-link-runtime -fprofile-instr-generate -L/Applications/Xcode.app/Contents/Developer/Toolchains/XcodeDefault.xctoolchain/usr/lib/swift/iphonesimulator -L/usr/lib/swift -Xlinker -add_ast_path -Xlinker /Users/rukesh/Library/Developer/Xcode/DerivedData/alarmo-ceckqxjdtadmywhgpijqujqnffnr/Build/Intermediates.noindex/alarmo.build/Debug-iphonesimulator/AlarmoShieldUI.build/Objects-normal/x86_64/AlarmoShieldUI.swiftmodule @/Users/rukesh/Library/Developer/Xcode/DerivedData/alarmo-ceckqxjdtadmywhgpijqujqnffnr/Build/Intermediates.noindex/alarmo.build/Debug-iphonesimulator/AlarmoShieldUI.build/Objects-normal/x86_64/AlarmoShieldUI-linker-args.resp -Xlinker -alias -Xlinker _NSExtensionMain -Xlinker ___debug_main_executable_dylib_entry_point -framework Foundation -Xlinker -no_adhoc_codesign -o /Users/rukesh/Library/Developer/Xcode/DerivedData/alarmo-ceckqxjdtadmywhgpijqujqnffnr/Build/Intermediates.noindex/alarmo.build/Debug-iphonesimulator/AlarmoShieldUI.build/Objects-normal/x86_64/Binary/AlarmoShieldUI.debug.dylib

Ld /Users/rukesh/Library/Developer/Xcode/DerivedData/alarmo-ceckqxjdtadmywhgpijqujqnffnr/Build/Intermediates.noindex/alarmo.build/Debug-iphonesimulator/AlarmoShieldUI.build/Objects-normal/arm64/Binary/AlarmoShieldUI.debug.dylib normal arm64 (in target 'AlarmoShieldUI' from project 'alarmo')
    cd /Users/rukesh/Documents/projects/alarmo/alarmo
    /Applications/Xcode.app/Contents/Developer/Toolchains/XcodeDefault.xctoolchain/usr/bin/clang -Xlinker -reproducible -target arm64-apple-ios17.0-simulator -dynamiclib -isysroot /Applications/Xcode.app/Contents/Developer/Platforms/iPhoneSimulator.platform/Developer/SDKs/iPhoneSimulator26.2.sdk -O0 -L/Users/rukesh/Library/Developer/Xcode/DerivedData/alarmo-ceckqxjdtadmywhgpijqujqnffnr/Build/Intermediates.noindex/EagerLinkingTBDs/Debug-iphonesimulator -L/Users/rukesh/Library/Developer/Xcode/DerivedData/alarmo-ceckqxjdtadmywhgpijqujqnffnr/Build/Products/Debug-iphonesimulator -F/Users/rukesh/Library/Developer/Xcode/DerivedData/alarmo-ceckqxjdtadmywhgpijqujqnffnr/Build/Intermediates.noindex/EagerLinkingTBDs/Debug-iphonesimulator -F/Users/rukesh/Library/Developer/Xcode/DerivedData/alarmo-ceckqxjdtadmywhgpijqujqnffnr/Build/Products/Debug-iphonesimulator -filelist /Users/rukesh/Library/Developer/Xcode/DerivedData/alarmo-ceckqxjdtadmywhgpijqujqnffnr/Build/Intermediates.noindex/alarmo.build/Debug-iphonesimulator/AlarmoShieldUI.build/Objects-normal/arm64/AlarmoShieldUI.LinkFileList -install_name @rpath/AlarmoShieldUI.debug.dylib -Xlinker -rpath -Xlinker /usr/lib/swift -dead_strip -Xlinker -object_path_lto -Xlinker /Users/rukesh/Library/Developer/Xcode/DerivedData/alarmo-ceckqxjdtadmywhgpijqujqnffnr/Build/Intermediates.noindex/alarmo.build/Debug-iphonesimulator/AlarmoShieldUI.build/Objects-normal/arm64/AlarmoShieldUI_lto.o -rdynamic -Xlinker -no_deduplicate -Xlinker -objc_abi_version -Xlinker 2 -Xlinker -debug_variant -Xlinker -dependency_info -Xlinker /Users/rukesh/Library/Developer/Xcode/DerivedData/alarmo-ceckqxjdtadmywhgpijqujqnffnr/Build/Intermediates.noindex/alarmo.build/Debug-iphonesimulator/AlarmoShieldUI.build/Objects-normal/arm64/AlarmoShieldUI_dependency_info.dat -fapplication-extension -fobjc-link-runtime -fprofile-instr-generate -L/Applications/Xcode.app/Contents/Developer/Toolchains/XcodeDefault.xctoolchain/usr/lib/swift/iphonesimulator -L/usr/lib/swift -Xlinker -add_ast_path -Xlinker /Users/rukesh/Library/Developer/Xcode/DerivedData/alarmo-ceckqxjdtadmywhgpijqujqnffnr/Build/Intermediates.noindex/alarmo.build/Debug-iphonesimulator/AlarmoShieldUI.build/Objects-normal/arm64/AlarmoShieldUI.swiftmodule @/Users/rukesh/Library/Developer/Xcode/DerivedData/alarmo-ceckqxjdtadmywhgpijqujqnffnr/Build/Intermediates.noindex/alarmo.build/Debug-iphonesimulator/AlarmoShieldUI.build/Objects-normal/arm64/AlarmoShieldUI-linker-args.resp -Xlinker -alias -Xlinker _NSExtensionMain -Xlinker ___debug_main_executable_dylib_entry_point -framework Foundation -Xlinker -no_adhoc_codesign -o /Users/rukesh/Library/Developer/Xcode/DerivedData/alarmo-ceckqxjdtadmywhgpijqujqnffnr/Build/Intermediates.noindex/alarmo.build/Debug-iphonesimulator/AlarmoShieldUI.build/Objects-normal/arm64/Binary/AlarmoShieldUI.debug.dylib

SwiftDriverJobDiscovery normal arm64 Compiling PomoAttributes.swift (in target 'AlarmoWidget' from project 'alarmo')

SwiftDriverJobDiscovery normal x86_64 Compiling PomoAttributes.swift (in target 'AlarmoWidget' from project 'alarmo')

SwiftDriverJobDiscovery normal x86_64 Compiling AlarmoWidgetLiveActivity.swift (in target 'AlarmoWidget' from project 'alarmo')

SwiftDriverJobDiscovery normal arm64 Compiling AlarmoWidgetLiveActivity.swift (in target 'AlarmoWidget' from project 'alarmo')

SwiftDriver\ Compilation AlarmoWidget normal x86_64 com.apple.xcode.tools.swift.compiler (in target 'AlarmoWidget' from project 'alarmo')
    cd /Users/rukesh/Documents/projects/alarmo/alarmo
    builtin-Swift-Compilation -- /Applications/Xcode.app/Contents/Developer/Toolchains/XcodeDefault.xctoolchain/usr/bin/swiftc -module-name AlarmoWidget -Onone -enforce-exclusivity\=checked @/Users/rukesh/Library/Developer/Xcode/DerivedData/alarmo-ceckqxjdtadmywhgpijqujqnffnr/Build/Intermediates.noindex/alarmo.build/Debug-iphonesimulator/AlarmoWidget.build/Objects-normal/x86_64/AlarmoWidget.SwiftFileList -DDEBUG -enable-bare-slash-regex -enable-experimental-feature DebugDescriptionMacro -sdk /Applications/Xcode.app/Contents/Developer/Platforms/iPhoneSimulator.platform/Developer/SDKs/iPhoneSimulator26.2.sdk -target x86_64-apple-ios17.0-simulator -g -module-cache-path /Users/rukesh/Library/Developer/Xcode/DerivedData/ModuleCache.noindex -Xfrontend -serialize-debugging-options -application-extension -profile-coverage-mapping -profile-generate -enable-testing -index-store-path /Users/rukesh/Library/Developer/Xcode/DerivedData/alarmo-ceckqxjdtadmywhgpijqujqnffnr/Index.noindex/DataStore -Xcc -D_LIBCPP_HARDENING_MODE\=_LIBCPP_HARDENING_MODE_DEBUG -swift-version 5 -I /Users/rukesh/Library/Developer/Xcode/DerivedData/alarmo-ceckqxjdtadmywhgpijqujqnffnr/Build/Products/Debug-iphonesimulator -F /Users/rukesh/Library/Developer/Xcode/DerivedData/alarmo-ceckqxjdtadmywhgpijqujqnffnr/Build/Products/Debug-iphonesimulator -c -j14 -enable-batch-mode -incremental -Xcc -ivfsstatcache -Xcc /Users/rukesh/Library/Developer/Xcode/DerivedData/SDKStatCaches.noindex/iphonesimulator26.2-23C53-3885c01c3e6b6a337905948deab2002e7d00a8b37fbd7999ea79df8ebc024bf0.sdkstatcache -output-file-map /Users/rukesh/Library/Developer/Xcode/DerivedData/alarmo-ceckqxjdtadmywhgpijqujqnffnr/Build/Intermediates.noindex/alarmo.build/Debug-iphonesimulator/AlarmoWidget.build/Objects-normal/x86_64/AlarmoWidget-OutputFileMap.json -use-frontend-parseable-output -save-temps -no-color-diagnostics -explicit-module-build -module-cache-path /Users/rukesh/Library/Developer/Xcode/DerivedData/alarmo-ceckqxjdtadmywhgpijqujqnffnr/Build/Intermediates.noindex/SwiftExplicitPrecompiledModules -clang-scanner-module-cache-path /Users/rukesh/Library/Developer/Xcode/DerivedData/ModuleCache.noindex -sdk-module-cache-path /Users/rukesh/Library/Developer/Xcode/DerivedData/ModuleCache.noindex -serialize-diagnostics -emit-dependencies -emit-module -emit-module-path /Users/rukesh/Library/Developer/Xcode/DerivedData/alarmo-ceckqxjdtadmywhgpijqujqnffnr/Build/Intermediates.noindex/alarmo.build/Debug-iphonesimulator/AlarmoWidget.build/Objects-normal/x86_64/AlarmoWidget.swiftmodule -validate-clang-modules-once -clang-build-session-file /Users/rukesh/Library/Developer/Xcode/DerivedData/ModuleCache.noindex/Session.modulevalidation -Xcc -I/Users/rukesh/Library/Developer/Xcode/DerivedData/alarmo-ceckqxjdtadmywhgpijqujqnffnr/Build/Intermediates.noindex/alarmo.build/Debug-iphonesimulator/AlarmoWidget.build/swift-overrides.hmap -emit-const-values -Xfrontend -const-gather-protocols-file -Xfrontend /Users/rukesh/Library/Developer/Xcode/DerivedData/alarmo-ceckqxjdtadmywhgpijqujqnffnr/Build/Intermediates.noindex/alarmo.build/Debug-iphonesimulator/AlarmoWidget.build/Objects-normal/x86_64/AlarmoWidget_const_extract_protocols.json -Xcc -iquote -Xcc /Users/rukesh/Library/Developer/Xcode/DerivedData/alarmo-ceckqxjdtadmywhgpijqujqnffnr/Build/Intermediates.noindex/alarmo.build/Debug-iphonesimulator/AlarmoWidget.build/AlarmoWidget-generated-files.hmap -Xcc -I/Users/rukesh/Library/Developer/Xcode/DerivedData/alarmo-ceckqxjdtadmywhgpijqujqnffnr/Build/Intermediates.noindex/alarmo.build/Debug-iphonesimulator/AlarmoWidget.build/AlarmoWidget-own-target-headers.hmap -Xcc -I/Users/rukesh/Library/Developer/Xcode/DerivedData/alarmo-ceckqxjdtadmywhgpijqujqnffnr/Build/Intermediates.noindex/alarmo.build/Debug-iphonesimulator/AlarmoWidget.build/AlarmoWidget-all-target-headers.hmap -Xcc -iquote -Xcc /Users/rukesh/Library/Developer/Xcode/DerivedData/alarmo-ceckqxjdtadmywhgpijqujqnffnr/Build/Intermediates.noindex/alarmo.build/Debug-iphonesimulator/AlarmoWidget.build/AlarmoWidget-project-headers.hmap -Xcc -I/Users/rukesh/Library/Developer/Xcode/DerivedData/alarmo-ceckqxjdtadmywhgpijqujqnffnr/Build/Products/Debug-iphonesimulator/include -Xcc -I/Users/rukesh/Library/Developer/Xcode/DerivedData/alarmo-ceckqxjdtadmywhgpijqujqnffnr/Build/Intermediates.noindex/alarmo.build/Debug-iphonesimulator/AlarmoWidget.build/DerivedSources-normal/x86_64 -Xcc -I/Users/rukesh/Library/Developer/Xcode/DerivedData/alarmo-ceckqxjdtadmywhgpijqujqnffnr/Build/Intermediates.noindex/alarmo.build/Debug-iphonesimulator/AlarmoWidget.build/DerivedSources/x86_64 -Xcc -I/Users/rukesh/Library/Developer/Xcode/DerivedData/alarmo-ceckqxjdtadmywhgpijqujqnffnr/Build/Intermediates.noindex/alarmo.build/Debug-iphonesimulator/AlarmoWidget.build/DerivedSources -Xcc -DDEBUG\=1 -emit-objc-header -emit-objc-header-path /Users/rukesh/Library/Developer/Xcode/DerivedData/alarmo-ceckqxjdtadmywhgpijqujqnffnr/Build/Intermediates.noindex/alarmo.build/Debug-iphonesimulator/AlarmoWidget.build/Objects-normal/x86_64/AlarmoWidget-Swift.h -working-directory /Users/rukesh/Documents/projects/alarmo/alarmo -experimental-emit-module-separately -disable-cmo

SwiftDriver\ Compilation AlarmoWidget normal arm64 com.apple.xcode.tools.swift.compiler (in target 'AlarmoWidget' from project 'alarmo')
    cd /Users/rukesh/Documents/projects/alarmo/alarmo
    builtin-Swift-Compilation -- /Applications/Xcode.app/Contents/Developer/Toolchains/XcodeDefault.xctoolchain/usr/bin/swiftc -module-name AlarmoWidget -Onone -enforce-exclusivity\=checked @/Users/rukesh/Library/Developer/Xcode/DerivedData/alarmo-ceckqxjdtadmywhgpijqujqnffnr/Build/Intermediates.noindex/alarmo.build/Debug-iphonesimulator/AlarmoWidget.build/Objects-normal/arm64/AlarmoWidget.SwiftFileList -DDEBUG -enable-bare-slash-regex -enable-experimental-feature DebugDescriptionMacro -sdk /Applications/Xcode.app/Contents/Developer/Platforms/iPhoneSimulator.platform/Developer/SDKs/iPhoneSimulator26.2.sdk -target arm64-apple-ios17.0-simulator -g -module-cache-path /Users/rukesh/Library/Developer/Xcode/DerivedData/ModuleCache.noindex -Xfrontend -serialize-debugging-options -application-extension -profile-coverage-mapping -profile-generate -enable-testing -index-store-path /Users/rukesh/Library/Developer/Xcode/DerivedData/alarmo-ceckqxjdtadmywhgpijqujqnffnr/Index.noindex/DataStore -Xcc -D_LIBCPP_HARDENING_MODE\=_LIBCPP_HARDENING_MODE_DEBUG -swift-version 5 -I /Users/rukesh/Library/Developer/Xcode/DerivedData/alarmo-ceckqxjdtadmywhgpijqujqnffnr/Build/Products/Debug-iphonesimulator -F /Users/rukesh/Library/Developer/Xcode/DerivedData/alarmo-ceckqxjdtadmywhgpijqujqnffnr/Build/Products/Debug-iphonesimulator -c -j14 -enable-batch-mode -incremental -Xcc -ivfsstatcache -Xcc /Users/rukesh/Library/Developer/Xcode/DerivedData/SDKStatCaches.noindex/iphonesimulator26.2-23C53-3885c01c3e6b6a337905948deab2002e7d00a8b37fbd7999ea79df8ebc024bf0.sdkstatcache -output-file-map /Users/rukesh/Library/Developer/Xcode/DerivedData/alarmo-ceckqxjdtadmywhgpijqujqnffnr/Build/Intermediates.noindex/alarmo.build/Debug-iphonesimulator/AlarmoWidget.build/Objects-normal/arm64/AlarmoWidget-OutputFileMap.json -use-frontend-parseable-output -save-temps -no-color-diagnostics -explicit-module-build -module-cache-path /Users/rukesh/Library/Developer/Xcode/DerivedData/alarmo-ceckqxjdtadmywhgpijqujqnffnr/Build/Intermediates.noindex/SwiftExplicitPrecompiledModules -clang-scanner-module-cache-path /Users/rukesh/Library/Developer/Xcode/DerivedData/ModuleCache.noindex -sdk-module-cache-path /Users/rukesh/Library/Developer/Xcode/DerivedData/ModuleCache.noindex -serialize-diagnostics -emit-dependencies -emit-module -emit-module-path /Users/rukesh/Library/Developer/Xcode/DerivedData/alarmo-ceckqxjdtadmywhgpijqujqnffnr/Build/Intermediates.noindex/alarmo.build/Debug-iphonesimulator/AlarmoWidget.build/Objects-normal/arm64/AlarmoWidget.swiftmodule -validate-clang-modules-once -clang-build-session-file /Users/rukesh/Library/Developer/Xcode/DerivedData/ModuleCache.noindex/Session.modulevalidation -Xcc -I/Users/rukesh/Library/Developer/Xcode/DerivedData/alarmo-ceckqxjdtadmywhgpijqujqnffnr/Build/Intermediates.noindex/alarmo.build/Debug-iphonesimulator/AlarmoWidget.build/swift-overrides.hmap -emit-const-values -Xfrontend -const-gather-protocols-file -Xfrontend /Users/rukesh/Library/Developer/Xcode/DerivedData/alarmo-ceckqxjdtadmywhgpijqujqnffnr/Build/Intermediates.noindex/alarmo.build/Debug-iphonesimulator/AlarmoWidget.build/Objects-normal/arm64/AlarmoWidget_const_extract_protocols.json -Xcc -iquote -Xcc /Users/rukesh/Library/Developer/Xcode/DerivedData/alarmo-ceckqxjdtadmywhgpijqujqnffnr/Build/Intermediates.noindex/alarmo.build/Debug-iphonesimulator/AlarmoWidget.build/AlarmoWidget-generated-files.hmap -Xcc -I/Users/rukesh/Library/Developer/Xcode/DerivedData/alarmo-ceckqxjdtadmywhgpijqujqnffnr/Build/Intermediates.noindex/alarmo.build/Debug-iphonesimulator/AlarmoWidget.build/AlarmoWidget-own-target-headers.hmap -Xcc -I/Users/rukesh/Library/Developer/Xcode/DerivedData/alarmo-ceckqxjdtadmywhgpijqujqnffnr/Build/Intermediates.noindex/alarmo.build/Debug-iphonesimulator/AlarmoWidget.build/AlarmoWidget-all-target-headers.hmap -Xcc -iquote -Xcc /Users/rukesh/Library/Developer/Xcode/DerivedData/alarmo-ceckqxjdtadmywhgpijqujqnffnr/Build/Intermediates.noindex/alarmo.build/Debug-iphonesimulator/AlarmoWidget.build/AlarmoWidget-project-headers.hmap -Xcc -I/Users/rukesh/Library/Developer/Xcode/DerivedData/alarmo-ceckqxjdtadmywhgpijqujqnffnr/Build/Products/Debug-iphonesimulator/include -Xcc -I/Users/rukesh/Library/Developer/Xcode/DerivedData/alarmo-ceckqxjdtadmywhgpijqujqnffnr/Build/Intermediates.noindex/alarmo.build/Debug-iphonesimulator/AlarmoWidget.build/DerivedSources-normal/arm64 -Xcc -I/Users/rukesh/Library/Developer/Xcode/DerivedData/alarmo-ceckqxjdtadmywhgpijqujqnffnr/Build/Intermediates.noindex/alarmo.build/Debug-iphonesimulator/AlarmoWidget.build/DerivedSources/arm64 -Xcc -I/Users/rukesh/Library/Developer/Xcode/DerivedData/alarmo-ceckqxjdtadmywhgpijqujqnffnr/Build/Intermediates.noindex/alarmo.build/Debug-iphonesimulator/AlarmoWidget.build/DerivedSources -Xcc -DDEBUG\=1 -emit-objc-header -emit-objc-header-path /Users/rukesh/Library/Developer/Xcode/DerivedData/alarmo-ceckqxjdtadmywhgpijqujqnffnr/Build/Intermediates.noindex/alarmo.build/Debug-iphonesimulator/AlarmoWidget.build/Objects-normal/arm64/AlarmoWidget-Swift.h -working-directory /Users/rukesh/Documents/projects/alarmo/alarmo -experimental-emit-module-separately -disable-cmo

Ld /Users/rukesh/Library/Developer/Xcode/DerivedData/alarmo-ceckqxjdtadmywhgpijqujqnffnr/Build/Intermediates.noindex/alarmo.build/Debug-iphonesimulator/AlarmoWidget.build/Objects-normal/x86_64/Binary/AlarmoWidget.debug.dylib normal x86_64 (in target 'AlarmoWidget' from project 'alarmo')
    cd /Users/rukesh/Documents/projects/alarmo/alarmo
    /Applications/Xcode.app/Contents/Developer/Toolchains/XcodeDefault.xctoolchain/usr/bin/clang -Xlinker -reproducible -target x86_64-apple-ios17.0-simulator -dynamiclib -isysroot /Applications/Xcode.app/Contents/Developer/Platforms/iPhoneSimulator.platform/Developer/SDKs/iPhoneSimulator26.2.sdk -O0 -L/Users/rukesh/Library/Developer/Xcode/DerivedData/alarmo-ceckqxjdtadmywhgpijqujqnffnr/Build/Intermediates.noindex/EagerLinkingTBDs/Debug-iphonesimulator -L/Users/rukesh/Library/Developer/Xcode/DerivedData/alarmo-ceckqxjdtadmywhgpijqujqnffnr/Build/Products/Debug-iphonesimulator -F/Users/rukesh/Library/Developer/Xcode/DerivedData/alarmo-ceckqxjdtadmywhgpijqujqnffnr/Build/Intermediates.noindex/EagerLinkingTBDs/Debug-iphonesimulator -F/Users/rukesh/Library/Developer/Xcode/DerivedData/alarmo-ceckqxjdtadmywhgpijqujqnffnr/Build/Products/Debug-iphonesimulator -filelist /Users/rukesh/Library/Developer/Xcode/DerivedData/alarmo-ceckqxjdtadmywhgpijqujqnffnr/Build/Intermediates.noindex/alarmo.build/Debug-iphonesimulator/AlarmoWidget.build/Objects-normal/x86_64/AlarmoWidget.LinkFileList -install_name @rpath/AlarmoWidget.debug.dylib -Xlinker -rpath -Xlinker /usr/lib/swift -dead_strip -Xlinker -object_path_lto -Xlinker /Users/rukesh/Library/Developer/Xcode/DerivedData/alarmo-ceckqxjdtadmywhgpijqujqnffnr/Build/Intermediates.noindex/alarmo.build/Debug-iphonesimulator/AlarmoWidget.build/Objects-normal/x86_64/AlarmoWidget_lto.o -rdynamic -Xlinker -no_deduplicate -Xlinker -objc_abi_version -Xlinker 2 -Xlinker -debug_variant -Xlinker -dependency_info -Xlinker /Users/rukesh/Library/Developer/Xcode/DerivedData/alarmo-ceckqxjdtadmywhgpijqujqnffnr/Build/Intermediates.noindex/alarmo.build/Debug-iphonesimulator/AlarmoWidget.build/Objects-normal/x86_64/AlarmoWidget_dependency_info.dat -fapplication-extension -fobjc-link-runtime -fprofile-instr-generate -L/Applications/Xcode.app/Contents/Developer/Toolchains/XcodeDefault.xctoolchain/usr/lib/swift/iphonesimulator -L/usr/lib/swift -Xlinker -add_ast_path -Xlinker /Users/rukesh/Library/Developer/Xcode/DerivedData/alarmo-ceckqxjdtadmywhgpijqujqnffnr/Build/Intermediates.noindex/alarmo.build/Debug-iphonesimulator/AlarmoWidget.build/Objects-normal/x86_64/AlarmoWidget.swiftmodule @/Users/rukesh/Library/Developer/Xcode/DerivedData/alarmo-ceckqxjdtadmywhgpijqujqnffnr/Build/Intermediates.noindex/alarmo.build/Debug-iphonesimulator/AlarmoWidget.build/Objects-normal/x86_64/AlarmoWidget-linker-args.resp -Xlinker -alias -Xlinker _NSExtensionMain -Xlinker ___debug_main_executable_dylib_entry_point -framework Foundation -Xlinker -no_adhoc_codesign -o /Users/rukesh/Library/Developer/Xcode/DerivedData/alarmo-ceckqxjdtadmywhgpijqujqnffnr/Build/Intermediates.noindex/alarmo.build/Debug-iphonesimulator/AlarmoWidget.build/Objects-normal/x86_64/Binary/AlarmoWidget.debug.dylib

Ld /Users/rukesh/Library/Developer/Xcode/DerivedData/alarmo-ceckqxjdtadmywhgpijqujqnffnr/Build/Intermediates.noindex/alarmo.build/Debug-iphonesimulator/AlarmoWidget.build/Objects-normal/arm64/Binary/AlarmoWidget.debug.dylib normal arm64 (in target 'AlarmoWidget' from project 'alarmo')
    cd /Users/rukesh/Documents/projects/alarmo/alarmo
    /Applications/Xcode.app/Contents/Developer/Toolchains/XcodeDefault.xctoolchain/usr/bin/clang -Xlinker -reproducible -target arm64-apple-ios17.0-simulator -dynamiclib -isysroot /Applications/Xcode.app/Contents/Developer/Platforms/iPhoneSimulator.platform/Developer/SDKs/iPhoneSimulator26.2.sdk -O0 -L/Users/rukesh/Library/Developer/Xcode/DerivedData/alarmo-ceckqxjdtadmywhgpijqujqnffnr/Build/Intermediates.noindex/EagerLinkingTBDs/Debug-iphonesimulator -L/Users/rukesh/Library/Developer/Xcode/DerivedData/alarmo-ceckqxjdtadmywhgpijqujqnffnr/Build/Products/Debug-iphonesimulator -F/Users/rukesh/Library/Developer/Xcode/DerivedData/alarmo-ceckqxjdtadmywhgpijqujqnffnr/Build/Intermediates.noindex/EagerLinkingTBDs/Debug-iphonesimulator -F/Users/rukesh/Library/Developer/Xcode/DerivedData/alarmo-ceckqxjdtadmywhgpijqujqnffnr/Build/Products/Debug-iphonesimulator -filelist /Users/rukesh/Library/Developer/Xcode/DerivedData/alarmo-ceckqxjdtadmywhgpijqujqnffnr/Build/Intermediates.noindex/alarmo.build/Debug-iphonesimulator/AlarmoWidget.build/Objects-normal/arm64/AlarmoWidget.LinkFileList -install_name @rpath/AlarmoWidget.debug.dylib -Xlinker -rpath -Xlinker /usr/lib/swift -dead_strip -Xlinker -object_path_lto -Xlinker /Users/rukesh/Library/Developer/Xcode/DerivedData/alarmo-ceckqxjdtadmywhgpijqujqnffnr/Build/Intermediates.noindex/alarmo.build/Debug-iphonesimulator/AlarmoWidget.build/Objects-normal/arm64/AlarmoWidget_lto.o -rdynamic -Xlinker -no_deduplicate -Xlinker -objc_abi_version -Xlinker 2 -Xlinker -debug_variant -Xlinker -dependency_info -Xlinker /Users/rukesh/Library/Developer/Xcode/DerivedData/alarmo-ceckqxjdtadmywhgpijqujqnffnr/Build/Intermediates.noindex/alarmo.build/Debug-iphonesimulator/AlarmoWidget.build/Objects-normal/arm64/AlarmoWidget_dependency_info.dat -fapplication-extension -fobjc-link-runtime -fprofile-instr-generate -L/Applications/Xcode.app/Contents/Developer/Toolchains/XcodeDefault.xctoolchain/usr/lib/swift/iphonesimulator -L/usr/lib/swift -Xlinker -add_ast_path -Xlinker /Users/rukesh/Library/Developer/Xcode/DerivedData/alarmo-ceckqxjdtadmywhgpijqujqnffnr/Build/Intermediates.noindex/alarmo.build/Debug-iphonesimulator/AlarmoWidget.build/Objects-normal/arm64/AlarmoWidget.swiftmodule @/Users/rukesh/Library/Developer/Xcode/DerivedData/alarmo-ceckqxjdtadmywhgpijqujqnffnr/Build/Intermediates.noindex/alarmo.build/Debug-iphonesimulator/AlarmoWidget.build/Objects-normal/arm64/AlarmoWidget-linker-args.resp -Xlinker -alias -Xlinker _NSExtensionMain -Xlinker ___debug_main_executable_dylib_entry_point -framework Foundation -Xlinker -no_adhoc_codesign -o /Users/rukesh/Library/Developer/Xcode/DerivedData/alarmo-ceckqxjdtadmywhgpijqujqnffnr/Build/Intermediates.noindex/alarmo.build/Debug-iphonesimulator/AlarmoWidget.build/Objects-normal/arm64/Binary/AlarmoWidget.debug.dylib

CreateUniversalBinary /Users/rukesh/Library/Developer/Xcode/DerivedData/alarmo-ceckqxjdtadmywhgpijqujqnffnr/Build/Products/Debug-iphonesimulator/AlarmoShieldUI.appex/AlarmoShieldUI.debug.dylib normal arm64\ x86_64 (in target 'AlarmoShieldUI' from project 'alarmo')
    cd /Users/rukesh/Documents/projects/alarmo/alarmo
    /Applications/Xcode.app/Contents/Developer/Toolchains/XcodeDefault.xctoolchain/usr/bin/lipo -create /Users/rukesh/Library/Developer/Xcode/DerivedData/alarmo-ceckqxjdtadmywhgpijqujqnffnr/Build/Intermediates.noindex/alarmo.build/Debug-iphonesimulator/AlarmoShieldUI.build/Objects-normal/arm64/Binary/AlarmoShieldUI.debug.dylib /Users/rukesh/Library/Developer/Xcode/DerivedData/alarmo-ceckqxjdtadmywhgpijqujqnffnr/Build/Intermediates.noindex/alarmo.build/Debug-iphonesimulator/AlarmoShieldUI.build/Objects-normal/x86_64/Binary/AlarmoShieldUI.debug.dylib -output /Users/rukesh/Library/Developer/Xcode/DerivedData/alarmo-ceckqxjdtadmywhgpijqujqnffnr/Build/Products/Debug-iphonesimulator/AlarmoShieldUI.appex/AlarmoShieldUI.debug.dylib

ConstructStubExecutorLinkFileList /Users/rukesh/Library/Developer/Xcode/DerivedData/alarmo-ceckqxjdtadmywhgpijqujqnffnr/Build/Intermediates.noindex/alarmo.build/Debug-iphonesimulator/AlarmoShieldUI.build/AlarmoShieldUI-ExecutorLinkFileList-normal-x86_64.txt (in target 'AlarmoShieldUI' from project 'alarmo')
    cd /Users/rukesh/Documents/projects/alarmo/alarmo
    construct-stub-executor-link-file-list /Users/rukesh/Library/Developer/Xcode/DerivedData/alarmo-ceckqxjdtadmywhgpijqujqnffnr/Build/Intermediates.noindex/alarmo.build/Debug-iphonesimulator/AlarmoShieldUI.build/Objects-normal/x86_64/Binary/AlarmoShieldUI.debug.dylib /Applications/Xcode.app/Contents/Developer/Platforms/iPhoneSimulator.platform/Developer/usr/lib/libPreviewsJITStubExecutor_no_swift_entry_point.a /Applications/Xcode.app/Contents/Developer/Platforms/iPhoneSimulator.platform/Developer/usr/lib/libPreviewsJITStubExecutor.a --output /Users/rukesh/Library/Developer/Xcode/DerivedData/alarmo-ceckqxjdtadmywhgpijqujqnffnr/Build/Intermediates.noindex/alarmo.build/Debug-iphonesimulator/AlarmoShieldUI.build/AlarmoShieldUI-ExecutorLinkFileList-normal-x86_64.txt
note: Using stub executor library without Swift entry point. (in target 'AlarmoShieldUI' from project 'alarmo')

ConstructStubExecutorLinkFileList /Users/rukesh/Library/Developer/Xcode/DerivedData/alarmo-ceckqxjdtadmywhgpijqujqnffnr/Build/Intermediates.noindex/alarmo.build/Debug-iphonesimulator/AlarmoShieldUI.build/AlarmoShieldUI-ExecutorLinkFileList-normal-arm64.txt (in target 'AlarmoShieldUI' from project 'alarmo')
    cd /Users/rukesh/Documents/projects/alarmo/alarmo
    construct-stub-executor-link-file-list /Users/rukesh/Library/Developer/Xcode/DerivedData/alarmo-ceckqxjdtadmywhgpijqujqnffnr/Build/Intermediates.noindex/alarmo.build/Debug-iphonesimulator/AlarmoShieldUI.build/Objects-normal/arm64/Binary/AlarmoShieldUI.debug.dylib /Applications/Xcode.app/Contents/Developer/Platforms/iPhoneSimulator.platform/Developer/usr/lib/libPreviewsJITStubExecutor_no_swift_entry_point.a /Applications/Xcode.app/Contents/Developer/Platforms/iPhoneSimulator.platform/Developer/usr/lib/libPreviewsJITStubExecutor.a --output /Users/rukesh/Library/Developer/Xcode/DerivedData/alarmo-ceckqxjdtadmywhgpijqujqnffnr/Build/Intermediates.noindex/alarmo.build/Debug-iphonesimulator/AlarmoShieldUI.build/AlarmoShieldUI-ExecutorLinkFileList-normal-arm64.txt
note: Using stub executor library without Swift entry point. (in target 'AlarmoShieldUI' from project 'alarmo')

Ld /Users/rukesh/Library/Developer/Xcode/DerivedData/alarmo-ceckqxjdtadmywhgpijqujqnffnr/Build/Intermediates.noindex/alarmo.build/Debug-iphonesimulator/AlarmoShieldUI.build/Objects-normal/x86_64/Binary/AlarmoShieldUI normal x86_64 (in target 'AlarmoShieldUI' from project 'alarmo')
    cd /Users/rukesh/Documents/projects/alarmo/alarmo
    /Applications/Xcode.app/Contents/Developer/Toolchains/XcodeDefault.xctoolchain/usr/bin/clang -Xlinker -reproducible -target x86_64-apple-ios17.0-simulator -isysroot /Applications/Xcode.app/Contents/Developer/Platforms/iPhoneSimulator.platform/Developer/SDKs/iPhoneSimulator26.2.sdk -O0 -L/Users/rukesh/Library/Developer/Xcode/DerivedData/alarmo-ceckqxjdtadmywhgpijqujqnffnr/Build/Products/Debug-iphonesimulator -F/Users/rukesh/Library/Developer/Xcode/DerivedData/alarmo-ceckqxjdtadmywhgpijqujqnffnr/Build/Products/Debug-iphonesimulator -Xlinker -rpath -Xlinker @executable_path -rdynamic -Xlinker -no_deduplicate -Xlinker -objc_abi_version -Xlinker 2 -Xlinker -debug_variant -e ___debug_blank_executor_main -Xlinker -sectcreate -Xlinker __TEXT -Xlinker __debug_dylib -Xlinker /Users/rukesh/Library/Developer/Xcode/DerivedData/alarmo-ceckqxjdtadmywhgpijqujqnffnr/Build/Intermediates.noindex/alarmo.build/Debug-iphonesimulator/AlarmoShieldUI.build/AlarmoShieldUI-DebugDylibPath-normal-x86_64.txt -Xlinker -sectcreate -Xlinker __TEXT -Xlinker __debug_entry -Xlinker /Users/rukesh/Library/Developer/Xcode/DerivedData/alarmo-ceckqxjdtadmywhgpijqujqnffnr/Build/Intermediates.noindex/alarmo.build/Debug-iphonesimulator/AlarmoShieldUI.build/AlarmoShieldUI-DebugEntryPoint-normal-x86_64.txt -Xlinker -sectcreate -Xlinker __TEXT -Xlinker __debug_instlnm -Xlinker /Users/rukesh/Library/Developer/Xcode/DerivedData/alarmo-ceckqxjdtadmywhgpijqujqnffnr/Build/Intermediates.noindex/alarmo.build/Debug-iphonesimulator/AlarmoShieldUI.build/AlarmoShieldUI-DebugDylibInstallName-normal-x86_64.txt -Xlinker -filelist -Xlinker /Users/rukesh/Library/Developer/Xcode/DerivedData/alarmo-ceckqxjdtadmywhgpijqujqnffnr/Build/Intermediates.noindex/alarmo.build/Debug-iphonesimulator/AlarmoShieldUI.build/AlarmoShieldUI-ExecutorLinkFileList-normal-x86_64.txt -Xlinker -sectcreate -Xlinker __TEXT -Xlinker __entitlements -Xlinker /Users/rukesh/Library/Developer/Xcode/DerivedData/alarmo-ceckqxjdtadmywhgpijqujqnffnr/Build/Intermediates.noindex/alarmo.build/Debug-iphonesimulator/AlarmoShieldUI.build/AlarmoShieldUI.appex-Simulated.xcent -Xlinker -sectcreate -Xlinker __TEXT -Xlinker __ents_der -Xlinker /Users/rukesh/Library/Developer/Xcode/DerivedData/alarmo-ceckqxjdtadmywhgpijqujqnffnr/Build/Intermediates.noindex/alarmo.build/Debug-iphonesimulator/AlarmoShieldUI.build/AlarmoShieldUI.appex-Simulated.xcent.der /Users/rukesh/Library/Developer/Xcode/DerivedData/alarmo-ceckqxjdtadmywhgpijqujqnffnr/Build/Intermediates.noindex/alarmo.build/Debug-iphonesimulator/AlarmoShieldUI.build/Objects-normal/x86_64/Binary/AlarmoShieldUI.debug.dylib -Xlinker -no_adhoc_codesign -o /Users/rukesh/Library/Developer/Xcode/DerivedData/alarmo-ceckqxjdtadmywhgpijqujqnffnr/Build/Intermediates.noindex/alarmo.build/Debug-iphonesimulator/AlarmoShieldUI.build/Objects-normal/x86_64/Binary/AlarmoShieldUI

Ld /Users/rukesh/Library/Developer/Xcode/DerivedData/alarmo-ceckqxjdtadmywhgpijqujqnffnr/Build/Intermediates.noindex/alarmo.build/Debug-iphonesimulator/AlarmoShieldUI.build/Objects-normal/arm64/Binary/AlarmoShieldUI normal arm64 (in target 'AlarmoShieldUI' from project 'alarmo')
    cd /Users/rukesh/Documents/projects/alarmo/alarmo
    /Applications/Xcode.app/Contents/Developer/Toolchains/XcodeDefault.xctoolchain/usr/bin/clang -Xlinker -reproducible -target arm64-apple-ios17.0-simulator -isysroot /Applications/Xcode.app/Contents/Developer/Platforms/iPhoneSimulator.platform/Developer/SDKs/iPhoneSimulator26.2.sdk -O0 -L/Users/rukesh/Library/Developer/Xcode/DerivedData/alarmo-ceckqxjdtadmywhgpijqujqnffnr/Build/Products/Debug-iphonesimulator -F/Users/rukesh/Library/Developer/Xcode/DerivedData/alarmo-ceckqxjdtadmywhgpijqujqnffnr/Build/Products/Debug-iphonesimulator -Xlinker -rpath -Xlinker @executable_path -rdynamic -Xlinker -no_deduplicate -Xlinker -objc_abi_version -Xlinker 2 -Xlinker -debug_variant -e ___debug_blank_executor_main -Xlinker -sectcreate -Xlinker __TEXT -Xlinker __debug_dylib -Xlinker /Users/rukesh/Library/Developer/Xcode/DerivedData/alarmo-ceckqxjdtadmywhgpijqujqnffnr/Build/Intermediates.noindex/alarmo.build/Debug-iphonesimulator/AlarmoShieldUI.build/AlarmoShieldUI-DebugDylibPath-normal-arm64.txt -Xlinker -sectcreate -Xlinker __TEXT -Xlinker __debug_entry -Xlinker /Users/rukesh/Library/Developer/Xcode/DerivedData/alarmo-ceckqxjdtadmywhgpijqujqnffnr/Build/Intermediates.noindex/alarmo.build/Debug-iphonesimulator/AlarmoShieldUI.build/AlarmoShieldUI-DebugEntryPoint-normal-arm64.txt -Xlinker -sectcreate -Xlinker __TEXT -Xlinker __debug_instlnm -Xlinker /Users/rukesh/Library/Developer/Xcode/DerivedData/alarmo-ceckqxjdtadmywhgpijqujqnffnr/Build/Intermediates.noindex/alarmo.build/Debug-iphonesimulator/AlarmoShieldUI.build/AlarmoShieldUI-DebugDylibInstallName-normal-arm64.txt -Xlinker -filelist -Xlinker /Users/rukesh/Library/Developer/Xcode/DerivedData/alarmo-ceckqxjdtadmywhgpijqujqnffnr/Build/Intermediates.noindex/alarmo.build/Debug-iphonesimulator/AlarmoShieldUI.build/AlarmoShieldUI-ExecutorLinkFileList-normal-arm64.txt -Xlinker -sectcreate -Xlinker __TEXT -Xlinker __entitlements -Xlinker /Users/rukesh/Library/Developer/Xcode/DerivedData/alarmo-ceckqxjdtadmywhgpijqujqnffnr/Build/Intermediates.noindex/alarmo.build/Debug-iphonesimulator/AlarmoShieldUI.build/AlarmoShieldUI.appex-Simulated.xcent -Xlinker -sectcreate -Xlinker __TEXT -Xlinker __ents_der -Xlinker /Users/rukesh/Library/Developer/Xcode/DerivedData/alarmo-ceckqxjdtadmywhgpijqujqnffnr/Build/Intermediates.noindex/alarmo.build/Debug-iphonesimulator/AlarmoShieldUI.build/AlarmoShieldUI.appex-Simulated.xcent.der /Users/rukesh/Library/Developer/Xcode/DerivedData/alarmo-ceckqxjdtadmywhgpijqujqnffnr/Build/Intermediates.noindex/alarmo.build/Debug-iphonesimulator/AlarmoShieldUI.build/Objects-normal/arm64/Binary/AlarmoShieldUI.debug.dylib -Xlinker -no_adhoc_codesign -o /Users/rukesh/Library/Developer/Xcode/DerivedData/alarmo-ceckqxjdtadmywhgpijqujqnffnr/Build/Intermediates.noindex/alarmo.build/Debug-iphonesimulator/AlarmoShieldUI.build/Objects-normal/arm64/Binary/AlarmoShieldUI

CreateUniversalBinary /Users/rukesh/Library/Developer/Xcode/DerivedData/alarmo-ceckqxjdtadmywhgpijqujqnffnr/Build/Products/Debug-iphonesimulator/AlarmoShieldUI.appex/AlarmoShieldUI normal arm64\ x86_64 (in target 'AlarmoShieldUI' from project 'alarmo')
    cd /Users/rukesh/Documents/projects/alarmo/alarmo
    /Applications/Xcode.app/Contents/Developer/Toolchains/XcodeDefault.xctoolchain/usr/bin/lipo -create /Users/rukesh/Library/Developer/Xcode/DerivedData/alarmo-ceckqxjdtadmywhgpijqujqnffnr/Build/Intermediates.noindex/alarmo.build/Debug-iphonesimulator/AlarmoShieldUI.build/Objects-normal/arm64/Binary/AlarmoShieldUI /Users/rukesh/Library/Developer/Xcode/DerivedData/alarmo-ceckqxjdtadmywhgpijqujqnffnr/Build/Intermediates.noindex/alarmo.build/Debug-iphonesimulator/AlarmoShieldUI.build/Objects-normal/x86_64/Binary/AlarmoShieldUI -output /Users/rukesh/Library/Developer/Xcode/DerivedData/alarmo-ceckqxjdtadmywhgpijqujqnffnr/Build/Products/Debug-iphonesimulator/AlarmoShieldUI.appex/AlarmoShieldUI

ExtractAppIntentsMetadata (in target 'AlarmoShieldUI' from project 'alarmo')
    cd /Users/rukesh/Documents/projects/alarmo/alarmo
    /Applications/Xcode.app/Contents/Developer/Toolchains/XcodeDefault.xctoolchain/usr/bin/appintentsmetadataprocessor --toolchain-dir /var/run/com.apple.security.cryptexd/mnt/com.apple.MobileAsset.MetalToolchain-v17.3.48.0.Qfs0Sy/Metal.xctoolchain --module-name AlarmoShieldUI --sdk-root /Applications/Xcode.app/Contents/Developer/Platforms/iPhoneSimulator.platform/Developer/SDKs/iPhoneSimulator26.2.sdk --xcode-version 17C52 --platform-family iOS --deployment-target 17.0 --bundle-identifier ht.alarmo.AlarmoShieldUI --output /Users/rukesh/Library/Developer/Xcode/DerivedData/alarmo-ceckqxjdtadmywhgpijqujqnffnr/Build/Products/Debug-iphonesimulator/AlarmoShieldUI.appex --target-triple arm64-apple-ios17.0-simulator --target-triple x86_64-apple-ios17.0-simulator --binary-file /Users/rukesh/Library/Developer/Xcode/DerivedData/alarmo-ceckqxjdtadmywhgpijqujqnffnr/Build/Products/Debug-iphonesimulator/AlarmoShieldUI.appex/AlarmoShieldUI --dependency-file /Users/rukesh/Library/Developer/Xcode/DerivedData/alarmo-ceckqxjdtadmywhgpijqujqnffnr/Build/Intermediates.noindex/alarmo.build/Debug-iphonesimulator/AlarmoShieldUI.build/Objects-normal/arm64/AlarmoShieldUI_dependency_info.dat --dependency-file /Users/rukesh/Library/Developer/Xcode/DerivedData/alarmo-ceckqxjdtadmywhgpijqujqnffnr/Build/Intermediates.noindex/alarmo.build/Debug-iphonesimulator/AlarmoShieldUI.build/Objects-normal/x86_64/AlarmoShieldUI_dependency_info.dat --stringsdata-file /Users/rukesh/Library/Developer/Xcode/DerivedData/alarmo-ceckqxjdtadmywhgpijqujqnffnr/Build/Intermediates.noindex/alarmo.build/Debug-iphonesimulator/AlarmoShieldUI.build/Objects-normal/arm64/ExtractedAppShortcutsMetadata.stringsdata --stringsdata-file /Users/rukesh/Library/Developer/Xcode/DerivedData/alarmo-ceckqxjdtadmywhgpijqujqnffnr/Build/Intermediates.noindex/alarmo.build/Debug-iphonesimulator/AlarmoShieldUI.build/Objects-normal/x86_64/ExtractedAppShortcutsMetadata.stringsdata --source-file-list /Users/rukesh/Library/Developer/Xcode/DerivedData/alarmo-ceckqxjdtadmywhgpijqujqnffnr/Build/Intermediates.noindex/alarmo.build/Debug-iphonesimulator/AlarmoShieldUI.build/Objects-normal/arm64/AlarmoShieldUI.SwiftFileList --source-file-list /Users/rukesh/Library/Developer/Xcode/DerivedData/alarmo-ceckqxjdtadmywhgpijqujqnffnr/Build/Intermediates.noindex/alarmo.build/Debug-iphonesimulator/AlarmoShieldUI.build/Objects-normal/x86_64/AlarmoShieldUI.SwiftFileList --metadata-file-list /Users/rukesh/Library/Developer/Xcode/DerivedData/alarmo-ceckqxjdtadmywhgpijqujqnffnr/Build/Intermediates.noindex/alarmo.build/Debug-iphonesimulator/AlarmoShieldUI.build/AlarmoShieldUI.DependencyMetadataFileList --static-metadata-file-list /Users/rukesh/Library/Developer/Xcode/DerivedData/alarmo-ceckqxjdtadmywhgpijqujqnffnr/Build/Intermediates.noindex/alarmo.build/Debug-iphonesimulator/AlarmoShieldUI.build/AlarmoShieldUI.DependencyStaticMetadataFileList --swift-const-vals-list /Users/rukesh/Library/Developer/Xcode/DerivedData/alarmo-ceckqxjdtadmywhgpijqujqnffnr/Build/Intermediates.noindex/alarmo.build/Debug-iphonesimulator/AlarmoShieldUI.build/Objects-normal/arm64/AlarmoShieldUI.SwiftConstValuesFileList --swift-const-vals-list /Users/rukesh/Library/Developer/Xcode/DerivedData/alarmo-ceckqxjdtadmywhgpijqujqnffnr/Build/Intermediates.noindex/alarmo.build/Debug-iphonesimulator/AlarmoShieldUI.build/Objects-normal/x86_64/AlarmoShieldUI.SwiftConstValuesFileList --compile-time-extraction --deployment-aware-processing --validate-assistant-intents --no-app-shortcuts-localization
2026-03-01 21:07:55.142 appintentsmetadataprocessor[88037:2000241] Starting appintentsmetadataprocessor export
2026-03-01 21:07:55.145 appintentsmetadataprocessor[88037:2000241] warning: Metadata extraction skipped. No AppIntents.framework dependency found.

AppIntentsSSUTraining (in target 'AlarmoShieldUI' from project 'alarmo')
    cd /Users/rukesh/Documents/projects/alarmo/alarmo
    /Applications/Xcode.app/Contents/Developer/Toolchains/XcodeDefault.xctoolchain/usr/bin/appintentsnltrainingprocessor --infoplist-path /Users/rukesh/Library/Developer/Xcode/DerivedData/alarmo-ceckqxjdtadmywhgpijqujqnffnr/Build/Products/Debug-iphonesimulator/AlarmoShieldUI.appex/Info.plist --temp-dir-path /Users/rukesh/Library/Developer/Xcode/DerivedData/alarmo-ceckqxjdtadmywhgpijqujqnffnr/Build/Intermediates.noindex/alarmo.build/Debug-iphonesimulator/AlarmoShieldUI.build/ssu --bundle-id ht.alarmo.AlarmoShieldUI --product-path /Users/rukesh/Library/Developer/Xcode/DerivedData/alarmo-ceckqxjdtadmywhgpijqujqnffnr/Build/Products/Debug-iphonesimulator/AlarmoShieldUI.appex --extracted-metadata-path /Users/rukesh/Library/Developer/Xcode/DerivedData/alarmo-ceckqxjdtadmywhgpijqujqnffnr/Build/Products/Debug-iphonesimulator/AlarmoShieldUI.appex/Metadata.appintents --metadata-file-list /Users/rukesh/Library/Developer/Xcode/DerivedData/alarmo-ceckqxjdtadmywhgpijqujqnffnr/Build/Intermediates.noindex/alarmo.build/Debug-iphonesimulator/AlarmoShieldUI.build/AlarmoShieldUI.DependencyMetadataFileList --archive-ssu-assets
2026-03-01 21:07:55.195 appintentsnltrainingprocessor[88038:2000256] Parsing options for appintentsnltrainingprocessor
2026-03-01 21:07:55.197 appintentsnltrainingprocessor[88038:2000256] No AppShortcuts found - Skipping.

CodeSign /Users/rukesh/Library/Developer/Xcode/DerivedData/alarmo-ceckqxjdtadmywhgpijqujqnffnr/Build/Products/Debug-iphonesimulator/AlarmoShieldUI.appex/AlarmoShieldUI.debug.dylib (in target 'AlarmoShieldUI' from project 'alarmo')
    cd /Users/rukesh/Documents/projects/alarmo/alarmo
    
    Signing Identity:     "Sign to Run Locally"
    
    /usr/bin/codesign --force --sign - --timestamp\=none --generate-entitlement-der /Users/rukesh/Library/Developer/Xcode/DerivedData/alarmo-ceckqxjdtadmywhgpijqujqnffnr/Build/Products/Debug-iphonesimulator/AlarmoShieldUI.appex/AlarmoShieldUI.debug.dylib

CodeSign /Users/rukesh/Library/Developer/Xcode/DerivedData/alarmo-ceckqxjdtadmywhgpijqujqnffnr/Build/Products/Debug-iphonesimulator/AlarmoShieldUI.appex/__preview.dylib (in target 'AlarmoShieldUI' from project 'alarmo')
    cd /Users/rukesh/Documents/projects/alarmo/alarmo
    
    Signing Identity:     "Sign to Run Locally"
    
    /usr/bin/codesign --force --sign - --timestamp\=none --generate-entitlement-der /Users/rukesh/Library/Developer/Xcode/DerivedData/alarmo-ceckqxjdtadmywhgpijqujqnffnr/Build/Products/Debug-iphonesimulator/AlarmoShieldUI.appex/__preview.dylib

CodeSign /Users/rukesh/Library/Developer/Xcode/DerivedData/alarmo-ceckqxjdtadmywhgpijqujqnffnr/Build/Products/Debug-iphonesimulator/AlarmoShieldUI.appex (in target 'AlarmoShieldUI' from project 'alarmo')
    cd /Users/rukesh/Documents/projects/alarmo/alarmo
    
    Signing Identity:     "Sign to Run Locally"
    
    /usr/bin/codesign --force --sign - --timestamp\=none --generate-entitlement-der /Users/rukesh/Library/Developer/Xcode/DerivedData/alarmo-ceckqxjdtadmywhgpijqujqnffnr/Build/Products/Debug-iphonesimulator/AlarmoShieldUI.appex

RegisterExecutionPolicyException /Users/rukesh/Library/Developer/Xcode/DerivedData/alarmo-ceckqxjdtadmywhgpijqujqnffnr/Build/Products/Debug-iphonesimulator/AlarmoShieldUI.appex (in target 'AlarmoShieldUI' from project 'alarmo')
    cd /Users/rukesh/Documents/projects/alarmo/alarmo
    builtin-RegisterExecutionPolicyException /Users/rukesh/Library/Developer/Xcode/DerivedData/alarmo-ceckqxjdtadmywhgpijqujqnffnr/Build/Products/Debug-iphonesimulator/AlarmoShieldUI.appex

Touch /Users/rukesh/Library/Developer/Xcode/DerivedData/alarmo-ceckqxjdtadmywhgpijqujqnffnr/Build/Products/Debug-iphonesimulator/AlarmoShieldUI.appex (in target 'AlarmoShieldUI' from project 'alarmo')
    cd /Users/rukesh/Documents/projects/alarmo/alarmo
    /usr/bin/touch -c /Users/rukesh/Library/Developer/Xcode/DerivedData/alarmo-ceckqxjdtadmywhgpijqujqnffnr/Build/Products/Debug-iphonesimulator/AlarmoShieldUI.appex

ConstructStubExecutorLinkFileList /Users/rukesh/Library/Developer/Xcode/DerivedData/alarmo-ceckqxjdtadmywhgpijqujqnffnr/Build/Intermediates.noindex/alarmo.build/Debug-iphonesimulator/AlarmoWidget.build/AlarmoWidget-ExecutorLinkFileList-normal-arm64.txt (in target 'AlarmoWidget' from project 'alarmo')
    cd /Users/rukesh/Documents/projects/alarmo/alarmo
    construct-stub-executor-link-file-list /Users/rukesh/Library/Developer/Xcode/DerivedData/alarmo-ceckqxjdtadmywhgpijqujqnffnr/Build/Intermediates.noindex/alarmo.build/Debug-iphonesimulator/AlarmoWidget.build/Objects-normal/arm64/Binary/AlarmoWidget.debug.dylib /Applications/Xcode.app/Contents/Developer/Platforms/iPhoneSimulator.platform/Developer/usr/lib/libPreviewsJITStubExecutor_no_swift_entry_point.a /Applications/Xcode.app/Contents/Developer/Platforms/iPhoneSimulator.platform/Developer/usr/lib/libPreviewsJITStubExecutor.a --output /Users/rukesh/Library/Developer/Xcode/DerivedData/alarmo-ceckqxjdtadmywhgpijqujqnffnr/Build/Intermediates.noindex/alarmo.build/Debug-iphonesimulator/AlarmoWidget.build/AlarmoWidget-ExecutorLinkFileList-normal-arm64.txt
note: Using stub executor library with Swift entry point. (in target 'AlarmoWidget' from project 'alarmo')

Ld /Users/rukesh/Library/Developer/Xcode/DerivedData/alarmo-ceckqxjdtadmywhgpijqujqnffnr/Build/Intermediates.noindex/alarmo.build/Debug-iphonesimulator/AlarmoWidget.build/Objects-normal/arm64/Binary/AlarmoWidget normal arm64 (in target 'AlarmoWidget' from project 'alarmo')
    cd /Users/rukesh/Documents/projects/alarmo/alarmo
    /Applications/Xcode.app/Contents/Developer/Toolchains/XcodeDefault.xctoolchain/usr/bin/clang -Xlinker -reproducible -target arm64-apple-ios17.0-simulator -isysroot /Applications/Xcode.app/Contents/Developer/Platforms/iPhoneSimulator.platform/Developer/SDKs/iPhoneSimulator26.2.sdk -O0 -L/Users/rukesh/Library/Developer/Xcode/DerivedData/alarmo-ceckqxjdtadmywhgpijqujqnffnr/Build/Products/Debug-iphonesimulator -F/Users/rukesh/Library/Developer/Xcode/DerivedData/alarmo-ceckqxjdtadmywhgpijqujqnffnr/Build/Products/Debug-iphonesimulator -Xlinker -rpath -Xlinker @executable_path -rdynamic -Xlinker -no_deduplicate -Xlinker -objc_abi_version -Xlinker 2 -Xlinker -debug_variant -e ___debug_blank_executor_main -Xlinker -sectcreate -Xlinker __TEXT -Xlinker __debug_dylib -Xlinker /Users/rukesh/Library/Developer/Xcode/DerivedData/alarmo-ceckqxjdtadmywhgpijqujqnffnr/Build/Intermediates.noindex/alarmo.build/Debug-iphonesimulator/AlarmoWidget.build/AlarmoWidget-DebugDylibPath-normal-arm64.txt -Xlinker -sectcreate -Xlinker __TEXT -Xlinker __debug_entry -Xlinker /Users/rukesh/Library/Developer/Xcode/DerivedData/alarmo-ceckqxjdtadmywhgpijqujqnffnr/Build/Intermediates.noindex/alarmo.build/Debug-iphonesimulator/AlarmoWidget.build/AlarmoWidget-DebugEntryPoint-normal-arm64.txt -Xlinker -sectcreate -Xlinker __TEXT -Xlinker __debug_instlnm -Xlinker /Users/rukesh/Library/Developer/Xcode/DerivedData/alarmo-ceckqxjdtadmywhgpijqujqnffnr/Build/Intermediates.noindex/alarmo.build/Debug-iphonesimulator/AlarmoWidget.build/AlarmoWidget-DebugDylibInstallName-normal-arm64.txt -Xlinker -filelist -Xlinker /Users/rukesh/Library/Developer/Xcode/DerivedData/alarmo-ceckqxjdtadmywhgpijqujqnffnr/Build/Intermediates.noindex/alarmo.build/Debug-iphonesimulator/AlarmoWidget.build/AlarmoWidget-ExecutorLinkFileList-normal-arm64.txt -Xlinker -sectcreate -Xlinker __TEXT -Xlinker __entitlements -Xlinker /Users/rukesh/Library/Developer/Xcode/DerivedData/alarmo-ceckqxjdtadmywhgpijqujqnffnr/Build/Intermediates.noindex/alarmo.build/Debug-iphonesimulator/AlarmoWidget.build/AlarmoWidget.appex-Simulated.xcent -Xlinker -sectcreate -Xlinker __TEXT -Xlinker __ents_der -Xlinker /Users/rukesh/Library/Developer/Xcode/DerivedData/alarmo-ceckqxjdtadmywhgpijqujqnffnr/Build/Intermediates.noindex/alarmo.build/Debug-iphonesimulator/AlarmoWidget.build/AlarmoWidget.appex-Simulated.xcent.der /Users/rukesh/Library/Developer/Xcode/DerivedData/alarmo-ceckqxjdtadmywhgpijqujqnffnr/Build/Intermediates.noindex/alarmo.build/Debug-iphonesimulator/AlarmoWidget.build/Objects-normal/arm64/Binary/AlarmoWidget.debug.dylib -Xlinker -no_adhoc_codesign -o /Users/rukesh/Library/Developer/Xcode/DerivedData/alarmo-ceckqxjdtadmywhgpijqujqnffnr/Build/Intermediates.noindex/alarmo.build/Debug-iphonesimulator/AlarmoWidget.build/Objects-normal/arm64/Binary/AlarmoWidget

CreateUniversalBinary /Users/rukesh/Library/Developer/Xcode/DerivedData/alarmo-ceckqxjdtadmywhgpijqujqnffnr/Build/Products/Debug-iphonesimulator/AlarmoWidget.appex/AlarmoWidget.debug.dylib normal arm64\ x86_64 (in target 'AlarmoWidget' from project 'alarmo')
    cd /Users/rukesh/Documents/projects/alarmo/alarmo
    /Applications/Xcode.app/Contents/Developer/Toolchains/XcodeDefault.xctoolchain/usr/bin/lipo -create /Users/rukesh/Library/Developer/Xcode/DerivedData/alarmo-ceckqxjdtadmywhgpijqujqnffnr/Build/Intermediates.noindex/alarmo.build/Debug-iphonesimulator/AlarmoWidget.build/Objects-normal/arm64/Binary/AlarmoWidget.debug.dylib /Users/rukesh/Library/Developer/Xcode/DerivedData/alarmo-ceckqxjdtadmywhgpijqujqnffnr/Build/Intermediates.noindex/alarmo.build/Debug-iphonesimulator/AlarmoWidget.build/Objects-normal/x86_64/Binary/AlarmoWidget.debug.dylib -output /Users/rukesh/Library/Developer/Xcode/DerivedData/alarmo-ceckqxjdtadmywhgpijqujqnffnr/Build/Products/Debug-iphonesimulator/AlarmoWidget.appex/AlarmoWidget.debug.dylib

ConstructStubExecutorLinkFileList /Users/rukesh/Library/Developer/Xcode/DerivedData/alarmo-ceckqxjdtadmywhgpijqujqnffnr/Build/Intermediates.noindex/alarmo.build/Debug-iphonesimulator/AlarmoWidget.build/AlarmoWidget-ExecutorLinkFileList-normal-x86_64.txt (in target 'AlarmoWidget' from project 'alarmo')
    cd /Users/rukesh/Documents/projects/alarmo/alarmo
    construct-stub-executor-link-file-list /Users/rukesh/Library/Developer/Xcode/DerivedData/alarmo-ceckqxjdtadmywhgpijqujqnffnr/Build/Intermediates.noindex/alarmo.build/Debug-iphonesimulator/AlarmoWidget.build/Objects-normal/x86_64/Binary/AlarmoWidget.debug.dylib /Applications/Xcode.app/Contents/Developer/Platforms/iPhoneSimulator.platform/Developer/usr/lib/libPreviewsJITStubExecutor_no_swift_entry_point.a /Applications/Xcode.app/Contents/Developer/Platforms/iPhoneSimulator.platform/Developer/usr/lib/libPreviewsJITStubExecutor.a --output /Users/rukesh/Library/Developer/Xcode/DerivedData/alarmo-ceckqxjdtadmywhgpijqujqnffnr/Build/Intermediates.noindex/alarmo.build/Debug-iphonesimulator/AlarmoWidget.build/AlarmoWidget-ExecutorLinkFileList-normal-x86_64.txt
note: Using stub executor library with Swift entry point. (in target 'AlarmoWidget' from project 'alarmo')

Ld /Users/rukesh/Library/Developer/Xcode/DerivedData/alarmo-ceckqxjdtadmywhgpijqujqnffnr/Build/Intermediates.noindex/alarmo.build/Debug-iphonesimulator/AlarmoWidget.build/Objects-normal/x86_64/Binary/AlarmoWidget normal x86_64 (in target 'AlarmoWidget' from project 'alarmo')
    cd /Users/rukesh/Documents/projects/alarmo/alarmo
    /Applications/Xcode.app/Contents/Developer/Toolchains/XcodeDefault.xctoolchain/usr/bin/clang -Xlinker -reproducible -target x86_64-apple-ios17.0-simulator -isysroot /Applications/Xcode.app/Contents/Developer/Platforms/iPhoneSimulator.platform/Developer/SDKs/iPhoneSimulator26.2.sdk -O0 -L/Users/rukesh/Library/Developer/Xcode/DerivedData/alarmo-ceckqxjdtadmywhgpijqujqnffnr/Build/Products/Debug-iphonesimulator -F/Users/rukesh/Library/Developer/Xcode/DerivedData/alarmo-ceckqxjdtadmywhgpijqujqnffnr/Build/Products/Debug-iphonesimulator -Xlinker -rpath -Xlinker @executable_path -rdynamic -Xlinker -no_deduplicate -Xlinker -objc_abi_version -Xlinker 2 -Xlinker -debug_variant -e ___debug_blank_executor_main -Xlinker -sectcreate -Xlinker __TEXT -Xlinker __debug_dylib -Xlinker /Users/rukesh/Library/Developer/Xcode/DerivedData/alarmo-ceckqxjdtadmywhgpijqujqnffnr/Build/Intermediates.noindex/alarmo.build/Debug-iphonesimulator/AlarmoWidget.build/AlarmoWidget-DebugDylibPath-normal-x86_64.txt -Xlinker -sectcreate -Xlinker __TEXT -Xlinker __debug_entry -Xlinker /Users/rukesh/Library/Developer/Xcode/DerivedData/alarmo-ceckqxjdtadmywhgpijqujqnffnr/Build/Intermediates.noindex/alarmo.build/Debug-iphonesimulator/AlarmoWidget.build/AlarmoWidget-DebugEntryPoint-normal-x86_64.txt -Xlinker -sectcreate -Xlinker __TEXT -Xlinker __debug_instlnm -Xlinker /Users/rukesh/Library/Developer/Xcode/DerivedData/alarmo-ceckqxjdtadmywhgpijqujqnffnr/Build/Intermediates.noindex/alarmo.build/Debug-iphonesimulator/AlarmoWidget.build/AlarmoWidget-DebugDylibInstallName-normal-x86_64.txt -Xlinker -filelist -Xlinker /Users/rukesh/Library/Developer/Xcode/DerivedData/alarmo-ceckqxjdtadmywhgpijqujqnffnr/Build/Intermediates.noindex/alarmo.build/Debug-iphonesimulator/AlarmoWidget.build/AlarmoWidget-ExecutorLinkFileList-normal-x86_64.txt -Xlinker -sectcreate -Xlinker __TEXT -Xlinker __entitlements -Xlinker /Users/rukesh/Library/Developer/Xcode/DerivedData/alarmo-ceckqxjdtadmywhgpijqujqnffnr/Build/Intermediates.noindex/alarmo.build/Debug-iphonesimulator/AlarmoWidget.build/AlarmoWidget.appex-Simulated.xcent -Xlinker -sectcreate -Xlinker __TEXT -Xlinker __ents_der -Xlinker /Users/rukesh/Library/Developer/Xcode/DerivedData/alarmo-ceckqxjdtadmywhgpijqujqnffnr/Build/Intermediates.noindex/alarmo.build/Debug-iphonesimulator/AlarmoWidget.build/AlarmoWidget.appex-Simulated.xcent.der /Users/rukesh/Library/Developer/Xcode/DerivedData/alarmo-ceckqxjdtadmywhgpijqujqnffnr/Build/Intermediates.noindex/alarmo.build/Debug-iphonesimulator/AlarmoWidget.build/Objects-normal/x86_64/Binary/AlarmoWidget.debug.dylib -Xlinker -no_adhoc_codesign -o /Users/rukesh/Library/Developer/Xcode/DerivedData/alarmo-ceckqxjdtadmywhgpijqujqnffnr/Build/Intermediates.noindex/alarmo.build/Debug-iphonesimulator/AlarmoWidget.build/Objects-normal/x86_64/Binary/AlarmoWidget

CreateUniversalBinary /Users/rukesh/Library/Developer/Xcode/DerivedData/alarmo-ceckqxjdtadmywhgpijqujqnffnr/Build/Products/Debug-iphonesimulator/AlarmoWidget.appex/AlarmoWidget normal arm64\ x86_64 (in target 'AlarmoWidget' from project 'alarmo')
    cd /Users/rukesh/Documents/projects/alarmo/alarmo
    /Applications/Xcode.app/Contents/Developer/Toolchains/XcodeDefault.xctoolchain/usr/bin/lipo -create /Users/rukesh/Library/Developer/Xcode/DerivedData/alarmo-ceckqxjdtadmywhgpijqujqnffnr/Build/Intermediates.noindex/alarmo.build/Debug-iphonesimulator/AlarmoWidget.build/Objects-normal/arm64/Binary/AlarmoWidget /Users/rukesh/Library/Developer/Xcode/DerivedData/alarmo-ceckqxjdtadmywhgpijqujqnffnr/Build/Intermediates.noindex/alarmo.build/Debug-iphonesimulator/AlarmoWidget.build/Objects-normal/x86_64/Binary/AlarmoWidget -output /Users/rukesh/Library/Developer/Xcode/DerivedData/alarmo-ceckqxjdtadmywhgpijqujqnffnr/Build/Products/Debug-iphonesimulator/AlarmoWidget.appex/AlarmoWidget

ExtractAppIntentsMetadata (in target 'AlarmoWidget' from project 'alarmo')
    cd /Users/rukesh/Documents/projects/alarmo/alarmo
    /Applications/Xcode.app/Contents/Developer/Toolchains/XcodeDefault.xctoolchain/usr/bin/appintentsmetadataprocessor --toolchain-dir /var/run/com.apple.security.cryptexd/mnt/com.apple.MobileAsset.MetalToolchain-v17.3.48.0.Qfs0Sy/Metal.xctoolchain --module-name AlarmoWidget --sdk-root /Applications/Xcode.app/Contents/Developer/Platforms/iPhoneSimulator.platform/Developer/SDKs/iPhoneSimulator26.2.sdk --xcode-version 17C52 --platform-family iOS --deployment-target 17.0 --bundle-identifier ht.alarmo.AlarmoWidget --output /Users/rukesh/Library/Developer/Xcode/DerivedData/alarmo-ceckqxjdtadmywhgpijqujqnffnr/Build/Products/Debug-iphonesimulator/AlarmoWidget.appex --target-triple arm64-apple-ios17.0-simulator --target-triple x86_64-apple-ios17.0-simulator --binary-file /Users/rukesh/Library/Developer/Xcode/DerivedData/alarmo-ceckqxjdtadmywhgpijqujqnffnr/Build/Products/Debug-iphonesimulator/AlarmoWidget.appex/AlarmoWidget --dependency-file /Users/rukesh/Library/Developer/Xcode/DerivedData/alarmo-ceckqxjdtadmywhgpijqujqnffnr/Build/Intermediates.noindex/alarmo.build/Debug-iphonesimulator/AlarmoWidget.build/Objects-normal/arm64/AlarmoWidget_dependency_info.dat --dependency-file /Users/rukesh/Library/Developer/Xcode/DerivedData/alarmo-ceckqxjdtadmywhgpijqujqnffnr/Build/Intermediates.noindex/alarmo.build/Debug-iphonesimulator/AlarmoWidget.build/Objects-normal/x86_64/AlarmoWidget_dependency_info.dat --stringsdata-file /Users/rukesh/Library/Developer/Xcode/DerivedData/alarmo-ceckqxjdtadmywhgpijqujqnffnr/Build/Intermediates.noindex/alarmo.build/Debug-iphonesimulator/AlarmoWidget.build/Objects-normal/arm64/ExtractedAppShortcutsMetadata.stringsdata --stringsdata-file /Users/rukesh/Library/Developer/Xcode/DerivedData/alarmo-ceckqxjdtadmywhgpijqujqnffnr/Build/Intermediates.noindex/alarmo.build/Debug-iphonesimulator/AlarmoWidget.build/Objects-normal/x86_64/ExtractedAppShortcutsMetadata.stringsdata --source-file-list /Users/rukesh/Library/Developer/Xcode/DerivedData/alarmo-ceckqxjdtadmywhgpijqujqnffnr/Build/Intermediates.noindex/alarmo.build/Debug-iphonesimulator/AlarmoWidget.build/Objects-normal/arm64/AlarmoWidget.SwiftFileList --source-file-list /Users/rukesh/Library/Developer/Xcode/DerivedData/alarmo-ceckqxjdtadmywhgpijqujqnffnr/Build/Intermediates.noindex/alarmo.build/Debug-iphonesimulator/AlarmoWidget.build/Objects-normal/x86_64/AlarmoWidget.SwiftFileList --metadata-file-list /Users/rukesh/Library/Developer/Xcode/DerivedData/alarmo-ceckqxjdtadmywhgpijqujqnffnr/Build/Intermediates.noindex/alarmo.build/Debug-iphonesimulator/AlarmoWidget.build/AlarmoWidget.DependencyMetadataFileList --static-metadata-file-list /Users/rukesh/Library/Developer/Xcode/DerivedData/alarmo-ceckqxjdtadmywhgpijqujqnffnr/Build/Intermediates.noindex/alarmo.build/Debug-iphonesimulator/AlarmoWidget.build/AlarmoWidget.DependencyStaticMetadataFileList --swift-const-vals-list /Users/rukesh/Library/Developer/Xcode/DerivedData/alarmo-ceckqxjdtadmywhgpijqujqnffnr/Build/Intermediates.noindex/alarmo.build/Debug-iphonesimulator/AlarmoWidget.build/Objects-normal/arm64/AlarmoWidget.SwiftConstValuesFileList --swift-const-vals-list /Users/rukesh/Library/Developer/Xcode/DerivedData/alarmo-ceckqxjdtadmywhgpijqujqnffnr/Build/Intermediates.noindex/alarmo.build/Debug-iphonesimulator/AlarmoWidget.build/Objects-normal/x86_64/AlarmoWidget.SwiftConstValuesFileList --compile-time-extraction --deployment-aware-processing --validate-assistant-intents --no-app-shortcuts-localization
2026-03-01 21:07:55.509 appintentsmetadataprocessor[88053:2000343] Starting appintentsmetadataprocessor export
2026-03-01 21:07:55.586 appintentsmetadataprocessor[88053:2000343] Writing Metadata.appintents
2026-03-01 21:07:55.586 appintentsmetadataprocessor[88053:2000343] Metadata root: /Users/rukesh/Library/Developer/Xcode/DerivedData/alarmo-ceckqxjdtadmywhgpijqujqnffnr/Build/Products/Debug-iphonesimulator/AlarmoWidget.appex/Metadata.appintents

AppIntentsSSUTraining (in target 'AlarmoWidget' from project 'alarmo')
    cd /Users/rukesh/Documents/projects/alarmo/alarmo
    /Applications/Xcode.app/Contents/Developer/Toolchains/XcodeDefault.xctoolchain/usr/bin/appintentsnltrainingprocessor --infoplist-path /Users/rukesh/Library/Developer/Xcode/DerivedData/alarmo-ceckqxjdtadmywhgpijqujqnffnr/Build/Products/Debug-iphonesimulator/AlarmoWidget.appex/Info.plist --temp-dir-path /Users/rukesh/Library/Developer/Xcode/DerivedData/alarmo-ceckqxjdtadmywhgpijqujqnffnr/Build/Intermediates.noindex/alarmo.build/Debug-iphonesimulator/AlarmoWidget.build/ssu --bundle-id ht.alarmo.AlarmoWidget --product-path /Users/rukesh/Library/Developer/Xcode/DerivedData/alarmo-ceckqxjdtadmywhgpijqujqnffnr/Build/Products/Debug-iphonesimulator/AlarmoWidget.appex --extracted-metadata-path /Users/rukesh/Library/Developer/Xcode/DerivedData/alarmo-ceckqxjdtadmywhgpijqujqnffnr/Build/Products/Debug-iphonesimulator/AlarmoWidget.appex/Metadata.appintents --metadata-file-list /Users/rukesh/Library/Developer/Xcode/DerivedData/alarmo-ceckqxjdtadmywhgpijqujqnffnr/Build/Intermediates.noindex/alarmo.build/Debug-iphonesimulator/AlarmoWidget.build/AlarmoWidget.DependencyMetadataFileList --archive-ssu-assets
2026-03-01 21:07:55.603 appintentsnltrainingprocessor[88055:2000351] Parsing options for appintentsnltrainingprocessor
2026-03-01 21:07:55.603 appintentsnltrainingprocessor[88055:2000351] Starting AppIntents SSU YAML Generation
2026-03-01 21:07:55.608 appintentsnltrainingprocessor[88055:2000351] No AppShortcuts found - Skipping.

CodeSign /Users/rukesh/Library/Developer/Xcode/DerivedData/alarmo-ceckqxjdtadmywhgpijqujqnffnr/Build/Products/Debug-iphonesimulator/AlarmoWidget.appex/AlarmoWidget.debug.dylib (in target 'AlarmoWidget' from project 'alarmo')
    cd /Users/rukesh/Documents/projects/alarmo/alarmo
    
    Signing Identity:     "Sign to Run Locally"
    
    /usr/bin/codesign --force --sign - --timestamp\=none --generate-entitlement-der /Users/rukesh/Library/Developer/Xcode/DerivedData/alarmo-ceckqxjdtadmywhgpijqujqnffnr/Build/Products/Debug-iphonesimulator/AlarmoWidget.appex/AlarmoWidget.debug.dylib

CodeSign /Users/rukesh/Library/Developer/Xcode/DerivedData/alarmo-ceckqxjdtadmywhgpijqujqnffnr/Build/Products/Debug-iphonesimulator/AlarmoWidget.appex/__preview.dylib (in target 'AlarmoWidget' from project 'alarmo')
    cd /Users/rukesh/Documents/projects/alarmo/alarmo
    
    Signing Identity:     "Sign to Run Locally"
    
    /usr/bin/codesign --force --sign - --timestamp\=none --generate-entitlement-der /Users/rukesh/Library/Developer/Xcode/DerivedData/alarmo-ceckqxjdtadmywhgpijqujqnffnr/Build/Products/Debug-iphonesimulator/AlarmoWidget.appex/__preview.dylib

SwiftCompile normal x86_64 Compiling\ LiveActivityIntents.swift,\ AlarmAppDelegate.swift,\ AlarmoApp.swift,\ AppEnvironment.swift,\ AppRootView.swift,\ Router.swift,\ AppConstants.swift,\ BarcodeScannerService.swift,\ CustomSoundService.swift,\ HealthKitManager.swift,\ SpotifyPlaybackController.swift,\ SpotifyService.swift,\ AppLayout.swift,\ Colors.swift,\ LayoutPreviews.swift,\ Radii.swift,\ Shadows.swift,\ Spacing.swift,\ Typography.swift,\ AlarmEditorComponents.swift,\ BottomSheetContainer.swift,\ Card.swift,\ CustomTabBar.swift /Users/rukesh/Documents/projects/alarmo/alarmo/AlarmoWidget/LiveActivityIntents.swift /Users/rukesh/Documents/projects/alarmo/alarmo/alarmo/App/AlarmAppDelegate.swift /Users/rukesh/Documents/projects/alarmo/alarmo/alarmo/App/AlarmoApp.swift /Users/rukesh/Documents/projects/alarmo/alarmo/alarmo/App/AppEnvironment.swift /Users/rukesh/Documents/projects/alarmo/alarmo/alarmo/App/AppRootView.swift /Users/rukesh/Documents/projects/alarmo/alarmo/alarmo/App/Router.swift /Users/rukesh/Documents/projects/alarmo/alarmo/alarmo/Core/Constants/AppConstants.swift /Users/rukesh/Documents/projects/alarmo/alarmo/alarmo/Core/Services/BarcodeScannerService.swift /Users/rukesh/Documents/projects/alarmo/alarmo/alarmo/Core/Services/CustomSoundService.swift /Users/rukesh/Documents/projects/alarmo/alarmo/alarmo/Core/Services/HealthKitManager.swift /Users/rukesh/Documents/projects/alarmo/alarmo/alarmo/Core/Services/SpotifyPlaybackController.swift /Users/rukesh/Documents/projects/alarmo/alarmo/alarmo/Core/Services/SpotifyService.swift /Users/rukesh/Documents/projects/alarmo/alarmo/alarmo/Core/Theme/AppLayout.swift /Users/rukesh/Documents/projects/alarmo/alarmo/alarmo/Core/Theme/Colors.swift /Users/rukesh/Documents/projects/alarmo/alarmo/alarmo/Core/Theme/LayoutPreviews.swift /Users/rukesh/Documents/projects/alarmo/alarmo/alarmo/Core/Theme/Radii.swift /Users/rukesh/Documents/projects/alarmo/alarmo/alarmo/Core/Theme/Shadows.swift /Users/rukesh/Documents/projects/alarmo/alarmo/alarmo/Core/Theme/Spacing.swift /Users/rukesh/Documents/projects/alarmo/alarmo/alarmo/Core/Theme/Typography.swift /Users/rukesh/Documents/projects/alarmo/alarmo/alarmo/Core/UIComponents/AlarmEditorComponents.swift /Users/rukesh/Documents/projects/alarmo/alarmo/alarmo/Core/UIComponents/BottomSheetContainer.swift /Users/rukesh/Documents/projects/alarmo/alarmo/alarmo/Core/UIComponents/Card.swift /Users/rukesh/Documents/projects/alarmo/alarmo/alarmo/Core/UIComponents/CustomTabBar.swift (in target 'alarmo' from project 'alarmo')

SwiftCompile normal x86_64 /Users/rukesh/Documents/projects/alarmo/alarmo/AlarmoWidget/LiveActivityIntents.swift (in target 'alarmo' from project 'alarmo')
    cd /Users/rukesh/Documents/projects/alarmo/alarmo
    

SwiftCompile normal x86_64 /Users/rukesh/Documents/projects/alarmo/alarmo/alarmo/App/AlarmAppDelegate.swift (in target 'alarmo' from project 'alarmo')
    cd /Users/rukesh/Documents/projects/alarmo/alarmo
    

SwiftCompile normal x86_64 /Users/rukesh/Documents/projects/alarmo/alarmo/alarmo/App/AlarmoApp.swift (in target 'alarmo' from project 'alarmo')
    cd /Users/rukesh/Documents/projects/alarmo/alarmo
    

SwiftCompile normal x86_64 /Users/rukesh/Documents/projects/alarmo/alarmo/alarmo/App/AppEnvironment.swift (in target 'alarmo' from project 'alarmo')
    cd /Users/rukesh/Documents/projects/alarmo/alarmo
    

SwiftCompile normal x86_64 /Users/rukesh/Documents/projects/alarmo/alarmo/alarmo/App/AppRootView.swift (in target 'alarmo' from project 'alarmo')
    cd /Users/rukesh/Documents/projects/alarmo/alarmo
    
/Users/rukesh/Documents/projects/alarmo/alarmo/alarmo/App/AppRootView.swift:79:10: warning: 'onChange(of:perform:)' was deprecated in iOS 17.0: Use `onChange` with a two or zero parameter action closure instead.
        .onChange(of: ringCoordinator.activeAlarm) { newAlarm in
         ^

SwiftCompile normal x86_64 /Users/rukesh/Documents/projects/alarmo/alarmo/alarmo/App/Router.swift (in target 'alarmo' from project 'alarmo')
    cd /Users/rukesh/Documents/projects/alarmo/alarmo
    

SwiftCompile normal x86_64 /Users/rukesh/Documents/projects/alarmo/alarmo/alarmo/Core/Constants/AppConstants.swift (in target 'alarmo' from project 'alarmo')
    cd /Users/rukesh/Documents/projects/alarmo/alarmo
    

SwiftCompile normal x86_64 /Users/rukesh/Documents/projects/alarmo/alarmo/alarmo/Core/Services/BarcodeScannerService.swift (in target 'alarmo' from project 'alarmo')
    cd /Users/rukesh/Documents/projects/alarmo/alarmo
    

SwiftCompile normal x86_64 /Users/rukesh/Documents/projects/alarmo/alarmo/alarmo/Core/Services/CustomSoundService.swift (in target 'alarmo' from project 'alarmo')
    cd /Users/rukesh/Documents/projects/alarmo/alarmo
    

SwiftCompile normal x86_64 /Users/rukesh/Documents/projects/alarmo/alarmo/alarmo/Core/Services/HealthKitManager.swift (in target 'alarmo' from project 'alarmo')
    cd /Users/rukesh/Documents/projects/alarmo/alarmo
    

SwiftCompile normal x86_64 /Users/rukesh/Documents/projects/alarmo/alarmo/alarmo/Core/Services/SpotifyPlaybackController.swift (in target 'alarmo' from project 'alarmo')
    cd /Users/rukesh/Documents/projects/alarmo/alarmo
    

SwiftCompile normal x86_64 /Users/rukesh/Documents/projects/alarmo/alarmo/alarmo/Core/Services/SpotifyService.swift (in target 'alarmo' from project 'alarmo')
    cd /Users/rukesh/Documents/projects/alarmo/alarmo
    

SwiftCompile normal x86_64 /Users/rukesh/Documents/projects/alarmo/alarmo/alarmo/Core/Theme/AppLayout.swift (in target 'alarmo' from project 'alarmo')
    cd /Users/rukesh/Documents/projects/alarmo/alarmo
    

SwiftCompile normal x86_64 /Users/rukesh/Documents/projects/alarmo/alarmo/alarmo/Core/Theme/Colors.swift (in target 'alarmo' from project 'alarmo')
    cd /Users/rukesh/Documents/projects/alarmo/alarmo
    

SwiftCompile normal x86_64 /Users/rukesh/Documents/projects/alarmo/alarmo/alarmo/Core/Theme/LayoutPreviews.swift (in target 'alarmo' from project 'alarmo')
    cd /Users/rukesh/Documents/projects/alarmo/alarmo
    

SwiftCompile normal x86_64 /Users/rukesh/Documents/projects/alarmo/alarmo/alarmo/Core/Theme/Radii.swift (in target 'alarmo' from project 'alarmo')
    cd /Users/rukesh/Documents/projects/alarmo/alarmo
    

SwiftCompile normal x86_64 /Users/rukesh/Documents/projects/alarmo/alarmo/alarmo/Core/Theme/Shadows.swift (in target 'alarmo' from project 'alarmo')
    cd /Users/rukesh/Documents/projects/alarmo/alarmo
    

SwiftCompile normal x86_64 /Users/rukesh/Documents/projects/alarmo/alarmo/alarmo/Core/Theme/Spacing.swift (in target 'alarmo' from project 'alarmo')
    cd /Users/rukesh/Documents/projects/alarmo/alarmo
    

SwiftCompile normal x86_64 /Users/rukesh/Documents/projects/alarmo/alarmo/alarmo/Core/Theme/Typography.swift (in target 'alarmo' from project 'alarmo')
    cd /Users/rukesh/Documents/projects/alarmo/alarmo
    

SwiftCompile normal x86_64 /Users/rukesh/Documents/projects/alarmo/alarmo/alarmo/Core/UIComponents/AlarmEditorComponents.swift (in target 'alarmo' from project 'alarmo')
    cd /Users/rukesh/Documents/projects/alarmo/alarmo
    

SwiftCompile normal x86_64 /Users/rukesh/Documents/projects/alarmo/alarmo/alarmo/Core/UIComponents/BottomSheetContainer.swift (in target 'alarmo' from project 'alarmo')
    cd /Users/rukesh/Documents/projects/alarmo/alarmo
    

SwiftCompile normal x86_64 /Users/rukesh/Documents/projects/alarmo/alarmo/alarmo/Core/UIComponents/Card.swift (in target 'alarmo' from project 'alarmo')
    cd /Users/rukesh/Documents/projects/alarmo/alarmo
    

SwiftCompile normal x86_64 /Users/rukesh/Documents/projects/alarmo/alarmo/alarmo/Core/UIComponents/CustomTabBar.swift (in target 'alarmo' from project 'alarmo')
    cd /Users/rukesh/Documents/projects/alarmo/alarmo
    

SwiftCompile normal x86_64 Compiling\ WallpaperCatalogLoader.swift,\ WallpaperConfig.swift,\ AlarmRepository.swift,\ CatalogRepository.swift,\ SoundCatalogRepository.swift,\ UserSettingsRepository.swift,\ CreateHabitAlarmView.swift,\ CreateHabitAlarmViewModel.swift,\ FindColorTilesMissionView.swift,\ FindColorTilesModels.swift,\ FindColorTilesSettingsView.swift,\ FindColorTilesViewModel.swift,\ MathMissionComponents.swift,\ MathMissionPlayView.swift,\ MathMissionSettingsView.swift,\ MathMissionViewModel.swift,\ MathModels.swift,\ MathProblemGenerator.swift,\ MemoryMatchComponents.swift,\ MemoryMatchEngine.swift,\ MemoryMatchGameView.swift,\ MemoryMatchHighScoresView.swift,\ MemoryMatchModels.swift /Users/rukesh/Documents/projects/alarmo/alarmo/alarmo/Data/Catalog/WallpaperCatalogLoader.swift /Users/rukesh/Documents/projects/alarmo/alarmo/alarmo/Data/Catalog/WallpaperConfig.swift /Users/rukesh/Documents/projects/alarmo/alarmo/alarmo/Data/Repositories/AlarmRepository.swift /Users/rukesh/Documents/projects/alarmo/alarmo/alarmo/Data/Repositories/CatalogRepository.swift /Users/rukesh/Documents/projects/alarmo/alarmo/alarmo/Data/Repositories/SoundCatalogRepository.swift /Users/rukesh/Documents/projects/alarmo/alarmo/alarmo/Data/Repositories/UserSettingsRepository.swift /Users/rukesh/Documents/projects/alarmo/alarmo/alarmo/Features/Alarms/HabitAlarm/CreateHabitAlarmView.swift /Users/rukesh/Documents/projects/alarmo/alarmo/alarmo/Features/Alarms/HabitAlarm/CreateHabitAlarmViewModel.swift /Users/rukesh/Documents/projects/alarmo/alarmo/alarmo/Features/Alarms/Missions/FindColorTiles/FindColorTilesMissionView.swift /Users/rukesh/Documents/projects/alarmo/alarmo/alarmo/Features/Alarms/Missions/FindColorTiles/FindColorTilesModels.swift /Users/rukesh/Documents/projects/alarmo/alarmo/alarmo/Features/Alarms/Missions/FindColorTiles/FindColorTilesSettingsView.swift /Users/rukesh/Documents/projects/alarmo/alarmo/alarmo/Features/Alarms/Missions/FindColorTiles/FindColorTilesViewModel.swift /Users/rukesh/Documents/projects/alarmo/alarmo/alarmo/Features/Alarms/Missions/Math/MathMissionComponents.swift /Users/rukesh/Documents/projects/alarmo/alarmo/alarmo/Features/Alarms/Missions/Math/MathMissionPlayView.swift /Users/rukesh/Documents/projects/alarmo/alarmo/alarmo/Features/Alarms/Missions/Math/MathMissionSettingsView.swift /Users/rukesh/Documents/projects/alarmo/alarmo/alarmo/Features/Alarms/Missions/Math/MathMissionViewModel.swift /Users/rukesh/Documents/projects/alarmo/alarmo/alarmo/Features/Alarms/Missions/Math/MathModels.swift /Users/rukesh/Documents/projects/alarmo/alarmo/alarmo/Features/Alarms/Missions/Math/MathProblemGenerator.swift /Users/rukesh/Documents/projects/alarmo/alarmo/alarmo/Features/Alarms/Missions/MemoryMatch/MemoryMatchComponents.swift /Users/rukesh/Documents/projects/alarmo/alarmo/alarmo/Features/Alarms/Missions/MemoryMatch/MemoryMatchEngine.swift /Users/rukesh/Documents/projects/alarmo/alarmo/alarmo/Features/Alarms/Missions/MemoryMatch/MemoryMatchGameView.swift /Users/rukesh/Documents/projects/alarmo/alarmo/alarmo/Features/Alarms/Missions/MemoryMatch/MemoryMatchHighScoresView.swift /Users/rukesh/Documents/projects/alarmo/alarmo/alarmo/Features/Alarms/Missions/MemoryMatch/MemoryMatchModels.swift (in target 'alarmo' from project 'alarmo')
SwiftCompile normal x86_64 /Users/rukesh/Documents/projects/alarmo/alarmo/alarmo/Data/Catalog/WallpaperCatalogLoader.swift (in target 'alarmo' from project 'alarmo')
    cd /Users/rukesh/Documents/projects/alarmo/alarmo
    

SwiftCompile normal x86_64 /Users/rukesh/Documents/projects/alarmo/alarmo/alarmo/Data/Catalog/WallpaperConfig.swift (in target 'alarmo' from project 'alarmo')
    cd /Users/rukesh/Documents/projects/alarmo/alarmo
    

SwiftCompile normal x86_64 /Users/rukesh/Documents/projects/alarmo/alarmo/alarmo/Data/Repositories/AlarmRepository.swift (in target 'alarmo' from project 'alarmo')
    cd /Users/rukesh/Documents/projects/alarmo/alarmo
    

SwiftCompile normal x86_64 /Users/rukesh/Documents/projects/alarmo/alarmo/alarmo/Data/Repositories/CatalogRepository.swift (in target 'alarmo' from project 'alarmo')
    cd /Users/rukesh/Documents/projects/alarmo/alarmo
    

SwiftCompile normal x86_64 /Users/rukesh/Documents/projects/alarmo/alarmo/alarmo/Data/Repositories/SoundCatalogRepository.swift (in target 'alarmo' from project 'alarmo')
    cd /Users/rukesh/Documents/projects/alarmo/alarmo
    

SwiftCompile normal x86_64 /Users/rukesh/Documents/projects/alarmo/alarmo/alarmo/Data/Repositories/UserSettingsRepository.swift (in target 'alarmo' from project 'alarmo')
    cd /Users/rukesh/Documents/projects/alarmo/alarmo
    

SwiftCompile normal x86_64 /Users/rukesh/Documents/projects/alarmo/alarmo/alarmo/Features/Alarms/HabitAlarm/CreateHabitAlarmView.swift (in target 'alarmo' from project 'alarmo')
    cd /Users/rukesh/Documents/projects/alarmo/alarmo
    

SwiftCompile normal x86_64 /Users/rukesh/Documents/projects/alarmo/alarmo/alarmo/Features/Alarms/HabitAlarm/CreateHabitAlarmViewModel.swift (in target 'alarmo' from project 'alarmo')
    cd /Users/rukesh/Documents/projects/alarmo/alarmo
    

SwiftCompile normal x86_64 /Users/rukesh/Documents/projects/alarmo/alarmo/alarmo/Features/Alarms/Missions/FindColorTiles/FindColorTilesMissionView.swift (in target 'alarmo' from project 'alarmo')
    cd /Users/rukesh/Documents/projects/alarmo/alarmo
    

SwiftCompile normal x86_64 /Users/rukesh/Documents/projects/alarmo/alarmo/alarmo/Features/Alarms/Missions/FindColorTiles/FindColorTilesModels.swift (in target 'alarmo' from project 'alarmo')
    cd /Users/rukesh/Documents/projects/alarmo/alarmo
    

SwiftCompile normal x86_64 /Users/rukesh/Documents/projects/alarmo/alarmo/alarmo/Features/Alarms/Missions/FindColorTiles/FindColorTilesSettingsView.swift (in target 'alarmo' from project 'alarmo')
    cd /Users/rukesh/Documents/projects/alarmo/alarmo
    

SwiftCompile normal x86_64 /Users/rukesh/Documents/projects/alarmo/alarmo/alarmo/Features/Alarms/Missions/FindColorTiles/FindColorTilesViewModel.swift (in target 'alarmo' from project 'alarmo')
    cd /Users/rukesh/Documents/projects/alarmo/alarmo
    

SwiftCompile normal x86_64 /Users/rukesh/Documents/projects/alarmo/alarmo/alarmo/Features/Alarms/Missions/Math/MathMissionComponents.swift (in target 'alarmo' from project 'alarmo')
    cd /Users/rukesh/Documents/projects/alarmo/alarmo
    

SwiftCompile normal x86_64 /Users/rukesh/Documents/projects/alarmo/alarmo/alarmo/Features/Alarms/Missions/Math/MathMissionPlayView.swift (in target 'alarmo' from project 'alarmo')
    cd /Users/rukesh/Documents/projects/alarmo/alarmo
    

SwiftCompile normal x86_64 /Users/rukesh/Documents/projects/alarmo/alarmo/alarmo/Features/Alarms/Missions/Math/MathMissionSettingsView.swift (in target 'alarmo' from project 'alarmo')
    cd /Users/rukesh/Documents/projects/alarmo/alarmo
    

SwiftCompile normal x86_64 /Users/rukesh/Documents/projects/alarmo/alarmo/alarmo/Features/Alarms/Missions/Math/MathMissionViewModel.swift (in target 'alarmo' from project 'alarmo')
    cd /Users/rukesh/Documents/projects/alarmo/alarmo
    

SwiftCompile normal x86_64 /Users/rukesh/Documents/projects/alarmo/alarmo/alarmo/Features/Alarms/Missions/Math/MathModels.swift (in target 'alarmo' from project 'alarmo')
    cd /Users/rukesh/Documents/projects/alarmo/alarmo
    

SwiftCompile normal x86_64 /Users/rukesh/Documents/projects/alarmo/alarmo/alarmo/Features/Alarms/Missions/Math/MathProblemGenerator.swift (in target 'alarmo' from project 'alarmo')
    cd /Users/rukesh/Documents/projects/alarmo/alarmo
    

SwiftCompile normal x86_64 /Users/rukesh/Documents/projects/alarmo/alarmo/alarmo/Features/Alarms/Missions/MemoryMatch/MemoryMatchComponents.swift (in target 'alarmo' from project 'alarmo')
    cd /Users/rukesh/Documents/projects/alarmo/alarmo
    

SwiftCompile normal x86_64 /Users/rukesh/Documents/projects/alarmo/alarmo/alarmo/Features/Alarms/Missions/MemoryMatch/MemoryMatchEngine.swift (in target 'alarmo' from project 'alarmo')
    cd /Users/rukesh/Documents/projects/alarmo/alarmo
    

SwiftCompile normal x86_64 /Users/rukesh/Documents/projects/alarmo/alarmo/alarmo/Features/Alarms/Missions/MemoryMatch/MemoryMatchGameView.swift (in target 'alarmo' from project 'alarmo')
    cd /Users/rukesh/Documents/projects/alarmo/alarmo
    

SwiftCompile normal x86_64 /Users/rukesh/Documents/projects/alarmo/alarmo/alarmo/Features/Alarms/Missions/MemoryMatch/MemoryMatchHighScoresView.swift (in target 'alarmo' from project 'alarmo')
    cd /Users/rukesh/Documents/projects/alarmo/alarmo
    

SwiftCompile normal x86_64 /Users/rukesh/Documents/projects/alarmo/alarmo/alarmo/Features/Alarms/Missions/MemoryMatch/MemoryMatchModels.swift (in target 'alarmo' from project 'alarmo')
    cd /Users/rukesh/Documents/projects/alarmo/alarmo
    

SwiftCompile normal x86_64 Compiling\ DailyInsightCard.swift,\ FocusRow.swift,\ MorningMotivationCard.swift,\ MusicPicker.swift,\ PageDots.swift,\ PressedScaleButtonStyle.swift,\ PrimaryButton.swift,\ ProgressHeader.swift,\ ProgressRing.swift,\ PromoCard.swift,\ SunRayTimePickerView.swift,\ TimeWheelPickerView.swift,\ WaveformAnimation.swift,\ AlarmDebug.swift,\ ClearBackgroundView.swift,\ Haptics.swift,\ Logging.swift,\ TimeFormatters.swift,\ View+CornerRadius.swift,\ CatalogAsset.swift,\ CatalogCategory.swift,\ CatalogLoader.swift,\ SoundConfig.swift /Users/rukesh/Documents/projects/alarmo/alarmo/alarmo/Core/UIComponents/DailyInsightCard.swift /Users/rukesh/Documents/projects/alarmo/alarmo/alarmo/Core/UIComponents/FocusRow.swift /Users/rukesh/Documents/projects/alarmo/alarmo/alarmo/Core/UIComponents/MorningMotivationCard.swift /Users/rukesh/Documents/projects/alarmo/alarmo/alarmo/Core/UIComponents/MusicPicker.swift /Users/rukesh/Documents/projects/alarmo/alarmo/alarmo/Core/UIComponents/PageDots.swift /Users/rukesh/Documents/projects/alarmo/alarmo/alarmo/Core/UIComponents/PressedScaleButtonStyle.swift /Users/rukesh/Documents/projects/alarmo/alarmo/alarmo/Core/UIComponents/PrimaryButton.swift /Users/rukesh/Documents/projects/alarmo/alarmo/alarmo/Core/UIComponents/ProgressHeader.swift /Users/rukesh/Documents/projects/alarmo/alarmo/alarmo/Core/UIComponents/ProgressRing.swift /Users/rukesh/Documents/projects/alarmo/alarmo/alarmo/Core/UIComponents/PromoCard.swift /Users/rukesh/Documents/projects/alarmo/alarmo/alarmo/Core/UIComponents/SunRayTimePickerView.swift /Users/rukesh/Documents/projects/alarmo/alarmo/alarmo/Core/UIComponents/TimeWheelPickerView.swift /Users/rukesh/Documents/projects/alarmo/alarmo/alarmo/Core/UIComponents/WaveformAnimation.swift /Users/rukesh/Documents/projects/alarmo/alarmo/alarmo/Core/Utilities/AlarmDebug.swift /Users/rukesh/Documents/projects/alarmo/alarmo/alarmo/Core/Utilities/ClearBackgroundView.swift /Users/rukesh/Documents/projects/alarmo/alarmo/alarmo/Core/Utilities/Haptics.swift /Users/rukesh/Documents/projects/alarmo/alarmo/alarmo/Core/Utilities/Logging.swift /Users/rukesh/Documents/projects/alarmo/alarmo/alarmo/Core/Utilities/TimeFormatters.swift /Users/rukesh/Documents/projects/alarmo/alarmo/alarmo/Core/Utilities/View+CornerRadius.swift /Users/rukesh/Documents/projects/alarmo/alarmo/alarmo/Data/Catalog/Models/CatalogAsset.swift /Users/rukesh/Documents/projects/alarmo/alarmo/alarmo/Data/Catalog/Models/CatalogCategory.swift /Users/rukesh/Documents/projects/alarmo/alarmo/alarmo/Data/Catalog/CatalogLoader.swift /Users/rukesh/Documents/projects/alarmo/alarmo/alarmo/Data/Catalog/SoundConfig.swift (in target 'alarmo' from project 'alarmo')

SwiftCompile normal x86_64 /Users/rukesh/Documents/projects/alarmo/alarmo/alarmo/Core/UIComponents/DailyInsightCard.swift (in target 'alarmo' from project 'alarmo')
    cd /Users/rukesh/Documents/projects/alarmo/alarmo
    

SwiftCompile normal x86_64 /Users/rukesh/Documents/projects/alarmo/alarmo/alarmo/Core/UIComponents/FocusRow.swift (in target 'alarmo' from project 'alarmo')
    cd /Users/rukesh/Documents/projects/alarmo/alarmo
    

SwiftCompile normal x86_64 /Users/rukesh/Documents/projects/alarmo/alarmo/alarmo/Core/UIComponents/MorningMotivationCard.swift (in target 'alarmo' from project 'alarmo')
    cd /Users/rukesh/Documents/projects/alarmo/alarmo
    

SwiftCompile normal x86_64 /Users/rukesh/Documents/projects/alarmo/alarmo/alarmo/Core/UIComponents/MusicPicker.swift (in target 'alarmo' from project 'alarmo')
    cd /Users/rukesh/Documents/projects/alarmo/alarmo
    

SwiftCompile normal x86_64 /Users/rukesh/Documents/projects/alarmo/alarmo/alarmo/Core/UIComponents/PageDots.swift (in target 'alarmo' from project 'alarmo')
    cd /Users/rukesh/Documents/projects/alarmo/alarmo
    

SwiftCompile normal x86_64 /Users/rukesh/Documents/projects/alarmo/alarmo/alarmo/Core/UIComponents/PressedScaleButtonStyle.swift (in target 'alarmo' from project 'alarmo')
    cd /Users/rukesh/Documents/projects/alarmo/alarmo
    

SwiftCompile normal x86_64 /Users/rukesh/Documents/projects/alarmo/alarmo/alarmo/Core/UIComponents/PrimaryButton.swift (in target 'alarmo' from project 'alarmo')
    cd /Users/rukesh/Documents/projects/alarmo/alarmo
    

SwiftCompile normal x86_64 /Users/rukesh/Documents/projects/alarmo/alarmo/alarmo/Core/UIComponents/ProgressHeader.swift (in target 'alarmo' from project 'alarmo')
    cd /Users/rukesh/Documents/projects/alarmo/alarmo
    

SwiftCompile normal x86_64 /Users/rukesh/Documents/projects/alarmo/alarmo/alarmo/Core/UIComponents/ProgressRing.swift (in target 'alarmo' from project 'alarmo')
    cd /Users/rukesh/Documents/projects/alarmo/alarmo
    

SwiftCompile normal x86_64 /Users/rukesh/Documents/projects/alarmo/alarmo/alarmo/Core/UIComponents/PromoCard.swift (in target 'alarmo' from project 'alarmo')
    cd /Users/rukesh/Documents/projects/alarmo/alarmo
    

SwiftCompile normal x86_64 /Users/rukesh/Documents/projects/alarmo/alarmo/alarmo/Core/UIComponents/SunRayTimePickerView.swift (in target 'alarmo' from project 'alarmo')
    cd /Users/rukesh/Documents/projects/alarmo/alarmo
    

SwiftCompile normal x86_64 /Users/rukesh/Documents/projects/alarmo/alarmo/alarmo/Core/UIComponents/TimeWheelPickerView.swift (in target 'alarmo' from project 'alarmo')
    cd /Users/rukesh/Documents/projects/alarmo/alarmo
    

SwiftCompile normal x86_64 /Users/rukesh/Documents/projects/alarmo/alarmo/alarmo/Core/UIComponents/WaveformAnimation.swift (in target 'alarmo' from project 'alarmo')
    cd /Users/rukesh/Documents/projects/alarmo/alarmo
    

SwiftCompile normal x86_64 /Users/rukesh/Documents/projects/alarmo/alarmo/alarmo/Core/Utilities/AlarmDebug.swift (in target 'alarmo' from project 'alarmo')
    cd /Users/rukesh/Documents/projects/alarmo/alarmo
    

SwiftCompile normal x86_64 /Users/rukesh/Documents/projects/alarmo/alarmo/alarmo/Core/Utilities/ClearBackgroundView.swift (in target 'alarmo' from project 'alarmo')
    cd /Users/rukesh/Documents/projects/alarmo/alarmo
    

SwiftCompile normal x86_64 /Users/rukesh/Documents/projects/alarmo/alarmo/alarmo/Core/Utilities/Haptics.swift (in target 'alarmo' from project 'alarmo')
    cd /Users/rukesh/Documents/projects/alarmo/alarmo
    

SwiftCompile normal x86_64 /Users/rukesh/Documents/projects/alarmo/alarmo/alarmo/Core/Utilities/Logging.swift (in target 'alarmo' from project 'alarmo')
    cd /Users/rukesh/Documents/projects/alarmo/alarmo
    

SwiftCompile normal x86_64 /Users/rukesh/Documents/projects/alarmo/alarmo/alarmo/Core/Utilities/TimeFormatters.swift (in target 'alarmo' from project 'alarmo')
    cd /Users/rukesh/Documents/projects/alarmo/alarmo
    

SwiftCompile normal x86_64 /Users/rukesh/Documents/projects/alarmo/alarmo/alarmo/Core/Utilities/View+CornerRadius.swift (in target 'alarmo' from project 'alarmo')
    cd /Users/rukesh/Documents/projects/alarmo/alarmo
    

SwiftCompile normal x86_64 /Users/rukesh/Documents/projects/alarmo/alarmo/alarmo/Data/Catalog/Models/CatalogAsset.swift (in target 'alarmo' from project 'alarmo')
    cd /Users/rukesh/Documents/projects/alarmo/alarmo
    

SwiftCompile normal x86_64 /Users/rukesh/Documents/projects/alarmo/alarmo/alarmo/Data/Catalog/Models/CatalogCategory.swift (in target 'alarmo' from project 'alarmo')
    cd /Users/rukesh/Documents/projects/alarmo/alarmo
    

SwiftCompile normal x86_64 /Users/rukesh/Documents/projects/alarmo/alarmo/alarmo/Data/Catalog/CatalogLoader.swift (in target 'alarmo' from project 'alarmo')
    cd /Users/rukesh/Documents/projects/alarmo/alarmo
    

SwiftCompile normal x86_64 /Users/rukesh/Documents/projects/alarmo/alarmo/alarmo/Data/Catalog/SoundConfig.swift (in target 'alarmo' from project 'alarmo')
    cd /Users/rukesh/Documents/projects/alarmo/alarmo
    

SwiftCompile normal x86_64 Compiling\ AccountabilityEnforcementManager.swift,\ AccountabilityShieldEngine.swift,\ AppShieldManager.swift,\ AudioRouteManager.swift,\ BlockingManager.swift,\ PenaltyCreditsManager.swift,\ PenaltyEngine.swift,\ PenaltyManager.swift,\ ScreenTimeAuthorizationManager.swift,\ SubscriptionManager.swift,\ SettingsModels.swift,\ KeychainHelper.swift,\ LocalizationManager.swift,\ AppListsViewModel.swift,\ BlockListDetailViewModel.swift,\ AccountabilityShieldSettingsView.swift,\ ActivityPickerSheet.swift,\ AdditionalSettingsViews.swift,\ AppListsView.swift,\ BlockedAppsSelectionView.swift,\ FAQView.swift,\ FreePlanSettingsBanner.swift /Users/rukesh/Documents/projects/alarmo/alarmo/alarmo/Features/Settings/Managers/AccountabilityEnforcementManager.swift /Users/rukesh/Documents/projects/alarmo/alarmo/alarmo/Features/Settings/Managers/AccountabilityShieldEngine.swift /Users/rukesh/Documents/projects/alarmo/alarmo/alarmo/Features/Settings/Managers/AppShieldManager.swift /Users/rukesh/Documents/projects/alarmo/alarmo/alarmo/Features/Settings/Managers/AudioRouteManager.swift /Users/rukesh/Documents/projects/alarmo/alarmo/alarmo/Features/Settings/Managers/BlockingManager.swift /Users/rukesh/Documents/projects/alarmo/alarmo/alarmo/Features/Settings/Managers/PenaltyCreditsManager.swift /Users/rukesh/Documents/projects/alarmo/alarmo/alarmo/Features/Settings/Managers/PenaltyEngine.swift /Users/rukesh/Documents/projects/alarmo/alarmo/alarmo/Features/Settings/Managers/PenaltyManager.swift /Users/rukesh/Documents/projects/alarmo/alarmo/alarmo/Features/Settings/Managers/ScreenTimeAuthorizationManager.swift /Users/rukesh/Documents/projects/alarmo/alarmo/alarmo/Features/Settings/Managers/SubscriptionManager.swift /Users/rukesh/Documents/projects/alarmo/alarmo/alarmo/Features/Settings/Models/SettingsModels.swift /Users/rukesh/Documents/projects/alarmo/alarmo/alarmo/Features/Settings/Utilities/KeychainHelper.swift /Users/rukesh/Documents/projects/alarmo/alarmo/alarmo/Features/Settings/Utilities/LocalizationManager.swift /Users/rukesh/Documents/projects/alarmo/alarmo/alarmo/Features/Settings/ViewModels/AppListsViewModel.swift /Users/rukesh/Documents/projects/alarmo/alarmo/alarmo/Features/Settings/ViewModels/BlockListDetailViewModel.swift /Users/rukesh/Documents/projects/alarmo/alarmo/alarmo/Features/Settings/Views/AccountabilityShieldSettingsView.swift /Users/rukesh/Documents/projects/alarmo/alarmo/alarmo/Features/Settings/Views/ActivityPickerSheet.swift /Users/rukesh/Documents/projects/alarmo/alarmo/alarmo/Features/Settings/Views/AdditionalSettingsViews.swift /Users/rukesh/Documents/projects/alarmo/alarmo/alarmo/Features/Settings/Views/AppListsView.swift /Users/rukesh/Documents/projects/alarmo/alarmo/alarmo/Features/Settings/Views/BlockedAppsSelectionView.swift /Users/rukesh/Documents/projects/alarmo/alarmo/alarmo/Features/Settings/Views/FAQView.swift /Users/rukesh/Documents/projects/alarmo/alarmo/alarmo/Features/Settings/Views/FreePlanSettingsBanner.swift (in target 'alarmo' from project 'alarmo')
SwiftCompile normal x86_64 /Users/rukesh/Documents/projects/alarmo/alarmo/alarmo/Features/Settings/Managers/AccountabilityEnforcementManager.swift (in target 'alarmo' from project 'alarmo')
    cd /Users/rukesh/Documents/projects/alarmo/alarmo
    

SwiftCompile normal x86_64 /Users/rukesh/Documents/projects/alarmo/alarmo/alarmo/Features/Settings/Managers/AccountabilityShieldEngine.swift (in target 'alarmo' from project 'alarmo')
    cd /Users/rukesh/Documents/projects/alarmo/alarmo
    
/Users/rukesh/Documents/projects/alarmo/alarmo/alarmo/Features/Settings/Managers/AccountabilityShieldEngine.swift:365:9: warning: default will never be executed
        default: return false
        ^
/Users/rukesh/Documents/projects/alarmo/alarmo/alarmo/Features/Settings/Managers/AccountabilityShieldEngine.swift:379:9: warning: default will never be executed
        default: return .snoozeThresholdExceeded // Safe default
        ^

SwiftCompile normal x86_64 /Users/rukesh/Documents/projects/alarmo/alarmo/alarmo/Features/Settings/Managers/AppShieldManager.swift (in target 'alarmo' from project 'alarmo')
    cd /Users/rukesh/Documents/projects/alarmo/alarmo
    
/Users/rukesh/Documents/projects/alarmo/alarmo/alarmo/Features/Settings/Managers/AppShieldManager.swift:35:9: warning: code after 'return' will never be executed
        guard let selection = decodeSelection(from: selectionData) else {
        ^
/Users/rukesh/Documents/projects/alarmo/alarmo/alarmo/Features/Settings/Managers/AppShieldManager.swift:61:9: warning: code after 'return' will never be executed
        store.shield.applications = nil
        ^

SwiftCompile normal x86_64 /Users/rukesh/Documents/projects/alarmo/alarmo/alarmo/Features/Settings/Managers/AudioRouteManager.swift (in target 'alarmo' from project 'alarmo')
    cd /Users/rukesh/Documents/projects/alarmo/alarmo
    

SwiftCompile normal x86_64 /Users/rukesh/Documents/projects/alarmo/alarmo/alarmo/Features/Settings/Managers/BlockingManager.swift (in target 'alarmo' from project 'alarmo')
    cd /Users/rukesh/Documents/projects/alarmo/alarmo
    

SwiftCompile normal x86_64 /Users/rukesh/Documents/projects/alarmo/alarmo/alarmo/Features/Settings/Managers/PenaltyCreditsManager.swift (in target 'alarmo' from project 'alarmo')
    cd /Users/rukesh/Documents/projects/alarmo/alarmo
    

SwiftCompile normal x86_64 /Users/rukesh/Documents/projects/alarmo/alarmo/alarmo/Features/Settings/Managers/PenaltyEngine.swift (in target 'alarmo' from project 'alarmo')
    cd /Users/rukesh/Documents/projects/alarmo/alarmo
    
/Users/rukesh/Documents/projects/alarmo/alarmo/alarmo/Features/Settings/Managers/PenaltyEngine.swift:79:9: warning: default will never be executed
        default: return false
        ^

SwiftCompile normal x86_64 /Users/rukesh/Documents/projects/alarmo/alarmo/alarmo/Features/Settings/Managers/PenaltyManager.swift (in target 'alarmo' from project 'alarmo')
    cd /Users/rukesh/Documents/projects/alarmo/alarmo
    

SwiftCompile normal x86_64 /Users/rukesh/Documents/projects/alarmo/alarmo/alarmo/Features/Settings/Managers/ScreenTimeAuthorizationManager.swift (in target 'alarmo' from project 'alarmo')
    cd /Users/rukesh/Documents/projects/alarmo/alarmo
    

SwiftCompile normal x86_64 /Users/rukesh/Documents/projects/alarmo/alarmo/alarmo/Features/Settings/Managers/SubscriptionManager.swift (in target 'alarmo' from project 'alarmo')
    cd /Users/rukesh/Documents/projects/alarmo/alarmo
    

SwiftCompile normal x86_64 /Users/rukesh/Documents/projects/alarmo/alarmo/alarmo/Features/Settings/Models/SettingsModels.swift (in target 'alarmo' from project 'alarmo')
    cd /Users/rukesh/Documents/projects/alarmo/alarmo
    

SwiftCompile normal x86_64 /Users/rukesh/Documents/projects/alarmo/alarmo/alarmo/Features/Settings/Utilities/KeychainHelper.swift (in target 'alarmo' from project 'alarmo')
    cd /Users/rukesh/Documents/projects/alarmo/alarmo
    

SwiftCompile normal x86_64 /Users/rukesh/Documents/projects/alarmo/alarmo/alarmo/Features/Settings/Utilities/LocalizationManager.swift (in target 'alarmo' from project 'alarmo')
    cd /Users/rukesh/Documents/projects/alarmo/alarmo
    

SwiftCompile normal x86_64 /Users/rukesh/Documents/projects/alarmo/alarmo/alarmo/Features/Settings/ViewModels/AppListsViewModel.swift (in target 'alarmo' from project 'alarmo')
    cd /Users/rukesh/Documents/projects/alarmo/alarmo
    
/Users/rukesh/Documents/projects/alarmo/alarmo/alarmo/Features/Settings/ViewModels/AppListsViewModel.swift:14:55: warning: call to main actor-isolated initializer 'init(defaults:)' in a synchronous nonisolated context
    init(entitlementStore: EntitlementStoreProtocol = EntitlementStore()) {
                                                      ^
/Users/rukesh/Documents/projects/alarmo/alarmo/alarmo/Shared/Services/EntitlementStore.swift:11:5: note: calls to initializer 'init(defaults:)' from outside of its actor context are implicitly asynchronous
    init(defaults: UserDefaults = .standard) {
    ^
/Users/rukesh/Documents/projects/alarmo/alarmo/alarmo/Shared/Services/EntitlementStore.swift:11:5: note: main actor isolation inferred from conformance to protocol 'EntitlementStoreProtocol'
    init(defaults: UserDefaults = .standard) {
    ^

SwiftCompile normal x86_64 /Users/rukesh/Documents/projects/alarmo/alarmo/alarmo/Features/Settings/ViewModels/BlockListDetailViewModel.swift (in target 'alarmo' from project 'alarmo')
    cd /Users/rukesh/Documents/projects/alarmo/alarmo
    

SwiftCompile normal x86_64 /Users/rukesh/Documents/projects/alarmo/alarmo/alarmo/Features/Settings/Views/AccountabilityShieldSettingsView.swift (in target 'alarmo' from project 'alarmo')
    cd /Users/rukesh/Documents/projects/alarmo/alarmo
    

SwiftCompile normal x86_64 /Users/rukesh/Documents/projects/alarmo/alarmo/alarmo/Features/Settings/Views/ActivityPickerSheet.swift (in target 'alarmo' from project 'alarmo')
    cd /Users/rukesh/Documents/projects/alarmo/alarmo
    

SwiftCompile normal x86_64 /Users/rukesh/Documents/projects/alarmo/alarmo/alarmo/Features/Settings/Views/AdditionalSettingsViews.swift (in target 'alarmo' from project 'alarmo')
    cd /Users/rukesh/Documents/projects/alarmo/alarmo
    

SwiftCompile normal x86_64 /Users/rukesh/Documents/projects/alarmo/alarmo/alarmo/Features/Settings/Views/AppListsView.swift (in target 'alarmo' from project 'alarmo')
    cd /Users/rukesh/Documents/projects/alarmo/alarmo
    

SwiftCompile normal x86_64 /Users/rukesh/Documents/projects/alarmo/alarmo/alarmo/Features/Settings/Views/BlockedAppsSelectionView.swift (in target 'alarmo' from project 'alarmo')
    cd /Users/rukesh/Documents/projects/alarmo/alarmo
    

SwiftCompile normal x86_64 /Users/rukesh/Documents/projects/alarmo/alarmo/alarmo/Features/Settings/Views/FAQView.swift (in target 'alarmo' from project 'alarmo')
    cd /Users/rukesh/Documents/projects/alarmo/alarmo
    

SwiftCompile normal x86_64 /Users/rukesh/Documents/projects/alarmo/alarmo/alarmo/Features/Settings/Views/FreePlanSettingsBanner.swift (in target 'alarmo' from project 'alarmo')
    cd /Users/rukesh/Documents/projects/alarmo/alarmo
    

SwiftCompile normal x86_64 Compiling\ OnboardingSoundSelectionViewModel.swift,\ SoundModels.swift,\ TrackingExplainerView.swift,\ TrackingExplainerViewModel.swift,\ OnboardingVolumeSettingsView.swift,\ OnboardingVolumeSettingsViewModel.swift,\ ComparisonCardAppView.swift,\ ComparisonCardOtherAppsView.swift,\ OnboardingFlowView.swift,\ OnboardingIntroView.swift,\ OnboardingPermissionsView.swift,\ OnboardingSetTimeView.swift,\ OnboardingStep.swift,\ OnboardingViewModel.swift,\ OnboardingWallpaperPreviewView.swift,\ OnboardingWallpaperSelectionView.swift,\ CityDetailSheet.swift,\ CitySearchSheet.swift,\ OverlapAnalysisSheet.swift,\ OverlapCity.swift,\ OverlapStore.swift,\ OverlapView.swift,\ ExitDiscountDialogView.swift /Users/rukesh/Documents/projects/alarmo/alarmo/alarmo/Features/Onboarding/SoundSelection/OnboardingSoundSelectionViewModel.swift /Users/rukesh/Documents/projects/alarmo/alarmo/alarmo/Features/Onboarding/SoundSelection/SoundModels.swift /Users/rukesh/Documents/projects/alarmo/alarmo/alarmo/Features/Onboarding/Tracking/TrackingExplainerView.swift /Users/rukesh/Documents/projects/alarmo/alarmo/alarmo/Features/Onboarding/Tracking/TrackingExplainerViewModel.swift /Users/rukesh/Documents/projects/alarmo/alarmo/alarmo/Features/Onboarding/VolumeSettings/OnboardingVolumeSettingsView.swift /Users/rukesh/Documents/projects/alarmo/alarmo/alarmo/Features/Onboarding/VolumeSettings/OnboardingVolumeSettingsViewModel.swift /Users/rukesh/Documents/projects/alarmo/alarmo/alarmo/Features/Onboarding/ComparisonCardAppView.swift /Users/rukesh/Documents/projects/alarmo/alarmo/alarmo/Features/Onboarding/ComparisonCardOtherAppsView.swift /Users/rukesh/Documents/projects/alarmo/alarmo/alarmo/Features/Onboarding/OnboardingFlowView.swift /Users/rukesh/Documents/projects/alarmo/alarmo/alarmo/Features/Onboarding/OnboardingIntroView.swift /Users/rukesh/Documents/projects/alarmo/alarmo/alarmo/Features/Onboarding/OnboardingPermissionsView.swift /Users/rukesh/Documents/projects/alarmo/alarmo/alarmo/Features/Onboarding/OnboardingSetTimeView.swift /Users/rukesh/Documents/projects/alarmo/alarmo/alarmo/Features/Onboarding/OnboardingStep.swift /Users/rukesh/Documents/projects/alarmo/alarmo/alarmo/Features/Onboarding/OnboardingViewModel.swift /Users/rukesh/Documents/projects/alarmo/alarmo/alarmo/Features/Onboarding/OnboardingWallpaperPreviewView.swift /Users/rukesh/Documents/projects/alarmo/alarmo/alarmo/Features/Onboarding/OnboardingWallpaperSelectionView.swift /Users/rukesh/Documents/projects/alarmo/alarmo/alarmo/Features/Overlap/CityDetailSheet.swift /Users/rukesh/Documents/projects/alarmo/alarmo/alarmo/Features/Overlap/CitySearchSheet.swift /Users/rukesh/Documents/projects/alarmo/alarmo/alarmo/Features/Overlap/OverlapAnalysisSheet.swift /Users/rukesh/Documents/projects/alarmo/alarmo/alarmo/Features/Overlap/OverlapCity.swift /Users/rukesh/Documents/projects/alarmo/alarmo/alarmo/Features/Overlap/OverlapStore.swift /Users/rukesh/Documents/projects/alarmo/alarmo/alarmo/Features/Overlap/OverlapView.swift /Users/rukesh/Documents/projects/alarmo/alarmo/alarmo/Features/Paywall/Components/ExitDiscountDialogView.swift (in target 'alarmo' from project 'alarmo')

SwiftCompile normal x86_64 /Users/rukesh/Documents/projects/alarmo/alarmo/alarmo/Features/Onboarding/SoundSelection/OnboardingSoundSelectionViewModel.swift (in target 'alarmo' from project 'alarmo')
    cd /Users/rukesh/Documents/projects/alarmo/alarmo
    

SwiftCompile normal x86_64 /Users/rukesh/Documents/projects/alarmo/alarmo/alarmo/Features/Onboarding/SoundSelection/SoundModels.swift (in target 'alarmo' from project 'alarmo')
    cd /Users/rukesh/Documents/projects/alarmo/alarmo
    

SwiftCompile normal x86_64 /Users/rukesh/Documents/projects/alarmo/alarmo/alarmo/Features/Onboarding/Tracking/TrackingExplainerView.swift (in target 'alarmo' from project 'alarmo')
    cd /Users/rukesh/Documents/projects/alarmo/alarmo
    

SwiftCompile normal x86_64 /Users/rukesh/Documents/projects/alarmo/alarmo/alarmo/Features/Onboarding/Tracking/TrackingExplainerViewModel.swift (in target 'alarmo' from project 'alarmo')
    cd /Users/rukesh/Documents/projects/alarmo/alarmo
    

SwiftCompile normal x86_64 /Users/rukesh/Documents/projects/alarmo/alarmo/alarmo/Features/Onboarding/VolumeSettings/OnboardingVolumeSettingsView.swift (in target 'alarmo' from project 'alarmo')
    cd /Users/rukesh/Documents/projects/alarmo/alarmo
    

SwiftCompile normal x86_64 /Users/rukesh/Documents/projects/alarmo/alarmo/alarmo/Features/Onboarding/VolumeSettings/OnboardingVolumeSettingsViewModel.swift (in target 'alarmo' from project 'alarmo')
    cd /Users/rukesh/Documents/projects/alarmo/alarmo
    

SwiftCompile normal x86_64 /Users/rukesh/Documents/projects/alarmo/alarmo/alarmo/Features/Onboarding/ComparisonCardAppView.swift (in target 'alarmo' from project 'alarmo')
    cd /Users/rukesh/Documents/projects/alarmo/alarmo
    

SwiftCompile normal x86_64 /Users/rukesh/Documents/projects/alarmo/alarmo/alarmo/Features/Onboarding/ComparisonCardOtherAppsView.swift (in target 'alarmo' from project 'alarmo')
    cd /Users/rukesh/Documents/projects/alarmo/alarmo
    

SwiftCompile normal x86_64 /Users/rukesh/Documents/projects/alarmo/alarmo/alarmo/Features/Onboarding/OnboardingFlowView.swift (in target 'alarmo' from project 'alarmo')
    cd /Users/rukesh/Documents/projects/alarmo/alarmo
    

SwiftCompile normal x86_64 /Users/rukesh/Documents/projects/alarmo/alarmo/alarmo/Features/Onboarding/OnboardingIntroView.swift (in target 'alarmo' from project 'alarmo')
    cd /Users/rukesh/Documents/projects/alarmo/alarmo
    

SwiftCompile normal x86_64 /Users/rukesh/Documents/projects/alarmo/alarmo/alarmo/Features/Onboarding/OnboardingPermissionsView.swift (in target 'alarmo' from project 'alarmo')
    cd /Users/rukesh/Documents/projects/alarmo/alarmo
    

SwiftCompile normal x86_64 /Users/rukesh/Documents/projects/alarmo/alarmo/alarmo/Features/Onboarding/OnboardingSetTimeView.swift (in target 'alarmo' from project 'alarmo')
    cd /Users/rukesh/Documents/projects/alarmo/alarmo
    

SwiftCompile normal x86_64 /Users/rukesh/Documents/projects/alarmo/alarmo/alarmo/Features/Onboarding/OnboardingStep.swift (in target 'alarmo' from project 'alarmo')
    cd /Users/rukesh/Documents/projects/alarmo/alarmo
    

SwiftCompile normal x86_64 /Users/rukesh/Documents/projects/alarmo/alarmo/alarmo/Features/Onboarding/OnboardingViewModel.swift (in target 'alarmo' from project 'alarmo')
    cd /Users/rukesh/Documents/projects/alarmo/alarmo
    

SwiftCompile normal x86_64 /Users/rukesh/Documents/projects/alarmo/alarmo/alarmo/Features/Onboarding/OnboardingWallpaperPreviewView.swift (in target 'alarmo' from project 'alarmo')
    cd /Users/rukesh/Documents/projects/alarmo/alarmo
    

SwiftCompile normal x86_64 /Users/rukesh/Documents/projects/alarmo/alarmo/alarmo/Features/Onboarding/OnboardingWallpaperSelectionView.swift (in target 'alarmo' from project 'alarmo')
    cd /Users/rukesh/Documents/projects/alarmo/alarmo
    

SwiftCompile normal x86_64 /Users/rukesh/Documents/projects/alarmo/alarmo/alarmo/Features/Overlap/CityDetailSheet.swift (in target 'alarmo' from project 'alarmo')
    cd /Users/rukesh/Documents/projects/alarmo/alarmo
    

SwiftCompile normal x86_64 /Users/rukesh/Documents/projects/alarmo/alarmo/alarmo/Features/Overlap/CitySearchSheet.swift (in target 'alarmo' from project 'alarmo')
    cd /Users/rukesh/Documents/projects/alarmo/alarmo
    

SwiftCompile normal x86_64 /Users/rukesh/Documents/projects/alarmo/alarmo/alarmo/Features/Overlap/OverlapAnalysisSheet.swift (in target 'alarmo' from project 'alarmo')
    cd /Users/rukesh/Documents/projects/alarmo/alarmo
    

SwiftCompile normal x86_64 /Users/rukesh/Documents/projects/alarmo/alarmo/alarmo/Features/Overlap/OverlapCity.swift (in target 'alarmo' from project 'alarmo')
    cd /Users/rukesh/Documents/projects/alarmo/alarmo
    

SwiftCompile normal x86_64 /Users/rukesh/Documents/projects/alarmo/alarmo/alarmo/Features/Overlap/OverlapStore.swift (in target 'alarmo' from project 'alarmo')
    cd /Users/rukesh/Documents/projects/alarmo/alarmo
    

SwiftCompile normal x86_64 /Users/rukesh/Documents/projects/alarmo/alarmo/alarmo/Features/Overlap/OverlapView.swift (in target 'alarmo' from project 'alarmo')
    cd /Users/rukesh/Documents/projects/alarmo/alarmo
    

SwiftCompile normal x86_64 /Users/rukesh/Documents/projects/alarmo/alarmo/alarmo/Features/Paywall/Components/ExitDiscountDialogView.swift (in target 'alarmo' from project 'alarmo')
    cd /Users/rukesh/Documents/projects/alarmo/alarmo
    

SwiftCompile normal x86_64 Compiling\ StopwatchEngine.swift,\ StopwatchHistoryView.swift,\ AddFocusRecordView.swift,\ AddTimerView.swift,\ AnytimePickerSheet.swift,\ CompletionCardView.swift,\ DetailedNewTaskView.swift,\ DialScaleView.swift,\ DurationPickerSheet.swift,\ FocusNoteSheet.swift,\ FocusSelectionView.swift,\ FocusSettingsComponents.swift,\ FocusSettingsView.swift,\ FrequentlyUsedPomoSheet.swift,\ IntervalTimerSettingsView.swift,\ LiveActivityManager.swift,\ NewTaskSheet.swift,\ PomoAttributes.swift,\ PomodoroEngine.swift,\ PomodoroMainView.swift,\ PomodoroModels.swift,\ PomodoroPersistence.swift /Users/rukesh/Documents/projects/alarmo/alarmo/alarmo/Features/Timer/Stopwatch/StopwatchEngine.swift /Users/rukesh/Documents/projects/alarmo/alarmo/alarmo/Features/Timer/Stopwatch/StopwatchHistoryView.swift /Users/rukesh/Documents/projects/alarmo/alarmo/alarmo/Features/Timer/AddFocusRecordView.swift /Users/rukesh/Documents/projects/alarmo/alarmo/alarmo/Features/Timer/AddTimerView.swift /Users/rukesh/Documents/projects/alarmo/alarmo/alarmo/Features/Timer/AnytimePickerSheet.swift /Users/rukesh/Documents/projects/alarmo/alarmo/alarmo/Features/Timer/CompletionCardView.swift /Users/rukesh/Documents/projects/alarmo/alarmo/alarmo/Features/Timer/DetailedNewTaskView.swift /Users/rukesh/Documents/projects/alarmo/alarmo/alarmo/Features/Timer/DialScaleView.swift /Users/rukesh/Documents/projects/alarmo/alarmo/alarmo/Features/Timer/DurationPickerSheet.swift /Users/rukesh/Documents/projects/alarmo/alarmo/alarmo/Features/Timer/FocusNoteSheet.swift /Users/rukesh/Documents/projects/alarmo/alarmo/alarmo/Features/Timer/FocusSelectionView.swift /Users/rukesh/Documents/projects/alarmo/alarmo/alarmo/Features/Timer/FocusSettingsComponents.swift /Users/rukesh/Documents/projects/alarmo/alarmo/alarmo/Features/Timer/FocusSettingsView.swift /Users/rukesh/Documents/projects/alarmo/alarmo/alarmo/Features/Timer/FrequentlyUsedPomoSheet.swift /Users/rukesh/Documents/projects/alarmo/alarmo/alarmo/Features/Timer/IntervalTimerSettingsView.swift /Users/rukesh/Documents/projects/alarmo/alarmo/alarmo/Features/Timer/LiveActivityManager.swift /Users/rukesh/Documents/projects/alarmo/alarmo/alarmo/Features/Timer/NewTaskSheet.swift /Users/rukesh/Documents/projects/alarmo/alarmo/alarmo/Features/Timer/PomoAttributes.swift /Users/rukesh/Documents/projects/alarmo/alarmo/alarmo/Features/Timer/PomodoroEngine.swift /Users/rukesh/Documents/projects/alarmo/alarmo/alarmo/Features/Timer/PomodoroMainView.swift /Users/rukesh/Documents/projects/alarmo/alarmo/alarmo/Features/Timer/PomodoroModels.swift /Users/rukesh/Documents/projects/alarmo/alarmo/alarmo/Features/Timer/PomodoroPersistence.swift (in target 'alarmo' from project 'alarmo')

SwiftCompile normal x86_64 /Users/rukesh/Documents/projects/alarmo/alarmo/alarmo/Features/Timer/Stopwatch/StopwatchEngine.swift (in target 'alarmo' from project 'alarmo')
    cd /Users/rukesh/Documents/projects/alarmo/alarmo
    

SwiftCompile normal x86_64 /Users/rukesh/Documents/projects/alarmo/alarmo/alarmo/Features/Timer/Stopwatch/StopwatchHistoryView.swift (in target 'alarmo' from project 'alarmo')
    cd /Users/rukesh/Documents/projects/alarmo/alarmo
    

SwiftCompile normal x86_64 /Users/rukesh/Documents/projects/alarmo/alarmo/alarmo/Features/Timer/AddFocusRecordView.swift (in target 'alarmo' from project 'alarmo')
    cd /Users/rukesh/Documents/projects/alarmo/alarmo
    

SwiftCompile normal x86_64 /Users/rukesh/Documents/projects/alarmo/alarmo/alarmo/Features/Timer/AddTimerView.swift (in target 'alarmo' from project 'alarmo')
    cd /Users/rukesh/Documents/projects/alarmo/alarmo
    

SwiftCompile normal x86_64 /Users/rukesh/Documents/projects/alarmo/alarmo/alarmo/Features/Timer/AnytimePickerSheet.swift (in target 'alarmo' from project 'alarmo')
    cd /Users/rukesh/Documents/projects/alarmo/alarmo
    

SwiftCompile normal x86_64 /Users/rukesh/Documents/projects/alarmo/alarmo/alarmo/Features/Timer/CompletionCardView.swift (in target 'alarmo' from project 'alarmo')
    cd /Users/rukesh/Documents/projects/alarmo/alarmo
    

SwiftCompile normal x86_64 /Users/rukesh/Documents/projects/alarmo/alarmo/alarmo/Features/Timer/DetailedNewTaskView.swift (in target 'alarmo' from project 'alarmo')
    cd /Users/rukesh/Documents/projects/alarmo/alarmo
    

SwiftCompile normal x86_64 /Users/rukesh/Documents/projects/alarmo/alarmo/alarmo/Features/Timer/DialScaleView.swift (in target 'alarmo' from project 'alarmo')
    cd /Users/rukesh/Documents/projects/alarmo/alarmo
    

SwiftCompile normal x86_64 /Users/rukesh/Documents/projects/alarmo/alarmo/alarmo/Features/Timer/DurationPickerSheet.swift (in target 'alarmo' from project 'alarmo')
    cd /Users/rukesh/Documents/projects/alarmo/alarmo
    

SwiftCompile normal x86_64 /Users/rukesh/Documents/projects/alarmo/alarmo/alarmo/Features/Timer/FocusNoteSheet.swift (in target 'alarmo' from project 'alarmo')
    cd /Users/rukesh/Documents/projects/alarmo/alarmo
    

SwiftCompile normal x86_64 /Users/rukesh/Documents/projects/alarmo/alarmo/alarmo/Features/Timer/FocusSelectionView.swift (in target 'alarmo' from project 'alarmo')
    cd /Users/rukesh/Documents/projects/alarmo/alarmo
    

SwiftCompile normal x86_64 /Users/rukesh/Documents/projects/alarmo/alarmo/alarmo/Features/Timer/FocusSettingsComponents.swift (in target 'alarmo' from project 'alarmo')
    cd /Users/rukesh/Documents/projects/alarmo/alarmo
    

SwiftCompile normal x86_64 /Users/rukesh/Documents/projects/alarmo/alarmo/alarmo/Features/Timer/FocusSettingsView.swift (in target 'alarmo' from project 'alarmo')
    cd /Users/rukesh/Documents/projects/alarmo/alarmo
    

SwiftCompile normal x86_64 /Users/rukesh/Documents/projects/alarmo/alarmo/alarmo/Features/Timer/FrequentlyUsedPomoSheet.swift (in target 'alarmo' from project 'alarmo')
    cd /Users/rukesh/Documents/projects/alarmo/alarmo
    

SwiftCompile normal x86_64 /Users/rukesh/Documents/projects/alarmo/alarmo/alarmo/Features/Timer/IntervalTimerSettingsView.swift (in target 'alarmo' from project 'alarmo')
    cd /Users/rukesh/Documents/projects/alarmo/alarmo
    
/Users/rukesh/Documents/projects/alarmo/alarmo/alarmo/Features/Timer/IntervalTimerSettingsView.swift:71:37: warning: result of 'PickerSelectionView' initializer is unused
                                    PickerSelectionView(
                                    ^                  ~

SwiftCompile normal x86_64 /Users/rukesh/Documents/projects/alarmo/alarmo/alarmo/Features/Timer/LiveActivityManager.swift (in target 'alarmo' from project 'alarmo')
    cd /Users/rukesh/Documents/projects/alarmo/alarmo
    
/Users/rukesh/Documents/projects/alarmo/alarmo/alarmo/Features/Timer/LiveActivityManager.swift:19:57: warning: 'request(attributes:contentState:pushType:)' was deprecated in iOS 16.2: Use request(attributes:content:pushType:) instead
            let activity = try Activity<PomoAttributes>.request(
                                                        ^
/Users/rukesh/Documents/projects/alarmo/alarmo/alarmo/Features/Timer/LiveActivityManager.swift:41:28: warning: 'update(using:alertConfiguration:)' was deprecated in iOS 16.2: Use update(_:alertConfiguration:) instead
            await activity.update(using: contentState, alertConfiguration: alertConfiguration)
                           ^
/Users/rukesh/Documents/projects/alarmo/alarmo/alarmo/Features/Timer/LiveActivityManager.swift:53:28: warning: 'update(using:)' was deprecated in iOS 16.2: Use update(_:) instead
            await activity.update(using: contentState)
                           ^
/Users/rukesh/Documents/projects/alarmo/alarmo/alarmo/Features/Timer/LiveActivityManager.swift:63:28: warning: 'end(using:dismissalPolicy:)' was deprecated in iOS 16.2: Use end(content:dismissalPolicy:) instead
            await activity.end(using: finalState, dismissalPolicy: .immediate)
                           ^

SwiftCompile normal x86_64 /Users/rukesh/Documents/projects/alarmo/alarmo/alarmo/Features/Timer/NewTaskSheet.swift (in target 'alarmo' from project 'alarmo')
    cd /Users/rukesh/Documents/projects/alarmo/alarmo
    

SwiftCompile normal x86_64 /Users/rukesh/Documents/projects/alarmo/alarmo/alarmo/Features/Timer/PomoAttributes.swift (in target 'alarmo' from project 'alarmo')
    cd /Users/rukesh/Documents/projects/alarmo/alarmo
    

SwiftCompile normal x86_64 /Users/rukesh/Documents/projects/alarmo/alarmo/alarmo/Features/Timer/PomodoroEngine.swift (in target 'alarmo' from project 'alarmo')
    cd /Users/rukesh/Documents/projects/alarmo/alarmo
    

SwiftCompile normal x86_64 /Users/rukesh/Documents/projects/alarmo/alarmo/alarmo/Features/Timer/PomodoroMainView.swift (in target 'alarmo' from project 'alarmo')
    cd /Users/rukesh/Documents/projects/alarmo/alarmo
    

SwiftCompile normal x86_64 /Users/rukesh/Documents/projects/alarmo/alarmo/alarmo/Features/Timer/PomodoroModels.swift (in target 'alarmo' from project 'alarmo')
    cd /Users/rukesh/Documents/projects/alarmo/alarmo
    

SwiftCompile normal x86_64 /Users/rukesh/Documents/projects/alarmo/alarmo/alarmo/Features/Timer/PomodoroPersistence.swift (in target 'alarmo' from project 'alarmo')
    cd /Users/rukesh/Documents/projects/alarmo/alarmo
    

SwiftCompile normal x86_64 Compiling\ FileStorageService.swift,\ HapticsPlayer.swift,\ NavigationStore.swift,\ NotificationManager.swift,\ NotificationPermissionService.swift,\ NotificationScheduler.swift,\ ODRService.swift,\ PointsService.swift,\ PurchaseService.swift,\ ShutdownDetectionService.swift,\ SoundPlayer.swift,\ SoundPreviewPlayer.swift,\ TamperDetectionService.swift,\ TaskStore.swift,\ TrackingPermissionService.swift,\ WallpaperImageResolver.swift,\ patch.swift,\ patch_analysis.swift,\ patch_mock.swift,\ patch2.swift,\ test_gesture.swift,\ GeneratedAssetSymbols.swift /Users/rukesh/Documents/projects/alarmo/alarmo/alarmo/Shared/Services/FileStorageService.swift /Users/rukesh/Documents/projects/alarmo/alarmo/alarmo/Shared/Services/HapticsPlayer.swift /Users/rukesh/Documents/projects/alarmo/alarmo/alarmo/Shared/Services/NavigationStore.swift /Users/rukesh/Documents/projects/alarmo/alarmo/alarmo/Shared/Services/NotificationManager.swift /Users/rukesh/Documents/projects/alarmo/alarmo/alarmo/Shared/Services/NotificationPermissionService.swift /Users/rukesh/Documents/projects/alarmo/alarmo/alarmo/Shared/Services/NotificationScheduler.swift /Users/rukesh/Documents/projects/alarmo/alarmo/alarmo/Shared/Services/ODRService.swift /Users/rukesh/Documents/projects/alarmo/alarmo/alarmo/Shared/Services/PointsService.swift /Users/rukesh/Documents/projects/alarmo/alarmo/alarmo/Shared/Services/PurchaseService.swift /Users/rukesh/Documents/projects/alarmo/alarmo/alarmo/Shared/Services/ShutdownDetectionService.swift /Users/rukesh/Documents/projects/alarmo/alarmo/alarmo/Shared/Services/SoundPlayer.swift /Users/rukesh/Documents/projects/alarmo/alarmo/alarmo/Shared/Services/SoundPreviewPlayer.swift /Users/rukesh/Documents/projects/alarmo/alarmo/alarmo/Shared/Services/TamperDetectionService.swift /Users/rukesh/Documents/projects/alarmo/alarmo/alarmo/Shared/Services/TaskStore.swift /Users/rukesh/Documents/projects/alarmo/alarmo/alarmo/Shared/Services/TrackingPermissionService.swift /Users/rukesh/Documents/projects/alarmo/alarmo/alarmo/Shared/Services/WallpaperImageResolver.swift /Users/rukesh/Documents/projects/alarmo/alarmo/alarmo/patch.swift /Users/rukesh/Documents/projects/alarmo/alarmo/alarmo/patch_analysis.swift /Users/rukesh/Documents/projects/alarmo/alarmo/alarmo/patch_mock.swift /Users/rukesh/Documents/projects/alarmo/alarmo/alarmo/patch2.swift /Users/rukesh/Documents/projects/alarmo/alarmo/alarmo/test_gesture.swift /Users/rukesh/Library/Developer/Xcode/DerivedData/alarmo-ceckqxjdtadmywhgpijqujqnffnr/Build/Intermediates.noindex/alarmo.build/Debug-iphonesimulator/alarmo.build/DerivedSources/GeneratedAssetSymbols.swift (in target 'alarmo' from project 'alarmo')

SwiftCompile normal x86_64 /Users/rukesh/Documents/projects/alarmo/alarmo/alarmo/Shared/Services/FileStorageService.swift (in target 'alarmo' from project 'alarmo')
    cd /Users/rukesh/Documents/projects/alarmo/alarmo
    

SwiftCompile normal x86_64 /Users/rukesh/Documents/projects/alarmo/alarmo/alarmo/Shared/Services/HapticsPlayer.swift (in target 'alarmo' from project 'alarmo')
    cd /Users/rukesh/Documents/projects/alarmo/alarmo
    

SwiftCompile normal x86_64 /Users/rukesh/Documents/projects/alarmo/alarmo/alarmo/Shared/Services/NavigationStore.swift (in target 'alarmo' from project 'alarmo')
    cd /Users/rukesh/Documents/projects/alarmo/alarmo
    

SwiftCompile normal x86_64 /Users/rukesh/Documents/projects/alarmo/alarmo/alarmo/Shared/Services/NotificationManager.swift (in target 'alarmo' from project 'alarmo')
    cd /Users/rukesh/Documents/projects/alarmo/alarmo
    

SwiftCompile normal x86_64 /Users/rukesh/Documents/projects/alarmo/alarmo/alarmo/Shared/Services/NotificationPermissionService.swift (in target 'alarmo' from project 'alarmo')
    cd /Users/rukesh/Documents/projects/alarmo/alarmo
    

SwiftCompile normal x86_64 /Users/rukesh/Documents/projects/alarmo/alarmo/alarmo/Shared/Services/NotificationScheduler.swift (in target 'alarmo' from project 'alarmo')
    cd /Users/rukesh/Documents/projects/alarmo/alarmo
    

SwiftCompile normal x86_64 /Users/rukesh/Documents/projects/alarmo/alarmo/alarmo/Shared/Services/ODRService.swift (in target 'alarmo' from project 'alarmo')
    cd /Users/rukesh/Documents/projects/alarmo/alarmo
    

SwiftCompile normal x86_64 /Users/rukesh/Documents/projects/alarmo/alarmo/alarmo/Shared/Services/PointsService.swift (in target 'alarmo' from project 'alarmo')
    cd /Users/rukesh/Documents/projects/alarmo/alarmo
    

SwiftCompile normal x86_64 /Users/rukesh/Documents/projects/alarmo/alarmo/alarmo/Shared/Services/PurchaseService.swift (in target 'alarmo' from project 'alarmo')
    cd /Users/rukesh/Documents/projects/alarmo/alarmo
    

SwiftCompile normal x86_64 /Users/rukesh/Documents/projects/alarmo/alarmo/alarmo/Shared/Services/ShutdownDetectionService.swift (in target 'alarmo' from project 'alarmo')
    cd /Users/rukesh/Documents/projects/alarmo/alarmo
    

SwiftCompile normal x86_64 /Users/rukesh/Documents/projects/alarmo/alarmo/alarmo/Shared/Services/SoundPlayer.swift (in target 'alarmo' from project 'alarmo')
    cd /Users/rukesh/Documents/projects/alarmo/alarmo
    

SwiftCompile normal x86_64 /Users/rukesh/Documents/projects/alarmo/alarmo/alarmo/Shared/Services/SoundPreviewPlayer.swift (in target 'alarmo' from project 'alarmo')
    cd /Users/rukesh/Documents/projects/alarmo/alarmo
    
/Users/rukesh/Documents/projects/alarmo/alarmo/alarmo/Shared/Services/SoundPreviewPlayer.swift:454:11: warning: 'catch' block is unreachable because no errors are thrown in 'do' block
        } catch {
          ^
/Users/rukesh/Documents/projects/alarmo/alarmo/alarmo/Shared/Services/SoundPreviewPlayer.swift:151:9: warning: code after 'return' will never be executed
        do {
        ^

SwiftCompile normal x86_64 /Users/rukesh/Documents/projects/alarmo/alarmo/alarmo/Shared/Services/TamperDetectionService.swift (in target 'alarmo' from project 'alarmo')
    cd /Users/rukesh/Documents/projects/alarmo/alarmo
    

SwiftCompile normal x86_64 /Users/rukesh/Documents/projects/alarmo/alarmo/alarmo/Shared/Services/TaskStore.swift (in target 'alarmo' from project 'alarmo')
    cd /Users/rukesh/Documents/projects/alarmo/alarmo
    

SwiftCompile normal x86_64 /Users/rukesh/Documents/projects/alarmo/alarmo/alarmo/Shared/Services/TrackingPermissionService.swift (in target 'alarmo' from project 'alarmo')
    cd /Users/rukesh/Documents/projects/alarmo/alarmo
    

SwiftCompile normal x86_64 /Users/rukesh/Documents/projects/alarmo/alarmo/alarmo/Shared/Services/WallpaperImageResolver.swift (in target 'alarmo' from project 'alarmo')
    cd /Users/rukesh/Documents/projects/alarmo/alarmo
    

SwiftCompile normal x86_64 /Users/rukesh/Documents/projects/alarmo/alarmo/alarmo/patch.swift (in target 'alarmo' from project 'alarmo')
    cd /Users/rukesh/Documents/projects/alarmo/alarmo
    

SwiftCompile normal x86_64 /Users/rukesh/Documents/projects/alarmo/alarmo/alarmo/patch_analysis.swift (in target 'alarmo' from project 'alarmo')
    cd /Users/rukesh/Documents/projects/alarmo/alarmo
    

SwiftCompile normal x86_64 /Users/rukesh/Documents/projects/alarmo/alarmo/alarmo/patch_mock.swift (in target 'alarmo' from project 'alarmo')
    cd /Users/rukesh/Documents/projects/alarmo/alarmo
    

SwiftCompile normal x86_64 /Users/rukesh/Documents/projects/alarmo/alarmo/alarmo/patch2.swift (in target 'alarmo' from project 'alarmo')
    cd /Users/rukesh/Documents/projects/alarmo/alarmo
    

SwiftCompile normal x86_64 /Users/rukesh/Documents/projects/alarmo/alarmo/alarmo/test_gesture.swift (in target 'alarmo' from project 'alarmo')
    cd /Users/rukesh/Documents/projects/alarmo/alarmo
    

SwiftCompile normal x86_64 /Users/rukesh/Library/Developer/Xcode/DerivedData/alarmo-ceckqxjdtadmywhgpijqujqnffnr/Build/Intermediates.noindex/alarmo.build/Debug-iphonesimulator/alarmo.build/DerivedSources/GeneratedAssetSymbols.swift (in target 'alarmo' from project 'alarmo')
    cd /Users/rukesh/Documents/projects/alarmo/alarmo
    

SwiftCompile normal x86_64 Compiling\ MockActivityPickerSheet.swift,\ MyPointsView.swift,\ NotificationSettingsView.swift,\ PermissionsView.swift,\ PreventPowerOffView.swift,\ ProUpsellFlowView.swift,\ ProView.swift,\ SettingsComponents.swift,\ SettingsGlassStyle.swift,\ SettingsRootView.swift,\ SignInView.swift,\ SystemConfigurationView.swift,\ ViolationCenterView.swift,\ AppProtectionGuideView.swift,\ SettingsCoordinator.swift,\ SettingsStore.swift,\ AddCountdownPresetView.swift,\ CountdownEngine.swift,\ CountdownPresetView.swift,\ LapStopwatchView.swift,\ MultiTimerEngine.swift,\ MultiTimerView.swift /Users/rukesh/Documents/projects/alarmo/alarmo/alarmo/Features/Settings/Views/MockActivityPickerSheet.swift /Users/rukesh/Documents/projects/alarmo/alarmo/alarmo/Features/Settings/Views/MyPointsView.swift /Users/rukesh/Documents/projects/alarmo/alarmo/alarmo/Features/Settings/Views/NotificationSettingsView.swift /Users/rukesh/Documents/projects/alarmo/alarmo/alarmo/Features/Settings/Views/PermissionsView.swift /Users/rukesh/Documents/projects/alarmo/alarmo/alarmo/Features/Settings/Views/PreventPowerOffView.swift /Users/rukesh/Documents/projects/alarmo/alarmo/alarmo/Features/Settings/Views/ProUpsellFlowView.swift /Users/rukesh/Documents/projects/alarmo/alarmo/alarmo/Features/Settings/Views/ProView.swift /Users/rukesh/Documents/projects/alarmo/alarmo/alarmo/Features/Settings/Views/SettingsComponents.swift /Users/rukesh/Documents/projects/alarmo/alarmo/alarmo/Features/Settings/Views/SettingsGlassStyle.swift /Users/rukesh/Documents/projects/alarmo/alarmo/alarmo/Features/Settings/Views/SettingsRootView.swift /Users/rukesh/Documents/projects/alarmo/alarmo/alarmo/Features/Settings/Views/SignInView.swift /Users/rukesh/Documents/projects/alarmo/alarmo/alarmo/Features/Settings/Views/SystemConfigurationView.swift /Users/rukesh/Documents/projects/alarmo/alarmo/alarmo/Features/Settings/Views/ViolationCenterView.swift /Users/rukesh/Documents/projects/alarmo/alarmo/alarmo/Features/Settings/AppProtectionGuideView.swift /Users/rukesh/Documents/projects/alarmo/alarmo/alarmo/Features/Settings/SettingsCoordinator.swift /Users/rukesh/Documents/projects/alarmo/alarmo/alarmo/Features/Settings/SettingsStore.swift /Users/rukesh/Documents/projects/alarmo/alarmo/alarmo/Features/Timer/Stopwatch/AddCountdownPresetView.swift /Users/rukesh/Documents/projects/alarmo/alarmo/alarmo/Features/Timer/Stopwatch/CountdownEngine.swift /Users/rukesh/Documents/projects/alarmo/alarmo/alarmo/Features/Timer/Stopwatch/CountdownPresetView.swift /Users/rukesh/Documents/projects/alarmo/alarmo/alarmo/Features/Timer/Stopwatch/LapStopwatchView.swift /Users/rukesh/Documents/projects/alarmo/alarmo/alarmo/Features/Timer/Stopwatch/MultiTimerEngine.swift /Users/rukesh/Documents/projects/alarmo/alarmo/alarmo/Features/Timer/Stopwatch/MultiTimerView.swift (in target 'alarmo' from project 'alarmo')

SwiftCompile normal x86_64 /Users/rukesh/Documents/projects/alarmo/alarmo/alarmo/Features/Settings/Views/MockActivityPickerSheet.swift (in target 'alarmo' from project 'alarmo')
    cd /Users/rukesh/Documents/projects/alarmo/alarmo
    

SwiftCompile normal x86_64 /Users/rukesh/Documents/projects/alarmo/alarmo/alarmo/Features/Settings/Views/MyPointsView.swift (in target 'alarmo' from project 'alarmo')
    cd /Users/rukesh/Documents/projects/alarmo/alarmo
    

SwiftCompile normal x86_64 /Users/rukesh/Documents/projects/alarmo/alarmo/alarmo/Features/Settings/Views/NotificationSettingsView.swift (in target 'alarmo' from project 'alarmo')
    cd /Users/rukesh/Documents/projects/alarmo/alarmo
    

SwiftCompile normal x86_64 /Users/rukesh/Documents/projects/alarmo/alarmo/alarmo/Features/Settings/Views/PermissionsView.swift (in target 'alarmo' from project 'alarmo')
    cd /Users/rukesh/Documents/projects/alarmo/alarmo
    
/Users/rukesh/Documents/projects/alarmo/alarmo/alarmo/Features/Settings/Views/PermissionsView.swift:182:57: warning: 'recordPermission' was deprecated in iOS 17.0: Please use AVAudioApplication recordPermission
        micAuthStatus = AVAudioSession.sharedInstance().recordPermission == .granted
                                                        ^
/Users/rukesh/Documents/projects/alarmo/alarmo/alarmo/Features/Settings/Views/PermissionsView.swift:182:78: warning: 'granted' was deprecated in iOS 17.0: renamed to 'AVAudioApplication.recordPermission.granted'
        micAuthStatus = AVAudioSession.sharedInstance().recordPermission == .granted
                                                                             ^
/Users/rukesh/Documents/projects/alarmo/alarmo/alarmo/Features/Settings/Views/PermissionsView.swift:182:78: note: use 'AVAudioApplication.recordPermission.granted' instead
        micAuthStatus = AVAudioSession.sharedInstance().recordPermission == .granted
                                                                             ^~~~~~~
                                                                             AVAudioApplication.recordPermission.granted
/Users/rukesh/Documents/projects/alarmo/alarmo/alarmo/Features/Settings/Views/PermissionsView.swift:229:54: warning: 'recordPermission' was deprecated in iOS 17.0: Please use AVAudioApplication recordPermission
        let status = AVAudioSession.sharedInstance().recordPermission
                                                     ^
/Users/rukesh/Documents/projects/alarmo/alarmo/alarmo/Features/Settings/Views/PermissionsView.swift:232:45: warning: 'requestRecordPermission' was deprecated in iOS 17.0: Please use AVAudioApplication requestRecordPermissionWithCompletionHandler
            AVAudioSession.sharedInstance().requestRecordPermission { granted in
                                            ^

SwiftCompile normal x86_64 /Users/rukesh/Documents/projects/alarmo/alarmo/alarmo/Features/Settings/Views/PreventPowerOffView.swift (in target 'alarmo' from project 'alarmo')
    cd /Users/rukesh/Documents/projects/alarmo/alarmo
    

SwiftCompile normal x86_64 /Users/rukesh/Documents/projects/alarmo/alarmo/alarmo/Features/Settings/Views/ProUpsellFlowView.swift (in target 'alarmo' from project 'alarmo')
    cd /Users/rukesh/Documents/projects/alarmo/alarmo
    

SwiftCompile normal x86_64 /Users/rukesh/Documents/projects/alarmo/alarmo/alarmo/Features/Settings/Views/ProView.swift (in target 'alarmo' from project 'alarmo')
    cd /Users/rukesh/Documents/projects/alarmo/alarmo
    

SwiftCompile normal x86_64 /Users/rukesh/Documents/projects/alarmo/alarmo/alarmo/Features/Settings/Views/SettingsComponents.swift (in target 'alarmo' from project 'alarmo')
    cd /Users/rukesh/Documents/projects/alarmo/alarmo
    

SwiftCompile normal x86_64 /Users/rukesh/Documents/projects/alarmo/alarmo/alarmo/Features/Settings/Views/SettingsGlassStyle.swift (in target 'alarmo' from project 'alarmo')
    cd /Users/rukesh/Documents/projects/alarmo/alarmo
    

SwiftCompile normal x86_64 /Users/rukesh/Documents/projects/alarmo/alarmo/alarmo/Features/Settings/Views/SettingsRootView.swift (in target 'alarmo' from project 'alarmo')
    cd /Users/rukesh/Documents/projects/alarmo/alarmo
    

SwiftCompile normal x86_64 /Users/rukesh/Documents/projects/alarmo/alarmo/alarmo/Features/Settings/Views/SignInView.swift (in target 'alarmo' from project 'alarmo')
    cd /Users/rukesh/Documents/projects/alarmo/alarmo
    

SwiftCompile normal x86_64 /Users/rukesh/Documents/projects/alarmo/alarmo/alarmo/Features/Settings/Views/SystemConfigurationView.swift (in target 'alarmo' from project 'alarmo')
    cd /Users/rukesh/Documents/projects/alarmo/alarmo
    

SwiftCompile normal x86_64 /Users/rukesh/Documents/projects/alarmo/alarmo/alarmo/Features/Settings/Views/ViolationCenterView.swift (in target 'alarmo' from project 'alarmo')
    cd /Users/rukesh/Documents/projects/alarmo/alarmo
    
/Users/rukesh/Documents/projects/alarmo/alarmo/alarmo/Features/Settings/Views/ViolationCenterView.swift:109:9: warning: default will never be executed
        default: return "Violation"
        ^
/Users/rukesh/Documents/projects/alarmo/alarmo/alarmo/Features/Settings/Views/ViolationCenterView.swift:142:9: warning: default will never be executed
        default: return .orange
        ^
/Users/rukesh/Documents/projects/alarmo/alarmo/alarmo/Features/Settings/Views/ViolationCenterView.swift:273:9: warning: default will never be executed
        default: return "Violation"
        ^

SwiftCompile normal x86_64 /Users/rukesh/Documents/projects/alarmo/alarmo/alarmo/Features/Settings/AppProtectionGuideView.swift (in target 'alarmo' from project 'alarmo')
    cd /Users/rukesh/Documents/projects/alarmo/alarmo
    

SwiftCompile normal x86_64 /Users/rukesh/Documents/projects/alarmo/alarmo/alarmo/Features/Settings/SettingsCoordinator.swift (in target 'alarmo' from project 'alarmo')
    cd /Users/rukesh/Documents/projects/alarmo/alarmo
    

SwiftCompile normal x86_64 /Users/rukesh/Documents/projects/alarmo/alarmo/alarmo/Features/Settings/SettingsStore.swift (in target 'alarmo' from project 'alarmo')
    cd /Users/rukesh/Documents/projects/alarmo/alarmo
    

SwiftCompile normal x86_64 /Users/rukesh/Documents/projects/alarmo/alarmo/alarmo/Features/Timer/Stopwatch/AddCountdownPresetView.swift (in target 'alarmo' from project 'alarmo')
    cd /Users/rukesh/Documents/projects/alarmo/alarmo
    

SwiftCompile normal x86_64 /Users/rukesh/Documents/projects/alarmo/alarmo/alarmo/Features/Timer/Stopwatch/CountdownEngine.swift (in target 'alarmo' from project 'alarmo')
    cd /Users/rukesh/Documents/projects/alarmo/alarmo
    

SwiftCompile normal x86_64 /Users/rukesh/Documents/projects/alarmo/alarmo/alarmo/Features/Timer/Stopwatch/CountdownPresetView.swift (in target 'alarmo' from project 'alarmo')
    cd /Users/rukesh/Documents/projects/alarmo/alarmo
    

SwiftCompile normal x86_64 /Users/rukesh/Documents/projects/alarmo/alarmo/alarmo/Features/Timer/Stopwatch/LapStopwatchView.swift (in target 'alarmo' from project 'alarmo')
    cd /Users/rukesh/Documents/projects/alarmo/alarmo
    

SwiftCompile normal x86_64 /Users/rukesh/Documents/projects/alarmo/alarmo/alarmo/Features/Timer/Stopwatch/MultiTimerEngine.swift (in target 'alarmo' from project 'alarmo')
    cd /Users/rukesh/Documents/projects/alarmo/alarmo
    

SwiftCompile normal x86_64 /Users/rukesh/Documents/projects/alarmo/alarmo/alarmo/Features/Timer/Stopwatch/MultiTimerView.swift (in target 'alarmo' from project 'alarmo')
    cd /Users/rukesh/Documents/projects/alarmo/alarmo
    

SwiftCompile normal x86_64 Compiling\ DiscountPaywallView.swift,\ DiscountPaywallViewModel.swift,\ PaywallView.swift,\ PaywallViewModel.swift,\ ProPaywallFlowView.swift,\ OnboardingSoundStubView.swift,\ OnboardingStep3StubView.swift,\ CreateHabitGalleryView.swift,\ CreateNoteView.swift,\ CreatePlanItemView.swift,\ PlanDetailSheetViews.swift,\ PlanFloatingMenu.swift,\ PlanGlassStyle.swift,\ PlanItemDetailView.swift,\ PlanItemOptionsSheet.swift,\ PlanItemTaskDetailView.swift,\ PlanView.swift,\ PlanViewModel.swift,\ PomoTimerWrapper.swift,\ ReportComponents.swift,\ ReportService.swift,\ ReportView.swift,\ ReportViewModel.swift /Users/rukesh/Documents/projects/alarmo/alarmo/alarmo/Features/Paywall/DiscountPaywallView.swift /Users/rukesh/Documents/projects/alarmo/alarmo/alarmo/Features/Paywall/DiscountPaywallViewModel.swift /Users/rukesh/Documents/projects/alarmo/alarmo/alarmo/Features/Paywall/PaywallView.swift /Users/rukesh/Documents/projects/alarmo/alarmo/alarmo/Features/Paywall/PaywallViewModel.swift /Users/rukesh/Documents/projects/alarmo/alarmo/alarmo/Features/Paywall/ProPaywallFlowView.swift /Users/rukesh/Documents/projects/alarmo/alarmo/alarmo/Features/Placeholder/OnboardingSoundStubView.swift /Users/rukesh/Documents/projects/alarmo/alarmo/alarmo/Features/Placeholder/OnboardingStep3StubView.swift /Users/rukesh/Documents/projects/alarmo/alarmo/alarmo/Features/Plan/CreateHabitGalleryView.swift /Users/rukesh/Documents/projects/alarmo/alarmo/alarmo/Features/Plan/CreateNoteView.swift /Users/rukesh/Documents/projects/alarmo/alarmo/alarmo/Features/Plan/CreatePlanItemView.swift /Users/rukesh/Documents/projects/alarmo/alarmo/alarmo/Features/Plan/PlanDetailSheetViews.swift /Users/rukesh/Documents/projects/alarmo/alarmo/alarmo/Features/Plan/PlanFloatingMenu.swift /Users/rukesh/Documents/projects/alarmo/alarmo/alarmo/Features/Plan/PlanGlassStyle.swift /Users/rukesh/Documents/projects/alarmo/alarmo/alarmo/Features/Plan/PlanItemDetailView.swift /Users/rukesh/Documents/projects/alarmo/alarmo/alarmo/Features/Plan/PlanItemOptionsSheet.swift /Users/rukesh/Documents/projects/alarmo/alarmo/alarmo/Features/Plan/PlanItemTaskDetailView.swift /Users/rukesh/Documents/projects/alarmo/alarmo/alarmo/Features/Plan/PlanView.swift /Users/rukesh/Documents/projects/alarmo/alarmo/alarmo/Features/Plan/PlanViewModel.swift /Users/rukesh/Documents/projects/alarmo/alarmo/alarmo/Features/Plan/PomoTimerWrapper.swift /Users/rukesh/Documents/projects/alarmo/alarmo/alarmo/Features/Report/ReportComponents.swift /Users/rukesh/Documents/projects/alarmo/alarmo/alarmo/Features/Report/ReportService.swift /Users/rukesh/Documents/projects/alarmo/alarmo/alarmo/Features/Report/ReportView.swift /Users/rukesh/Documents/projects/alarmo/alarmo/alarmo/Features/Report/ReportViewModel.swift (in target 'alarmo' from project 'alarmo')
SwiftCompile normal x86_64 /Users/rukesh/Documents/projects/alarmo/alarmo/alarmo/Features/Paywall/DiscountPaywallView.swift (in target 'alarmo' from project 'alarmo')
    cd /Users/rukesh/Documents/projects/alarmo/alarmo
    

SwiftCompile normal x86_64 /Users/rukesh/Documents/projects/alarmo/alarmo/alarmo/Features/Paywall/DiscountPaywallViewModel.swift (in target 'alarmo' from project 'alarmo')
    cd /Users/rukesh/Documents/projects/alarmo/alarmo
    

SwiftCompile normal x86_64 /Users/rukesh/Documents/projects/alarmo/alarmo/alarmo/Features/Paywall/PaywallView.swift (in target 'alarmo' from project 'alarmo')
    cd /Users/rukesh/Documents/projects/alarmo/alarmo
    

SwiftCompile normal x86_64 /Users/rukesh/Documents/projects/alarmo/alarmo/alarmo/Features/Paywall/PaywallViewModel.swift (in target 'alarmo' from project 'alarmo')
    cd /Users/rukesh/Documents/projects/alarmo/alarmo
    

SwiftCompile normal x86_64 /Users/rukesh/Documents/projects/alarmo/alarmo/alarmo/Features/Paywall/ProPaywallFlowView.swift (in target 'alarmo' from project 'alarmo')
    cd /Users/rukesh/Documents/projects/alarmo/alarmo
    

SwiftCompile normal x86_64 /Users/rukesh/Documents/projects/alarmo/alarmo/alarmo/Features/Placeholder/OnboardingSoundStubView.swift (in target 'alarmo' from project 'alarmo')
    cd /Users/rukesh/Documents/projects/alarmo/alarmo
    

SwiftCompile normal x86_64 /Users/rukesh/Documents/projects/alarmo/alarmo/alarmo/Features/Placeholder/OnboardingStep3StubView.swift (in target 'alarmo' from project 'alarmo')
    cd /Users/rukesh/Documents/projects/alarmo/alarmo
    

SwiftCompile normal x86_64 /Users/rukesh/Documents/projects/alarmo/alarmo/alarmo/Features/Plan/CreateHabitGalleryView.swift (in target 'alarmo' from project 'alarmo')
    cd /Users/rukesh/Documents/projects/alarmo/alarmo
    

SwiftCompile normal x86_64 /Users/rukesh/Documents/projects/alarmo/alarmo/alarmo/Features/Plan/CreateNoteView.swift (in target 'alarmo' from project 'alarmo')
    cd /Users/rukesh/Documents/projects/alarmo/alarmo
    

SwiftCompile normal x86_64 /Users/rukesh/Documents/projects/alarmo/alarmo/alarmo/Features/Plan/CreatePlanItemView.swift (in target 'alarmo' from project 'alarmo')
    cd /Users/rukesh/Documents/projects/alarmo/alarmo
    

SwiftCompile normal x86_64 /Users/rukesh/Documents/projects/alarmo/alarmo/alarmo/Features/Plan/PlanDetailSheetViews.swift (in target 'alarmo' from project 'alarmo')
    cd /Users/rukesh/Documents/projects/alarmo/alarmo
    

SwiftCompile normal x86_64 /Users/rukesh/Documents/projects/alarmo/alarmo/alarmo/Features/Plan/PlanFloatingMenu.swift (in target 'alarmo' from project 'alarmo')
    cd /Users/rukesh/Documents/projects/alarmo/alarmo
    

SwiftCompile normal x86_64 /Users/rukesh/Documents/projects/alarmo/alarmo/alarmo/Features/Plan/PlanGlassStyle.swift (in target 'alarmo' from project 'alarmo')
    cd /Users/rukesh/Documents/projects/alarmo/alarmo
    

SwiftCompile normal x86_64 /Users/rukesh/Documents/projects/alarmo/alarmo/alarmo/Features/Plan/PlanItemDetailView.swift (in target 'alarmo' from project 'alarmo')
    cd /Users/rukesh/Documents/projects/alarmo/alarmo
    

SwiftCompile normal x86_64 /Users/rukesh/Documents/projects/alarmo/alarmo/alarmo/Features/Plan/PlanItemOptionsSheet.swift (in target 'alarmo' from project 'alarmo')
    cd /Users/rukesh/Documents/projects/alarmo/alarmo
    

SwiftCompile normal x86_64 /Users/rukesh/Documents/projects/alarmo/alarmo/alarmo/Features/Plan/PlanItemTaskDetailView.swift (in target 'alarmo' from project 'alarmo')
    cd /Users/rukesh/Documents/projects/alarmo/alarmo
    

SwiftCompile normal x86_64 /Users/rukesh/Documents/projects/alarmo/alarmo/alarmo/Features/Plan/PlanView.swift (in target 'alarmo' from project 'alarmo')
    cd /Users/rukesh/Documents/projects/alarmo/alarmo
    

SwiftCompile normal x86_64 /Users/rukesh/Documents/projects/alarmo/alarmo/alarmo/Features/Plan/PlanViewModel.swift (in target 'alarmo' from project 'alarmo')
    cd /Users/rukesh/Documents/projects/alarmo/alarmo
    
/Users/rukesh/Documents/projects/alarmo/alarmo/alarmo/Features/Plan/PlanViewModel.swift:121:13: warning: initialization of immutable value 'calendar' was never used; consider replacing with assignment to '_' or removing it
        let calendar = Calendar.current
        ~~~~^~~~~~~~
        _
/Users/rukesh/Documents/projects/alarmo/alarmo/alarmo/Features/Plan/PlanViewModel.swift:375:19: warning: value 'monthStart' was defined but never used; consider replacing with boolean test
        guard let monthStart = calendar.date(from: DateComponents(year: year, month: month, day: 1)) else { return 0 }
              ~~~~^~~~~~~~~~~~~
                                                                                                     != nil

SwiftCompile normal x86_64 /Users/rukesh/Documents/projects/alarmo/alarmo/alarmo/Features/Plan/PomoTimerWrapper.swift (in target 'alarmo' from project 'alarmo')
    cd /Users/rukesh/Documents/projects/alarmo/alarmo
    

SwiftCompile normal x86_64 /Users/rukesh/Documents/projects/alarmo/alarmo/alarmo/Features/Report/ReportComponents.swift (in target 'alarmo' from project 'alarmo')
    cd /Users/rukesh/Documents/projects/alarmo/alarmo
    
/Users/rukesh/Documents/projects/alarmo/alarmo/alarmo/Features/Report/ReportComponents.swift:473:47: warning: immutable value 'last' was never used; consider replacing with '_' or removing it
        guard let first = weekDays.first, let last = weekDays.last else { return "" }
                                          ~~~~^~~~
                                          _

SwiftCompile normal x86_64 /Users/rukesh/Documents/projects/alarmo/alarmo/alarmo/Features/Report/ReportService.swift (in target 'alarmo' from project 'alarmo')
    cd /Users/rukesh/Documents/projects/alarmo/alarmo
    

SwiftCompile normal x86_64 /Users/rukesh/Documents/projects/alarmo/alarmo/alarmo/Features/Report/ReportView.swift (in target 'alarmo' from project 'alarmo')
    cd /Users/rukesh/Documents/projects/alarmo/alarmo
    

SwiftCompile normal x86_64 /Users/rukesh/Documents/projects/alarmo/alarmo/alarmo/Features/Report/ReportViewModel.swift (in target 'alarmo' from project 'alarmo')
    cd /Users/rukesh/Documents/projects/alarmo/alarmo
    

SwiftCompile normal x86_64 Compiling\ PomodoroTheme.swift,\ PomoDurationPickerSheet.swift,\ PomoSettingsView.swift,\ PomoTimerView.swift,\ PrimaryPlayPauseButton.swift,\ SecondaryActionButtonsRow.swift,\ StopwatchSettingsView.swift,\ StopwatchView.swift,\ TagSelectionView.swift,\ TaskPillView.swift,\ TaskSelectionSheet.swift,\ TimerDurationPickerView.swift,\ TimerGlassStyle.swift,\ TimerModels.swift,\ TimerRootView.swift,\ TimerViewModel.swift,\ TimerPlaceholderView.swift,\ CelebrationOverlayView.swift,\ ConfettiView.swift,\ AccountabilityModels.swift,\ Alarm.swift,\ AlarmDraft.swift /Users/rukesh/Documents/projects/alarmo/alarmo/alarmo/Features/Timer/PomodoroTheme.swift /Users/rukesh/Documents/projects/alarmo/alarmo/alarmo/Features/Timer/PomoDurationPickerSheet.swift /Users/rukesh/Documents/projects/alarmo/alarmo/alarmo/Features/Timer/PomoSettingsView.swift /Users/rukesh/Documents/projects/alarmo/alarmo/alarmo/Features/Timer/PomoTimerView.swift /Users/rukesh/Documents/projects/alarmo/alarmo/alarmo/Features/Timer/PrimaryPlayPauseButton.swift /Users/rukesh/Documents/projects/alarmo/alarmo/alarmo/Features/Timer/SecondaryActionButtonsRow.swift /Users/rukesh/Documents/projects/alarmo/alarmo/alarmo/Features/Timer/StopwatchSettingsView.swift /Users/rukesh/Documents/projects/alarmo/alarmo/alarmo/Features/Timer/StopwatchView.swift /Users/rukesh/Documents/projects/alarmo/alarmo/alarmo/Features/Timer/TagSelectionView.swift /Users/rukesh/Documents/projects/alarmo/alarmo/alarmo/Features/Timer/TaskPillView.swift /Users/rukesh/Documents/projects/alarmo/alarmo/alarmo/Features/Timer/TaskSelectionSheet.swift /Users/rukesh/Documents/projects/alarmo/alarmo/alarmo/Features/Timer/TimerDurationPickerView.swift /Users/rukesh/Documents/projects/alarmo/alarmo/alarmo/Features/Timer/TimerGlassStyle.swift /Users/rukesh/Documents/projects/alarmo/alarmo/alarmo/Features/Timer/TimerModels.swift /Users/rukesh/Documents/projects/alarmo/alarmo/alarmo/Features/Timer/TimerRootView.swift /Users/rukesh/Documents/projects/alarmo/alarmo/alarmo/Features/Timer/TimerViewModel.swift /Users/rukesh/Documents/projects/alarmo/alarmo/alarmo/Features/Timers/TimerPlaceholderView.swift /Users/rukesh/Documents/projects/alarmo/alarmo/alarmo/Features/Upsell/CelebrationOverlayView.swift /Users/rukesh/Documents/projects/alarmo/alarmo/alarmo/Features/Upsell/ConfettiView.swift /Users/rukesh/Documents/projects/alarmo/alarmo/alarmo/Shared/Models/AccountabilityModels.swift /Users/rukesh/Documents/projects/alarmo/alarmo/alarmo/Shared/Models/Alarm.swift /Users/rukesh/Documents/projects/alarmo/alarmo/alarmo/Shared/Models/AlarmDraft.swift (in target 'alarmo' from project 'alarmo')

SwiftCompile normal x86_64 /Users/rukesh/Documents/projects/alarmo/alarmo/alarmo/Features/Timer/PomodoroTheme.swift (in target 'alarmo' from project 'alarmo')
    cd /Users/rukesh/Documents/projects/alarmo/alarmo
    

SwiftCompile normal x86_64 /Users/rukesh/Documents/projects/alarmo/alarmo/alarmo/Features/Timer/PomoDurationPickerSheet.swift (in target 'alarmo' from project 'alarmo')
    cd /Users/rukesh/Documents/projects/alarmo/alarmo
    

SwiftCompile normal x86_64 /Users/rukesh/Documents/projects/alarmo/alarmo/alarmo/Features/Timer/PomoSettingsView.swift (in target 'alarmo' from project 'alarmo')
    cd /Users/rukesh/Documents/projects/alarmo/alarmo
    

SwiftCompile normal x86_64 /Users/rukesh/Documents/projects/alarmo/alarmo/alarmo/Features/Timer/PomoTimerView.swift (in target 'alarmo' from project 'alarmo')
    cd /Users/rukesh/Documents/projects/alarmo/alarmo
    

SwiftCompile normal x86_64 /Users/rukesh/Documents/projects/alarmo/alarmo/alarmo/Features/Timer/PrimaryPlayPauseButton.swift (in target 'alarmo' from project 'alarmo')
    cd /Users/rukesh/Documents/projects/alarmo/alarmo
    

SwiftCompile normal x86_64 /Users/rukesh/Documents/projects/alarmo/alarmo/alarmo/Features/Timer/SecondaryActionButtonsRow.swift (in target 'alarmo' from project 'alarmo')
    cd /Users/rukesh/Documents/projects/alarmo/alarmo
    

SwiftCompile normal x86_64 /Users/rukesh/Documents/projects/alarmo/alarmo/alarmo/Features/Timer/StopwatchSettingsView.swift (in target 'alarmo' from project 'alarmo')
    cd /Users/rukesh/Documents/projects/alarmo/alarmo
    

SwiftCompile normal x86_64 /Users/rukesh/Documents/projects/alarmo/alarmo/alarmo/Features/Timer/StopwatchView.swift (in target 'alarmo' from project 'alarmo')
    cd /Users/rukesh/Documents/projects/alarmo/alarmo
    

SwiftCompile normal x86_64 /Users/rukesh/Documents/projects/alarmo/alarmo/alarmo/Features/Timer/TagSelectionView.swift (in target 'alarmo' from project 'alarmo')
    cd /Users/rukesh/Documents/projects/alarmo/alarmo
    

SwiftCompile normal x86_64 /Users/rukesh/Documents/projects/alarmo/alarmo/alarmo/Features/Timer/TaskPillView.swift (in target 'alarmo' from project 'alarmo')
    cd /Users/rukesh/Documents/projects/alarmo/alarmo
    

SwiftCompile normal x86_64 /Users/rukesh/Documents/projects/alarmo/alarmo/alarmo/Features/Timer/TaskSelectionSheet.swift (in target 'alarmo' from project 'alarmo')
    cd /Users/rukesh/Documents/projects/alarmo/alarmo
    

SwiftCompile normal x86_64 /Users/rukesh/Documents/projects/alarmo/alarmo/alarmo/Features/Timer/TimerDurationPickerView.swift (in target 'alarmo' from project 'alarmo')
    cd /Users/rukesh/Documents/projects/alarmo/alarmo
    

SwiftCompile normal x86_64 /Users/rukesh/Documents/projects/alarmo/alarmo/alarmo/Features/Timer/TimerGlassStyle.swift (in target 'alarmo' from project 'alarmo')
    cd /Users/rukesh/Documents/projects/alarmo/alarmo
    

SwiftCompile normal x86_64 /Users/rukesh/Documents/projects/alarmo/alarmo/alarmo/Features/Timer/TimerModels.swift (in target 'alarmo' from project 'alarmo')
    cd /Users/rukesh/Documents/projects/alarmo/alarmo
    

SwiftCompile normal x86_64 /Users/rukesh/Documents/projects/alarmo/alarmo/alarmo/Features/Timer/TimerRootView.swift (in target 'alarmo' from project 'alarmo')
    cd /Users/rukesh/Documents/projects/alarmo/alarmo
    

SwiftCompile normal x86_64 /Users/rukesh/Documents/projects/alarmo/alarmo/alarmo/Features/Timer/TimerViewModel.swift (in target 'alarmo' from project 'alarmo')
    cd /Users/rukesh/Documents/projects/alarmo/alarmo
    

SwiftCompile normal x86_64 /Users/rukesh/Documents/projects/alarmo/alarmo/alarmo/Features/Timers/TimerPlaceholderView.swift (in target 'alarmo' from project 'alarmo')
    cd /Users/rukesh/Documents/projects/alarmo/alarmo
    

SwiftCompile normal x86_64 /Users/rukesh/Documents/projects/alarmo/alarmo/alarmo/Features/Upsell/CelebrationOverlayView.swift (in target 'alarmo' from project 'alarmo')
    cd /Users/rukesh/Documents/projects/alarmo/alarmo
    

SwiftCompile normal x86_64 /Users/rukesh/Documents/projects/alarmo/alarmo/alarmo/Features/Upsell/ConfettiView.swift (in target 'alarmo' from project 'alarmo')
    cd /Users/rukesh/Documents/projects/alarmo/alarmo
    

SwiftCompile normal x86_64 /Users/rukesh/Documents/projects/alarmo/alarmo/alarmo/Shared/Models/AccountabilityModels.swift (in target 'alarmo' from project 'alarmo')
    cd /Users/rukesh/Documents/projects/alarmo/alarmo
    

SwiftCompile normal x86_64 /Users/rukesh/Documents/projects/alarmo/alarmo/alarmo/Shared/Models/Alarm.swift (in target 'alarmo' from project 'alarmo')
    cd /Users/rukesh/Documents/projects/alarmo/alarmo
    

SwiftCompile normal x86_64 /Users/rukesh/Documents/projects/alarmo/alarmo/alarmo/Shared/Models/AlarmDraft.swift (in target 'alarmo' from project 'alarmo')
    cd /Users/rukesh/Documents/projects/alarmo/alarmo
    

SwiftCompile normal x86_64 Compiling\ MemoryMatchSettingsView.swift,\ MemoryMatchViewModel.swift,\ QRBarcodeMissionView.swift,\ QRBarcodeMissionViewModel.swift,\ QRBarcodeModels.swift,\ QRBarcodeSettingsView.swift,\ QRScannerView.swift,\ ShakeMissionSettingsView.swift,\ ShakeMissionView.swift,\ ShakeMissionViewModel.swift,\ SquatMissionSettingsView.swift,\ SquatMissionView.swift,\ SquatMissionViewModel.swift,\ StepsMissionSettingsView.swift,\ StepsMissionView.swift,\ StepsMissionViewModel.swift,\ StepsMotionManager.swift,\ TicTacToeAI.swift,\ TicTacToeComponents.swift,\ TicTacToeEngine.swift,\ TicTacToeGameView.swift,\ TicTacToeModels.swift,\ TicTacToeSettingsView.swift /Users/rukesh/Documents/projects/alarmo/alarmo/alarmo/Features/Alarms/Missions/MemoryMatch/MemoryMatchSettingsView.swift /Users/rukesh/Documents/projects/alarmo/alarmo/alarmo/Features/Alarms/Missions/MemoryMatch/MemoryMatchViewModel.swift /Users/rukesh/Documents/projects/alarmo/alarmo/alarmo/Features/Alarms/Missions/QRBarcode/QRBarcodeMissionView.swift /Users/rukesh/Documents/projects/alarmo/alarmo/alarmo/Features/Alarms/Missions/QRBarcode/QRBarcodeMissionViewModel.swift /Users/rukesh/Documents/projects/alarmo/alarmo/alarmo/Features/Alarms/Missions/QRBarcode/QRBarcodeModels.swift /Users/rukesh/Documents/projects/alarmo/alarmo/alarmo/Features/Alarms/Missions/QRBarcode/QRBarcodeSettingsView.swift /Users/rukesh/Documents/projects/alarmo/alarmo/alarmo/Features/Alarms/Missions/QRBarcode/QRScannerView.swift /Users/rukesh/Documents/projects/alarmo/alarmo/alarmo/Features/Alarms/Missions/Shake/ShakeMissionSettingsView.swift /Users/rukesh/Documents/projects/alarmo/alarmo/alarmo/Features/Alarms/Missions/Shake/ShakeMissionView.swift /Users/rukesh/Documents/projects/alarmo/alarmo/alarmo/Features/Alarms/Missions/Shake/ShakeMissionViewModel.swift /Users/rukesh/Documents/projects/alarmo/alarmo/alarmo/Features/Alarms/Missions/Squat/SquatMissionSettingsView.swift /Users/rukesh/Documents/projects/alarmo/alarmo/alarmo/Features/Alarms/Missions/Squat/SquatMissionView.swift /Users/rukesh/Documents/projects/alarmo/alarmo/alarmo/Features/Alarms/Missions/Squat/SquatMissionViewModel.swift /Users/rukesh/Documents/projects/alarmo/alarmo/alarmo/Features/Alarms/Missions/Steps/StepsMissionSettingsView.swift /Users/rukesh/Documents/projects/alarmo/alarmo/alarmo/Features/Alarms/Missions/Steps/StepsMissionView.swift /Users/rukesh/Documents/projects/alarmo/alarmo/alarmo/Features/Alarms/Missions/Steps/StepsMissionViewModel.swift /Users/rukesh/Documents/projects/alarmo/alarmo/alarmo/Features/Alarms/Missions/Steps/StepsMotionManager.swift /Users/rukesh/Documents/projects/alarmo/alarmo/alarmo/Features/Alarms/Missions/TicTacToe/TicTacToeAI.swift /Users/rukesh/Documents/projects/alarmo/alarmo/alarmo/Features/Alarms/Missions/TicTacToe/TicTacToeComponents.swift /Users/rukesh/Documents/projects/alarmo/alarmo/alarmo/Features/Alarms/Missions/TicTacToe/TicTacToeEngine.swift /Users/rukesh/Documents/projects/alarmo/alarmo/alarmo/Features/Alarms/Missions/TicTacToe/TicTacToeGameView.swift /Users/rukesh/Documents/projects/alarmo/alarmo/alarmo/Features/Alarms/Missions/TicTacToe/TicTacToeModels.swift /Users/rukesh/Documents/projects/alarmo/alarmo/alarmo/Features/Alarms/Missions/TicTacToe/TicTacToeSettingsView.swift (in target 'alarmo' from project 'alarmo')

SwiftCompile normal x86_64 /Users/rukesh/Documents/projects/alarmo/alarmo/alarmo/Features/Alarms/Missions/MemoryMatch/MemoryMatchSettingsView.swift (in target 'alarmo' from project 'alarmo')
    cd /Users/rukesh/Documents/projects/alarmo/alarmo
    

SwiftCompile normal x86_64 /Users/rukesh/Documents/projects/alarmo/alarmo/alarmo/Features/Alarms/Missions/MemoryMatch/MemoryMatchViewModel.swift (in target 'alarmo' from project 'alarmo')
    cd /Users/rukesh/Documents/projects/alarmo/alarmo
    

SwiftCompile normal x86_64 /Users/rukesh/Documents/projects/alarmo/alarmo/alarmo/Features/Alarms/Missions/QRBarcode/QRBarcodeMissionView.swift (in target 'alarmo' from project 'alarmo')
    cd /Users/rukesh/Documents/projects/alarmo/alarmo
    

SwiftCompile normal x86_64 /Users/rukesh/Documents/projects/alarmo/alarmo/alarmo/Features/Alarms/Missions/QRBarcode/QRBarcodeMissionViewModel.swift (in target 'alarmo' from project 'alarmo')
    cd /Users/rukesh/Documents/projects/alarmo/alarmo
    

SwiftCompile normal x86_64 /Users/rukesh/Documents/projects/alarmo/alarmo/alarmo/Features/Alarms/Missions/QRBarcode/QRBarcodeModels.swift (in target 'alarmo' from project 'alarmo')
    cd /Users/rukesh/Documents/projects/alarmo/alarmo
    

SwiftCompile normal x86_64 /Users/rukesh/Documents/projects/alarmo/alarmo/alarmo/Features/Alarms/Missions/QRBarcode/QRBarcodeSettingsView.swift (in target 'alarmo' from project 'alarmo')
    cd /Users/rukesh/Documents/projects/alarmo/alarmo
    

SwiftCompile normal x86_64 /Users/rukesh/Documents/projects/alarmo/alarmo/alarmo/Features/Alarms/Missions/QRBarcode/QRScannerView.swift (in target 'alarmo' from project 'alarmo')
    cd /Users/rukesh/Documents/projects/alarmo/alarmo
    

SwiftCompile normal x86_64 /Users/rukesh/Documents/projects/alarmo/alarmo/alarmo/Features/Alarms/Missions/Shake/ShakeMissionSettingsView.swift (in target 'alarmo' from project 'alarmo')
    cd /Users/rukesh/Documents/projects/alarmo/alarmo
    

SwiftCompile normal x86_64 /Users/rukesh/Documents/projects/alarmo/alarmo/alarmo/Features/Alarms/Missions/Shake/ShakeMissionView.swift (in target 'alarmo' from project 'alarmo')
    cd /Users/rukesh/Documents/projects/alarmo/alarmo
    

SwiftCompile normal x86_64 /Users/rukesh/Documents/projects/alarmo/alarmo/alarmo/Features/Alarms/Missions/Shake/ShakeMissionViewModel.swift (in target 'alarmo' from project 'alarmo')
    cd /Users/rukesh/Documents/projects/alarmo/alarmo
    
/Users/rukesh/Documents/projects/alarmo/alarmo/alarmo/Features/Alarms/Missions/Shake/ShakeMissionViewModel.swift:125:47: warning: main actor-isolated conformance of 'ShakeMissionState' to 'Equatable' cannot be used in nonisolated context; this is an error in the Swift 6 language mode
            guard let self = self, self.state == .active else { return }
                                              ^

SwiftCompile normal x86_64 /Users/rukesh/Documents/projects/alarmo/alarmo/alarmo/Features/Alarms/Missions/Squat/SquatMissionSettingsView.swift (in target 'alarmo' from project 'alarmo')
    cd /Users/rukesh/Documents/projects/alarmo/alarmo
    

SwiftCompile normal x86_64 /Users/rukesh/Documents/projects/alarmo/alarmo/alarmo/Features/Alarms/Missions/Squat/SquatMissionView.swift (in target 'alarmo' from project 'alarmo')
    cd /Users/rukesh/Documents/projects/alarmo/alarmo
    

SwiftCompile normal x86_64 /Users/rukesh/Documents/projects/alarmo/alarmo/alarmo/Features/Alarms/Missions/Squat/SquatMissionViewModel.swift (in target 'alarmo' from project 'alarmo')
    cd /Users/rukesh/Documents/projects/alarmo/alarmo
    
/Users/rukesh/Documents/projects/alarmo/alarmo/alarmo/Features/Alarms/Missions/Squat/SquatMissionViewModel.swift:176:47: warning: main actor-isolated conformance of 'SquatMissionState' to 'Equatable' cannot be used in nonisolated context; this is an error in the Swift 6 language mode
            guard let self = self, self.state == .active else { return }
                                              ^

SwiftCompile normal x86_64 /Users/rukesh/Documents/projects/alarmo/alarmo/alarmo/Features/Alarms/Missions/Steps/StepsMissionSettingsView.swift (in target 'alarmo' from project 'alarmo')
    cd /Users/rukesh/Documents/projects/alarmo/alarmo
    

SwiftCompile normal x86_64 /Users/rukesh/Documents/projects/alarmo/alarmo/alarmo/Features/Alarms/Missions/Steps/StepsMissionView.swift (in target 'alarmo' from project 'alarmo')
    cd /Users/rukesh/Documents/projects/alarmo/alarmo
    

SwiftCompile normal x86_64 /Users/rukesh/Documents/projects/alarmo/alarmo/alarmo/Features/Alarms/Missions/Steps/StepsMissionViewModel.swift (in target 'alarmo' from project 'alarmo')
    cd /Users/rukesh/Documents/projects/alarmo/alarmo
    

SwiftCompile normal x86_64 /Users/rukesh/Documents/projects/alarmo/alarmo/alarmo/Features/Alarms/Missions/Steps/StepsMotionManager.swift (in target 'alarmo' from project 'alarmo')
    cd /Users/rukesh/Documents/projects/alarmo/alarmo
    

SwiftCompile normal x86_64 /Users/rukesh/Documents/projects/alarmo/alarmo/alarmo/Features/Alarms/Missions/TicTacToe/TicTacToeAI.swift (in target 'alarmo' from project 'alarmo')
    cd /Users/rukesh/Documents/projects/alarmo/alarmo
    

SwiftCompile normal x86_64 /Users/rukesh/Documents/projects/alarmo/alarmo/alarmo/Features/Alarms/Missions/TicTacToe/TicTacToeComponents.swift (in target 'alarmo' from project 'alarmo')
    cd /Users/rukesh/Documents/projects/alarmo/alarmo
    

SwiftCompile normal x86_64 /Users/rukesh/Documents/projects/alarmo/alarmo/alarmo/Features/Alarms/Missions/TicTacToe/TicTacToeEngine.swift (in target 'alarmo' from project 'alarmo')
    cd /Users/rukesh/Documents/projects/alarmo/alarmo
    

SwiftCompile normal x86_64 /Users/rukesh/Documents/projects/alarmo/alarmo/alarmo/Features/Alarms/Missions/TicTacToe/TicTacToeGameView.swift (in target 'alarmo' from project 'alarmo')
    cd /Users/rukesh/Documents/projects/alarmo/alarmo
    

SwiftCompile normal x86_64 /Users/rukesh/Documents/projects/alarmo/alarmo/alarmo/Features/Alarms/Missions/TicTacToe/TicTacToeModels.swift (in target 'alarmo' from project 'alarmo')
    cd /Users/rukesh/Documents/projects/alarmo/alarmo
    

SwiftCompile normal x86_64 /Users/rukesh/Documents/projects/alarmo/alarmo/alarmo/Features/Alarms/Missions/TicTacToe/TicTacToeSettingsView.swift (in target 'alarmo' from project 'alarmo')
    cd /Users/rukesh/Documents/projects/alarmo/alarmo
    

SwiftCompile normal x86_64 Compiling\ AlarmMission.swift,\ AppListModels.swift,\ AssetModels.swift,\ AssetRef.swift,\ Item.swift,\ MotivationQuotes.swift,\ PlanModels.swift,\ RepeatMask.swift,\ Tag.swift,\ TaskItem.swift,\ WallpaperModels.swift,\ Clock.swift,\ NetworkMonitoring.swift,\ UUIDProviding.swift,\ AlarmForegroundScheduler.swift,\ AlarmRingCoordinator.swift,\ AlarmScheduler.swift,\ AlarmStore.swift,\ AppPreferences.swift,\ AssetManager.swift,\ AudioPlayerService.swift,\ EntitlementStore.swift /Users/rukesh/Documents/projects/alarmo/alarmo/alarmo/Shared/Models/AlarmMission.swift /Users/rukesh/Documents/projects/alarmo/alarmo/alarmo/Shared/Models/AppListModels.swift /Users/rukesh/Documents/projects/alarmo/alarmo/alarmo/Shared/Models/AssetModels.swift /Users/rukesh/Documents/projects/alarmo/alarmo/alarmo/Shared/Models/AssetRef.swift /Users/rukesh/Documents/projects/alarmo/alarmo/alarmo/Shared/Models/Item.swift /Users/rukesh/Documents/projects/alarmo/alarmo/alarmo/Shared/Models/MotivationQuotes.swift /Users/rukesh/Documents/projects/alarmo/alarmo/alarmo/Shared/Models/PlanModels.swift /Users/rukesh/Documents/projects/alarmo/alarmo/alarmo/Shared/Models/RepeatMask.swift /Users/rukesh/Documents/projects/alarmo/alarmo/alarmo/Shared/Models/Tag.swift /Users/rukesh/Documents/projects/alarmo/alarmo/alarmo/Shared/Models/TaskItem.swift /Users/rukesh/Documents/projects/alarmo/alarmo/alarmo/Shared/Models/WallpaperModels.swift /Users/rukesh/Documents/projects/alarmo/alarmo/alarmo/Shared/Protocols/Clock.swift /Users/rukesh/Documents/projects/alarmo/alarmo/alarmo/Shared/Protocols/NetworkMonitoring.swift /Users/rukesh/Documents/projects/alarmo/alarmo/alarmo/Shared/Protocols/UUIDProviding.swift /Users/rukesh/Documents/projects/alarmo/alarmo/alarmo/Shared/Services/AlarmForegroundScheduler.swift /Users/rukesh/Documents/projects/alarmo/alarmo/alarmo/Shared/Services/AlarmRingCoordinator.swift /Users/rukesh/Documents/projects/alarmo/alarmo/alarmo/Shared/Services/AlarmScheduler.swift /Users/rukesh/Documents/projects/alarmo/alarmo/alarmo/Shared/Services/AlarmStore.swift /Users/rukesh/Documents/projects/alarmo/alarmo/alarmo/Shared/Services/AppPreferences.swift /Users/rukesh/Documents/projects/alarmo/alarmo/alarmo/Shared/Services/AssetManager.swift /Users/rukesh/Documents/projects/alarmo/alarmo/alarmo/Shared/Services/AudioPlayerService.swift /Users/rukesh/Documents/projects/alarmo/alarmo/alarmo/Shared/Services/EntitlementStore.swift (in target 'alarmo' from project 'alarmo')

SwiftCompile normal x86_64 /Users/rukesh/Documents/projects/alarmo/alarmo/alarmo/Shared/Models/AlarmMission.swift (in target 'alarmo' from project 'alarmo')
    cd /Users/rukesh/Documents/projects/alarmo/alarmo
    
@__swiftmacro_6alarmo8PlanItemC10repeatRule18_PersistedPropertyfMa_.swift:4:23: warning: main actor-isolated conformance of 'RepeatRule' to 'Encodable' cannot be used in nonisolated context; this is an error in the Swift 6 language mode
        _$backingData.setValue(forKey: \.repeatRule, to: initialValue)
                      ^
@__swiftmacro_6alarmo8PlanItemC10repeatRule5ModelfMr14_.swift:1:1: note: in expansion of macro '_PersistedProperty' on property 'repeatRule' here
@_PersistedProperty
^
@__swiftmacro_6alarmo8PlanItemC10repeatRule5ModelfMr14_.swift:1:1: note: in expansion of macro '_PersistedProperty' on property 'repeatRule' here
@_PersistedProperty
^
@__swiftmacro_6alarmo8PlanItemC7mission18_PersistedPropertyfMa_.swift:5:23: warning: main actor-isolated conformance of 'MissionRequirement' to 'Encodable' cannot be used in nonisolated context; this is an error in the Swift 6 language mode
        _$backingData.setValue(forKey: \.mission, to: initialValue)
                      ^
@__swiftmacro_6alarmo8PlanItemC7mission5ModelfMr20_.swift:2:5: note: in expansion of macro '_PersistedProperty' on property 'mission' here
    @_PersistedProperty
    ^
@__swiftmacro_6alarmo8PlanItemC7mission5ModelfMr20_.swift:2:5: note: in expansion of macro '_PersistedProperty' on property 'mission' here
    @_PersistedProperty
    ^

SwiftCompile normal x86_64 /Users/rukesh/Documents/projects/alarmo/alarmo/alarmo/Shared/Models/AppListModels.swift (in target 'alarmo' from project 'alarmo')
    cd /Users/rukesh/Documents/projects/alarmo/alarmo
    
@__swiftmacro_6alarmo8PlanItemC10repeatRule18_PersistedPropertyfMa_.swift:4:23: warning: main actor-isolated conformance of 'RepeatRule' to 'Encodable' cannot be used in nonisolated context; this is an error in the Swift 6 language mode
        _$backingData.setValue(forKey: \.repeatRule, to: initialValue)
                      ^
@__swiftmacro_6alarmo8PlanItemC10repeatRule5ModelfMr14_.swift:1:1: note: in expansion of macro '_PersistedProperty' on property 'repeatRule' here
@_PersistedProperty
^
@__swiftmacro_6alarmo8PlanItemC10repeatRule5ModelfMr14_.swift:1:1: note: in expansion of macro '_PersistedProperty' on property 'repeatRule' here
@_PersistedProperty
^
@__swiftmacro_6alarmo8PlanItemC7mission18_PersistedPropertyfMa_.swift:5:23: warning: main actor-isolated conformance of 'MissionRequirement' to 'Encodable' cannot be used in nonisolated context; this is an error in the Swift 6 language mode
        _$backingData.setValue(forKey: \.mission, to: initialValue)
                      ^
@__swiftmacro_6alarmo8PlanItemC7mission5ModelfMr20_.swift:2:5: note: in expansion of macro '_PersistedProperty' on property 'mission' here
    @_PersistedProperty
    ^
@__swiftmacro_6alarmo8PlanItemC7mission5ModelfMr20_.swift:2:5: note: in expansion of macro '_PersistedProperty' on property 'mission' here
    @_PersistedProperty
    ^

SwiftCompile normal x86_64 /Users/rukesh/Documents/projects/alarmo/alarmo/alarmo/Shared/Models/AssetModels.swift (in target 'alarmo' from project 'alarmo')
    cd /Users/rukesh/Documents/projects/alarmo/alarmo
    
@__swiftmacro_6alarmo8PlanItemC10repeatRule18_PersistedPropertyfMa_.swift:4:23: warning: main actor-isolated conformance of 'RepeatRule' to 'Encodable' cannot be used in nonisolated context; this is an error in the Swift 6 language mode
        _$backingData.setValue(forKey: \.repeatRule, to: initialValue)
                      ^
@__swiftmacro_6alarmo8PlanItemC10repeatRule5ModelfMr14_.swift:1:1: note: in expansion of macro '_PersistedProperty' on property 'repeatRule' here
@_PersistedProperty
^
@__swiftmacro_6alarmo8PlanItemC10repeatRule5ModelfMr14_.swift:1:1: note: in expansion of macro '_PersistedProperty' on property 'repeatRule' here
@_PersistedProperty
^
@__swiftmacro_6alarmo8PlanItemC7mission18_PersistedPropertyfMa_.swift:5:23: warning: main actor-isolated conformance of 'MissionRequirement' to 'Encodable' cannot be used in nonisolated context; this is an error in the Swift 6 language mode
        _$backingData.setValue(forKey: \.mission, to: initialValue)
                      ^
@__swiftmacro_6alarmo8PlanItemC7mission5ModelfMr20_.swift:2:5: note: in expansion of macro '_PersistedProperty' on property 'mission' here
    @_PersistedProperty
    ^
@__swiftmacro_6alarmo8PlanItemC7mission5ModelfMr20_.swift:2:5: note: in expansion of macro '_PersistedProperty' on property 'mission' here
    @_PersistedProperty
    ^

SwiftCompile normal x86_64 /Users/rukesh/Documents/projects/alarmo/alarmo/alarmo/Shared/Models/AssetRef.swift (in target 'alarmo' from project 'alarmo')
    cd /Users/rukesh/Documents/projects/alarmo/alarmo
    
@__swiftmacro_6alarmo8PlanItemC10repeatRule18_PersistedPropertyfMa_.swift:4:23: warning: main actor-isolated conformance of 'RepeatRule' to 'Encodable' cannot be used in nonisolated context; this is an error in the Swift 6 language mode
        _$backingData.setValue(forKey: \.repeatRule, to: initialValue)
                      ^
@__swiftmacro_6alarmo8PlanItemC10repeatRule5ModelfMr14_.swift:1:1: note: in expansion of macro '_PersistedProperty' on property 'repeatRule' here
@_PersistedProperty
^
@__swiftmacro_6alarmo8PlanItemC10repeatRule5ModelfMr14_.swift:1:1: note: in expansion of macro '_PersistedProperty' on property 'repeatRule' here
@_PersistedProperty
^
@__swiftmacro_6alarmo8PlanItemC7mission18_PersistedPropertyfMa_.swift:5:23: warning: main actor-isolated conformance of 'MissionRequirement' to 'Encodable' cannot be used in nonisolated context; this is an error in the Swift 6 language mode
        _$backingData.setValue(forKey: \.mission, to: initialValue)
                      ^
@__swiftmacro_6alarmo8PlanItemC7mission5ModelfMr20_.swift:2:5: note: in expansion of macro '_PersistedProperty' on property 'mission' here
    @_PersistedProperty
    ^
@__swiftmacro_6alarmo8PlanItemC7mission5ModelfMr20_.swift:2:5: note: in expansion of macro '_PersistedProperty' on property 'mission' here
    @_PersistedProperty
    ^

SwiftCompile normal x86_64 /Users/rukesh/Documents/projects/alarmo/alarmo/alarmo/Shared/Models/Item.swift (in target 'alarmo' from project 'alarmo')
    cd /Users/rukesh/Documents/projects/alarmo/alarmo
    
@__swiftmacro_6alarmo8PlanItemC10repeatRule18_PersistedPropertyfMa_.swift:4:23: warning: main actor-isolated conformance of 'RepeatRule' to 'Encodable' cannot be used in nonisolated context; this is an error in the Swift 6 language mode
        _$backingData.setValue(forKey: \.repeatRule, to: initialValue)
                      ^
@__swiftmacro_6alarmo8PlanItemC10repeatRule5ModelfMr14_.swift:1:1: note: in expansion of macro '_PersistedProperty' on property 'repeatRule' here
@_PersistedProperty
^
@__swiftmacro_6alarmo8PlanItemC10repeatRule5ModelfMr14_.swift:1:1: note: in expansion of macro '_PersistedProperty' on property 'repeatRule' here
@_PersistedProperty
^
@__swiftmacro_6alarmo8PlanItemC7mission18_PersistedPropertyfMa_.swift:5:23: warning: main actor-isolated conformance of 'MissionRequirement' to 'Encodable' cannot be used in nonisolated context; this is an error in the Swift 6 language mode
        _$backingData.setValue(forKey: \.mission, to: initialValue)
                      ^
@__swiftmacro_6alarmo8PlanItemC7mission5ModelfMr20_.swift:2:5: note: in expansion of macro '_PersistedProperty' on property 'mission' here
    @_PersistedProperty
    ^
@__swiftmacro_6alarmo8PlanItemC7mission5ModelfMr20_.swift:2:5: note: in expansion of macro '_PersistedProperty' on property 'mission' here
    @_PersistedProperty
    ^

SwiftCompile normal x86_64 /Users/rukesh/Documents/projects/alarmo/alarmo/alarmo/Shared/Models/MotivationQuotes.swift (in target 'alarmo' from project 'alarmo')
    cd /Users/rukesh/Documents/projects/alarmo/alarmo
    
@__swiftmacro_6alarmo8PlanItemC10repeatRule18_PersistedPropertyfMa_.swift:4:23: warning: main actor-isolated conformance of 'RepeatRule' to 'Encodable' cannot be used in nonisolated context; this is an error in the Swift 6 language mode
        _$backingData.setValue(forKey: \.repeatRule, to: initialValue)
                      ^
@__swiftmacro_6alarmo8PlanItemC10repeatRule5ModelfMr14_.swift:1:1: note: in expansion of macro '_PersistedProperty' on property 'repeatRule' here
@_PersistedProperty
^
@__swiftmacro_6alarmo8PlanItemC10repeatRule5ModelfMr14_.swift:1:1: note: in expansion of macro '_PersistedProperty' on property 'repeatRule' here
@_PersistedProperty
^
@__swiftmacro_6alarmo8PlanItemC7mission18_PersistedPropertyfMa_.swift:5:23: warning: main actor-isolated conformance of 'MissionRequirement' to 'Encodable' cannot be used in nonisolated context; this is an error in the Swift 6 language mode
        _$backingData.setValue(forKey: \.mission, to: initialValue)
                      ^
@__swiftmacro_6alarmo8PlanItemC7mission5ModelfMr20_.swift:2:5: note: in expansion of macro '_PersistedProperty' on property 'mission' here
    @_PersistedProperty
    ^
@__swiftmacro_6alarmo8PlanItemC7mission5ModelfMr20_.swift:2:5: note: in expansion of macro '_PersistedProperty' on property 'mission' here
    @_PersistedProperty
    ^

SwiftCompile normal x86_64 /Users/rukesh/Documents/projects/alarmo/alarmo/alarmo/Shared/Models/PlanModels.swift (in target 'alarmo' from project 'alarmo')
    cd /Users/rukesh/Documents/projects/alarmo/alarmo
    
@__swiftmacro_6alarmo8PlanItemC10repeatRule18_PersistedPropertyfMa_.swift:4:23: warning: main actor-isolated conformance of 'RepeatRule' to 'Encodable' cannot be used in nonisolated context; this is an error in the Swift 6 language mode
        _$backingData.setValue(forKey: \.repeatRule, to: initialValue)
                      ^
@__swiftmacro_6alarmo8PlanItemC10repeatRule5ModelfMr14_.swift:1:1: note: in expansion of macro '_PersistedProperty' on property 'repeatRule' here
@_PersistedProperty
^
@__swiftmacro_6alarmo8PlanItemC10repeatRule5ModelfMr14_.swift:1:1: note: in expansion of macro '_PersistedProperty' on property 'repeatRule' here
@_PersistedProperty
^
@__swiftmacro_6alarmo8PlanItemC7mission18_PersistedPropertyfMa_.swift:5:23: warning: main actor-isolated conformance of 'MissionRequirement' to 'Encodable' cannot be used in nonisolated context; this is an error in the Swift 6 language mode
        _$backingData.setValue(forKey: \.mission, to: initialValue)
                      ^
@__swiftmacro_6alarmo8PlanItemC7mission5ModelfMr20_.swift:2:5: note: in expansion of macro '_PersistedProperty' on property 'mission' here
    @_PersistedProperty
    ^
@__swiftmacro_6alarmo8PlanItemC7mission5ModelfMr20_.swift:2:5: note: in expansion of macro '_PersistedProperty' on property 'mission' here
    @_PersistedProperty
    ^

SwiftCompile normal x86_64 /Users/rukesh/Documents/projects/alarmo/alarmo/alarmo/Shared/Models/RepeatMask.swift (in target 'alarmo' from project 'alarmo')
    cd /Users/rukesh/Documents/projects/alarmo/alarmo
    
@__swiftmacro_6alarmo8PlanItemC10repeatRule18_PersistedPropertyfMa_.swift:4:23: warning: main actor-isolated conformance of 'RepeatRule' to 'Encodable' cannot be used in nonisolated context; this is an error in the Swift 6 language mode
        _$backingData.setValue(forKey: \.repeatRule, to: initialValue)
                      ^
@__swiftmacro_6alarmo8PlanItemC10repeatRule5ModelfMr14_.swift:1:1: note: in expansion of macro '_PersistedProperty' on property 'repeatRule' here
@_PersistedProperty
^
@__swiftmacro_6alarmo8PlanItemC10repeatRule5ModelfMr14_.swift:1:1: note: in expansion of macro '_PersistedProperty' on property 'repeatRule' here
@_PersistedProperty
^
@__swiftmacro_6alarmo8PlanItemC7mission18_PersistedPropertyfMa_.swift:5:23: warning: main actor-isolated conformance of 'MissionRequirement' to 'Encodable' cannot be used in nonisolated context; this is an error in the Swift 6 language mode
        _$backingData.setValue(forKey: \.mission, to: initialValue)
                      ^
@__swiftmacro_6alarmo8PlanItemC7mission5ModelfMr20_.swift:2:5: note: in expansion of macro '_PersistedProperty' on property 'mission' here
    @_PersistedProperty
    ^
@__swiftmacro_6alarmo8PlanItemC7mission5ModelfMr20_.swift:2:5: note: in expansion of macro '_PersistedProperty' on property 'mission' here
    @_PersistedProperty
    ^

SwiftCompile normal x86_64 /Users/rukesh/Documents/projects/alarmo/alarmo/alarmo/Shared/Models/Tag.swift (in target 'alarmo' from project 'alarmo')
    cd /Users/rukesh/Documents/projects/alarmo/alarmo
    
@__swiftmacro_6alarmo8PlanItemC10repeatRule18_PersistedPropertyfMa_.swift:4:23: warning: main actor-isolated conformance of 'RepeatRule' to 'Encodable' cannot be used in nonisolated context; this is an error in the Swift 6 language mode
        _$backingData.setValue(forKey: \.repeatRule, to: initialValue)
                      ^
@__swiftmacro_6alarmo8PlanItemC10repeatRule5ModelfMr14_.swift:1:1: note: in expansion of macro '_PersistedProperty' on property 'repeatRule' here
@_PersistedProperty
^
@__swiftmacro_6alarmo8PlanItemC10repeatRule5ModelfMr14_.swift:1:1: note: in expansion of macro '_PersistedProperty' on property 'repeatRule' here
@_PersistedProperty
^
@__swiftmacro_6alarmo8PlanItemC7mission18_PersistedPropertyfMa_.swift:5:23: warning: main actor-isolated conformance of 'MissionRequirement' to 'Encodable' cannot be used in nonisolated context; this is an error in the Swift 6 language mode
        _$backingData.setValue(forKey: \.mission, to: initialValue)
                      ^
@__swiftmacro_6alarmo8PlanItemC7mission5ModelfMr20_.swift:2:5: note: in expansion of macro '_PersistedProperty' on property 'mission' here
    @_PersistedProperty
    ^
@__swiftmacro_6alarmo8PlanItemC7mission5ModelfMr20_.swift:2:5: note: in expansion of macro '_PersistedProperty' on property 'mission' here
    @_PersistedProperty
    ^

SwiftCompile normal x86_64 /Users/rukesh/Documents/projects/alarmo/alarmo/alarmo/Shared/Models/TaskItem.swift (in target 'alarmo' from project 'alarmo')
    cd /Users/rukesh/Documents/projects/alarmo/alarmo
    
@__swiftmacro_6alarmo8PlanItemC10repeatRule18_PersistedPropertyfMa_.swift:4:23: warning: main actor-isolated conformance of 'RepeatRule' to 'Encodable' cannot be used in nonisolated context; this is an error in the Swift 6 language mode
        _$backingData.setValue(forKey: \.repeatRule, to: initialValue)
                      ^
@__swiftmacro_6alarmo8PlanItemC10repeatRule5ModelfMr14_.swift:1:1: note: in expansion of macro '_PersistedProperty' on property 'repeatRule' here
@_PersistedProperty
^
@__swiftmacro_6alarmo8PlanItemC10repeatRule5ModelfMr14_.swift:1:1: note: in expansion of macro '_PersistedProperty' on property 'repeatRule' here
@_PersistedProperty
^
@__swiftmacro_6alarmo8PlanItemC7mission18_PersistedPropertyfMa_.swift:5:23: warning: main actor-isolated conformance of 'MissionRequirement' to 'Encodable' cannot be used in nonisolated context; this is an error in the Swift 6 language mode
        _$backingData.setValue(forKey: \.mission, to: initialValue)
                      ^
@__swiftmacro_6alarmo8PlanItemC7mission5ModelfMr20_.swift:2:5: note: in expansion of macro '_PersistedProperty' on property 'mission' here
    @_PersistedProperty
    ^
@__swiftmacro_6alarmo8PlanItemC7mission5ModelfMr20_.swift:2:5: note: in expansion of macro '_PersistedProperty' on property 'mission' here
    @_PersistedProperty
    ^

SwiftCompile normal x86_64 /Users/rukesh/Documents/projects/alarmo/alarmo/alarmo/Shared/Models/WallpaperModels.swift (in target 'alarmo' from project 'alarmo')
    cd /Users/rukesh/Documents/projects/alarmo/alarmo
    
@__swiftmacro_6alarmo8PlanItemC10repeatRule18_PersistedPropertyfMa_.swift:4:23: warning: main actor-isolated conformance of 'RepeatRule' to 'Encodable' cannot be used in nonisolated context; this is an error in the Swift 6 language mode
        _$backingData.setValue(forKey: \.repeatRule, to: initialValue)
                      ^
@__swiftmacro_6alarmo8PlanItemC10repeatRule5ModelfMr14_.swift:1:1: note: in expansion of macro '_PersistedProperty' on property 'repeatRule' here
@_PersistedProperty
^
@__swiftmacro_6alarmo8PlanItemC10repeatRule5ModelfMr14_.swift:1:1: note: in expansion of macro '_PersistedProperty' on property 'repeatRule' here
@_PersistedProperty
^
@__swiftmacro_6alarmo8PlanItemC7mission18_PersistedPropertyfMa_.swift:5:23: warning: main actor-isolated conformance of 'MissionRequirement' to 'Encodable' cannot be used in nonisolated context; this is an error in the Swift 6 language mode
        _$backingData.setValue(forKey: \.mission, to: initialValue)
                      ^
@__swiftmacro_6alarmo8PlanItemC7mission5ModelfMr20_.swift:2:5: note: in expansion of macro '_PersistedProperty' on property 'mission' here
    @_PersistedProperty
    ^
@__swiftmacro_6alarmo8PlanItemC7mission5ModelfMr20_.swift:2:5: note: in expansion of macro '_PersistedProperty' on property 'mission' here
    @_PersistedProperty
    ^

SwiftCompile normal x86_64 /Users/rukesh/Documents/projects/alarmo/alarmo/alarmo/Shared/Protocols/Clock.swift (in target 'alarmo' from project 'alarmo')
    cd /Users/rukesh/Documents/projects/alarmo/alarmo
    
@__swiftmacro_6alarmo8PlanItemC10repeatRule18_PersistedPropertyfMa_.swift:4:23: warning: main actor-isolated conformance of 'RepeatRule' to 'Encodable' cannot be used in nonisolated context; this is an error in the Swift 6 language mode
        _$backingData.setValue(forKey: \.repeatRule, to: initialValue)
                      ^
@__swiftmacro_6alarmo8PlanItemC10repeatRule5ModelfMr14_.swift:1:1: note: in expansion of macro '_PersistedProperty' on property 'repeatRule' here
@_PersistedProperty
^
@__swiftmacro_6alarmo8PlanItemC10repeatRule5ModelfMr14_.swift:1:1: note: in expansion of macro '_PersistedProperty' on property 'repeatRule' here
@_PersistedProperty
^
@__swiftmacro_6alarmo8PlanItemC7mission18_PersistedPropertyfMa_.swift:5:23: warning: main actor-isolated conformance of 'MissionRequirement' to 'Encodable' cannot be used in nonisolated context; this is an error in the Swift 6 language mode
        _$backingData.setValue(forKey: \.mission, to: initialValue)
                      ^
@__swiftmacro_6alarmo8PlanItemC7mission5ModelfMr20_.swift:2:5: note: in expansion of macro '_PersistedProperty' on property 'mission' here
    @_PersistedProperty
    ^
@__swiftmacro_6alarmo8PlanItemC7mission5ModelfMr20_.swift:2:5: note: in expansion of macro '_PersistedProperty' on property 'mission' here
    @_PersistedProperty
    ^

SwiftCompile normal x86_64 /Users/rukesh/Documents/projects/alarmo/alarmo/alarmo/Shared/Protocols/NetworkMonitoring.swift (in target 'alarmo' from project 'alarmo')
    cd /Users/rukesh/Documents/projects/alarmo/alarmo
    
@__swiftmacro_6alarmo8PlanItemC10repeatRule18_PersistedPropertyfMa_.swift:4:23: warning: main actor-isolated conformance of 'RepeatRule' to 'Encodable' cannot be used in nonisolated context; this is an error in the Swift 6 language mode
        _$backingData.setValue(forKey: \.repeatRule, to: initialValue)
                      ^
@__swiftmacro_6alarmo8PlanItemC10repeatRule5ModelfMr14_.swift:1:1: note: in expansion of macro '_PersistedProperty' on property 'repeatRule' here
@_PersistedProperty
^
@__swiftmacro_6alarmo8PlanItemC10repeatRule5ModelfMr14_.swift:1:1: note: in expansion of macro '_PersistedProperty' on property 'repeatRule' here
@_PersistedProperty
^
@__swiftmacro_6alarmo8PlanItemC7mission18_PersistedPropertyfMa_.swift:5:23: warning: main actor-isolated conformance of 'MissionRequirement' to 'Encodable' cannot be used in nonisolated context; this is an error in the Swift 6 language mode
        _$backingData.setValue(forKey: \.mission, to: initialValue)
                      ^
@__swiftmacro_6alarmo8PlanItemC7mission5ModelfMr20_.swift:2:5: note: in expansion of macro '_PersistedProperty' on property 'mission' here
    @_PersistedProperty
    ^
@__swiftmacro_6alarmo8PlanItemC7mission5ModelfMr20_.swift:2:5: note: in expansion of macro '_PersistedProperty' on property 'mission' here
    @_PersistedProperty
    ^

SwiftCompile normal x86_64 /Users/rukesh/Documents/projects/alarmo/alarmo/alarmo/Shared/Protocols/UUIDProviding.swift (in target 'alarmo' from project 'alarmo')
    cd /Users/rukesh/Documents/projects/alarmo/alarmo
    
@__swiftmacro_6alarmo8PlanItemC10repeatRule18_PersistedPropertyfMa_.swift:4:23: warning: main actor-isolated conformance of 'RepeatRule' to 'Encodable' cannot be used in nonisolated context; this is an error in the Swift 6 language mode
        _$backingData.setValue(forKey: \.repeatRule, to: initialValue)
                      ^
@__swiftmacro_6alarmo8PlanItemC10repeatRule5ModelfMr14_.swift:1:1: note: in expansion of macro '_PersistedProperty' on property 'repeatRule' here
@_PersistedProperty
^
@__swiftmacro_6alarmo8PlanItemC10repeatRule5ModelfMr14_.swift:1:1: note: in expansion of macro '_PersistedProperty' on property 'repeatRule' here
@_PersistedProperty
^
@__swiftmacro_6alarmo8PlanItemC7mission18_PersistedPropertyfMa_.swift:5:23: warning: main actor-isolated conformance of 'MissionRequirement' to 'Encodable' cannot be used in nonisolated context; this is an error in the Swift 6 language mode
        _$backingData.setValue(forKey: \.mission, to: initialValue)
                      ^
@__swiftmacro_6alarmo8PlanItemC7mission5ModelfMr20_.swift:2:5: note: in expansion of macro '_PersistedProperty' on property 'mission' here
    @_PersistedProperty
    ^
@__swiftmacro_6alarmo8PlanItemC7mission5ModelfMr20_.swift:2:5: note: in expansion of macro '_PersistedProperty' on property 'mission' here
    @_PersistedProperty
    ^

SwiftCompile normal x86_64 /Users/rukesh/Documents/projects/alarmo/alarmo/alarmo/Shared/Services/AlarmForegroundScheduler.swift (in target 'alarmo' from project 'alarmo')
    cd /Users/rukesh/Documents/projects/alarmo/alarmo
    
@__swiftmacro_6alarmo8PlanItemC10repeatRule18_PersistedPropertyfMa_.swift:4:23: warning: main actor-isolated conformance of 'RepeatRule' to 'Encodable' cannot be used in nonisolated context; this is an error in the Swift 6 language mode
        _$backingData.setValue(forKey: \.repeatRule, to: initialValue)
                      ^
@__swiftmacro_6alarmo8PlanItemC10repeatRule5ModelfMr14_.swift:1:1: note: in expansion of macro '_PersistedProperty' on property 'repeatRule' here
@_PersistedProperty
^
@__swiftmacro_6alarmo8PlanItemC10repeatRule5ModelfMr14_.swift:1:1: note: in expansion of macro '_PersistedProperty' on property 'repeatRule' here
@_PersistedProperty
^
@__swiftmacro_6alarmo8PlanItemC7mission18_PersistedPropertyfMa_.swift:5:23: warning: main actor-isolated conformance of 'MissionRequirement' to 'Encodable' cannot be used in nonisolated context; this is an error in the Swift 6 language mode
        _$backingData.setValue(forKey: \.mission, to: initialValue)
                      ^
@__swiftmacro_6alarmo8PlanItemC7mission5ModelfMr20_.swift:2:5: note: in expansion of macro '_PersistedProperty' on property 'mission' here
    @_PersistedProperty
    ^
@__swiftmacro_6alarmo8PlanItemC7mission5ModelfMr20_.swift:2:5: note: in expansion of macro '_PersistedProperty' on property 'mission' here
    @_PersistedProperty
    ^

SwiftCompile normal x86_64 /Users/rukesh/Documents/projects/alarmo/alarmo/alarmo/Shared/Services/AlarmRingCoordinator.swift (in target 'alarmo' from project 'alarmo')
    cd /Users/rukesh/Documents/projects/alarmo/alarmo
    
@__swiftmacro_6alarmo8PlanItemC10repeatRule18_PersistedPropertyfMa_.swift:4:23: warning: main actor-isolated conformance of 'RepeatRule' to 'Encodable' cannot be used in nonisolated context; this is an error in the Swift 6 language mode
        _$backingData.setValue(forKey: \.repeatRule, to: initialValue)
                      ^
@__swiftmacro_6alarmo8PlanItemC10repeatRule5ModelfMr14_.swift:1:1: note: in expansion of macro '_PersistedProperty' on property 'repeatRule' here
@_PersistedProperty
^
@__swiftmacro_6alarmo8PlanItemC10repeatRule5ModelfMr14_.swift:1:1: note: in expansion of macro '_PersistedProperty' on property 'repeatRule' here
@_PersistedProperty
^
@__swiftmacro_6alarmo8PlanItemC7mission18_PersistedPropertyfMa_.swift:5:23: warning: main actor-isolated conformance of 'MissionRequirement' to 'Encodable' cannot be used in nonisolated context; this is an error in the Swift 6 language mode
        _$backingData.setValue(forKey: \.mission, to: initialValue)
                      ^
@__swiftmacro_6alarmo8PlanItemC7mission5ModelfMr20_.swift:2:5: note: in expansion of macro '_PersistedProperty' on property 'mission' here
    @_PersistedProperty
    ^
@__swiftmacro_6alarmo8PlanItemC7mission5ModelfMr20_.swift:2:5: note: in expansion of macro '_PersistedProperty' on property 'mission' here
    @_PersistedProperty
    ^
/Users/rukesh/Documents/projects/alarmo/alarmo/alarmo/Shared/Services/AlarmRingCoordinator.swift:291:24: warning: no 'async' operations occur within 'await' expression
                Task { await performSnoozeTransition() }
                       ^
/Users/rukesh/Documents/projects/alarmo/alarmo/alarmo/Shared/Services/AlarmRingCoordinator.swift:294:21: warning: no 'async' operations occur within 'await' expression
             Task { await performSnoozeTransition() }
                    ^

SwiftCompile normal x86_64 /Users/rukesh/Documents/projects/alarmo/alarmo/alarmo/Shared/Services/AlarmScheduler.swift (in target 'alarmo' from project 'alarmo')
    cd /Users/rukesh/Documents/projects/alarmo/alarmo
    
@__swiftmacro_6alarmo8PlanItemC10repeatRule18_PersistedPropertyfMa_.swift:4:23: warning: main actor-isolated conformance of 'RepeatRule' to 'Encodable' cannot be used in nonisolated context; this is an error in the Swift 6 language mode
        _$backingData.setValue(forKey: \.repeatRule, to: initialValue)
                      ^
@__swiftmacro_6alarmo8PlanItemC10repeatRule5ModelfMr14_.swift:1:1: note: in expansion of macro '_PersistedProperty' on property 'repeatRule' here
@_PersistedProperty
^
@__swiftmacro_6alarmo8PlanItemC10repeatRule5ModelfMr14_.swift:1:1: note: in expansion of macro '_PersistedProperty' on property 'repeatRule' here
@_PersistedProperty
^
@__swiftmacro_6alarmo8PlanItemC7mission18_PersistedPropertyfMa_.swift:5:23: warning: main actor-isolated conformance of 'MissionRequirement' to 'Encodable' cannot be used in nonisolated context; this is an error in the Swift 6 language mode
        _$backingData.setValue(forKey: \.mission, to: initialValue)
                      ^
@__swiftmacro_6alarmo8PlanItemC7mission5ModelfMr20_.swift:2:5: note: in expansion of macro '_PersistedProperty' on property 'mission' here
    @_PersistedProperty
    ^
@__swiftmacro_6alarmo8PlanItemC7mission5ModelfMr20_.swift:2:5: note: in expansion of macro '_PersistedProperty' on property 'mission' here
    @_PersistedProperty
    ^

SwiftCompile normal x86_64 /Users/rukesh/Documents/projects/alarmo/alarmo/alarmo/Shared/Services/AlarmStore.swift (in target 'alarmo' from project 'alarmo')
    cd /Users/rukesh/Documents/projects/alarmo/alarmo
    
@__swiftmacro_6alarmo8PlanItemC10repeatRule18_PersistedPropertyfMa_.swift:4:23: warning: main actor-isolated conformance of 'RepeatRule' to 'Encodable' cannot be used in nonisolated context; this is an error in the Swift 6 language mode
        _$backingData.setValue(forKey: \.repeatRule, to: initialValue)
                      ^
@__swiftmacro_6alarmo8PlanItemC10repeatRule5ModelfMr14_.swift:1:1: note: in expansion of macro '_PersistedProperty' on property 'repeatRule' here
@_PersistedProperty
^
@__swiftmacro_6alarmo8PlanItemC10repeatRule5ModelfMr14_.swift:1:1: note: in expansion of macro '_PersistedProperty' on property 'repeatRule' here
@_PersistedProperty
^
@__swiftmacro_6alarmo8PlanItemC7mission18_PersistedPropertyfMa_.swift:5:23: warning: main actor-isolated conformance of 'MissionRequirement' to 'Encodable' cannot be used in nonisolated context; this is an error in the Swift 6 language mode
        _$backingData.setValue(forKey: \.mission, to: initialValue)
                      ^
@__swiftmacro_6alarmo8PlanItemC7mission5ModelfMr20_.swift:2:5: note: in expansion of macro '_PersistedProperty' on property 'mission' here
    @_PersistedProperty
    ^
@__swiftmacro_6alarmo8PlanItemC7mission5ModelfMr20_.swift:2:5: note: in expansion of macro '_PersistedProperty' on property 'mission' here
    @_PersistedProperty
    ^

SwiftCompile normal x86_64 /Users/rukesh/Documents/projects/alarmo/alarmo/alarmo/Shared/Services/AppPreferences.swift (in target 'alarmo' from project 'alarmo')
    cd /Users/rukesh/Documents/projects/alarmo/alarmo
    
@__swiftmacro_6alarmo8PlanItemC10repeatRule18_PersistedPropertyfMa_.swift:4:23: warning: main actor-isolated conformance of 'RepeatRule' to 'Encodable' cannot be used in nonisolated context; this is an error in the Swift 6 language mode
        _$backingData.setValue(forKey: \.repeatRule, to: initialValue)
                      ^
@__swiftmacro_6alarmo8PlanItemC10repeatRule5ModelfMr14_.swift:1:1: note: in expansion of macro '_PersistedProperty' on property 'repeatRule' here
@_PersistedProperty
^
@__swiftmacro_6alarmo8PlanItemC10repeatRule5ModelfMr14_.swift:1:1: note: in expansion of macro '_PersistedProperty' on property 'repeatRule' here
@_PersistedProperty
^
@__swiftmacro_6alarmo8PlanItemC7mission18_PersistedPropertyfMa_.swift:5:23: warning: main actor-isolated conformance of 'MissionRequirement' to 'Encodable' cannot be used in nonisolated context; this is an error in the Swift 6 language mode
        _$backingData.setValue(forKey: \.mission, to: initialValue)
                      ^
@__swiftmacro_6alarmo8PlanItemC7mission5ModelfMr20_.swift:2:5: note: in expansion of macro '_PersistedProperty' on property 'mission' here
    @_PersistedProperty
    ^
@__swiftmacro_6alarmo8PlanItemC7mission5ModelfMr20_.swift:2:5: note: in expansion of macro '_PersistedProperty' on property 'mission' here
    @_PersistedProperty
    ^

SwiftCompile normal x86_64 /Users/rukesh/Documents/projects/alarmo/alarmo/alarmo/Shared/Services/AssetManager.swift (in target 'alarmo' from project 'alarmo')
    cd /Users/rukesh/Documents/projects/alarmo/alarmo
    
@__swiftmacro_6alarmo8PlanItemC10repeatRule18_PersistedPropertyfMa_.swift:4:23: warning: main actor-isolated conformance of 'RepeatRule' to 'Encodable' cannot be used in nonisolated context; this is an error in the Swift 6 language mode
        _$backingData.setValue(forKey: \.repeatRule, to: initialValue)
                      ^
@__swiftmacro_6alarmo8PlanItemC10repeatRule5ModelfMr14_.swift:1:1: note: in expansion of macro '_PersistedProperty' on property 'repeatRule' here
@_PersistedProperty
^
@__swiftmacro_6alarmo8PlanItemC10repeatRule5ModelfMr14_.swift:1:1: note: in expansion of macro '_PersistedProperty' on property 'repeatRule' here
@_PersistedProperty
^
@__swiftmacro_6alarmo8PlanItemC7mission18_PersistedPropertyfMa_.swift:5:23: warning: main actor-isolated conformance of 'MissionRequirement' to 'Encodable' cannot be used in nonisolated context; this is an error in the Swift 6 language mode
        _$backingData.setValue(forKey: \.mission, to: initialValue)
                      ^
@__swiftmacro_6alarmo8PlanItemC7mission5ModelfMr20_.swift:2:5: note: in expansion of macro '_PersistedProperty' on property 'mission' here
    @_PersistedProperty
    ^
@__swiftmacro_6alarmo8PlanItemC7mission5ModelfMr20_.swift:2:5: note: in expansion of macro '_PersistedProperty' on property 'mission' here
    @_PersistedProperty
    ^
/Users/rukesh/Documents/projects/alarmo/alarmo/alarmo/Shared/Services/AssetManager.swift:141:25: warning: result of call to 'run(resultType:body:)' is unused
        await MainActor.run { activeDownloads.insert(filename) }
                        ^   ~~~~~~~~~~~~~~~~~~~~~~~~~~~~~~~~~~~~

SwiftCompile normal x86_64 /Users/rukesh/Documents/projects/alarmo/alarmo/alarmo/Shared/Services/AudioPlayerService.swift (in target 'alarmo' from project 'alarmo')
    cd /Users/rukesh/Documents/projects/alarmo/alarmo
    
@__swiftmacro_6alarmo8PlanItemC10repeatRule18_PersistedPropertyfMa_.swift:4:23: warning: main actor-isolated conformance of 'RepeatRule' to 'Encodable' cannot be used in nonisolated context; this is an error in the Swift 6 language mode
        _$backingData.setValue(forKey: \.repeatRule, to: initialValue)
                      ^
@__swiftmacro_6alarmo8PlanItemC10repeatRule5ModelfMr14_.swift:1:1: note: in expansion of macro '_PersistedProperty' on property 'repeatRule' here
@_PersistedProperty
^
@__swiftmacro_6alarmo8PlanItemC10repeatRule5ModelfMr14_.swift:1:1: note: in expansion of macro '_PersistedProperty' on property 'repeatRule' here
@_PersistedProperty
^
@__swiftmacro_6alarmo8PlanItemC7mission18_PersistedPropertyfMa_.swift:5:23: warning: main actor-isolated conformance of 'MissionRequirement' to 'Encodable' cannot be used in nonisolated context; this is an error in the Swift 6 language mode
        _$backingData.setValue(forKey: \.mission, to: initialValue)
                      ^
@__swiftmacro_6alarmo8PlanItemC7mission5ModelfMr20_.swift:2:5: note: in expansion of macro '_PersistedProperty' on property 'mission' here
    @_PersistedProperty
    ^
@__swiftmacro_6alarmo8PlanItemC7mission5ModelfMr20_.swift:2:5: note: in expansion of macro '_PersistedProperty' on property 'mission' here
    @_PersistedProperty
    ^

SwiftCompile normal x86_64 /Users/rukesh/Documents/projects/alarmo/alarmo/alarmo/Shared/Services/EntitlementStore.swift (in target 'alarmo' from project 'alarmo')
    cd /Users/rukesh/Documents/projects/alarmo/alarmo
    
@__swiftmacro_6alarmo8PlanItemC10repeatRule18_PersistedPropertyfMa_.swift:4:23: warning: main actor-isolated conformance of 'RepeatRule' to 'Encodable' cannot be used in nonisolated context; this is an error in the Swift 6 language mode
        _$backingData.setValue(forKey: \.repeatRule, to: initialValue)
                      ^
@__swiftmacro_6alarmo8PlanItemC10repeatRule5ModelfMr14_.swift:1:1: note: in expansion of macro '_PersistedProperty' on property 'repeatRule' here
@_PersistedProperty
^
@__swiftmacro_6alarmo8PlanItemC10repeatRule5ModelfMr14_.swift:1:1: note: in expansion of macro '_PersistedProperty' on property 'repeatRule' here
@_PersistedProperty
^
@__swiftmacro_6alarmo8PlanItemC7mission18_PersistedPropertyfMa_.swift:5:23: warning: main actor-isolated conformance of 'MissionRequirement' to 'Encodable' cannot be used in nonisolated context; this is an error in the Swift 6 language mode
        _$backingData.setValue(forKey: \.mission, to: initialValue)
                      ^
@__swiftmacro_6alarmo8PlanItemC7mission5ModelfMr20_.swift:2:5: note: in expansion of macro '_PersistedProperty' on property 'mission' here
    @_PersistedProperty
    ^
@__swiftmacro_6alarmo8PlanItemC7mission5ModelfMr20_.swift:2:5: note: in expansion of macro '_PersistedProperty' on property 'mission' here
    @_PersistedProperty
    ^

SwiftCompile normal x86_64 Compiling\ SoundPickerView.swift,\ SoundRecorderView.swift,\ SpotifyPickerView.swift,\ SwipeableSoundRow.swift,\ TimeZonePickerView.swift,\ WakeUpCheckView.swift,\ WallpaperPickerView.swift,\ WeekdayPill.swift,\ WorldClockData.swift,\ GamesListView.swift,\ FloatingAddMenu.swift,\ HomeView.swift,\ HomeViewModel.swift,\ MainTabContainerView.swift,\ QuickSettingsPanel.swift,\ MissionRunnerView.swift,\ MissionOption.swift,\ MissionRowView.swift,\ OnboardingMissionView.swift,\ OnboardingMissionViewModel.swift,\ WakeUpMissionType.swift,\ OnboardingState.swift,\ OnboardingSoundSelectionView.swift /Users/rukesh/Documents/projects/alarmo/alarmo/alarmo/Features/Alarms/SoundPickerView.swift /Users/rukesh/Documents/projects/alarmo/alarmo/alarmo/Features/Alarms/SoundRecorderView.swift /Users/rukesh/Documents/projects/alarmo/alarmo/alarmo/Features/Alarms/SpotifyPickerView.swift /Users/rukesh/Documents/projects/alarmo/alarmo/alarmo/Features/Alarms/SwipeableSoundRow.swift /Users/rukesh/Documents/projects/alarmo/alarmo/alarmo/Features/Alarms/TimeZonePickerView.swift /Users/rukesh/Documents/projects/alarmo/alarmo/alarmo/Features/Alarms/WakeUpCheckView.swift /Users/rukesh/Documents/projects/alarmo/alarmo/alarmo/Features/Alarms/WallpaperPickerView.swift /Users/rukesh/Documents/projects/alarmo/alarmo/alarmo/Features/Alarms/WeekdayPill.swift /Users/rukesh/Documents/projects/alarmo/alarmo/alarmo/Features/Alarms/WorldClockData.swift /Users/rukesh/Documents/projects/alarmo/alarmo/alarmo/Features/Games/GamesListView.swift /Users/rukesh/Documents/projects/alarmo/alarmo/alarmo/Features/Home/FloatingAddMenu.swift /Users/rukesh/Documents/projects/alarmo/alarmo/alarmo/Features/Home/HomeView.swift /Users/rukesh/Documents/projects/alarmo/alarmo/alarmo/Features/Home/HomeViewModel.swift /Users/rukesh/Documents/projects/alarmo/alarmo/alarmo/Features/Home/MainTabContainerView.swift /Users/rukesh/Documents/projects/alarmo/alarmo/alarmo/Features/Home/QuickSettingsPanel.swift /Users/rukesh/Documents/projects/alarmo/alarmo/alarmo/Features/Missions/MissionRunnerView.swift /Users/rukesh/Documents/projects/alarmo/alarmo/alarmo/Features/Onboarding/Missions/MissionOption.swift /Users/rukesh/Documents/projects/alarmo/alarmo/alarmo/Features/Onboarding/Missions/MissionRowView.swift /Users/rukesh/Documents/projects/alarmo/alarmo/alarmo/Features/Onboarding/Missions/OnboardingMissionView.swift /Users/rukesh/Documents/projects/alarmo/alarmo/alarmo/Features/Onboarding/Missions/OnboardingMissionViewModel.swift /Users/rukesh/Documents/projects/alarmo/alarmo/alarmo/Features/Onboarding/Missions/WakeUpMissionType.swift /Users/rukesh/Documents/projects/alarmo/alarmo/alarmo/Features/Onboarding/Models/OnboardingState.swift /Users/rukesh/Documents/projects/alarmo/alarmo/alarmo/Features/Onboarding/SoundSelection/OnboardingSoundSelectionView.swift (in target 'alarmo' from project 'alarmo')

SwiftCompile normal x86_64 /Users/rukesh/Documents/projects/alarmo/alarmo/alarmo/Features/Alarms/SoundPickerView.swift (in target 'alarmo' from project 'alarmo')
    cd /Users/rukesh/Documents/projects/alarmo/alarmo
    
/Users/rukesh/Documents/projects/alarmo/alarmo/alarmo/Features/Alarms/SoundPickerView.swift:960:32: warning: no 'async' operations occur within 'await' expression
                        Task { await AssetManager.shared.cancelDownload(filename: remoteSound.filename) }
                               ^

SwiftCompile normal x86_64 /Users/rukesh/Documents/projects/alarmo/alarmo/alarmo/Features/Alarms/SoundRecorderView.swift (in target 'alarmo' from project 'alarmo')
    cd /Users/rukesh/Documents/projects/alarmo/alarmo
    

SwiftCompile normal x86_64 /Users/rukesh/Documents/projects/alarmo/alarmo/alarmo/Features/Alarms/SpotifyPickerView.swift (in target 'alarmo' from project 'alarmo')
    cd /Users/rukesh/Documents/projects/alarmo/alarmo
    

SwiftCompile normal x86_64 /Users/rukesh/Documents/projects/alarmo/alarmo/alarmo/Features/Alarms/SwipeableSoundRow.swift (in target 'alarmo' from project 'alarmo')
    cd /Users/rukesh/Documents/projects/alarmo/alarmo
    

SwiftCompile normal x86_64 /Users/rukesh/Documents/projects/alarmo/alarmo/alarmo/Features/Alarms/TimeZonePickerView.swift (in target 'alarmo' from project 'alarmo')
    cd /Users/rukesh/Documents/projects/alarmo/alarmo
    

SwiftCompile normal x86_64 /Users/rukesh/Documents/projects/alarmo/alarmo/alarmo/Features/Alarms/WakeUpCheckView.swift (in target 'alarmo' from project 'alarmo')
    cd /Users/rukesh/Documents/projects/alarmo/alarmo
    

SwiftCompile normal x86_64 /Users/rukesh/Documents/projects/alarmo/alarmo/alarmo/Features/Alarms/WallpaperPickerView.swift (in target 'alarmo' from project 'alarmo')
    cd /Users/rukesh/Documents/projects/alarmo/alarmo
    

SwiftCompile normal x86_64 /Users/rukesh/Documents/projects/alarmo/alarmo/alarmo/Features/Alarms/WeekdayPill.swift (in target 'alarmo' from project 'alarmo')
    cd /Users/rukesh/Documents/projects/alarmo/alarmo
    

SwiftCompile normal x86_64 /Users/rukesh/Documents/projects/alarmo/alarmo/alarmo/Features/Alarms/WorldClockData.swift (in target 'alarmo' from project 'alarmo')
    cd /Users/rukesh/Documents/projects/alarmo/alarmo
    

SwiftCompile normal x86_64 /Users/rukesh/Documents/projects/alarmo/alarmo/alarmo/Features/Games/GamesListView.swift (in target 'alarmo' from project 'alarmo')
    cd /Users/rukesh/Documents/projects/alarmo/alarmo
    

SwiftCompile normal x86_64 /Users/rukesh/Documents/projects/alarmo/alarmo/alarmo/Features/Home/FloatingAddMenu.swift (in target 'alarmo' from project 'alarmo')
    cd /Users/rukesh/Documents/projects/alarmo/alarmo
    

SwiftCompile normal x86_64 /Users/rukesh/Documents/projects/alarmo/alarmo/alarmo/Features/Home/HomeView.swift (in target 'alarmo' from project 'alarmo')
    cd /Users/rukesh/Documents/projects/alarmo/alarmo
    

SwiftCompile normal x86_64 /Users/rukesh/Documents/projects/alarmo/alarmo/alarmo/Features/Home/HomeViewModel.swift (in target 'alarmo' from project 'alarmo')
    cd /Users/rukesh/Documents/projects/alarmo/alarmo
    

SwiftCompile normal x86_64 /Users/rukesh/Documents/projects/alarmo/alarmo/alarmo/Features/Home/MainTabContainerView.swift (in target 'alarmo' from project 'alarmo')
    cd /Users/rukesh/Documents/projects/alarmo/alarmo
    

SwiftCompile normal x86_64 /Users/rukesh/Documents/projects/alarmo/alarmo/alarmo/Features/Home/QuickSettingsPanel.swift (in target 'alarmo' from project 'alarmo')
    cd /Users/rukesh/Documents/projects/alarmo/alarmo
    

SwiftCompile normal x86_64 /Users/rukesh/Documents/projects/alarmo/alarmo/alarmo/Features/Missions/MissionRunnerView.swift (in target 'alarmo' from project 'alarmo')
    cd /Users/rukesh/Documents/projects/alarmo/alarmo
    

SwiftCompile normal x86_64 /Users/rukesh/Documents/projects/alarmo/alarmo/alarmo/Features/Onboarding/Missions/MissionOption.swift (in target 'alarmo' from project 'alarmo')
    cd /Users/rukesh/Documents/projects/alarmo/alarmo
    

SwiftCompile normal x86_64 /Users/rukesh/Documents/projects/alarmo/alarmo/alarmo/Features/Onboarding/Missions/MissionRowView.swift (in target 'alarmo' from project 'alarmo')
    cd /Users/rukesh/Documents/projects/alarmo/alarmo
    

SwiftCompile normal x86_64 /Users/rukesh/Documents/projects/alarmo/alarmo/alarmo/Features/Onboarding/Missions/OnboardingMissionView.swift (in target 'alarmo' from project 'alarmo')
    cd /Users/rukesh/Documents/projects/alarmo/alarmo
    

SwiftCompile normal x86_64 /Users/rukesh/Documents/projects/alarmo/alarmo/alarmo/Features/Onboarding/Missions/OnboardingMissionViewModel.swift (in target 'alarmo' from project 'alarmo')
    cd /Users/rukesh/Documents/projects/alarmo/alarmo
    

SwiftCompile normal x86_64 /Users/rukesh/Documents/projects/alarmo/alarmo/alarmo/Features/Onboarding/Missions/WakeUpMissionType.swift (in target 'alarmo' from project 'alarmo')
    cd /Users/rukesh/Documents/projects/alarmo/alarmo
    

SwiftCompile normal x86_64 /Users/rukesh/Documents/projects/alarmo/alarmo/alarmo/Features/Onboarding/Models/OnboardingState.swift (in target 'alarmo' from project 'alarmo')
    cd /Users/rukesh/Documents/projects/alarmo/alarmo
    

SwiftCompile normal x86_64 /Users/rukesh/Documents/projects/alarmo/alarmo/alarmo/Features/Onboarding/SoundSelection/OnboardingSoundSelectionView.swift (in target 'alarmo' from project 'alarmo')
    cd /Users/rukesh/Documents/projects/alarmo/alarmo
    

SwiftEmitModule normal x86_64 Emitting\ module\ for\ alarmo (in target 'alarmo' from project 'alarmo')

EmitSwiftModule normal x86_64 (in target 'alarmo' from project 'alarmo')
    cd /Users/rukesh/Documents/projects/alarmo/alarmo
    
/Users/rukesh/Documents/projects/alarmo/alarmo/alarmo/Features/Settings/ViewModels/AppListsViewModel.swift:14:55: warning: call to main actor-isolated initializer 'init(defaults:)' in a synchronous nonisolated context
    init(entitlementStore: EntitlementStoreProtocol = EntitlementStore()) {
                                                      ^
/Users/rukesh/Documents/projects/alarmo/alarmo/alarmo/Shared/Services/EntitlementStore.swift:11:5: note: calls to initializer 'init(defaults:)' from outside of its actor context are implicitly asynchronous
    init(defaults: UserDefaults = .standard) {
    ^
/Users/rukesh/Documents/projects/alarmo/alarmo/alarmo/Shared/Services/EntitlementStore.swift:11:5: note: main actor isolation inferred from conformance to protocol 'EntitlementStoreProtocol'
    init(defaults: UserDefaults = .standard) {
    ^

SwiftEmitModule normal arm64 Emitting\ module\ for\ alarmo (in target 'alarmo' from project 'alarmo')

EmitSwiftModule normal arm64 (in target 'alarmo' from project 'alarmo')
    cd /Users/rukesh/Documents/projects/alarmo/alarmo
    
/Users/rukesh/Documents/projects/alarmo/alarmo/alarmo/Features/Settings/ViewModels/AppListsViewModel.swift:14:55: warning: call to main actor-isolated initializer 'init(defaults:)' in a synchronous nonisolated context
    init(entitlementStore: EntitlementStoreProtocol = EntitlementStore()) {
                                                      ^
/Users/rukesh/Documents/projects/alarmo/alarmo/alarmo/Shared/Services/EntitlementStore.swift:11:5: note: calls to initializer 'init(defaults:)' from outside of its actor context are implicitly asynchronous
    init(defaults: UserDefaults = .standard) {
    ^
/Users/rukesh/Documents/projects/alarmo/alarmo/alarmo/Shared/Services/EntitlementStore.swift:11:5: note: main actor isolation inferred from conformance to protocol 'EntitlementStoreProtocol'
    init(defaults: UserDefaults = .standard) {
    ^

SwiftDriverJobDiscovery normal x86_64 Compiling FileStorageService.swift, HapticsPlayer.swift, NavigationStore.swift, NotificationManager.swift, NotificationPermissionService.swift, NotificationScheduler.swift, ODRService.swift, PointsService.swift, PurchaseService.swift, ShutdownDetectionService.swift, SoundPlayer.swift, SoundPreviewPlayer.swift, TamperDetectionService.swift, TaskStore.swift, TrackingPermissionService.swift, WallpaperImageResolver.swift, patch.swift, patch_analysis.swift, patch_mock.swift, patch2.swift, test_gesture.swift, GeneratedAssetSymbols.swift (in target 'alarmo' from project 'alarmo')

SwiftCompile normal arm64 Compiling\ AccountabilityEnforcementManager.swift,\ AccountabilityShieldEngine.swift,\ AppShieldManager.swift,\ AudioRouteManager.swift,\ BlockingManager.swift,\ PenaltyCreditsManager.swift,\ PenaltyEngine.swift,\ PenaltyManager.swift,\ ScreenTimeAuthorizationManager.swift,\ SubscriptionManager.swift,\ SettingsModels.swift,\ KeychainHelper.swift,\ LocalizationManager.swift,\ AppListsViewModel.swift,\ BlockListDetailViewModel.swift,\ AccountabilityShieldSettingsView.swift,\ ActivityPickerSheet.swift,\ AdditionalSettingsViews.swift,\ AppListsView.swift,\ BlockedAppsSelectionView.swift,\ FAQView.swift,\ FreePlanSettingsBanner.swift /Users/rukesh/Documents/projects/alarmo/alarmo/alarmo/Features/Settings/Managers/AccountabilityEnforcementManager.swift /Users/rukesh/Documents/projects/alarmo/alarmo/alarmo/Features/Settings/Managers/AccountabilityShieldEngine.swift /Users/rukesh/Documents/projects/alarmo/alarmo/alarmo/Features/Settings/Managers/AppShieldManager.swift /Users/rukesh/Documents/projects/alarmo/alarmo/alarmo/Features/Settings/Managers/AudioRouteManager.swift /Users/rukesh/Documents/projects/alarmo/alarmo/alarmo/Features/Settings/Managers/BlockingManager.swift /Users/rukesh/Documents/projects/alarmo/alarmo/alarmo/Features/Settings/Managers/PenaltyCreditsManager.swift /Users/rukesh/Documents/projects/alarmo/alarmo/alarmo/Features/Settings/Managers/PenaltyEngine.swift /Users/rukesh/Documents/projects/alarmo/alarmo/alarmo/Features/Settings/Managers/PenaltyManager.swift /Users/rukesh/Documents/projects/alarmo/alarmo/alarmo/Features/Settings/Managers/ScreenTimeAuthorizationManager.swift /Users/rukesh/Documents/projects/alarmo/alarmo/alarmo/Features/Settings/Managers/SubscriptionManager.swift /Users/rukesh/Documents/projects/alarmo/alarmo/alarmo/Features/Settings/Models/SettingsModels.swift /Users/rukesh/Documents/projects/alarmo/alarmo/alarmo/Features/Settings/Utilities/KeychainHelper.swift /Users/rukesh/Documents/projects/alarmo/alarmo/alarmo/Features/Settings/Utilities/LocalizationManager.swift /Users/rukesh/Documents/projects/alarmo/alarmo/alarmo/Features/Settings/ViewModels/AppListsViewModel.swift /Users/rukesh/Documents/projects/alarmo/alarmo/alarmo/Features/Settings/ViewModels/BlockListDetailViewModel.swift /Users/rukesh/Documents/projects/alarmo/alarmo/alarmo/Features/Settings/Views/AccountabilityShieldSettingsView.swift /Users/rukesh/Documents/projects/alarmo/alarmo/alarmo/Features/Settings/Views/ActivityPickerSheet.swift /Users/rukesh/Documents/projects/alarmo/alarmo/alarmo/Features/Settings/Views/AdditionalSettingsViews.swift /Users/rukesh/Documents/projects/alarmo/alarmo/alarmo/Features/Settings/Views/AppListsView.swift /Users/rukesh/Documents/projects/alarmo/alarmo/alarmo/Features/Settings/Views/BlockedAppsSelectionView.swift /Users/rukesh/Documents/projects/alarmo/alarmo/alarmo/Features/Settings/Views/FAQView.swift /Users/rukesh/Documents/projects/alarmo/alarmo/alarmo/Features/Settings/Views/FreePlanSettingsBanner.swift (in target 'alarmo' from project 'alarmo')

SwiftCompile normal arm64 /Users/rukesh/Documents/projects/alarmo/alarmo/alarmo/Features/Settings/Managers/AccountabilityEnforcementManager.swift (in target 'alarmo' from project 'alarmo')
    cd /Users/rukesh/Documents/projects/alarmo/alarmo
    

SwiftCompile normal arm64 /Users/rukesh/Documents/projects/alarmo/alarmo/alarmo/Features/Settings/Managers/AccountabilityShieldEngine.swift (in target 'alarmo' from project 'alarmo')
    cd /Users/rukesh/Documents/projects/alarmo/alarmo
    
/Users/rukesh/Documents/projects/alarmo/alarmo/alarmo/Features/Settings/Managers/AccountabilityShieldEngine.swift:365:9: warning: default will never be executed
        default: return false
        ^
/Users/rukesh/Documents/projects/alarmo/alarmo/alarmo/Features/Settings/Managers/AccountabilityShieldEngine.swift:379:9: warning: default will never be executed
        default: return .snoozeThresholdExceeded // Safe default
        ^

SwiftCompile normal arm64 /Users/rukesh/Documents/projects/alarmo/alarmo/alarmo/Features/Settings/Managers/AppShieldManager.swift (in target 'alarmo' from project 'alarmo')
    cd /Users/rukesh/Documents/projects/alarmo/alarmo
    
/Users/rukesh/Documents/projects/alarmo/alarmo/alarmo/Features/Settings/Managers/AppShieldManager.swift:35:9: warning: code after 'return' will never be executed
        guard let selection = decodeSelection(from: selectionData) else {
        ^
/Users/rukesh/Documents/projects/alarmo/alarmo/alarmo/Features/Settings/Managers/AppShieldManager.swift:61:9: warning: code after 'return' will never be executed
        store.shield.applications = nil
        ^

SwiftCompile normal arm64 /Users/rukesh/Documents/projects/alarmo/alarmo/alarmo/Features/Settings/Managers/AudioRouteManager.swift (in target 'alarmo' from project 'alarmo')
    cd /Users/rukesh/Documents/projects/alarmo/alarmo
    

SwiftCompile normal arm64 /Users/rukesh/Documents/projects/alarmo/alarmo/alarmo/Features/Settings/Managers/BlockingManager.swift (in target 'alarmo' from project 'alarmo')
    cd /Users/rukesh/Documents/projects/alarmo/alarmo
    

SwiftCompile normal arm64 /Users/rukesh/Documents/projects/alarmo/alarmo/alarmo/Features/Settings/Managers/PenaltyCreditsManager.swift (in target 'alarmo' from project 'alarmo')
    cd /Users/rukesh/Documents/projects/alarmo/alarmo
    

SwiftCompile normal arm64 /Users/rukesh/Documents/projects/alarmo/alarmo/alarmo/Features/Settings/Managers/PenaltyEngine.swift (in target 'alarmo' from project 'alarmo')
    cd /Users/rukesh/Documents/projects/alarmo/alarmo
    
/Users/rukesh/Documents/projects/alarmo/alarmo/alarmo/Features/Settings/Managers/PenaltyEngine.swift:79:9: warning: default will never be executed
        default: return false
        ^

SwiftCompile normal arm64 /Users/rukesh/Documents/projects/alarmo/alarmo/alarmo/Features/Settings/Managers/PenaltyManager.swift (in target 'alarmo' from project 'alarmo')
    cd /Users/rukesh/Documents/projects/alarmo/alarmo
    

SwiftCompile normal arm64 /Users/rukesh/Documents/projects/alarmo/alarmo/alarmo/Features/Settings/Managers/ScreenTimeAuthorizationManager.swift (in target 'alarmo' from project 'alarmo')
    cd /Users/rukesh/Documents/projects/alarmo/alarmo
    

SwiftCompile normal arm64 /Users/rukesh/Documents/projects/alarmo/alarmo/alarmo/Features/Settings/Managers/SubscriptionManager.swift (in target 'alarmo' from project 'alarmo')
    cd /Users/rukesh/Documents/projects/alarmo/alarmo
    

SwiftCompile normal arm64 /Users/rukesh/Documents/projects/alarmo/alarmo/alarmo/Features/Settings/Models/SettingsModels.swift (in target 'alarmo' from project 'alarmo')
    cd /Users/rukesh/Documents/projects/alarmo/alarmo
    

SwiftCompile normal arm64 /Users/rukesh/Documents/projects/alarmo/alarmo/alarmo/Features/Settings/Utilities/KeychainHelper.swift (in target 'alarmo' from project 'alarmo')
    cd /Users/rukesh/Documents/projects/alarmo/alarmo
    

SwiftCompile normal arm64 /Users/rukesh/Documents/projects/alarmo/alarmo/alarmo/Features/Settings/Utilities/LocalizationManager.swift (in target 'alarmo' from project 'alarmo')
    cd /Users/rukesh/Documents/projects/alarmo/alarmo
    

SwiftCompile normal arm64 /Users/rukesh/Documents/projects/alarmo/alarmo/alarmo/Features/Settings/ViewModels/AppListsViewModel.swift (in target 'alarmo' from project 'alarmo')
    cd /Users/rukesh/Documents/projects/alarmo/alarmo
    
/Users/rukesh/Documents/projects/alarmo/alarmo/alarmo/Features/Settings/ViewModels/AppListsViewModel.swift:14:55: warning: call to main actor-isolated initializer 'init(defaults:)' in a synchronous nonisolated context
    init(entitlementStore: EntitlementStoreProtocol = EntitlementStore()) {
                                                      ^
/Users/rukesh/Documents/projects/alarmo/alarmo/alarmo/Shared/Services/EntitlementStore.swift:11:5: note: calls to initializer 'init(defaults:)' from outside of its actor context are implicitly asynchronous
    init(defaults: UserDefaults = .standard) {
    ^
/Users/rukesh/Documents/projects/alarmo/alarmo/alarmo/Shared/Services/EntitlementStore.swift:11:5: note: main actor isolation inferred from conformance to protocol 'EntitlementStoreProtocol'
    init(defaults: UserDefaults = .standard) {
    ^

SwiftCompile normal arm64 /Users/rukesh/Documents/projects/alarmo/alarmo/alarmo/Features/Settings/ViewModels/BlockListDetailViewModel.swift (in target 'alarmo' from project 'alarmo')
    cd /Users/rukesh/Documents/projects/alarmo/alarmo
    

SwiftCompile normal arm64 /Users/rukesh/Documents/projects/alarmo/alarmo/alarmo/Features/Settings/Views/AccountabilityShieldSettingsView.swift (in target 'alarmo' from project 'alarmo')
    cd /Users/rukesh/Documents/projects/alarmo/alarmo
    

SwiftCompile normal arm64 /Users/rukesh/Documents/projects/alarmo/alarmo/alarmo/Features/Settings/Views/ActivityPickerSheet.swift (in target 'alarmo' from project 'alarmo')
    cd /Users/rukesh/Documents/projects/alarmo/alarmo
    

SwiftCompile normal arm64 /Users/rukesh/Documents/projects/alarmo/alarmo/alarmo/Features/Settings/Views/AdditionalSettingsViews.swift (in target 'alarmo' from project 'alarmo')
    cd /Users/rukesh/Documents/projects/alarmo/alarmo
    

SwiftCompile normal arm64 /Users/rukesh/Documents/projects/alarmo/alarmo/alarmo/Features/Settings/Views/AppListsView.swift (in target 'alarmo' from project 'alarmo')
    cd /Users/rukesh/Documents/projects/alarmo/alarmo
    

SwiftCompile normal arm64 /Users/rukesh/Documents/projects/alarmo/alarmo/alarmo/Features/Settings/Views/BlockedAppsSelectionView.swift (in target 'alarmo' from project 'alarmo')
    cd /Users/rukesh/Documents/projects/alarmo/alarmo
    

SwiftCompile normal arm64 /Users/rukesh/Documents/projects/alarmo/alarmo/alarmo/Features/Settings/Views/FAQView.swift (in target 'alarmo' from project 'alarmo')
    cd /Users/rukesh/Documents/projects/alarmo/alarmo
    

SwiftCompile normal arm64 /Users/rukesh/Documents/projects/alarmo/alarmo/alarmo/Features/Settings/Views/FreePlanSettingsBanner.swift (in target 'alarmo' from project 'alarmo')
    cd /Users/rukesh/Documents/projects/alarmo/alarmo
    

SwiftDriverJobDiscovery normal x86_64 Compiling DailyInsightCard.swift, FocusRow.swift, MorningMotivationCard.swift, MusicPicker.swift, PageDots.swift, PressedScaleButtonStyle.swift, PrimaryButton.swift, ProgressHeader.swift, ProgressRing.swift, PromoCard.swift, SunRayTimePickerView.swift, TimeWheelPickerView.swift, WaveformAnimation.swift, AlarmDebug.swift, ClearBackgroundView.swift, Haptics.swift, Logging.swift, TimeFormatters.swift, View+CornerRadius.swift, CatalogAsset.swift, CatalogCategory.swift, CatalogLoader.swift, SoundConfig.swift (in target 'alarmo' from project 'alarmo')

SwiftCompile normal arm64 Compiling\ DailyInsightCard.swift,\ FocusRow.swift,\ MorningMotivationCard.swift,\ MusicPicker.swift,\ PageDots.swift,\ PressedScaleButtonStyle.swift,\ PrimaryButton.swift,\ ProgressHeader.swift,\ ProgressRing.swift,\ PromoCard.swift,\ SunRayTimePickerView.swift,\ TimeWheelPickerView.swift,\ WaveformAnimation.swift,\ AlarmDebug.swift,\ ClearBackgroundView.swift,\ Haptics.swift,\ Logging.swift,\ TimeFormatters.swift,\ View+CornerRadius.swift,\ CatalogAsset.swift,\ CatalogCategory.swift,\ CatalogLoader.swift,\ SoundConfig.swift /Users/rukesh/Documents/projects/alarmo/alarmo/alarmo/Core/UIComponents/DailyInsightCard.swift /Users/rukesh/Documents/projects/alarmo/alarmo/alarmo/Core/UIComponents/FocusRow.swift /Users/rukesh/Documents/projects/alarmo/alarmo/alarmo/Core/UIComponents/MorningMotivationCard.swift /Users/rukesh/Documents/projects/alarmo/alarmo/alarmo/Core/UIComponents/MusicPicker.swift /Users/rukesh/Documents/projects/alarmo/alarmo/alarmo/Core/UIComponents/PageDots.swift /Users/rukesh/Documents/projects/alarmo/alarmo/alarmo/Core/UIComponents/PressedScaleButtonStyle.swift /Users/rukesh/Documents/projects/alarmo/alarmo/alarmo/Core/UIComponents/PrimaryButton.swift /Users/rukesh/Documents/projects/alarmo/alarmo/alarmo/Core/UIComponents/ProgressHeader.swift /Users/rukesh/Documents/projects/alarmo/alarmo/alarmo/Core/UIComponents/ProgressRing.swift /Users/rukesh/Documents/projects/alarmo/alarmo/alarmo/Core/UIComponents/PromoCard.swift /Users/rukesh/Documents/projects/alarmo/alarmo/alarmo/Core/UIComponents/SunRayTimePickerView.swift /Users/rukesh/Documents/projects/alarmo/alarmo/alarmo/Core/UIComponents/TimeWheelPickerView.swift /Users/rukesh/Documents/projects/alarmo/alarmo/alarmo/Core/UIComponents/WaveformAnimation.swift /Users/rukesh/Documents/projects/alarmo/alarmo/alarmo/Core/Utilities/AlarmDebug.swift /Users/rukesh/Documents/projects/alarmo/alarmo/alarmo/Core/Utilities/ClearBackgroundView.swift /Users/rukesh/Documents/projects/alarmo/alarmo/alarmo/Core/Utilities/Haptics.swift /Users/rukesh/Documents/projects/alarmo/alarmo/alarmo/Core/Utilities/Logging.swift /Users/rukesh/Documents/projects/alarmo/alarmo/alarmo/Core/Utilities/TimeFormatters.swift /Users/rukesh/Documents/projects/alarmo/alarmo/alarmo/Core/Utilities/View+CornerRadius.swift /Users/rukesh/Documents/projects/alarmo/alarmo/alarmo/Data/Catalog/Models/CatalogAsset.swift /Users/rukesh/Documents/projects/alarmo/alarmo/alarmo/Data/Catalog/Models/CatalogCategory.swift /Users/rukesh/Documents/projects/alarmo/alarmo/alarmo/Data/Catalog/CatalogLoader.swift /Users/rukesh/Documents/projects/alarmo/alarmo/alarmo/Data/Catalog/SoundConfig.swift (in target 'alarmo' from project 'alarmo')

SwiftCompile normal arm64 /Users/rukesh/Documents/projects/alarmo/alarmo/alarmo/Core/UIComponents/DailyInsightCard.swift (in target 'alarmo' from project 'alarmo')
    cd /Users/rukesh/Documents/projects/alarmo/alarmo
    

SwiftCompile normal arm64 /Users/rukesh/Documents/projects/alarmo/alarmo/alarmo/Core/UIComponents/FocusRow.swift (in target 'alarmo' from project 'alarmo')
    cd /Users/rukesh/Documents/projects/alarmo/alarmo
    

SwiftCompile normal arm64 /Users/rukesh/Documents/projects/alarmo/alarmo/alarmo/Core/UIComponents/MorningMotivationCard.swift (in target 'alarmo' from project 'alarmo')
    cd /Users/rukesh/Documents/projects/alarmo/alarmo
    

SwiftCompile normal arm64 /Users/rukesh/Documents/projects/alarmo/alarmo/alarmo/Core/UIComponents/MusicPicker.swift (in target 'alarmo' from project 'alarmo')
    cd /Users/rukesh/Documents/projects/alarmo/alarmo
    

SwiftCompile normal arm64 /Users/rukesh/Documents/projects/alarmo/alarmo/alarmo/Core/UIComponents/PageDots.swift (in target 'alarmo' from project 'alarmo')
    cd /Users/rukesh/Documents/projects/alarmo/alarmo
    

SwiftCompile normal arm64 /Users/rukesh/Documents/projects/alarmo/alarmo/alarmo/Core/UIComponents/PressedScaleButtonStyle.swift (in target 'alarmo' from project 'alarmo')
    cd /Users/rukesh/Documents/projects/alarmo/alarmo
    

SwiftCompile normal arm64 /Users/rukesh/Documents/projects/alarmo/alarmo/alarmo/Core/UIComponents/PrimaryButton.swift (in target 'alarmo' from project 'alarmo')
    cd /Users/rukesh/Documents/projects/alarmo/alarmo
    

SwiftCompile normal arm64 /Users/rukesh/Documents/projects/alarmo/alarmo/alarmo/Core/UIComponents/ProgressHeader.swift (in target 'alarmo' from project 'alarmo')
    cd /Users/rukesh/Documents/projects/alarmo/alarmo
    

SwiftCompile normal arm64 /Users/rukesh/Documents/projects/alarmo/alarmo/alarmo/Core/UIComponents/ProgressRing.swift (in target 'alarmo' from project 'alarmo')
    cd /Users/rukesh/Documents/projects/alarmo/alarmo
    

SwiftCompile normal arm64 /Users/rukesh/Documents/projects/alarmo/alarmo/alarmo/Core/UIComponents/PromoCard.swift (in target 'alarmo' from project 'alarmo')
    cd /Users/rukesh/Documents/projects/alarmo/alarmo
    

SwiftCompile normal arm64 /Users/rukesh/Documents/projects/alarmo/alarmo/alarmo/Core/UIComponents/SunRayTimePickerView.swift (in target 'alarmo' from project 'alarmo')
    cd /Users/rukesh/Documents/projects/alarmo/alarmo
    

SwiftCompile normal arm64 /Users/rukesh/Documents/projects/alarmo/alarmo/alarmo/Core/UIComponents/TimeWheelPickerView.swift (in target 'alarmo' from project 'alarmo')
    cd /Users/rukesh/Documents/projects/alarmo/alarmo
    

SwiftCompile normal arm64 /Users/rukesh/Documents/projects/alarmo/alarmo/alarmo/Core/UIComponents/WaveformAnimation.swift (in target 'alarmo' from project 'alarmo')
    cd /Users/rukesh/Documents/projects/alarmo/alarmo
    

SwiftCompile normal arm64 /Users/rukesh/Documents/projects/alarmo/alarmo/alarmo/Core/Utilities/AlarmDebug.swift (in target 'alarmo' from project 'alarmo')
    cd /Users/rukesh/Documents/projects/alarmo/alarmo
    

SwiftCompile normal arm64 /Users/rukesh/Documents/projects/alarmo/alarmo/alarmo/Core/Utilities/ClearBackgroundView.swift (in target 'alarmo' from project 'alarmo')
    cd /Users/rukesh/Documents/projects/alarmo/alarmo
    

SwiftCompile normal arm64 /Users/rukesh/Documents/projects/alarmo/alarmo/alarmo/Core/Utilities/Haptics.swift (in target 'alarmo' from project 'alarmo')
    cd /Users/rukesh/Documents/projects/alarmo/alarmo
    

SwiftCompile normal arm64 /Users/rukesh/Documents/projects/alarmo/alarmo/alarmo/Core/Utilities/Logging.swift (in target 'alarmo' from project 'alarmo')
    cd /Users/rukesh/Documents/projects/alarmo/alarmo
    

SwiftCompile normal arm64 /Users/rukesh/Documents/projects/alarmo/alarmo/alarmo/Core/Utilities/TimeFormatters.swift (in target 'alarmo' from project 'alarmo')
    cd /Users/rukesh/Documents/projects/alarmo/alarmo
    

SwiftCompile normal arm64 /Users/rukesh/Documents/projects/alarmo/alarmo/alarmo/Core/Utilities/View+CornerRadius.swift (in target 'alarmo' from project 'alarmo')
    cd /Users/rukesh/Documents/projects/alarmo/alarmo
    

SwiftCompile normal arm64 /Users/rukesh/Documents/projects/alarmo/alarmo/alarmo/Data/Catalog/Models/CatalogAsset.swift (in target 'alarmo' from project 'alarmo')
    cd /Users/rukesh/Documents/projects/alarmo/alarmo
    

SwiftCompile normal arm64 /Users/rukesh/Documents/projects/alarmo/alarmo/alarmo/Data/Catalog/Models/CatalogCategory.swift (in target 'alarmo' from project 'alarmo')
    cd /Users/rukesh/Documents/projects/alarmo/alarmo
    

SwiftCompile normal arm64 /Users/rukesh/Documents/projects/alarmo/alarmo/alarmo/Data/Catalog/CatalogLoader.swift (in target 'alarmo' from project 'alarmo')
    cd /Users/rukesh/Documents/projects/alarmo/alarmo
    

SwiftCompile normal arm64 /Users/rukesh/Documents/projects/alarmo/alarmo/alarmo/Data/Catalog/SoundConfig.swift (in target 'alarmo' from project 'alarmo')
    cd /Users/rukesh/Documents/projects/alarmo/alarmo
    

SwiftDriverJobDiscovery normal x86_64 Compiling LiveActivityIntents.swift, AlarmAppDelegate.swift, AlarmoApp.swift, AppEnvironment.swift, AppRootView.swift, Router.swift, AppConstants.swift, BarcodeScannerService.swift, CustomSoundService.swift, HealthKitManager.swift, SpotifyPlaybackController.swift, SpotifyService.swift, AppLayout.swift, Colors.swift, LayoutPreviews.swift, Radii.swift, Shadows.swift, Spacing.swift, Typography.swift, AlarmEditorComponents.swift, BottomSheetContainer.swift, Card.swift, CustomTabBar.swift (in target 'alarmo' from project 'alarmo')

SwiftCompile normal arm64 Compiling\ FileStorageService.swift,\ HapticsPlayer.swift,\ NavigationStore.swift,\ NotificationManager.swift,\ NotificationPermissionService.swift,\ NotificationScheduler.swift,\ ODRService.swift,\ PointsService.swift,\ PurchaseService.swift,\ ShutdownDetectionService.swift,\ SoundPlayer.swift,\ SoundPreviewPlayer.swift,\ TamperDetectionService.swift,\ TaskStore.swift,\ TrackingPermissionService.swift,\ WallpaperImageResolver.swift,\ patch.swift,\ patch_analysis.swift,\ patch_mock.swift,\ patch2.swift,\ test_gesture.swift,\ GeneratedAssetSymbols.swift /Users/rukesh/Documents/projects/alarmo/alarmo/alarmo/Shared/Services/FileStorageService.swift /Users/rukesh/Documents/projects/alarmo/alarmo/alarmo/Shared/Services/HapticsPlayer.swift /Users/rukesh/Documents/projects/alarmo/alarmo/alarmo/Shared/Services/NavigationStore.swift /Users/rukesh/Documents/projects/alarmo/alarmo/alarmo/Shared/Services/NotificationManager.swift /Users/rukesh/Documents/projects/alarmo/alarmo/alarmo/Shared/Services/NotificationPermissionService.swift /Users/rukesh/Documents/projects/alarmo/alarmo/alarmo/Shared/Services/NotificationScheduler.swift /Users/rukesh/Documents/projects/alarmo/alarmo/alarmo/Shared/Services/ODRService.swift /Users/rukesh/Documents/projects/alarmo/alarmo/alarmo/Shared/Services/PointsService.swift /Users/rukesh/Documents/projects/alarmo/alarmo/alarmo/Shared/Services/PurchaseService.swift /Users/rukesh/Documents/projects/alarmo/alarmo/alarmo/Shared/Services/ShutdownDetectionService.swift /Users/rukesh/Documents/projects/alarmo/alarmo/alarmo/Shared/Services/SoundPlayer.swift /Users/rukesh/Documents/projects/alarmo/alarmo/alarmo/Shared/Services/SoundPreviewPlayer.swift /Users/rukesh/Documents/projects/alarmo/alarmo/alarmo/Shared/Services/TamperDetectionService.swift /Users/rukesh/Documents/projects/alarmo/alarmo/alarmo/Shared/Services/TaskStore.swift /Users/rukesh/Documents/projects/alarmo/alarmo/alarmo/Shared/Services/TrackingPermissionService.swift /Users/rukesh/Documents/projects/alarmo/alarmo/alarmo/Shared/Services/WallpaperImageResolver.swift /Users/rukesh/Documents/projects/alarmo/alarmo/alarmo/patch.swift /Users/rukesh/Documents/projects/alarmo/alarmo/alarmo/patch_analysis.swift /Users/rukesh/Documents/projects/alarmo/alarmo/alarmo/patch_mock.swift /Users/rukesh/Documents/projects/alarmo/alarmo/alarmo/patch2.swift /Users/rukesh/Documents/projects/alarmo/alarmo/alarmo/test_gesture.swift /Users/rukesh/Library/Developer/Xcode/DerivedData/alarmo-ceckqxjdtadmywhgpijqujqnffnr/Build/Intermediates.noindex/alarmo.build/Debug-iphonesimulator/alarmo.build/DerivedSources/GeneratedAssetSymbols.swift (in target 'alarmo' from project 'alarmo')

SwiftCompile normal arm64 /Users/rukesh/Documents/projects/alarmo/alarmo/alarmo/Shared/Services/FileStorageService.swift (in target 'alarmo' from project 'alarmo')
    cd /Users/rukesh/Documents/projects/alarmo/alarmo
    

SwiftCompile normal arm64 /Users/rukesh/Documents/projects/alarmo/alarmo/alarmo/Shared/Services/HapticsPlayer.swift (in target 'alarmo' from project 'alarmo')
    cd /Users/rukesh/Documents/projects/alarmo/alarmo
    

SwiftCompile normal arm64 /Users/rukesh/Documents/projects/alarmo/alarmo/alarmo/Shared/Services/NavigationStore.swift (in target 'alarmo' from project 'alarmo')
    cd /Users/rukesh/Documents/projects/alarmo/alarmo
    

SwiftCompile normal arm64 /Users/rukesh/Documents/projects/alarmo/alarmo/alarmo/Shared/Services/NotificationManager.swift (in target 'alarmo' from project 'alarmo')
    cd /Users/rukesh/Documents/projects/alarmo/alarmo
    

SwiftCompile normal arm64 /Users/rukesh/Documents/projects/alarmo/alarmo/alarmo/Shared/Services/NotificationPermissionService.swift (in target 'alarmo' from project 'alarmo')
    cd /Users/rukesh/Documents/projects/alarmo/alarmo
    

SwiftCompile normal arm64 /Users/rukesh/Documents/projects/alarmo/alarmo/alarmo/Shared/Services/NotificationScheduler.swift (in target 'alarmo' from project 'alarmo')
    cd /Users/rukesh/Documents/projects/alarmo/alarmo
    

SwiftCompile normal arm64 /Users/rukesh/Documents/projects/alarmo/alarmo/alarmo/Shared/Services/ODRService.swift (in target 'alarmo' from project 'alarmo')
    cd /Users/rukesh/Documents/projects/alarmo/alarmo
    

SwiftCompile normal arm64 /Users/rukesh/Documents/projects/alarmo/alarmo/alarmo/Shared/Services/PointsService.swift (in target 'alarmo' from project 'alarmo')
    cd /Users/rukesh/Documents/projects/alarmo/alarmo
    

SwiftCompile normal arm64 /Users/rukesh/Documents/projects/alarmo/alarmo/alarmo/Shared/Services/PurchaseService.swift (in target 'alarmo' from project 'alarmo')
    cd /Users/rukesh/Documents/projects/alarmo/alarmo
    

SwiftCompile normal arm64 /Users/rukesh/Documents/projects/alarmo/alarmo/alarmo/Shared/Services/ShutdownDetectionService.swift (in target 'alarmo' from project 'alarmo')
    cd /Users/rukesh/Documents/projects/alarmo/alarmo
    

SwiftCompile normal arm64 /Users/rukesh/Documents/projects/alarmo/alarmo/alarmo/Shared/Services/SoundPlayer.swift (in target 'alarmo' from project 'alarmo')
    cd /Users/rukesh/Documents/projects/alarmo/alarmo
    

SwiftCompile normal arm64 /Users/rukesh/Documents/projects/alarmo/alarmo/alarmo/Shared/Services/SoundPreviewPlayer.swift (in target 'alarmo' from project 'alarmo')
    cd /Users/rukesh/Documents/projects/alarmo/alarmo
    
/Users/rukesh/Documents/projects/alarmo/alarmo/alarmo/Shared/Services/SoundPreviewPlayer.swift:454:11: warning: 'catch' block is unreachable because no errors are thrown in 'do' block
        } catch {
          ^
/Users/rukesh/Documents/projects/alarmo/alarmo/alarmo/Shared/Services/SoundPreviewPlayer.swift:151:9: warning: code after 'return' will never be executed
        do {
        ^

SwiftCompile normal arm64 /Users/rukesh/Documents/projects/alarmo/alarmo/alarmo/Shared/Services/TamperDetectionService.swift (in target 'alarmo' from project 'alarmo')
    cd /Users/rukesh/Documents/projects/alarmo/alarmo
    

SwiftCompile normal arm64 /Users/rukesh/Documents/projects/alarmo/alarmo/alarmo/Shared/Services/TaskStore.swift (in target 'alarmo' from project 'alarmo')
    cd /Users/rukesh/Documents/projects/alarmo/alarmo
    

SwiftCompile normal arm64 /Users/rukesh/Documents/projects/alarmo/alarmo/alarmo/Shared/Services/TrackingPermissionService.swift (in target 'alarmo' from project 'alarmo')
    cd /Users/rukesh/Documents/projects/alarmo/alarmo
    

SwiftCompile normal arm64 /Users/rukesh/Documents/projects/alarmo/alarmo/alarmo/Shared/Services/WallpaperImageResolver.swift (in target 'alarmo' from project 'alarmo')
    cd /Users/rukesh/Documents/projects/alarmo/alarmo
    

SwiftCompile normal arm64 /Users/rukesh/Documents/projects/alarmo/alarmo/alarmo/patch.swift (in target 'alarmo' from project 'alarmo')
    cd /Users/rukesh/Documents/projects/alarmo/alarmo
    

SwiftCompile normal arm64 /Users/rukesh/Documents/projects/alarmo/alarmo/alarmo/patch_analysis.swift (in target 'alarmo' from project 'alarmo')
    cd /Users/rukesh/Documents/projects/alarmo/alarmo
    

SwiftCompile normal arm64 /Users/rukesh/Documents/projects/alarmo/alarmo/alarmo/patch_mock.swift (in target 'alarmo' from project 'alarmo')
    cd /Users/rukesh/Documents/projects/alarmo/alarmo
    

SwiftCompile normal arm64 /Users/rukesh/Documents/projects/alarmo/alarmo/alarmo/patch2.swift (in target 'alarmo' from project 'alarmo')
    cd /Users/rukesh/Documents/projects/alarmo/alarmo
    

SwiftCompile normal arm64 /Users/rukesh/Documents/projects/alarmo/alarmo/alarmo/test_gesture.swift (in target 'alarmo' from project 'alarmo')
    cd /Users/rukesh/Documents/projects/alarmo/alarmo
    

SwiftCompile normal arm64 /Users/rukesh/Library/Developer/Xcode/DerivedData/alarmo-ceckqxjdtadmywhgpijqujqnffnr/Build/Intermediates.noindex/alarmo.build/Debug-iphonesimulator/alarmo.build/DerivedSources/GeneratedAssetSymbols.swift (in target 'alarmo' from project 'alarmo')
    cd /Users/rukesh/Documents/projects/alarmo/alarmo
    

SwiftDriverJobDiscovery normal x86_64 Emitting module for alarmo (in target 'alarmo' from project 'alarmo')

SwiftDriver\ Compilation\ Requirements alarmo normal x86_64 com.apple.xcode.tools.swift.compiler (in target 'alarmo' from project 'alarmo')
    cd /Users/rukesh/Documents/projects/alarmo/alarmo
    builtin-Swift-Compilation-Requirements -- /Applications/Xcode.app/Contents/Developer/Toolchains/XcodeDefault.xctoolchain/usr/bin/swiftc -module-name alarmo -Onone -enforce-exclusivity\=checked @/Users/rukesh/Library/Developer/Xcode/DerivedData/alarmo-ceckqxjdtadmywhgpijqujqnffnr/Build/Intermediates.noindex/alarmo.build/Debug-iphonesimulator/alarmo.build/Objects-normal/x86_64/alarmo.SwiftFileList -DDEBUG -default-isolation\=MainActor -enable-bare-slash-regex -enable-upcoming-feature DisableOutwardActorInference -enable-upcoming-feature InferSendableFromCaptures -enable-upcoming-feature GlobalActorIsolatedTypesUsability -enable-upcoming-feature MemberImportVisibility -enable-upcoming-feature InferIsolatedConformances -enable-upcoming-feature NonisolatedNonsendingByDefault -enable-experimental-feature DebugDescriptionMacro -sdk /Applications/Xcode.app/Contents/Developer/Platforms/iPhoneSimulator.platform/Developer/SDKs/iPhoneSimulator26.2.sdk -target x86_64-apple-ios17.0-simulator -g -module-cache-path /Users/rukesh/Library/Developer/Xcode/DerivedData/ModuleCache.noindex -Xfrontend -serialize-debugging-options -profile-coverage-mapping -profile-generate -enable-testing -index-store-path /Users/rukesh/Library/Developer/Xcode/DerivedData/alarmo-ceckqxjdtadmywhgpijqujqnffnr/Index.noindex/DataStore -Xcc -D_LIBCPP_HARDENING_MODE\=_LIBCPP_HARDENING_MODE_DEBUG -swift-version 5 -I /Users/rukesh/Library/Developer/Xcode/DerivedData/alarmo-ceckqxjdtadmywhgpijqujqnffnr/Build/Products/Debug-iphonesimulator -F /Users/rukesh/Library/Developer/Xcode/DerivedData/alarmo-ceckqxjdtadmywhgpijqujqnffnr/Build/Products/Debug-iphonesimulator -emit-localized-strings -emit-localized-strings-path /Users/rukesh/Library/Developer/Xcode/DerivedData/alarmo-ceckqxjdtadmywhgpijqujqnffnr/Build/Intermediates.noindex/alarmo.build/Debug-iphonesimulator/alarmo.build/Objects-normal/x86_64 -c -j14 -enable-batch-mode -incremental -Xcc -ivfsstatcache -Xcc /Users/rukesh/Library/Developer/Xcode/DerivedData/SDKStatCaches.noindex/iphonesimulator26.2-23C53-3885c01c3e6b6a337905948deab2002e7d00a8b37fbd7999ea79df8ebc024bf0.sdkstatcache -output-file-map /Users/rukesh/Library/Developer/Xcode/DerivedData/alarmo-ceckqxjdtadmywhgpijqujqnffnr/Build/Intermediates.noindex/alarmo.build/Debug-iphonesimulator/alarmo.build/Objects-normal/x86_64/alarmo-OutputFileMap.json -use-frontend-parseable-output -save-temps -no-color-diagnostics -explicit-module-build -module-cache-path /Users/rukesh/Library/Developer/Xcode/DerivedData/alarmo-ceckqxjdtadmywhgpijqujqnffnr/Build/Intermediates.noindex/SwiftExplicitPrecompiledModules -clang-scanner-module-cache-path /Users/rukesh/Library/Developer/Xcode/DerivedData/ModuleCache.noindex -sdk-module-cache-path /Users/rukesh/Library/Developer/Xcode/DerivedData/ModuleCache.noindex -serialize-diagnostics -emit-dependencies -emit-module -emit-module-path /Users/rukesh/Library/Developer/Xcode/DerivedData/alarmo-ceckqxjdtadmywhgpijqujqnffnr/Build/Intermediates.noindex/alarmo.build/Debug-iphonesimulator/alarmo.build/Objects-normal/x86_64/alarmo.swiftmodule -validate-clang-modules-once -clang-build-session-file /Users/rukesh/Library/Developer/Xcode/DerivedData/ModuleCache.noindex/Session.modulevalidation -Xcc -I/Users/rukesh/Library/Developer/Xcode/DerivedData/alarmo-ceckqxjdtadmywhgpijqujqnffnr/Build/Intermediates.noindex/alarmo.build/Debug-iphonesimulator/alarmo.build/swift-overrides.hmap -emit-const-values -Xfrontend -const-gather-protocols-file -Xfrontend /Users/rukesh/Library/Developer/Xcode/DerivedData/alarmo-ceckqxjdtadmywhgpijqujqnffnr/Build/Intermediates.noindex/alarmo.build/Debug-iphonesimulator/alarmo.build/Objects-normal/x86_64/alarmo_const_extract_protocols.json -Xcc -iquote -Xcc /Users/rukesh/Library/Developer/Xcode/DerivedData/alarmo-ceckqxjdtadmywhgpijqujqnffnr/Build/Intermediates.noindex/alarmo.build/Debug-iphonesimulator/alarmo.build/alarmo-generated-files.hmap -Xcc -I/Users/rukesh/Library/Developer/Xcode/DerivedData/alarmo-ceckqxjdtadmywhgpijqujqnffnr/Build/Intermediates.noindex/alarmo.build/Debug-iphonesimulator/alarmo.build/alarmo-own-target-headers.hmap -Xcc -I/Users/rukesh/Library/Developer/Xcode/DerivedData/alarmo-ceckqxjdtadmywhgpijqujqnffnr/Build/Intermediates.noindex/alarmo.build/Debug-iphonesimulator/alarmo.build/alarmo-all-target-headers.hmap -Xcc -iquote -Xcc /Users/rukesh/Library/Developer/Xcode/DerivedData/alarmo-ceckqxjdtadmywhgpijqujqnffnr/Build/Intermediates.noindex/alarmo.build/Debug-iphonesimulator/alarmo.build/alarmo-project-headers.hmap -Xcc -I/Users/rukesh/Library/Developer/Xcode/DerivedData/alarmo-ceckqxjdtadmywhgpijqujqnffnr/Build/Products/Debug-iphonesimulator/include -Xcc -I/Users/rukesh/Library/Developer/Xcode/DerivedData/alarmo-ceckqxjdtadmywhgpijqujqnffnr/Build/Intermediates.noindex/alarmo.build/Debug-iphonesimulator/alarmo.build/DerivedSources-normal/x86_64 -Xcc -I/Users/rukesh/Library/Developer/Xcode/DerivedData/alarmo-ceckqxjdtadmywhgpijqujqnffnr/Build/Intermediates.noindex/alarmo.build/Debug-iphonesimulator/alarmo.build/DerivedSources/x86_64 -Xcc -I/Users/rukesh/Library/Developer/Xcode/DerivedData/alarmo-ceckqxjdtadmywhgpijqujqnffnr/Build/Intermediates.noindex/alarmo.build/Debug-iphonesimulator/alarmo.build/DerivedSources -Xcc -DDEBUG\=1 -emit-objc-header -emit-objc-header-path /Users/rukesh/Library/Developer/Xcode/DerivedData/alarmo-ceckqxjdtadmywhgpijqujqnffnr/Build/Intermediates.noindex/alarmo.build/Debug-iphonesimulator/alarmo.build/Objects-normal/x86_64/alarmo-Swift.h -working-directory /Users/rukesh/Documents/projects/alarmo/alarmo -experimental-emit-module-separately -disable-cmo

SwiftDriverJobDiscovery normal x86_64 Compiling AlarmMission.swift, AppListModels.swift, AssetModels.swift, AssetRef.swift, Item.swift, MotivationQuotes.swift, PlanModels.swift, RepeatMask.swift, Tag.swift, TaskItem.swift, WallpaperModels.swift, Clock.swift, NetworkMonitoring.swift, UUIDProviding.swift, AlarmForegroundScheduler.swift, AlarmRingCoordinator.swift, AlarmScheduler.swift, AlarmStore.swift, AppPreferences.swift, AssetManager.swift, AudioPlayerService.swift, EntitlementStore.swift (in target 'alarmo' from project 'alarmo')

SwiftCompile normal arm64 Compiling\ StopwatchEngine.swift,\ StopwatchHistoryView.swift,\ AddFocusRecordView.swift,\ AddTimerView.swift,\ AnytimePickerSheet.swift,\ CompletionCardView.swift,\ DetailedNewTaskView.swift,\ DialScaleView.swift,\ DurationPickerSheet.swift,\ FocusNoteSheet.swift,\ FocusSelectionView.swift,\ FocusSettingsComponents.swift,\ FocusSettingsView.swift,\ FrequentlyUsedPomoSheet.swift,\ IntervalTimerSettingsView.swift,\ LiveActivityManager.swift,\ NewTaskSheet.swift,\ PomoAttributes.swift,\ PomodoroEngine.swift,\ PomodoroMainView.swift,\ PomodoroModels.swift,\ PomodoroPersistence.swift /Users/rukesh/Documents/projects/alarmo/alarmo/alarmo/Features/Timer/Stopwatch/StopwatchEngine.swift /Users/rukesh/Documents/projects/alarmo/alarmo/alarmo/Features/Timer/Stopwatch/StopwatchHistoryView.swift /Users/rukesh/Documents/projects/alarmo/alarmo/alarmo/Features/Timer/AddFocusRecordView.swift /Users/rukesh/Documents/projects/alarmo/alarmo/alarmo/Features/Timer/AddTimerView.swift /Users/rukesh/Documents/projects/alarmo/alarmo/alarmo/Features/Timer/AnytimePickerSheet.swift /Users/rukesh/Documents/projects/alarmo/alarmo/alarmo/Features/Timer/CompletionCardView.swift /Users/rukesh/Documents/projects/alarmo/alarmo/alarmo/Features/Timer/DetailedNewTaskView.swift /Users/rukesh/Documents/projects/alarmo/alarmo/alarmo/Features/Timer/DialScaleView.swift /Users/rukesh/Documents/projects/alarmo/alarmo/alarmo/Features/Timer/DurationPickerSheet.swift /Users/rukesh/Documents/projects/alarmo/alarmo/alarmo/Features/Timer/FocusNoteSheet.swift /Users/rukesh/Documents/projects/alarmo/alarmo/alarmo/Features/Timer/FocusSelectionView.swift /Users/rukesh/Documents/projects/alarmo/alarmo/alarmo/Features/Timer/FocusSettingsComponents.swift /Users/rukesh/Documents/projects/alarmo/alarmo/alarmo/Features/Timer/FocusSettingsView.swift /Users/rukesh/Documents/projects/alarmo/alarmo/alarmo/Features/Timer/FrequentlyUsedPomoSheet.swift /Users/rukesh/Documents/projects/alarmo/alarmo/alarmo/Features/Timer/IntervalTimerSettingsView.swift /Users/rukesh/Documents/projects/alarmo/alarmo/alarmo/Features/Timer/LiveActivityManager.swift /Users/rukesh/Documents/projects/alarmo/alarmo/alarmo/Features/Timer/NewTaskSheet.swift /Users/rukesh/Documents/projects/alarmo/alarmo/alarmo/Features/Timer/PomoAttributes.swift /Users/rukesh/Documents/projects/alarmo/alarmo/alarmo/Features/Timer/PomodoroEngine.swift /Users/rukesh/Documents/projects/alarmo/alarmo/alarmo/Features/Timer/PomodoroMainView.swift /Users/rukesh/Documents/projects/alarmo/alarmo/alarmo/Features/Timer/PomodoroModels.swift /Users/rukesh/Documents/projects/alarmo/alarmo/alarmo/Features/Timer/PomodoroPersistence.swift (in target 'alarmo' from project 'alarmo')

SwiftCompile normal arm64 /Users/rukesh/Documents/projects/alarmo/alarmo/alarmo/Features/Timer/Stopwatch/StopwatchEngine.swift (in target 'alarmo' from project 'alarmo')
    cd /Users/rukesh/Documents/projects/alarmo/alarmo
    

SwiftCompile normal arm64 /Users/rukesh/Documents/projects/alarmo/alarmo/alarmo/Features/Timer/Stopwatch/StopwatchHistoryView.swift (in target 'alarmo' from project 'alarmo')
    cd /Users/rukesh/Documents/projects/alarmo/alarmo
    

SwiftCompile normal arm64 /Users/rukesh/Documents/projects/alarmo/alarmo/alarmo/Features/Timer/AddFocusRecordView.swift (in target 'alarmo' from project 'alarmo')
    cd /Users/rukesh/Documents/projects/alarmo/alarmo
    

SwiftCompile normal arm64 /Users/rukesh/Documents/projects/alarmo/alarmo/alarmo/Features/Timer/AddTimerView.swift (in target 'alarmo' from project 'alarmo')
    cd /Users/rukesh/Documents/projects/alarmo/alarmo
    

SwiftCompile normal arm64 /Users/rukesh/Documents/projects/alarmo/alarmo/alarmo/Features/Timer/AnytimePickerSheet.swift (in target 'alarmo' from project 'alarmo')
    cd /Users/rukesh/Documents/projects/alarmo/alarmo
    

SwiftCompile normal arm64 /Users/rukesh/Documents/projects/alarmo/alarmo/alarmo/Features/Timer/CompletionCardView.swift (in target 'alarmo' from project 'alarmo')
    cd /Users/rukesh/Documents/projects/alarmo/alarmo
    

SwiftCompile normal arm64 /Users/rukesh/Documents/projects/alarmo/alarmo/alarmo/Features/Timer/DetailedNewTaskView.swift (in target 'alarmo' from project 'alarmo')
    cd /Users/rukesh/Documents/projects/alarmo/alarmo
    

SwiftCompile normal arm64 /Users/rukesh/Documents/projects/alarmo/alarmo/alarmo/Features/Timer/DialScaleView.swift (in target 'alarmo' from project 'alarmo')
    cd /Users/rukesh/Documents/projects/alarmo/alarmo
    

SwiftCompile normal arm64 /Users/rukesh/Documents/projects/alarmo/alarmo/alarmo/Features/Timer/DurationPickerSheet.swift (in target 'alarmo' from project 'alarmo')
    cd /Users/rukesh/Documents/projects/alarmo/alarmo
    

SwiftCompile normal arm64 /Users/rukesh/Documents/projects/alarmo/alarmo/alarmo/Features/Timer/FocusNoteSheet.swift (in target 'alarmo' from project 'alarmo')
    cd /Users/rukesh/Documents/projects/alarmo/alarmo
    

SwiftCompile normal arm64 /Users/rukesh/Documents/projects/alarmo/alarmo/alarmo/Features/Timer/FocusSelectionView.swift (in target 'alarmo' from project 'alarmo')
    cd /Users/rukesh/Documents/projects/alarmo/alarmo
    

SwiftCompile normal arm64 /Users/rukesh/Documents/projects/alarmo/alarmo/alarmo/Features/Timer/FocusSettingsComponents.swift (in target 'alarmo' from project 'alarmo')
    cd /Users/rukesh/Documents/projects/alarmo/alarmo
    

SwiftCompile normal arm64 /Users/rukesh/Documents/projects/alarmo/alarmo/alarmo/Features/Timer/FocusSettingsView.swift (in target 'alarmo' from project 'alarmo')
    cd /Users/rukesh/Documents/projects/alarmo/alarmo
    

SwiftCompile normal arm64 /Users/rukesh/Documents/projects/alarmo/alarmo/alarmo/Features/Timer/FrequentlyUsedPomoSheet.swift (in target 'alarmo' from project 'alarmo')
    cd /Users/rukesh/Documents/projects/alarmo/alarmo
    

SwiftCompile normal arm64 /Users/rukesh/Documents/projects/alarmo/alarmo/alarmo/Features/Timer/IntervalTimerSettingsView.swift (in target 'alarmo' from project 'alarmo')
    cd /Users/rukesh/Documents/projects/alarmo/alarmo
    
/Users/rukesh/Documents/projects/alarmo/alarmo/alarmo/Features/Timer/IntervalTimerSettingsView.swift:71:37: warning: result of 'PickerSelectionView' initializer is unused
                                    PickerSelectionView(
                                    ^                  ~

SwiftCompile normal arm64 /Users/rukesh/Documents/projects/alarmo/alarmo/alarmo/Features/Timer/LiveActivityManager.swift (in target 'alarmo' from project 'alarmo')
    cd /Users/rukesh/Documents/projects/alarmo/alarmo
    
/Users/rukesh/Documents/projects/alarmo/alarmo/alarmo/Features/Timer/LiveActivityManager.swift:19:57: warning: 'request(attributes:contentState:pushType:)' was deprecated in iOS 16.2: Use request(attributes:content:pushType:) instead
            let activity = try Activity<PomoAttributes>.request(
                                                        ^
/Users/rukesh/Documents/projects/alarmo/alarmo/alarmo/Features/Timer/LiveActivityManager.swift:41:28: warning: 'update(using:alertConfiguration:)' was deprecated in iOS 16.2: Use update(_:alertConfiguration:) instead
            await activity.update(using: contentState, alertConfiguration: alertConfiguration)
                           ^
/Users/rukesh/Documents/projects/alarmo/alarmo/alarmo/Features/Timer/LiveActivityManager.swift:53:28: warning: 'update(using:)' was deprecated in iOS 16.2: Use update(_:) instead
            await activity.update(using: contentState)
                           ^
/Users/rukesh/Documents/projects/alarmo/alarmo/alarmo/Features/Timer/LiveActivityManager.swift:63:28: warning: 'end(using:dismissalPolicy:)' was deprecated in iOS 16.2: Use end(content:dismissalPolicy:) instead
            await activity.end(using: finalState, dismissalPolicy: .immediate)
                           ^

SwiftCompile normal arm64 /Users/rukesh/Documents/projects/alarmo/alarmo/alarmo/Features/Timer/NewTaskSheet.swift (in target 'alarmo' from project 'alarmo')
    cd /Users/rukesh/Documents/projects/alarmo/alarmo
    

SwiftCompile normal arm64 /Users/rukesh/Documents/projects/alarmo/alarmo/alarmo/Features/Timer/PomoAttributes.swift (in target 'alarmo' from project 'alarmo')
    cd /Users/rukesh/Documents/projects/alarmo/alarmo
    

SwiftCompile normal arm64 /Users/rukesh/Documents/projects/alarmo/alarmo/alarmo/Features/Timer/PomodoroEngine.swift (in target 'alarmo' from project 'alarmo')
    cd /Users/rukesh/Documents/projects/alarmo/alarmo
    

SwiftCompile normal arm64 /Users/rukesh/Documents/projects/alarmo/alarmo/alarmo/Features/Timer/PomodoroMainView.swift (in target 'alarmo' from project 'alarmo')
    cd /Users/rukesh/Documents/projects/alarmo/alarmo
    

SwiftCompile normal arm64 /Users/rukesh/Documents/projects/alarmo/alarmo/alarmo/Features/Timer/PomodoroModels.swift (in target 'alarmo' from project 'alarmo')
    cd /Users/rukesh/Documents/projects/alarmo/alarmo
    

SwiftCompile normal arm64 /Users/rukesh/Documents/projects/alarmo/alarmo/alarmo/Features/Timer/PomodoroPersistence.swift (in target 'alarmo' from project 'alarmo')
    cd /Users/rukesh/Documents/projects/alarmo/alarmo
    

SwiftDriverJobDiscovery normal arm64 Emitting module for alarmo (in target 'alarmo' from project 'alarmo')

Copy /Users/rukesh/Library/Developer/Xcode/DerivedData/alarmo-ceckqxjdtadmywhgpijqujqnffnr/Build/Products/Debug-iphonesimulator/alarmo.swiftmodule/x86_64-apple-ios-simulator.swiftmodule /Users/rukesh/Library/Developer/Xcode/DerivedData/alarmo-ceckqxjdtadmywhgpijqujqnffnr/Build/Intermediates.noindex/alarmo.build/Debug-iphonesimulator/alarmo.build/Objects-normal/x86_64/alarmo.swiftmodule (in target 'alarmo' from project 'alarmo')
    cd /Users/rukesh/Documents/projects/alarmo/alarmo
    builtin-copy -exclude .DS_Store -exclude CVS -exclude .svn -exclude .git -exclude .hg -resolve-src-symlinks -rename /Users/rukesh/Library/Developer/Xcode/DerivedData/alarmo-ceckqxjdtadmywhgpijqujqnffnr/Build/Intermediates.noindex/alarmo.build/Debug-iphonesimulator/alarmo.build/Objects-normal/x86_64/alarmo.swiftmodule /Users/rukesh/Library/Developer/Xcode/DerivedData/alarmo-ceckqxjdtadmywhgpijqujqnffnr/Build/Products/Debug-iphonesimulator/alarmo.swiftmodule/x86_64-apple-ios-simulator.swiftmodule

SwiftDriver\ Compilation\ Requirements alarmo normal arm64 com.apple.xcode.tools.swift.compiler (in target 'alarmo' from project 'alarmo')
    cd /Users/rukesh/Documents/projects/alarmo/alarmo
    builtin-Swift-Compilation-Requirements -- /Applications/Xcode.app/Contents/Developer/Toolchains/XcodeDefault.xctoolchain/usr/bin/swiftc -module-name alarmo -Onone -enforce-exclusivity\=checked @/Users/rukesh/Library/Developer/Xcode/DerivedData/alarmo-ceckqxjdtadmywhgpijqujqnffnr/Build/Intermediates.noindex/alarmo.build/Debug-iphonesimulator/alarmo.build/Objects-normal/arm64/alarmo.SwiftFileList -DDEBUG -default-isolation\=MainActor -enable-bare-slash-regex -enable-upcoming-feature DisableOutwardActorInference -enable-upcoming-feature InferSendableFromCaptures -enable-upcoming-feature GlobalActorIsolatedTypesUsability -enable-upcoming-feature MemberImportVisibility -enable-upcoming-feature InferIsolatedConformances -enable-upcoming-feature NonisolatedNonsendingByDefault -enable-experimental-feature DebugDescriptionMacro -sdk /Applications/Xcode.app/Contents/Developer/Platforms/iPhoneSimulator.platform/Developer/SDKs/iPhoneSimulator26.2.sdk -target arm64-apple-ios17.0-simulator -g -module-cache-path /Users/rukesh/Library/Developer/Xcode/DerivedData/ModuleCache.noindex -Xfrontend -serialize-debugging-options -profile-coverage-mapping -profile-generate -enable-testing -index-store-path /Users/rukesh/Library/Developer/Xcode/DerivedData/alarmo-ceckqxjdtadmywhgpijqujqnffnr/Index.noindex/DataStore -Xcc -D_LIBCPP_HARDENING_MODE\=_LIBCPP_HARDENING_MODE_DEBUG -swift-version 5 -I /Users/rukesh/Library/Developer/Xcode/DerivedData/alarmo-ceckqxjdtadmywhgpijqujqnffnr/Build/Products/Debug-iphonesimulator -F /Users/rukesh/Library/Developer/Xcode/DerivedData/alarmo-ceckqxjdtadmywhgpijqujqnffnr/Build/Products/Debug-iphonesimulator -emit-localized-strings -emit-localized-strings-path /Users/rukesh/Library/Developer/Xcode/DerivedData/alarmo-ceckqxjdtadmywhgpijqujqnffnr/Build/Intermediates.noindex/alarmo.build/Debug-iphonesimulator/alarmo.build/Objects-normal/arm64 -c -j14 -enable-batch-mode -incremental -Xcc -ivfsstatcache -Xcc /Users/rukesh/Library/Developer/Xcode/DerivedData/SDKStatCaches.noindex/iphonesimulator26.2-23C53-3885c01c3e6b6a337905948deab2002e7d00a8b37fbd7999ea79df8ebc024bf0.sdkstatcache -output-file-map /Users/rukesh/Library/Developer/Xcode/DerivedData/alarmo-ceckqxjdtadmywhgpijqujqnffnr/Build/Intermediates.noindex/alarmo.build/Debug-iphonesimulator/alarmo.build/Objects-normal/arm64/alarmo-OutputFileMap.json -use-frontend-parseable-output -save-temps -no-color-diagnostics -explicit-module-build -module-cache-path /Users/rukesh/Library/Developer/Xcode/DerivedData/alarmo-ceckqxjdtadmywhgpijqujqnffnr/Build/Intermediates.noindex/SwiftExplicitPrecompiledModules -clang-scanner-module-cache-path /Users/rukesh/Library/Developer/Xcode/DerivedData/ModuleCache.noindex -sdk-module-cache-path /Users/rukesh/Library/Developer/Xcode/DerivedData/ModuleCache.noindex -serialize-diagnostics -emit-dependencies -emit-module -emit-module-path /Users/rukesh/Library/Developer/Xcode/DerivedData/alarmo-ceckqxjdtadmywhgpijqujqnffnr/Build/Intermediates.noindex/alarmo.build/Debug-iphonesimulator/alarmo.build/Objects-normal/arm64/alarmo.swiftmodule -validate-clang-modules-once -clang-build-session-file /Users/rukesh/Library/Developer/Xcode/DerivedData/ModuleCache.noindex/Session.modulevalidation -Xcc -I/Users/rukesh/Library/Developer/Xcode/DerivedData/alarmo-ceckqxjdtadmywhgpijqujqnffnr/Build/Intermediates.noindex/alarmo.build/Debug-iphonesimulator/alarmo.build/swift-overrides.hmap -emit-const-values -Xfrontend -const-gather-protocols-file -Xfrontend /Users/rukesh/Library/Developer/Xcode/DerivedData/alarmo-ceckqxjdtadmywhgpijqujqnffnr/Build/Intermediates.noindex/alarmo.build/Debug-iphonesimulator/alarmo.build/Objects-normal/arm64/alarmo_const_extract_protocols.json -Xcc -iquote -Xcc /Users/rukesh/Library/Developer/Xcode/DerivedData/alarmo-ceckqxjdtadmywhgpijqujqnffnr/Build/Intermediates.noindex/alarmo.build/Debug-iphonesimulator/alarmo.build/alarmo-generated-files.hmap -Xcc -I/Users/rukesh/Library/Developer/Xcode/DerivedData/alarmo-ceckqxjdtadmywhgpijqujqnffnr/Build/Intermediates.noindex/alarmo.build/Debug-iphonesimulator/alarmo.build/alarmo-own-target-headers.hmap -Xcc -I/Users/rukesh/Library/Developer/Xcode/DerivedData/alarmo-ceckqxjdtadmywhgpijqujqnffnr/Build/Intermediates.noindex/alarmo.build/Debug-iphonesimulator/alarmo.build/alarmo-all-target-headers.hmap -Xcc -iquote -Xcc /Users/rukesh/Library/Developer/Xcode/DerivedData/alarmo-ceckqxjdtadmywhgpijqujqnffnr/Build/Intermediates.noindex/alarmo.build/Debug-iphonesimulator/alarmo.build/alarmo-project-headers.hmap -Xcc -I/Users/rukesh/Library/Developer/Xcode/DerivedData/alarmo-ceckqxjdtadmywhgpijqujqnffnr/Build/Products/Debug-iphonesimulator/include -Xcc -I/Users/rukesh/Library/Developer/Xcode/DerivedData/alarmo-ceckqxjdtadmywhgpijqujqnffnr/Build/Intermediates.noindex/alarmo.build/Debug-iphonesimulator/alarmo.build/DerivedSources-normal/arm64 -Xcc -I/Users/rukesh/Library/Developer/Xcode/DerivedData/alarmo-ceckqxjdtadmywhgpijqujqnffnr/Build/Intermediates.noindex/alarmo.build/Debug-iphonesimulator/alarmo.build/DerivedSources/arm64 -Xcc -I/Users/rukesh/Library/Developer/Xcode/DerivedData/alarmo-ceckqxjdtadmywhgpijqujqnffnr/Build/Intermediates.noindex/alarmo.build/Debug-iphonesimulator/alarmo.build/DerivedSources -Xcc -DDEBUG\=1 -emit-objc-header -emit-objc-header-path /Users/rukesh/Library/Developer/Xcode/DerivedData/alarmo-ceckqxjdtadmywhgpijqujqnffnr/Build/Intermediates.noindex/alarmo.build/Debug-iphonesimulator/alarmo.build/Objects-normal/arm64/alarmo-Swift.h -working-directory /Users/rukesh/Documents/projects/alarmo/alarmo -experimental-emit-module-separately -disable-cmo

Copy /Users/rukesh/Library/Developer/Xcode/DerivedData/alarmo-ceckqxjdtadmywhgpijqujqnffnr/Build/Products/Debug-iphonesimulator/alarmo.swiftmodule/x86_64-apple-ios-simulator.swiftdoc /Users/rukesh/Library/Developer/Xcode/DerivedData/alarmo-ceckqxjdtadmywhgpijqujqnffnr/Build/Intermediates.noindex/alarmo.build/Debug-iphonesimulator/alarmo.build/Objects-normal/x86_64/alarmo.swiftdoc (in target 'alarmo' from project 'alarmo')
    cd /Users/rukesh/Documents/projects/alarmo/alarmo
    builtin-copy -exclude .DS_Store -exclude CVS -exclude .svn -exclude .git -exclude .hg -resolve-src-symlinks -rename /Users/rukesh/Library/Developer/Xcode/DerivedData/alarmo-ceckqxjdtadmywhgpijqujqnffnr/Build/Intermediates.noindex/alarmo.build/Debug-iphonesimulator/alarmo.build/Objects-normal/x86_64/alarmo.swiftdoc /Users/rukesh/Library/Developer/Xcode/DerivedData/alarmo-ceckqxjdtadmywhgpijqujqnffnr/Build/Products/Debug-iphonesimulator/alarmo.swiftmodule/x86_64-apple-ios-simulator.swiftdoc

Copy /Users/rukesh/Library/Developer/Xcode/DerivedData/alarmo-ceckqxjdtadmywhgpijqujqnffnr/Build/Products/Debug-iphonesimulator/alarmo.swiftmodule/x86_64-apple-ios-simulator.abi.json /Users/rukesh/Library/Developer/Xcode/DerivedData/alarmo-ceckqxjdtadmywhgpijqujqnffnr/Build/Intermediates.noindex/alarmo.build/Debug-iphonesimulator/alarmo.build/Objects-normal/x86_64/alarmo.abi.json (in target 'alarmo' from project 'alarmo')
    cd /Users/rukesh/Documents/projects/alarmo/alarmo
    builtin-copy -exclude .DS_Store -exclude CVS -exclude .svn -exclude .git -exclude .hg -resolve-src-symlinks -rename /Users/rukesh/Library/Developer/Xcode/DerivedData/alarmo-ceckqxjdtadmywhgpijqujqnffnr/Build/Intermediates.noindex/alarmo.build/Debug-iphonesimulator/alarmo.build/Objects-normal/x86_64/alarmo.abi.json /Users/rukesh/Library/Developer/Xcode/DerivedData/alarmo-ceckqxjdtadmywhgpijqujqnffnr/Build/Products/Debug-iphonesimulator/alarmo.swiftmodule/x86_64-apple-ios-simulator.abi.json

SwiftMergeGeneratedHeaders /Users/rukesh/Library/Developer/Xcode/DerivedData/alarmo-ceckqxjdtadmywhgpijqujqnffnr/Build/Intermediates.noindex/alarmo.build/Debug-iphonesimulator/alarmo.build/DerivedSources/alarmo-Swift.h /Users/rukesh/Library/Developer/Xcode/DerivedData/alarmo-ceckqxjdtadmywhgpijqujqnffnr/Build/Intermediates.noindex/alarmo.build/Debug-iphonesimulator/alarmo.build/Objects-normal/arm64/alarmo-Swift.h /Users/rukesh/Library/Developer/Xcode/DerivedData/alarmo-ceckqxjdtadmywhgpijqujqnffnr/Build/Intermediates.noindex/alarmo.build/Debug-iphonesimulator/alarmo.build/Objects-normal/x86_64/alarmo-Swift.h (in target 'alarmo' from project 'alarmo')
    cd /Users/rukesh/Documents/projects/alarmo/alarmo
    builtin-swiftHeaderTool -arch arm64 /Users/rukesh/Library/Developer/Xcode/DerivedData/alarmo-ceckqxjdtadmywhgpijqujqnffnr/Build/Intermediates.noindex/alarmo.build/Debug-iphonesimulator/alarmo.build/Objects-normal/arm64/alarmo-Swift.h -arch x86_64 /Users/rukesh/Library/Developer/Xcode/DerivedData/alarmo-ceckqxjdtadmywhgpijqujqnffnr/Build/Intermediates.noindex/alarmo.build/Debug-iphonesimulator/alarmo.build/Objects-normal/x86_64/alarmo-Swift.h -o /Users/rukesh/Library/Developer/Xcode/DerivedData/alarmo-ceckqxjdtadmywhgpijqujqnffnr/Build/Intermediates.noindex/alarmo.build/Debug-iphonesimulator/alarmo.build/DerivedSources/alarmo-Swift.h

Copy /Users/rukesh/Library/Developer/Xcode/DerivedData/alarmo-ceckqxjdtadmywhgpijqujqnffnr/Build/Products/Debug-iphonesimulator/alarmo.swiftmodule/arm64-apple-ios-simulator.swiftmodule /Users/rukesh/Library/Developer/Xcode/DerivedData/alarmo-ceckqxjdtadmywhgpijqujqnffnr/Build/Intermediates.noindex/alarmo.build/Debug-iphonesimulator/alarmo.build/Objects-normal/arm64/alarmo.swiftmodule (in target 'alarmo' from project 'alarmo')
    cd /Users/rukesh/Documents/projects/alarmo/alarmo
    builtin-copy -exclude .DS_Store -exclude CVS -exclude .svn -exclude .git -exclude .hg -resolve-src-symlinks -rename /Users/rukesh/Library/Developer/Xcode/DerivedData/alarmo-ceckqxjdtadmywhgpijqujqnffnr/Build/Intermediates.noindex/alarmo.build/Debug-iphonesimulator/alarmo.build/Objects-normal/arm64/alarmo.swiftmodule /Users/rukesh/Library/Developer/Xcode/DerivedData/alarmo-ceckqxjdtadmywhgpijqujqnffnr/Build/Products/Debug-iphonesimulator/alarmo.swiftmodule/arm64-apple-ios-simulator.swiftmodule

Copy /Users/rukesh/Library/Developer/Xcode/DerivedData/alarmo-ceckqxjdtadmywhgpijqujqnffnr/Build/Products/Debug-iphonesimulator/alarmo.swiftmodule/arm64-apple-ios-simulator.swiftdoc /Users/rukesh/Library/Developer/Xcode/DerivedData/alarmo-ceckqxjdtadmywhgpijqujqnffnr/Build/Intermediates.noindex/alarmo.build/Debug-iphonesimulator/alarmo.build/Objects-normal/arm64/alarmo.swiftdoc (in target 'alarmo' from project 'alarmo')
    cd /Users/rukesh/Documents/projects/alarmo/alarmo
    builtin-copy -exclude .DS_Store -exclude CVS -exclude .svn -exclude .git -exclude .hg -resolve-src-symlinks -rename /Users/rukesh/Library/Developer/Xcode/DerivedData/alarmo-ceckqxjdtadmywhgpijqujqnffnr/Build/Intermediates.noindex/alarmo.build/Debug-iphonesimulator/alarmo.build/Objects-normal/arm64/alarmo.swiftdoc /Users/rukesh/Library/Developer/Xcode/DerivedData/alarmo-ceckqxjdtadmywhgpijqujqnffnr/Build/Products/Debug-iphonesimulator/alarmo.swiftmodule/arm64-apple-ios-simulator.swiftdoc

Copy /Users/rukesh/Library/Developer/Xcode/DerivedData/alarmo-ceckqxjdtadmywhgpijqujqnffnr/Build/Products/Debug-iphonesimulator/alarmo.swiftmodule/arm64-apple-ios-simulator.abi.json /Users/rukesh/Library/Developer/Xcode/DerivedData/alarmo-ceckqxjdtadmywhgpijqujqnffnr/Build/Intermediates.noindex/alarmo.build/Debug-iphonesimulator/alarmo.build/Objects-normal/arm64/alarmo.abi.json (in target 'alarmo' from project 'alarmo')
    cd /Users/rukesh/Documents/projects/alarmo/alarmo
    builtin-copy -exclude .DS_Store -exclude CVS -exclude .svn -exclude .git -exclude .hg -resolve-src-symlinks -rename /Users/rukesh/Library/Developer/Xcode/DerivedData/alarmo-ceckqxjdtadmywhgpijqujqnffnr/Build/Intermediates.noindex/alarmo.build/Debug-iphonesimulator/alarmo.build/Objects-normal/arm64/alarmo.abi.json /Users/rukesh/Library/Developer/Xcode/DerivedData/alarmo-ceckqxjdtadmywhgpijqujqnffnr/Build/Products/Debug-iphonesimulator/alarmo.swiftmodule/arm64-apple-ios-simulator.abi.json

Copy /Users/rukesh/Library/Developer/Xcode/DerivedData/alarmo-ceckqxjdtadmywhgpijqujqnffnr/Build/Products/Debug-iphonesimulator/alarmo.swiftmodule/Project/x86_64-apple-ios-simulator.swiftsourceinfo /Users/rukesh/Library/Developer/Xcode/DerivedData/alarmo-ceckqxjdtadmywhgpijqujqnffnr/Build/Intermediates.noindex/alarmo.build/Debug-iphonesimulator/alarmo.build/Objects-normal/x86_64/alarmo.swiftsourceinfo (in target 'alarmo' from project 'alarmo')
    cd /Users/rukesh/Documents/projects/alarmo/alarmo
    builtin-copy -exclude .DS_Store -exclude CVS -exclude .svn -exclude .git -exclude .hg -resolve-src-symlinks -rename /Users/rukesh/Library/Developer/Xcode/DerivedData/alarmo-ceckqxjdtadmywhgpijqujqnffnr/Build/Intermediates.noindex/alarmo.build/Debug-iphonesimulator/alarmo.build/Objects-normal/x86_64/alarmo.swiftsourceinfo /Users/rukesh/Library/Developer/Xcode/DerivedData/alarmo-ceckqxjdtadmywhgpijqujqnffnr/Build/Products/Debug-iphonesimulator/alarmo.swiftmodule/Project/x86_64-apple-ios-simulator.swiftsourceinfo

Copy /Users/rukesh/Library/Developer/Xcode/DerivedData/alarmo-ceckqxjdtadmywhgpijqujqnffnr/Build/Products/Debug-iphonesimulator/alarmo.swiftmodule/Project/arm64-apple-ios-simulator.swiftsourceinfo /Users/rukesh/Library/Developer/Xcode/DerivedData/alarmo-ceckqxjdtadmywhgpijqujqnffnr/Build/Intermediates.noindex/alarmo.build/Debug-iphonesimulator/alarmo.build/Objects-normal/arm64/alarmo.swiftsourceinfo (in target 'alarmo' from project 'alarmo')
    cd /Users/rukesh/Documents/projects/alarmo/alarmo
    builtin-copy -exclude .DS_Store -exclude CVS -exclude .svn -exclude .git -exclude .hg -resolve-src-symlinks -rename /Users/rukesh/Library/Developer/Xcode/DerivedData/alarmo-ceckqxjdtadmywhgpijqujqnffnr/Build/Intermediates.noindex/alarmo.build/Debug-iphonesimulator/alarmo.build/Objects-normal/arm64/alarmo.swiftsourceinfo /Users/rukesh/Library/Developer/Xcode/DerivedData/alarmo-ceckqxjdtadmywhgpijqujqnffnr/Build/Products/Debug-iphonesimulator/alarmo.swiftmodule/Project/arm64-apple-ios-simulator.swiftsourceinfo

SwiftCompile normal arm64 Compiling\ WallpaperCatalogLoader.swift,\ WallpaperConfig.swift,\ AlarmRepository.swift,\ CatalogRepository.swift,\ SoundCatalogRepository.swift,\ UserSettingsRepository.swift,\ CreateHabitAlarmView.swift,\ CreateHabitAlarmViewModel.swift,\ FindColorTilesMissionView.swift,\ FindColorTilesModels.swift,\ FindColorTilesSettingsView.swift,\ FindColorTilesViewModel.swift,\ MathMissionComponents.swift,\ MathMissionPlayView.swift,\ MathMissionSettingsView.swift,\ MathMissionViewModel.swift,\ MathModels.swift,\ MathProblemGenerator.swift,\ MemoryMatchComponents.swift,\ MemoryMatchEngine.swift,\ MemoryMatchGameView.swift,\ MemoryMatchHighScoresView.swift,\ MemoryMatchModels.swift /Users/rukesh/Documents/projects/alarmo/alarmo/alarmo/Data/Catalog/WallpaperCatalogLoader.swift /Users/rukesh/Documents/projects/alarmo/alarmo/alarmo/Data/Catalog/WallpaperConfig.swift /Users/rukesh/Documents/projects/alarmo/alarmo/alarmo/Data/Repositories/AlarmRepository.swift /Users/rukesh/Documents/projects/alarmo/alarmo/alarmo/Data/Repositories/CatalogRepository.swift /Users/rukesh/Documents/projects/alarmo/alarmo/alarmo/Data/Repositories/SoundCatalogRepository.swift /Users/rukesh/Documents/projects/alarmo/alarmo/alarmo/Data/Repositories/UserSettingsRepository.swift /Users/rukesh/Documents/projects/alarmo/alarmo/alarmo/Features/Alarms/HabitAlarm/CreateHabitAlarmView.swift /Users/rukesh/Documents/projects/alarmo/alarmo/alarmo/Features/Alarms/HabitAlarm/CreateHabitAlarmViewModel.swift /Users/rukesh/Documents/projects/alarmo/alarmo/alarmo/Features/Alarms/Missions/FindColorTiles/FindColorTilesMissionView.swift /Users/rukesh/Documents/projects/alarmo/alarmo/alarmo/Features/Alarms/Missions/FindColorTiles/FindColorTilesModels.swift /Users/rukesh/Documents/projects/alarmo/alarmo/alarmo/Features/Alarms/Missions/FindColorTiles/FindColorTilesSettingsView.swift /Users/rukesh/Documents/projects/alarmo/alarmo/alarmo/Features/Alarms/Missions/FindColorTiles/FindColorTilesViewModel.swift /Users/rukesh/Documents/projects/alarmo/alarmo/alarmo/Features/Alarms/Missions/Math/MathMissionComponents.swift /Users/rukesh/Documents/projects/alarmo/alarmo/alarmo/Features/Alarms/Missions/Math/MathMissionPlayView.swift /Users/rukesh/Documents/projects/alarmo/alarmo/alarmo/Features/Alarms/Missions/Math/MathMissionSettingsView.swift /Users/rukesh/Documents/projects/alarmo/alarmo/alarmo/Features/Alarms/Missions/Math/MathMissionViewModel.swift /Users/rukesh/Documents/projects/alarmo/alarmo/alarmo/Features/Alarms/Missions/Math/MathModels.swift /Users/rukesh/Documents/projects/alarmo/alarmo/alarmo/Features/Alarms/Missions/Math/MathProblemGenerator.swift /Users/rukesh/Documents/projects/alarmo/alarmo/alarmo/Features/Alarms/Missions/MemoryMatch/MemoryMatchComponents.swift /Users/rukesh/Documents/projects/alarmo/alarmo/alarmo/Features/Alarms/Missions/MemoryMatch/MemoryMatchEngine.swift /Users/rukesh/Documents/projects/alarmo/alarmo/alarmo/Features/Alarms/Missions/MemoryMatch/MemoryMatchGameView.swift /Users/rukesh/Documents/projects/alarmo/alarmo/alarmo/Features/Alarms/Missions/MemoryMatch/MemoryMatchHighScoresView.swift /Users/rukesh/Documents/projects/alarmo/alarmo/alarmo/Features/Alarms/Missions/MemoryMatch/MemoryMatchModels.swift (in target 'alarmo' from project 'alarmo')

SwiftCompile normal arm64 /Users/rukesh/Documents/projects/alarmo/alarmo/alarmo/Data/Catalog/WallpaperCatalogLoader.swift (in target 'alarmo' from project 'alarmo')
    cd /Users/rukesh/Documents/projects/alarmo/alarmo
    

SwiftCompile normal arm64 /Users/rukesh/Documents/projects/alarmo/alarmo/alarmo/Data/Catalog/WallpaperConfig.swift (in target 'alarmo' from project 'alarmo')
    cd /Users/rukesh/Documents/projects/alarmo/alarmo
    

SwiftCompile normal arm64 /Users/rukesh/Documents/projects/alarmo/alarmo/alarmo/Data/Repositories/AlarmRepository.swift (in target 'alarmo' from project 'alarmo')
    cd /Users/rukesh/Documents/projects/alarmo/alarmo
    

SwiftCompile normal arm64 /Users/rukesh/Documents/projects/alarmo/alarmo/alarmo/Data/Repositories/CatalogRepository.swift (in target 'alarmo' from project 'alarmo')
    cd /Users/rukesh/Documents/projects/alarmo/alarmo
    

SwiftCompile normal arm64 /Users/rukesh/Documents/projects/alarmo/alarmo/alarmo/Data/Repositories/SoundCatalogRepository.swift (in target 'alarmo' from project 'alarmo')
    cd /Users/rukesh/Documents/projects/alarmo/alarmo
    

SwiftCompile normal arm64 /Users/rukesh/Documents/projects/alarmo/alarmo/alarmo/Data/Repositories/UserSettingsRepository.swift (in target 'alarmo' from project 'alarmo')
    cd /Users/rukesh/Documents/projects/alarmo/alarmo
    

SwiftCompile normal arm64 /Users/rukesh/Documents/projects/alarmo/alarmo/alarmo/Features/Alarms/HabitAlarm/CreateHabitAlarmView.swift (in target 'alarmo' from project 'alarmo')
    cd /Users/rukesh/Documents/projects/alarmo/alarmo
    

SwiftCompile normal arm64 /Users/rukesh/Documents/projects/alarmo/alarmo/alarmo/Features/Alarms/HabitAlarm/CreateHabitAlarmViewModel.swift (in target 'alarmo' from project 'alarmo')
    cd /Users/rukesh/Documents/projects/alarmo/alarmo
    

SwiftCompile normal arm64 /Users/rukesh/Documents/projects/alarmo/alarmo/alarmo/Features/Alarms/Missions/FindColorTiles/FindColorTilesMissionView.swift (in target 'alarmo' from project 'alarmo')
    cd /Users/rukesh/Documents/projects/alarmo/alarmo
    

SwiftCompile normal arm64 /Users/rukesh/Documents/projects/alarmo/alarmo/alarmo/Features/Alarms/Missions/FindColorTiles/FindColorTilesModels.swift (in target 'alarmo' from project 'alarmo')
    cd /Users/rukesh/Documents/projects/alarmo/alarmo
    

SwiftCompile normal arm64 /Users/rukesh/Documents/projects/alarmo/alarmo/alarmo/Features/Alarms/Missions/FindColorTiles/FindColorTilesSettingsView.swift (in target 'alarmo' from project 'alarmo')
    cd /Users/rukesh/Documents/projects/alarmo/alarmo
    

SwiftCompile normal arm64 /Users/rukesh/Documents/projects/alarmo/alarmo/alarmo/Features/Alarms/Missions/FindColorTiles/FindColorTilesViewModel.swift (in target 'alarmo' from project 'alarmo')
    cd /Users/rukesh/Documents/projects/alarmo/alarmo
    

SwiftCompile normal arm64 /Users/rukesh/Documents/projects/alarmo/alarmo/alarmo/Features/Alarms/Missions/Math/MathMissionComponents.swift (in target 'alarmo' from project 'alarmo')
    cd /Users/rukesh/Documents/projects/alarmo/alarmo
    

SwiftCompile normal arm64 /Users/rukesh/Documents/projects/alarmo/alarmo/alarmo/Features/Alarms/Missions/Math/MathMissionPlayView.swift (in target 'alarmo' from project 'alarmo')
    cd /Users/rukesh/Documents/projects/alarmo/alarmo
    

SwiftCompile normal arm64 /Users/rukesh/Documents/projects/alarmo/alarmo/alarmo/Features/Alarms/Missions/Math/MathMissionSettingsView.swift (in target 'alarmo' from project 'alarmo')
    cd /Users/rukesh/Documents/projects/alarmo/alarmo
    

SwiftCompile normal arm64 /Users/rukesh/Documents/projects/alarmo/alarmo/alarmo/Features/Alarms/Missions/Math/MathMissionViewModel.swift (in target 'alarmo' from project 'alarmo')
    cd /Users/rukesh/Documents/projects/alarmo/alarmo
    

SwiftCompile normal arm64 /Users/rukesh/Documents/projects/alarmo/alarmo/alarmo/Features/Alarms/Missions/Math/MathModels.swift (in target 'alarmo' from project 'alarmo')
    cd /Users/rukesh/Documents/projects/alarmo/alarmo
    

SwiftCompile normal arm64 /Users/rukesh/Documents/projects/alarmo/alarmo/alarmo/Features/Alarms/Missions/Math/MathProblemGenerator.swift (in target 'alarmo' from project 'alarmo')
    cd /Users/rukesh/Documents/projects/alarmo/alarmo
    

SwiftCompile normal arm64 /Users/rukesh/Documents/projects/alarmo/alarmo/alarmo/Features/Alarms/Missions/MemoryMatch/MemoryMatchComponents.swift (in target 'alarmo' from project 'alarmo')
    cd /Users/rukesh/Documents/projects/alarmo/alarmo
    

SwiftCompile normal arm64 /Users/rukesh/Documents/projects/alarmo/alarmo/alarmo/Features/Alarms/Missions/MemoryMatch/MemoryMatchEngine.swift (in target 'alarmo' from project 'alarmo')
    cd /Users/rukesh/Documents/projects/alarmo/alarmo
    

SwiftCompile normal arm64 /Users/rukesh/Documents/projects/alarmo/alarmo/alarmo/Features/Alarms/Missions/MemoryMatch/MemoryMatchGameView.swift (in target 'alarmo' from project 'alarmo')
    cd /Users/rukesh/Documents/projects/alarmo/alarmo
    

SwiftCompile normal arm64 /Users/rukesh/Documents/projects/alarmo/alarmo/alarmo/Features/Alarms/Missions/MemoryMatch/MemoryMatchHighScoresView.swift (in target 'alarmo' from project 'alarmo')
    cd /Users/rukesh/Documents/projects/alarmo/alarmo
    

SwiftCompile normal arm64 /Users/rukesh/Documents/projects/alarmo/alarmo/alarmo/Features/Alarms/Missions/MemoryMatch/MemoryMatchModels.swift (in target 'alarmo' from project 'alarmo')
    cd /Users/rukesh/Documents/projects/alarmo/alarmo
    

SwiftDriverJobDiscovery normal arm64 Compiling FileStorageService.swift, HapticsPlayer.swift, NavigationStore.swift, NotificationManager.swift, NotificationPermissionService.swift, NotificationScheduler.swift, ODRService.swift, PointsService.swift, PurchaseService.swift, ShutdownDetectionService.swift, SoundPlayer.swift, SoundPreviewPlayer.swift, TamperDetectionService.swift, TaskStore.swift, TrackingPermissionService.swift, WallpaperImageResolver.swift, patch.swift, patch_analysis.swift, patch_mock.swift, patch2.swift, test_gesture.swift, GeneratedAssetSymbols.swift (in target 'alarmo' from project 'alarmo')

SwiftCompile normal arm64 Compiling\ LiveActivityIntents.swift,\ AlarmAppDelegate.swift,\ AlarmoApp.swift,\ AppEnvironment.swift,\ AppRootView.swift,\ Router.swift,\ AppConstants.swift,\ BarcodeScannerService.swift,\ CustomSoundService.swift,\ HealthKitManager.swift,\ SpotifyPlaybackController.swift,\ SpotifyService.swift,\ AppLayout.swift,\ Colors.swift,\ LayoutPreviews.swift,\ Radii.swift,\ Shadows.swift,\ Spacing.swift,\ Typography.swift,\ AlarmEditorComponents.swift,\ BottomSheetContainer.swift,\ Card.swift,\ CustomTabBar.swift /Users/rukesh/Documents/projects/alarmo/alarmo/AlarmoWidget/LiveActivityIntents.swift /Users/rukesh/Documents/projects/alarmo/alarmo/alarmo/App/AlarmAppDelegate.swift /Users/rukesh/Documents/projects/alarmo/alarmo/alarmo/App/AlarmoApp.swift /Users/rukesh/Documents/projects/alarmo/alarmo/alarmo/App/AppEnvironment.swift /Users/rukesh/Documents/projects/alarmo/alarmo/alarmo/App/AppRootView.swift /Users/rukesh/Documents/projects/alarmo/alarmo/alarmo/App/Router.swift /Users/rukesh/Documents/projects/alarmo/alarmo/alarmo/Core/Constants/AppConstants.swift /Users/rukesh/Documents/projects/alarmo/alarmo/alarmo/Core/Services/BarcodeScannerService.swift /Users/rukesh/Documents/projects/alarmo/alarmo/alarmo/Core/Services/CustomSoundService.swift /Users/rukesh/Documents/projects/alarmo/alarmo/alarmo/Core/Services/HealthKitManager.swift /Users/rukesh/Documents/projects/alarmo/alarmo/alarmo/Core/Services/SpotifyPlaybackController.swift /Users/rukesh/Documents/projects/alarmo/alarmo/alarmo/Core/Services/SpotifyService.swift /Users/rukesh/Documents/projects/alarmo/alarmo/alarmo/Core/Theme/AppLayout.swift /Users/rukesh/Documents/projects/alarmo/alarmo/alarmo/Core/Theme/Colors.swift /Users/rukesh/Documents/projects/alarmo/alarmo/alarmo/Core/Theme/LayoutPreviews.swift /Users/rukesh/Documents/projects/alarmo/alarmo/alarmo/Core/Theme/Radii.swift /Users/rukesh/Documents/projects/alarmo/alarmo/alarmo/Core/Theme/Shadows.swift /Users/rukesh/Documents/projects/alarmo/alarmo/alarmo/Core/Theme/Spacing.swift /Users/rukesh/Documents/projects/alarmo/alarmo/alarmo/Core/Theme/Typography.swift /Users/rukesh/Documents/projects/alarmo/alarmo/alarmo/Core/UIComponents/AlarmEditorComponents.swift /Users/rukesh/Documents/projects/alarmo/alarmo/alarmo/Core/UIComponents/BottomSheetContainer.swift /Users/rukesh/Documents/projects/alarmo/alarmo/alarmo/Core/UIComponents/Card.swift /Users/rukesh/Documents/projects/alarmo/alarmo/alarmo/Core/UIComponents/CustomTabBar.swift (in target 'alarmo' from project 'alarmo')

SwiftCompile normal arm64 /Users/rukesh/Documents/projects/alarmo/alarmo/AlarmoWidget/LiveActivityIntents.swift (in target 'alarmo' from project 'alarmo')
    cd /Users/rukesh/Documents/projects/alarmo/alarmo
    

SwiftCompile normal arm64 /Users/rukesh/Documents/projects/alarmo/alarmo/alarmo/App/AlarmAppDelegate.swift (in target 'alarmo' from project 'alarmo')
    cd /Users/rukesh/Documents/projects/alarmo/alarmo
    

SwiftCompile normal arm64 /Users/rukesh/Documents/projects/alarmo/alarmo/alarmo/App/AlarmoApp.swift (in target 'alarmo' from project 'alarmo')
    cd /Users/rukesh/Documents/projects/alarmo/alarmo
    

SwiftCompile normal arm64 /Users/rukesh/Documents/projects/alarmo/alarmo/alarmo/App/AppEnvironment.swift (in target 'alarmo' from project 'alarmo')
    cd /Users/rukesh/Documents/projects/alarmo/alarmo
    

SwiftCompile normal arm64 /Users/rukesh/Documents/projects/alarmo/alarmo/alarmo/App/AppRootView.swift (in target 'alarmo' from project 'alarmo')
    cd /Users/rukesh/Documents/projects/alarmo/alarmo
    
/Users/rukesh/Documents/projects/alarmo/alarmo/alarmo/App/AppRootView.swift:79:10: warning: 'onChange(of:perform:)' was deprecated in iOS 17.0: Use `onChange` with a two or zero parameter action closure instead.
        .onChange(of: ringCoordinator.activeAlarm) { newAlarm in
         ^

SwiftCompile normal arm64 /Users/rukesh/Documents/projects/alarmo/alarmo/alarmo/App/Router.swift (in target 'alarmo' from project 'alarmo')
    cd /Users/rukesh/Documents/projects/alarmo/alarmo
    

SwiftCompile normal arm64 /Users/rukesh/Documents/projects/alarmo/alarmo/alarmo/Core/Constants/AppConstants.swift (in target 'alarmo' from project 'alarmo')
    cd /Users/rukesh/Documents/projects/alarmo/alarmo
    

SwiftCompile normal arm64 /Users/rukesh/Documents/projects/alarmo/alarmo/alarmo/Core/Services/BarcodeScannerService.swift (in target 'alarmo' from project 'alarmo')
    cd /Users/rukesh/Documents/projects/alarmo/alarmo
    

SwiftCompile normal arm64 /Users/rukesh/Documents/projects/alarmo/alarmo/alarmo/Core/Services/CustomSoundService.swift (in target 'alarmo' from project 'alarmo')
    cd /Users/rukesh/Documents/projects/alarmo/alarmo
    

SwiftCompile normal arm64 /Users/rukesh/Documents/projects/alarmo/alarmo/alarmo/Core/Services/HealthKitManager.swift (in target 'alarmo' from project 'alarmo')
    cd /Users/rukesh/Documents/projects/alarmo/alarmo
    

SwiftCompile normal arm64 /Users/rukesh/Documents/projects/alarmo/alarmo/alarmo/Core/Services/SpotifyPlaybackController.swift (in target 'alarmo' from project 'alarmo')
    cd /Users/rukesh/Documents/projects/alarmo/alarmo
    

SwiftCompile normal arm64 /Users/rukesh/Documents/projects/alarmo/alarmo/alarmo/Core/Services/SpotifyService.swift (in target 'alarmo' from project 'alarmo')
    cd /Users/rukesh/Documents/projects/alarmo/alarmo
    

SwiftCompile normal arm64 /Users/rukesh/Documents/projects/alarmo/alarmo/alarmo/Core/Theme/AppLayout.swift (in target 'alarmo' from project 'alarmo')
    cd /Users/rukesh/Documents/projects/alarmo/alarmo
    

SwiftCompile normal arm64 /Users/rukesh/Documents/projects/alarmo/alarmo/alarmo/Core/Theme/Colors.swift (in target 'alarmo' from project 'alarmo')
    cd /Users/rukesh/Documents/projects/alarmo/alarmo
    

SwiftCompile normal arm64 /Users/rukesh/Documents/projects/alarmo/alarmo/alarmo/Core/Theme/LayoutPreviews.swift (in target 'alarmo' from project 'alarmo')
    cd /Users/rukesh/Documents/projects/alarmo/alarmo
    

SwiftCompile normal arm64 /Users/rukesh/Documents/projects/alarmo/alarmo/alarmo/Core/Theme/Radii.swift (in target 'alarmo' from project 'alarmo')
    cd /Users/rukesh/Documents/projects/alarmo/alarmo
    

SwiftCompile normal arm64 /Users/rukesh/Documents/projects/alarmo/alarmo/alarmo/Core/Theme/Shadows.swift (in target 'alarmo' from project 'alarmo')
    cd /Users/rukesh/Documents/projects/alarmo/alarmo
    

SwiftCompile normal arm64 /Users/rukesh/Documents/projects/alarmo/alarmo/alarmo/Core/Theme/Spacing.swift (in target 'alarmo' from project 'alarmo')
    cd /Users/rukesh/Documents/projects/alarmo/alarmo
    

SwiftCompile normal arm64 /Users/rukesh/Documents/projects/alarmo/alarmo/alarmo/Core/Theme/Typography.swift (in target 'alarmo' from project 'alarmo')
    cd /Users/rukesh/Documents/projects/alarmo/alarmo
    

SwiftCompile normal arm64 /Users/rukesh/Documents/projects/alarmo/alarmo/alarmo/Core/UIComponents/AlarmEditorComponents.swift (in target 'alarmo' from project 'alarmo')
    cd /Users/rukesh/Documents/projects/alarmo/alarmo
    

SwiftCompile normal arm64 /Users/rukesh/Documents/projects/alarmo/alarmo/alarmo/Core/UIComponents/BottomSheetContainer.swift (in target 'alarmo' from project 'alarmo')
    cd /Users/rukesh/Documents/projects/alarmo/alarmo
    

SwiftCompile normal arm64 /Users/rukesh/Documents/projects/alarmo/alarmo/alarmo/Core/UIComponents/Card.swift (in target 'alarmo' from project 'alarmo')
    cd /Users/rukesh/Documents/projects/alarmo/alarmo
    

SwiftCompile normal arm64 /Users/rukesh/Documents/projects/alarmo/alarmo/alarmo/Core/UIComponents/CustomTabBar.swift (in target 'alarmo' from project 'alarmo')
    cd /Users/rukesh/Documents/projects/alarmo/alarmo
    

SwiftCompile normal arm64 Compiling\ TicTacToeViewModel.swift,\ PhraseSelectionView.swift,\ TypingGameplayViewModel.swift,\ TypingMissionGameplayView.swift,\ TypingMissionModels.swift,\ TypingMissionSettingsView.swift,\ TypingMissionStore.swift,\ MissionComponents.swift,\ MissionPreviewAlarmView.swift,\ MissionSelectionView.swift,\ QuickAlarmTimePickerView.swift,\ QuickAlarmView.swift,\ QuickAlarmViewModel.swift,\ WallpaperThumbnailSmall.swift,\ AlarmRingingView.swift,\ CreateWakeUpAlarmView.swift,\ CreateWakeUpAlarmViewModel.swift,\ DaySelectionUI.swift,\ EmojiPickerView.swift,\ GentleWakeUpPickerView.swift,\ NewAlarmUIComponents.swift,\ NewAlarmUIHelpers.swift,\ SnoozePickerView.swift /Users/rukesh/Documents/projects/alarmo/alarmo/alarmo/Features/Alarms/Missions/TicTacToe/TicTacToeViewModel.swift /Users/rukesh/Documents/projects/alarmo/alarmo/alarmo/Features/Alarms/Missions/Typing/PhraseSelectionView.swift /Users/rukesh/Documents/projects/alarmo/alarmo/alarmo/Features/Alarms/Missions/Typing/TypingGameplayViewModel.swift /Users/rukesh/Documents/projects/alarmo/alarmo/alarmo/Features/Alarms/Missions/Typing/TypingMissionGameplayView.swift /Users/rukesh/Documents/projects/alarmo/alarmo/alarmo/Features/Alarms/Missions/Typing/TypingMissionModels.swift /Users/rukesh/Documents/projects/alarmo/alarmo/alarmo/Features/Alarms/Missions/Typing/TypingMissionSettingsView.swift /Users/rukesh/Documents/projects/alarmo/alarmo/alarmo/Features/Alarms/Missions/Typing/TypingMissionStore.swift /Users/rukesh/Documents/projects/alarmo/alarmo/alarmo/Features/Alarms/Missions/MissionComponents.swift /Users/rukesh/Documents/projects/alarmo/alarmo/alarmo/Features/Alarms/Missions/MissionPreviewAlarmView.swift /Users/rukesh/Documents/projects/alarmo/alarmo/alarmo/Features/Alarms/Missions/MissionSelectionView.swift /Users/rukesh/Documents/projects/alarmo/alarmo/alarmo/Features/Alarms/QuickAlarm/QuickAlarmTimePickerView.swift /Users/rukesh/Documents/projects/alarmo/alarmo/alarmo/Features/Alarms/QuickAlarm/QuickAlarmView.swift /Users/rukesh/Documents/projects/alarmo/alarmo/alarmo/Features/Alarms/QuickAlarm/QuickAlarmViewModel.swift /Users/rukesh/Documents/projects/alarmo/alarmo/alarmo/Features/Alarms/QuickAlarm/WallpaperThumbnailSmall.swift /Users/rukesh/Documents/projects/alarmo/alarmo/alarmo/Features/Alarms/AlarmRingingView.swift /Users/rukesh/Documents/projects/alarmo/alarmo/alarmo/Features/Alarms/CreateWakeUpAlarmView.swift /Users/rukesh/Documents/projects/alarmo/alarmo/alarmo/Features/Alarms/CreateWakeUpAlarmViewModel.swift /Users/rukesh/Documents/projects/alarmo/alarmo/alarmo/Features/Alarms/DaySelectionUI.swift /Users/rukesh/Documents/projects/alarmo/alarmo/alarmo/Features/Alarms/EmojiPickerView.swift /Users/rukesh/Documents/projects/alarmo/alarmo/alarmo/Features/Alarms/GentleWakeUpPickerView.swift /Users/rukesh/Documents/projects/alarmo/alarmo/alarmo/Features/Alarms/NewAlarmUIComponents.swift /Users/rukesh/Documents/projects/alarmo/alarmo/alarmo/Features/Alarms/NewAlarmUIHelpers.swift /Users/rukesh/Documents/projects/alarmo/alarmo/alarmo/Features/Alarms/SnoozePickerView.swift (in target 'alarmo' from project 'alarmo')

SwiftCompile normal arm64 /Users/rukesh/Documents/projects/alarmo/alarmo/alarmo/Features/Alarms/Missions/TicTacToe/TicTacToeViewModel.swift (in target 'alarmo' from project 'alarmo')
    cd /Users/rukesh/Documents/projects/alarmo/alarmo
    

SwiftCompile normal arm64 /Users/rukesh/Documents/projects/alarmo/alarmo/alarmo/Features/Alarms/Missions/Typing/PhraseSelectionView.swift (in target 'alarmo' from project 'alarmo')
    cd /Users/rukesh/Documents/projects/alarmo/alarmo
    

SwiftCompile normal arm64 /Users/rukesh/Documents/projects/alarmo/alarmo/alarmo/Features/Alarms/Missions/Typing/TypingGameplayViewModel.swift (in target 'alarmo' from project 'alarmo')
    cd /Users/rukesh/Documents/projects/alarmo/alarmo
    

SwiftCompile normal arm64 /Users/rukesh/Documents/projects/alarmo/alarmo/alarmo/Features/Alarms/Missions/Typing/TypingMissionGameplayView.swift (in target 'alarmo' from project 'alarmo')
    cd /Users/rukesh/Documents/projects/alarmo/alarmo
    

SwiftCompile normal arm64 /Users/rukesh/Documents/projects/alarmo/alarmo/alarmo/Features/Alarms/Missions/Typing/TypingMissionModels.swift (in target 'alarmo' from project 'alarmo')
    cd /Users/rukesh/Documents/projects/alarmo/alarmo
    

SwiftCompile normal arm64 /Users/rukesh/Documents/projects/alarmo/alarmo/alarmo/Features/Alarms/Missions/Typing/TypingMissionSettingsView.swift (in target 'alarmo' from project 'alarmo')
    cd /Users/rukesh/Documents/projects/alarmo/alarmo
    

SwiftCompile normal arm64 /Users/rukesh/Documents/projects/alarmo/alarmo/alarmo/Features/Alarms/Missions/Typing/TypingMissionStore.swift (in target 'alarmo' from project 'alarmo')
    cd /Users/rukesh/Documents/projects/alarmo/alarmo
    

SwiftCompile normal arm64 /Users/rukesh/Documents/projects/alarmo/alarmo/alarmo/Features/Alarms/Missions/MissionComponents.swift (in target 'alarmo' from project 'alarmo')
    cd /Users/rukesh/Documents/projects/alarmo/alarmo
    

SwiftCompile normal arm64 /Users/rukesh/Documents/projects/alarmo/alarmo/alarmo/Features/Alarms/Missions/MissionPreviewAlarmView.swift (in target 'alarmo' from project 'alarmo')
    cd /Users/rukesh/Documents/projects/alarmo/alarmo
    

SwiftCompile normal arm64 /Users/rukesh/Documents/projects/alarmo/alarmo/alarmo/Features/Alarms/Missions/MissionSelectionView.swift (in target 'alarmo' from project 'alarmo')
    cd /Users/rukesh/Documents/projects/alarmo/alarmo
    

SwiftCompile normal arm64 /Users/rukesh/Documents/projects/alarmo/alarmo/alarmo/Features/Alarms/QuickAlarm/QuickAlarmTimePickerView.swift (in target 'alarmo' from project 'alarmo')
    cd /Users/rukesh/Documents/projects/alarmo/alarmo
    

SwiftCompile normal arm64 /Users/rukesh/Documents/projects/alarmo/alarmo/alarmo/Features/Alarms/QuickAlarm/QuickAlarmView.swift (in target 'alarmo' from project 'alarmo')
    cd /Users/rukesh/Documents/projects/alarmo/alarmo
    

SwiftCompile normal arm64 /Users/rukesh/Documents/projects/alarmo/alarmo/alarmo/Features/Alarms/QuickAlarm/QuickAlarmViewModel.swift (in target 'alarmo' from project 'alarmo')
    cd /Users/rukesh/Documents/projects/alarmo/alarmo
    

SwiftCompile normal arm64 /Users/rukesh/Documents/projects/alarmo/alarmo/alarmo/Features/Alarms/QuickAlarm/WallpaperThumbnailSmall.swift (in target 'alarmo' from project 'alarmo')
    cd /Users/rukesh/Documents/projects/alarmo/alarmo
    

SwiftCompile normal arm64 /Users/rukesh/Documents/projects/alarmo/alarmo/alarmo/Features/Alarms/AlarmRingingView.swift (in target 'alarmo' from project 'alarmo')
    cd /Users/rukesh/Documents/projects/alarmo/alarmo
    

SwiftCompile normal arm64 /Users/rukesh/Documents/projects/alarmo/alarmo/alarmo/Features/Alarms/CreateWakeUpAlarmView.swift (in target 'alarmo' from project 'alarmo')
    cd /Users/rukesh/Documents/projects/alarmo/alarmo
    

SwiftCompile normal arm64 /Users/rukesh/Documents/projects/alarmo/alarmo/alarmo/Features/Alarms/CreateWakeUpAlarmViewModel.swift (in target 'alarmo' from project 'alarmo')
    cd /Users/rukesh/Documents/projects/alarmo/alarmo
    

SwiftCompile normal arm64 /Users/rukesh/Documents/projects/alarmo/alarmo/alarmo/Features/Alarms/DaySelectionUI.swift (in target 'alarmo' from project 'alarmo')
    cd /Users/rukesh/Documents/projects/alarmo/alarmo
    

SwiftCompile normal arm64 /Users/rukesh/Documents/projects/alarmo/alarmo/alarmo/Features/Alarms/EmojiPickerView.swift (in target 'alarmo' from project 'alarmo')
    cd /Users/rukesh/Documents/projects/alarmo/alarmo
    

SwiftCompile normal arm64 /Users/rukesh/Documents/projects/alarmo/alarmo/alarmo/Features/Alarms/GentleWakeUpPickerView.swift (in target 'alarmo' from project 'alarmo')
    cd /Users/rukesh/Documents/projects/alarmo/alarmo
    
/Users/rukesh/Documents/projects/alarmo/alarmo/alarmo/Features/Alarms/GentleWakeUpPickerView.swift:167:10: warning: 'onChange(of:perform:)' was deprecated in iOS 17.0: Use `onChange` with a two or zero parameter action closure instead.
        .onChange(of: soundPlayer.isPlaying) { isPlaying in
         ^

SwiftCompile normal arm64 /Users/rukesh/Documents/projects/alarmo/alarmo/alarmo/Features/Alarms/NewAlarmUIComponents.swift (in target 'alarmo' from project 'alarmo')
    cd /Users/rukesh/Documents/projects/alarmo/alarmo
    

SwiftCompile normal arm64 /Users/rukesh/Documents/projects/alarmo/alarmo/alarmo/Features/Alarms/NewAlarmUIHelpers.swift (in target 'alarmo' from project 'alarmo')
    cd /Users/rukesh/Documents/projects/alarmo/alarmo
    

SwiftCompile normal arm64 /Users/rukesh/Documents/projects/alarmo/alarmo/alarmo/Features/Alarms/SnoozePickerView.swift (in target 'alarmo' from project 'alarmo')
    cd /Users/rukesh/Documents/projects/alarmo/alarmo
    

SwiftDriverJobDiscovery normal arm64 Compiling DailyInsightCard.swift, FocusRow.swift, MorningMotivationCard.swift, MusicPicker.swift, PageDots.swift, PressedScaleButtonStyle.swift, PrimaryButton.swift, ProgressHeader.swift, ProgressRing.swift, PromoCard.swift, SunRayTimePickerView.swift, TimeWheelPickerView.swift, WaveformAnimation.swift, AlarmDebug.swift, ClearBackgroundView.swift, Haptics.swift, Logging.swift, TimeFormatters.swift, View+CornerRadius.swift, CatalogAsset.swift, CatalogCategory.swift, CatalogLoader.swift, SoundConfig.swift (in target 'alarmo' from project 'alarmo')

SwiftCompile normal arm64 Compiling\ MockActivityPickerSheet.swift,\ MyPointsView.swift,\ NotificationSettingsView.swift,\ PermissionsView.swift,\ PreventPowerOffView.swift,\ ProUpsellFlowView.swift,\ ProView.swift,\ SettingsComponents.swift,\ SettingsGlassStyle.swift,\ SettingsRootView.swift,\ SignInView.swift,\ SystemConfigurationView.swift,\ ViolationCenterView.swift,\ AppProtectionGuideView.swift,\ SettingsCoordinator.swift,\ SettingsStore.swift,\ AddCountdownPresetView.swift,\ CountdownEngine.swift,\ CountdownPresetView.swift,\ LapStopwatchView.swift,\ MultiTimerEngine.swift,\ MultiTimerView.swift /Users/rukesh/Documents/projects/alarmo/alarmo/alarmo/Features/Settings/Views/MockActivityPickerSheet.swift /Users/rukesh/Documents/projects/alarmo/alarmo/alarmo/Features/Settings/Views/MyPointsView.swift /Users/rukesh/Documents/projects/alarmo/alarmo/alarmo/Features/Settings/Views/NotificationSettingsView.swift /Users/rukesh/Documents/projects/alarmo/alarmo/alarmo/Features/Settings/Views/PermissionsView.swift /Users/rukesh/Documents/projects/alarmo/alarmo/alarmo/Features/Settings/Views/PreventPowerOffView.swift /Users/rukesh/Documents/projects/alarmo/alarmo/alarmo/Features/Settings/Views/ProUpsellFlowView.swift /Users/rukesh/Documents/projects/alarmo/alarmo/alarmo/Features/Settings/Views/ProView.swift /Users/rukesh/Documents/projects/alarmo/alarmo/alarmo/Features/Settings/Views/SettingsComponents.swift /Users/rukesh/Documents/projects/alarmo/alarmo/alarmo/Features/Settings/Views/SettingsGlassStyle.swift /Users/rukesh/Documents/projects/alarmo/alarmo/alarmo/Features/Settings/Views/SettingsRootView.swift /Users/rukesh/Documents/projects/alarmo/alarmo/alarmo/Features/Settings/Views/SignInView.swift /Users/rukesh/Documents/projects/alarmo/alarmo/alarmo/Features/Settings/Views/SystemConfigurationView.swift /Users/rukesh/Documents/projects/alarmo/alarmo/alarmo/Features/Settings/Views/ViolationCenterView.swift /Users/rukesh/Documents/projects/alarmo/alarmo/alarmo/Features/Settings/AppProtectionGuideView.swift /Users/rukesh/Documents/projects/alarmo/alarmo/alarmo/Features/Settings/SettingsCoordinator.swift /Users/rukesh/Documents/projects/alarmo/alarmo/alarmo/Features/Settings/SettingsStore.swift /Users/rukesh/Documents/projects/alarmo/alarmo/alarmo/Features/Timer/Stopwatch/AddCountdownPresetView.swift /Users/rukesh/Documents/projects/alarmo/alarmo/alarmo/Features/Timer/Stopwatch/CountdownEngine.swift /Users/rukesh/Documents/projects/alarmo/alarmo/alarmo/Features/Timer/Stopwatch/CountdownPresetView.swift /Users/rukesh/Documents/projects/alarmo/alarmo/alarmo/Features/Timer/Stopwatch/LapStopwatchView.swift /Users/rukesh/Documents/projects/alarmo/alarmo/alarmo/Features/Timer/Stopwatch/MultiTimerEngine.swift /Users/rukesh/Documents/projects/alarmo/alarmo/alarmo/Features/Timer/Stopwatch/MultiTimerView.swift (in target 'alarmo' from project 'alarmo')

SwiftCompile normal arm64 /Users/rukesh/Documents/projects/alarmo/alarmo/alarmo/Features/Settings/Views/MockActivityPickerSheet.swift (in target 'alarmo' from project 'alarmo')
    cd /Users/rukesh/Documents/projects/alarmo/alarmo
    

SwiftCompile normal arm64 /Users/rukesh/Documents/projects/alarmo/alarmo/alarmo/Features/Settings/Views/MyPointsView.swift (in target 'alarmo' from project 'alarmo')
    cd /Users/rukesh/Documents/projects/alarmo/alarmo
    

SwiftCompile normal arm64 /Users/rukesh/Documents/projects/alarmo/alarmo/alarmo/Features/Settings/Views/NotificationSettingsView.swift (in target 'alarmo' from project 'alarmo')
    cd /Users/rukesh/Documents/projects/alarmo/alarmo
    

SwiftCompile normal arm64 /Users/rukesh/Documents/projects/alarmo/alarmo/alarmo/Features/Settings/Views/PermissionsView.swift (in target 'alarmo' from project 'alarmo')
    cd /Users/rukesh/Documents/projects/alarmo/alarmo
    
/Users/rukesh/Documents/projects/alarmo/alarmo/alarmo/Features/Settings/Views/PermissionsView.swift:182:57: warning: 'recordPermission' was deprecated in iOS 17.0: Please use AVAudioApplication recordPermission
        micAuthStatus = AVAudioSession.sharedInstance().recordPermission == .granted
                                                        ^
/Users/rukesh/Documents/projects/alarmo/alarmo/alarmo/Features/Settings/Views/PermissionsView.swift:182:78: warning: 'granted' was deprecated in iOS 17.0: renamed to 'AVAudioApplication.recordPermission.granted'
        micAuthStatus = AVAudioSession.sharedInstance().recordPermission == .granted
                                                                             ^
/Users/rukesh/Documents/projects/alarmo/alarmo/alarmo/Features/Settings/Views/PermissionsView.swift:182:78: note: use 'AVAudioApplication.recordPermission.granted' instead
        micAuthStatus = AVAudioSession.sharedInstance().recordPermission == .granted
                                                                             ^~~~~~~
                                                                             AVAudioApplication.recordPermission.granted
/Users/rukesh/Documents/projects/alarmo/alarmo/alarmo/Features/Settings/Views/PermissionsView.swift:229:54: warning: 'recordPermission' was deprecated in iOS 17.0: Please use AVAudioApplication recordPermission
        let status = AVAudioSession.sharedInstance().recordPermission
                                                     ^
/Users/rukesh/Documents/projects/alarmo/alarmo/alarmo/Features/Settings/Views/PermissionsView.swift:232:45: warning: 'requestRecordPermission' was deprecated in iOS 17.0: Please use AVAudioApplication requestRecordPermissionWithCompletionHandler
            AVAudioSession.sharedInstance().requestRecordPermission { granted in
                                            ^

SwiftCompile normal arm64 /Users/rukesh/Documents/projects/alarmo/alarmo/alarmo/Features/Settings/Views/PreventPowerOffView.swift (in target 'alarmo' from project 'alarmo')
    cd /Users/rukesh/Documents/projects/alarmo/alarmo
    

SwiftCompile normal arm64 /Users/rukesh/Documents/projects/alarmo/alarmo/alarmo/Features/Settings/Views/ProUpsellFlowView.swift (in target 'alarmo' from project 'alarmo')
    cd /Users/rukesh/Documents/projects/alarmo/alarmo
    

SwiftCompile normal arm64 /Users/rukesh/Documents/projects/alarmo/alarmo/alarmo/Features/Settings/Views/ProView.swift (in target 'alarmo' from project 'alarmo')
    cd /Users/rukesh/Documents/projects/alarmo/alarmo
    

SwiftCompile normal arm64 /Users/rukesh/Documents/projects/alarmo/alarmo/alarmo/Features/Settings/Views/SettingsComponents.swift (in target 'alarmo' from project 'alarmo')
    cd /Users/rukesh/Documents/projects/alarmo/alarmo
    

SwiftCompile normal arm64 /Users/rukesh/Documents/projects/alarmo/alarmo/alarmo/Features/Settings/Views/SettingsGlassStyle.swift (in target 'alarmo' from project 'alarmo')
    cd /Users/rukesh/Documents/projects/alarmo/alarmo
    

SwiftCompile normal arm64 /Users/rukesh/Documents/projects/alarmo/alarmo/alarmo/Features/Settings/Views/SettingsRootView.swift (in target 'alarmo' from project 'alarmo')
    cd /Users/rukesh/Documents/projects/alarmo/alarmo
    

SwiftCompile normal arm64 /Users/rukesh/Documents/projects/alarmo/alarmo/alarmo/Features/Settings/Views/SignInView.swift (in target 'alarmo' from project 'alarmo')
    cd /Users/rukesh/Documents/projects/alarmo/alarmo
    

SwiftCompile normal arm64 /Users/rukesh/Documents/projects/alarmo/alarmo/alarmo/Features/Settings/Views/SystemConfigurationView.swift (in target 'alarmo' from project 'alarmo')
    cd /Users/rukesh/Documents/projects/alarmo/alarmo
    

SwiftCompile normal arm64 /Users/rukesh/Documents/projects/alarmo/alarmo/alarmo/Features/Settings/Views/ViolationCenterView.swift (in target 'alarmo' from project 'alarmo')
    cd /Users/rukesh/Documents/projects/alarmo/alarmo
    
/Users/rukesh/Documents/projects/alarmo/alarmo/alarmo/Features/Settings/Views/ViolationCenterView.swift:109:9: warning: default will never be executed
        default: return "Violation"
        ^
/Users/rukesh/Documents/projects/alarmo/alarmo/alarmo/Features/Settings/Views/ViolationCenterView.swift:142:9: warning: default will never be executed
        default: return .orange
        ^
/Users/rukesh/Documents/projects/alarmo/alarmo/alarmo/Features/Settings/Views/ViolationCenterView.swift:273:9: warning: default will never be executed
        default: return "Violation"
        ^

SwiftCompile normal arm64 /Users/rukesh/Documents/projects/alarmo/alarmo/alarmo/Features/Settings/AppProtectionGuideView.swift (in target 'alarmo' from project 'alarmo')
    cd /Users/rukesh/Documents/projects/alarmo/alarmo
    

SwiftCompile normal arm64 /Users/rukesh/Documents/projects/alarmo/alarmo/alarmo/Features/Settings/SettingsCoordinator.swift (in target 'alarmo' from project 'alarmo')
    cd /Users/rukesh/Documents/projects/alarmo/alarmo
    

SwiftCompile normal arm64 /Users/rukesh/Documents/projects/alarmo/alarmo/alarmo/Features/Settings/SettingsStore.swift (in target 'alarmo' from project 'alarmo')
    cd /Users/rukesh/Documents/projects/alarmo/alarmo
    

SwiftCompile normal arm64 /Users/rukesh/Documents/projects/alarmo/alarmo/alarmo/Features/Timer/Stopwatch/AddCountdownPresetView.swift (in target 'alarmo' from project 'alarmo')
    cd /Users/rukesh/Documents/projects/alarmo/alarmo
    

SwiftCompile normal arm64 /Users/rukesh/Documents/projects/alarmo/alarmo/alarmo/Features/Timer/Stopwatch/CountdownEngine.swift (in target 'alarmo' from project 'alarmo')
    cd /Users/rukesh/Documents/projects/alarmo/alarmo
    

SwiftCompile normal arm64 /Users/rukesh/Documents/projects/alarmo/alarmo/alarmo/Features/Timer/Stopwatch/CountdownPresetView.swift (in target 'alarmo' from project 'alarmo')
    cd /Users/rukesh/Documents/projects/alarmo/alarmo
    

SwiftCompile normal arm64 /Users/rukesh/Documents/projects/alarmo/alarmo/alarmo/Features/Timer/Stopwatch/LapStopwatchView.swift (in target 'alarmo' from project 'alarmo')
    cd /Users/rukesh/Documents/projects/alarmo/alarmo
    

SwiftCompile normal arm64 /Users/rukesh/Documents/projects/alarmo/alarmo/alarmo/Features/Timer/Stopwatch/MultiTimerEngine.swift (in target 'alarmo' from project 'alarmo')
    cd /Users/rukesh/Documents/projects/alarmo/alarmo
    

SwiftCompile normal arm64 /Users/rukesh/Documents/projects/alarmo/alarmo/alarmo/Features/Timer/Stopwatch/MultiTimerView.swift (in target 'alarmo' from project 'alarmo')
    cd /Users/rukesh/Documents/projects/alarmo/alarmo
    

SwiftDriverJobDiscovery normal x86_64 Compiling StopwatchEngine.swift, StopwatchHistoryView.swift, AddFocusRecordView.swift, AddTimerView.swift, AnytimePickerSheet.swift, CompletionCardView.swift, DetailedNewTaskView.swift, DialScaleView.swift, DurationPickerSheet.swift, FocusNoteSheet.swift, FocusSelectionView.swift, FocusSettingsComponents.swift, FocusSettingsView.swift, FrequentlyUsedPomoSheet.swift, IntervalTimerSettingsView.swift, LiveActivityManager.swift, NewTaskSheet.swift, PomoAttributes.swift, PomodoroEngine.swift, PomodoroMainView.swift, PomodoroModels.swift, PomodoroPersistence.swift (in target 'alarmo' from project 'alarmo')

SwiftCompile normal arm64 Compiling\ AlarmMission.swift,\ AppListModels.swift,\ AssetModels.swift,\ AssetRef.swift,\ Item.swift,\ MotivationQuotes.swift,\ PlanModels.swift,\ RepeatMask.swift,\ Tag.swift,\ TaskItem.swift,\ WallpaperModels.swift,\ Clock.swift,\ NetworkMonitoring.swift,\ UUIDProviding.swift,\ AlarmForegroundScheduler.swift,\ AlarmRingCoordinator.swift,\ AlarmScheduler.swift,\ AlarmStore.swift,\ AppPreferences.swift,\ AssetManager.swift,\ AudioPlayerService.swift,\ EntitlementStore.swift /Users/rukesh/Documents/projects/alarmo/alarmo/alarmo/Shared/Models/AlarmMission.swift /Users/rukesh/Documents/projects/alarmo/alarmo/alarmo/Shared/Models/AppListModels.swift /Users/rukesh/Documents/projects/alarmo/alarmo/alarmo/Shared/Models/AssetModels.swift /Users/rukesh/Documents/projects/alarmo/alarmo/alarmo/Shared/Models/AssetRef.swift /Users/rukesh/Documents/projects/alarmo/alarmo/alarmo/Shared/Models/Item.swift /Users/rukesh/Documents/projects/alarmo/alarmo/alarmo/Shared/Models/MotivationQuotes.swift /Users/rukesh/Documents/projects/alarmo/alarmo/alarmo/Shared/Models/PlanModels.swift /Users/rukesh/Documents/projects/alarmo/alarmo/alarmo/Shared/Models/RepeatMask.swift /Users/rukesh/Documents/projects/alarmo/alarmo/alarmo/Shared/Models/Tag.swift /Users/rukesh/Documents/projects/alarmo/alarmo/alarmo/Shared/Models/TaskItem.swift /Users/rukesh/Documents/projects/alarmo/alarmo/alarmo/Shared/Models/WallpaperModels.swift /Users/rukesh/Documents/projects/alarmo/alarmo/alarmo/Shared/Protocols/Clock.swift /Users/rukesh/Documents/projects/alarmo/alarmo/alarmo/Shared/Protocols/NetworkMonitoring.swift /Users/rukesh/Documents/projects/alarmo/alarmo/alarmo/Shared/Protocols/UUIDProviding.swift /Users/rukesh/Documents/projects/alarmo/alarmo/alarmo/Shared/Services/AlarmForegroundScheduler.swift /Users/rukesh/Documents/projects/alarmo/alarmo/alarmo/Shared/Services/AlarmRingCoordinator.swift /Users/rukesh/Documents/projects/alarmo/alarmo/alarmo/Shared/Services/AlarmScheduler.swift /Users/rukesh/Documents/projects/alarmo/alarmo/alarmo/Shared/Services/AlarmStore.swift /Users/rukesh/Documents/projects/alarmo/alarmo/alarmo/Shared/Services/AppPreferences.swift /Users/rukesh/Documents/projects/alarmo/alarmo/alarmo/Shared/Services/AssetManager.swift /Users/rukesh/Documents/projects/alarmo/alarmo/alarmo/Shared/Services/AudioPlayerService.swift /Users/rukesh/Documents/projects/alarmo/alarmo/alarmo/Shared/Services/EntitlementStore.swift (in target 'alarmo' from project 'alarmo')

SwiftCompile normal arm64 /Users/rukesh/Documents/projects/alarmo/alarmo/alarmo/Shared/Models/AlarmMission.swift (in target 'alarmo' from project 'alarmo')
    cd /Users/rukesh/Documents/projects/alarmo/alarmo
    
@__swiftmacro_6alarmo8PlanItemC10repeatRule18_PersistedPropertyfMa_.swift:4:23: warning: main actor-isolated conformance of 'RepeatRule' to 'Encodable' cannot be used in nonisolated context; this is an error in the Swift 6 language mode
        _$backingData.setValue(forKey: \.repeatRule, to: initialValue)
                      ^
@__swiftmacro_6alarmo8PlanItemC10repeatRule5ModelfMr14_.swift:1:1: note: in expansion of macro '_PersistedProperty' on property 'repeatRule' here
@_PersistedProperty
^
@__swiftmacro_6alarmo8PlanItemC10repeatRule5ModelfMr14_.swift:1:1: note: in expansion of macro '_PersistedProperty' on property 'repeatRule' here
@_PersistedProperty
^
@__swiftmacro_6alarmo8PlanItemC7mission18_PersistedPropertyfMa_.swift:5:23: warning: main actor-isolated conformance of 'MissionRequirement' to 'Encodable' cannot be used in nonisolated context; this is an error in the Swift 6 language mode
        _$backingData.setValue(forKey: \.mission, to: initialValue)
                      ^
@__swiftmacro_6alarmo8PlanItemC7mission5ModelfMr20_.swift:2:5: note: in expansion of macro '_PersistedProperty' on property 'mission' here
    @_PersistedProperty
    ^
@__swiftmacro_6alarmo8PlanItemC7mission5ModelfMr20_.swift:2:5: note: in expansion of macro '_PersistedProperty' on property 'mission' here
    @_PersistedProperty
    ^

SwiftCompile normal arm64 /Users/rukesh/Documents/projects/alarmo/alarmo/alarmo/Shared/Models/AppListModels.swift (in target 'alarmo' from project 'alarmo')
    cd /Users/rukesh/Documents/projects/alarmo/alarmo
    
@__swiftmacro_6alarmo8PlanItemC10repeatRule18_PersistedPropertyfMa_.swift:4:23: warning: main actor-isolated conformance of 'RepeatRule' to 'Encodable' cannot be used in nonisolated context; this is an error in the Swift 6 language mode
        _$backingData.setValue(forKey: \.repeatRule, to: initialValue)
                      ^
@__swiftmacro_6alarmo8PlanItemC10repeatRule5ModelfMr14_.swift:1:1: note: in expansion of macro '_PersistedProperty' on property 'repeatRule' here
@_PersistedProperty
^
@__swiftmacro_6alarmo8PlanItemC10repeatRule5ModelfMr14_.swift:1:1: note: in expansion of macro '_PersistedProperty' on property 'repeatRule' here
@_PersistedProperty
^
@__swiftmacro_6alarmo8PlanItemC7mission18_PersistedPropertyfMa_.swift:5:23: warning: main actor-isolated conformance of 'MissionRequirement' to 'Encodable' cannot be used in nonisolated context; this is an error in the Swift 6 language mode
        _$backingData.setValue(forKey: \.mission, to: initialValue)
                      ^
@__swiftmacro_6alarmo8PlanItemC7mission5ModelfMr20_.swift:2:5: note: in expansion of macro '_PersistedProperty' on property 'mission' here
    @_PersistedProperty
    ^
@__swiftmacro_6alarmo8PlanItemC7mission5ModelfMr20_.swift:2:5: note: in expansion of macro '_PersistedProperty' on property 'mission' here
    @_PersistedProperty
    ^

SwiftCompile normal arm64 /Users/rukesh/Documents/projects/alarmo/alarmo/alarmo/Shared/Models/AssetModels.swift (in target 'alarmo' from project 'alarmo')
    cd /Users/rukesh/Documents/projects/alarmo/alarmo
    
@__swiftmacro_6alarmo8PlanItemC10repeatRule18_PersistedPropertyfMa_.swift:4:23: warning: main actor-isolated conformance of 'RepeatRule' to 'Encodable' cannot be used in nonisolated context; this is an error in the Swift 6 language mode
        _$backingData.setValue(forKey: \.repeatRule, to: initialValue)
                      ^
@__swiftmacro_6alarmo8PlanItemC10repeatRule5ModelfMr14_.swift:1:1: note: in expansion of macro '_PersistedProperty' on property 'repeatRule' here
@_PersistedProperty
^
@__swiftmacro_6alarmo8PlanItemC10repeatRule5ModelfMr14_.swift:1:1: note: in expansion of macro '_PersistedProperty' on property 'repeatRule' here
@_PersistedProperty
^
@__swiftmacro_6alarmo8PlanItemC7mission18_PersistedPropertyfMa_.swift:5:23: warning: main actor-isolated conformance of 'MissionRequirement' to 'Encodable' cannot be used in nonisolated context; this is an error in the Swift 6 language mode
        _$backingData.setValue(forKey: \.mission, to: initialValue)
                      ^
@__swiftmacro_6alarmo8PlanItemC7mission5ModelfMr20_.swift:2:5: note: in expansion of macro '_PersistedProperty' on property 'mission' here
    @_PersistedProperty
    ^
@__swiftmacro_6alarmo8PlanItemC7mission5ModelfMr20_.swift:2:5: note: in expansion of macro '_PersistedProperty' on property 'mission' here
    @_PersistedProperty
    ^

SwiftCompile normal arm64 /Users/rukesh/Documents/projects/alarmo/alarmo/alarmo/Shared/Models/AssetRef.swift (in target 'alarmo' from project 'alarmo')
    cd /Users/rukesh/Documents/projects/alarmo/alarmo
    
@__swiftmacro_6alarmo8PlanItemC10repeatRule18_PersistedPropertyfMa_.swift:4:23: warning: main actor-isolated conformance of 'RepeatRule' to 'Encodable' cannot be used in nonisolated context; this is an error in the Swift 6 language mode
        _$backingData.setValue(forKey: \.repeatRule, to: initialValue)
                      ^
@__swiftmacro_6alarmo8PlanItemC10repeatRule5ModelfMr14_.swift:1:1: note: in expansion of macro '_PersistedProperty' on property 'repeatRule' here
@_PersistedProperty
^
@__swiftmacro_6alarmo8PlanItemC10repeatRule5ModelfMr14_.swift:1:1: note: in expansion of macro '_PersistedProperty' on property 'repeatRule' here
@_PersistedProperty
^
@__swiftmacro_6alarmo8PlanItemC7mission18_PersistedPropertyfMa_.swift:5:23: warning: main actor-isolated conformance of 'MissionRequirement' to 'Encodable' cannot be used in nonisolated context; this is an error in the Swift 6 language mode
        _$backingData.setValue(forKey: \.mission, to: initialValue)
                      ^
@__swiftmacro_6alarmo8PlanItemC7mission5ModelfMr20_.swift:2:5: note: in expansion of macro '_PersistedProperty' on property 'mission' here
    @_PersistedProperty
    ^
@__swiftmacro_6alarmo8PlanItemC7mission5ModelfMr20_.swift:2:5: note: in expansion of macro '_PersistedProperty' on property 'mission' here
    @_PersistedProperty
    ^

SwiftCompile normal arm64 /Users/rukesh/Documents/projects/alarmo/alarmo/alarmo/Shared/Models/Item.swift (in target 'alarmo' from project 'alarmo')
    cd /Users/rukesh/Documents/projects/alarmo/alarmo
    
@__swiftmacro_6alarmo8PlanItemC10repeatRule18_PersistedPropertyfMa_.swift:4:23: warning: main actor-isolated conformance of 'RepeatRule' to 'Encodable' cannot be used in nonisolated context; this is an error in the Swift 6 language mode
        _$backingData.setValue(forKey: \.repeatRule, to: initialValue)
                      ^
@__swiftmacro_6alarmo8PlanItemC10repeatRule5ModelfMr14_.swift:1:1: note: in expansion of macro '_PersistedProperty' on property 'repeatRule' here
@_PersistedProperty
^
@__swiftmacro_6alarmo8PlanItemC10repeatRule5ModelfMr14_.swift:1:1: note: in expansion of macro '_PersistedProperty' on property 'repeatRule' here
@_PersistedProperty
^
@__swiftmacro_6alarmo8PlanItemC7mission18_PersistedPropertyfMa_.swift:5:23: warning: main actor-isolated conformance of 'MissionRequirement' to 'Encodable' cannot be used in nonisolated context; this is an error in the Swift 6 language mode
        _$backingData.setValue(forKey: \.mission, to: initialValue)
                      ^
@__swiftmacro_6alarmo8PlanItemC7mission5ModelfMr20_.swift:2:5: note: in expansion of macro '_PersistedProperty' on property 'mission' here
    @_PersistedProperty
    ^
@__swiftmacro_6alarmo8PlanItemC7mission5ModelfMr20_.swift:2:5: note: in expansion of macro '_PersistedProperty' on property 'mission' here
    @_PersistedProperty
    ^

SwiftCompile normal arm64 /Users/rukesh/Documents/projects/alarmo/alarmo/alarmo/Shared/Models/MotivationQuotes.swift (in target 'alarmo' from project 'alarmo')
    cd /Users/rukesh/Documents/projects/alarmo/alarmo
    
@__swiftmacro_6alarmo8PlanItemC10repeatRule18_PersistedPropertyfMa_.swift:4:23: warning: main actor-isolated conformance of 'RepeatRule' to 'Encodable' cannot be used in nonisolated context; this is an error in the Swift 6 language mode
        _$backingData.setValue(forKey: \.repeatRule, to: initialValue)
                      ^
@__swiftmacro_6alarmo8PlanItemC10repeatRule5ModelfMr14_.swift:1:1: note: in expansion of macro '_PersistedProperty' on property 'repeatRule' here
@_PersistedProperty
^
@__swiftmacro_6alarmo8PlanItemC10repeatRule5ModelfMr14_.swift:1:1: note: in expansion of macro '_PersistedProperty' on property 'repeatRule' here
@_PersistedProperty
^
@__swiftmacro_6alarmo8PlanItemC7mission18_PersistedPropertyfMa_.swift:5:23: warning: main actor-isolated conformance of 'MissionRequirement' to 'Encodable' cannot be used in nonisolated context; this is an error in the Swift 6 language mode
        _$backingData.setValue(forKey: \.mission, to: initialValue)
                      ^
@__swiftmacro_6alarmo8PlanItemC7mission5ModelfMr20_.swift:2:5: note: in expansion of macro '_PersistedProperty' on property 'mission' here
    @_PersistedProperty
    ^
@__swiftmacro_6alarmo8PlanItemC7mission5ModelfMr20_.swift:2:5: note: in expansion of macro '_PersistedProperty' on property 'mission' here
    @_PersistedProperty
    ^

SwiftCompile normal arm64 /Users/rukesh/Documents/projects/alarmo/alarmo/alarmo/Shared/Models/PlanModels.swift (in target 'alarmo' from project 'alarmo')
    cd /Users/rukesh/Documents/projects/alarmo/alarmo
    
@__swiftmacro_6alarmo8PlanItemC10repeatRule18_PersistedPropertyfMa_.swift:4:23: warning: main actor-isolated conformance of 'RepeatRule' to 'Encodable' cannot be used in nonisolated context; this is an error in the Swift 6 language mode
        _$backingData.setValue(forKey: \.repeatRule, to: initialValue)
                      ^
@__swiftmacro_6alarmo8PlanItemC10repeatRule5ModelfMr14_.swift:1:1: note: in expansion of macro '_PersistedProperty' on property 'repeatRule' here
@_PersistedProperty
^
@__swiftmacro_6alarmo8PlanItemC10repeatRule5ModelfMr14_.swift:1:1: note: in expansion of macro '_PersistedProperty' on property 'repeatRule' here
@_PersistedProperty
^
@__swiftmacro_6alarmo8PlanItemC7mission18_PersistedPropertyfMa_.swift:5:23: warning: main actor-isolated conformance of 'MissionRequirement' to 'Encodable' cannot be used in nonisolated context; this is an error in the Swift 6 language mode
        _$backingData.setValue(forKey: \.mission, to: initialValue)
                      ^
@__swiftmacro_6alarmo8PlanItemC7mission5ModelfMr20_.swift:2:5: note: in expansion of macro '_PersistedProperty' on property 'mission' here
    @_PersistedProperty
    ^
@__swiftmacro_6alarmo8PlanItemC7mission5ModelfMr20_.swift:2:5: note: in expansion of macro '_PersistedProperty' on property 'mission' here
    @_PersistedProperty
    ^

SwiftCompile normal arm64 /Users/rukesh/Documents/projects/alarmo/alarmo/alarmo/Shared/Models/RepeatMask.swift (in target 'alarmo' from project 'alarmo')
    cd /Users/rukesh/Documents/projects/alarmo/alarmo
    
@__swiftmacro_6alarmo8PlanItemC10repeatRule18_PersistedPropertyfMa_.swift:4:23: warning: main actor-isolated conformance of 'RepeatRule' to 'Encodable' cannot be used in nonisolated context; this is an error in the Swift 6 language mode
        _$backingData.setValue(forKey: \.repeatRule, to: initialValue)
                      ^
@__swiftmacro_6alarmo8PlanItemC10repeatRule5ModelfMr14_.swift:1:1: note: in expansion of macro '_PersistedProperty' on property 'repeatRule' here
@_PersistedProperty
^
@__swiftmacro_6alarmo8PlanItemC10repeatRule5ModelfMr14_.swift:1:1: note: in expansion of macro '_PersistedProperty' on property 'repeatRule' here
@_PersistedProperty
^
@__swiftmacro_6alarmo8PlanItemC7mission18_PersistedPropertyfMa_.swift:5:23: warning: main actor-isolated conformance of 'MissionRequirement' to 'Encodable' cannot be used in nonisolated context; this is an error in the Swift 6 language mode
        _$backingData.setValue(forKey: \.mission, to: initialValue)
                      ^
@__swiftmacro_6alarmo8PlanItemC7mission5ModelfMr20_.swift:2:5: note: in expansion of macro '_PersistedProperty' on property 'mission' here
    @_PersistedProperty
    ^
@__swiftmacro_6alarmo8PlanItemC7mission5ModelfMr20_.swift:2:5: note: in expansion of macro '_PersistedProperty' on property 'mission' here
    @_PersistedProperty
    ^

SwiftCompile normal arm64 /Users/rukesh/Documents/projects/alarmo/alarmo/alarmo/Shared/Models/Tag.swift (in target 'alarmo' from project 'alarmo')
    cd /Users/rukesh/Documents/projects/alarmo/alarmo
    
@__swiftmacro_6alarmo8PlanItemC10repeatRule18_PersistedPropertyfMa_.swift:4:23: warning: main actor-isolated conformance of 'RepeatRule' to 'Encodable' cannot be used in nonisolated context; this is an error in the Swift 6 language mode
        _$backingData.setValue(forKey: \.repeatRule, to: initialValue)
                      ^
@__swiftmacro_6alarmo8PlanItemC10repeatRule5ModelfMr14_.swift:1:1: note: in expansion of macro '_PersistedProperty' on property 'repeatRule' here
@_PersistedProperty
^
@__swiftmacro_6alarmo8PlanItemC10repeatRule5ModelfMr14_.swift:1:1: note: in expansion of macro '_PersistedProperty' on property 'repeatRule' here
@_PersistedProperty
^
@__swiftmacro_6alarmo8PlanItemC7mission18_PersistedPropertyfMa_.swift:5:23: warning: main actor-isolated conformance of 'MissionRequirement' to 'Encodable' cannot be used in nonisolated context; this is an error in the Swift 6 language mode
        _$backingData.setValue(forKey: \.mission, to: initialValue)
                      ^
@__swiftmacro_6alarmo8PlanItemC7mission5ModelfMr20_.swift:2:5: note: in expansion of macro '_PersistedProperty' on property 'mission' here
    @_PersistedProperty
    ^
@__swiftmacro_6alarmo8PlanItemC7mission5ModelfMr20_.swift:2:5: note: in expansion of macro '_PersistedProperty' on property 'mission' here
    @_PersistedProperty
    ^

SwiftCompile normal arm64 /Users/rukesh/Documents/projects/alarmo/alarmo/alarmo/Shared/Models/TaskItem.swift (in target 'alarmo' from project 'alarmo')
    cd /Users/rukesh/Documents/projects/alarmo/alarmo
    
@__swiftmacro_6alarmo8PlanItemC10repeatRule18_PersistedPropertyfMa_.swift:4:23: warning: main actor-isolated conformance of 'RepeatRule' to 'Encodable' cannot be used in nonisolated context; this is an error in the Swift 6 language mode
        _$backingData.setValue(forKey: \.repeatRule, to: initialValue)
                      ^
@__swiftmacro_6alarmo8PlanItemC10repeatRule5ModelfMr14_.swift:1:1: note: in expansion of macro '_PersistedProperty' on property 'repeatRule' here
@_PersistedProperty
^
@__swiftmacro_6alarmo8PlanItemC10repeatRule5ModelfMr14_.swift:1:1: note: in expansion of macro '_PersistedProperty' on property 'repeatRule' here
@_PersistedProperty
^
@__swiftmacro_6alarmo8PlanItemC7mission18_PersistedPropertyfMa_.swift:5:23: warning: main actor-isolated conformance of 'MissionRequirement' to 'Encodable' cannot be used in nonisolated context; this is an error in the Swift 6 language mode
        _$backingData.setValue(forKey: \.mission, to: initialValue)
                      ^
@__swiftmacro_6alarmo8PlanItemC7mission5ModelfMr20_.swift:2:5: note: in expansion of macro '_PersistedProperty' on property 'mission' here
    @_PersistedProperty
    ^
@__swiftmacro_6alarmo8PlanItemC7mission5ModelfMr20_.swift:2:5: note: in expansion of macro '_PersistedProperty' on property 'mission' here
    @_PersistedProperty
    ^

SwiftCompile normal arm64 /Users/rukesh/Documents/projects/alarmo/alarmo/alarmo/Shared/Models/WallpaperModels.swift (in target 'alarmo' from project 'alarmo')
    cd /Users/rukesh/Documents/projects/alarmo/alarmo
    
@__swiftmacro_6alarmo8PlanItemC10repeatRule18_PersistedPropertyfMa_.swift:4:23: warning: main actor-isolated conformance of 'RepeatRule' to 'Encodable' cannot be used in nonisolated context; this is an error in the Swift 6 language mode
        _$backingData.setValue(forKey: \.repeatRule, to: initialValue)
                      ^
@__swiftmacro_6alarmo8PlanItemC10repeatRule5ModelfMr14_.swift:1:1: note: in expansion of macro '_PersistedProperty' on property 'repeatRule' here
@_PersistedProperty
^
@__swiftmacro_6alarmo8PlanItemC10repeatRule5ModelfMr14_.swift:1:1: note: in expansion of macro '_PersistedProperty' on property 'repeatRule' here
@_PersistedProperty
^
@__swiftmacro_6alarmo8PlanItemC7mission18_PersistedPropertyfMa_.swift:5:23: warning: main actor-isolated conformance of 'MissionRequirement' to 'Encodable' cannot be used in nonisolated context; this is an error in the Swift 6 language mode
        _$backingData.setValue(forKey: \.mission, to: initialValue)
                      ^
@__swiftmacro_6alarmo8PlanItemC7mission5ModelfMr20_.swift:2:5: note: in expansion of macro '_PersistedProperty' on property 'mission' here
    @_PersistedProperty
    ^
@__swiftmacro_6alarmo8PlanItemC7mission5ModelfMr20_.swift:2:5: note: in expansion of macro '_PersistedProperty' on property 'mission' here
    @_PersistedProperty
    ^

SwiftCompile normal arm64 /Users/rukesh/Documents/projects/alarmo/alarmo/alarmo/Shared/Protocols/Clock.swift (in target 'alarmo' from project 'alarmo')
    cd /Users/rukesh/Documents/projects/alarmo/alarmo
    
@__swiftmacro_6alarmo8PlanItemC10repeatRule18_PersistedPropertyfMa_.swift:4:23: warning: main actor-isolated conformance of 'RepeatRule' to 'Encodable' cannot be used in nonisolated context; this is an error in the Swift 6 language mode
        _$backingData.setValue(forKey: \.repeatRule, to: initialValue)
                      ^
@__swiftmacro_6alarmo8PlanItemC10repeatRule5ModelfMr14_.swift:1:1: note: in expansion of macro '_PersistedProperty' on property 'repeatRule' here
@_PersistedProperty
^
@__swiftmacro_6alarmo8PlanItemC10repeatRule5ModelfMr14_.swift:1:1: note: in expansion of macro '_PersistedProperty' on property 'repeatRule' here
@_PersistedProperty
^
@__swiftmacro_6alarmo8PlanItemC7mission18_PersistedPropertyfMa_.swift:5:23: warning: main actor-isolated conformance of 'MissionRequirement' to 'Encodable' cannot be used in nonisolated context; this is an error in the Swift 6 language mode
        _$backingData.setValue(forKey: \.mission, to: initialValue)
                      ^
@__swiftmacro_6alarmo8PlanItemC7mission5ModelfMr20_.swift:2:5: note: in expansion of macro '_PersistedProperty' on property 'mission' here
    @_PersistedProperty
    ^
@__swiftmacro_6alarmo8PlanItemC7mission5ModelfMr20_.swift:2:5: note: in expansion of macro '_PersistedProperty' on property 'mission' here
    @_PersistedProperty
    ^

SwiftCompile normal arm64 /Users/rukesh/Documents/projects/alarmo/alarmo/alarmo/Shared/Protocols/NetworkMonitoring.swift (in target 'alarmo' from project 'alarmo')
    cd /Users/rukesh/Documents/projects/alarmo/alarmo
    
@__swiftmacro_6alarmo8PlanItemC10repeatRule18_PersistedPropertyfMa_.swift:4:23: warning: main actor-isolated conformance of 'RepeatRule' to 'Encodable' cannot be used in nonisolated context; this is an error in the Swift 6 language mode
        _$backingData.setValue(forKey: \.repeatRule, to: initialValue)
                      ^
@__swiftmacro_6alarmo8PlanItemC10repeatRule5ModelfMr14_.swift:1:1: note: in expansion of macro '_PersistedProperty' on property 'repeatRule' here
@_PersistedProperty
^
@__swiftmacro_6alarmo8PlanItemC10repeatRule5ModelfMr14_.swift:1:1: note: in expansion of macro '_PersistedProperty' on property 'repeatRule' here
@_PersistedProperty
^
@__swiftmacro_6alarmo8PlanItemC7mission18_PersistedPropertyfMa_.swift:5:23: warning: main actor-isolated conformance of 'MissionRequirement' to 'Encodable' cannot be used in nonisolated context; this is an error in the Swift 6 language mode
        _$backingData.setValue(forKey: \.mission, to: initialValue)
                      ^
@__swiftmacro_6alarmo8PlanItemC7mission5ModelfMr20_.swift:2:5: note: in expansion of macro '_PersistedProperty' on property 'mission' here
    @_PersistedProperty
    ^
@__swiftmacro_6alarmo8PlanItemC7mission5ModelfMr20_.swift:2:5: note: in expansion of macro '_PersistedProperty' on property 'mission' here
    @_PersistedProperty
    ^

SwiftCompile normal arm64 /Users/rukesh/Documents/projects/alarmo/alarmo/alarmo/Shared/Protocols/UUIDProviding.swift (in target 'alarmo' from project 'alarmo')
    cd /Users/rukesh/Documents/projects/alarmo/alarmo
    
@__swiftmacro_6alarmo8PlanItemC10repeatRule18_PersistedPropertyfMa_.swift:4:23: warning: main actor-isolated conformance of 'RepeatRule' to 'Encodable' cannot be used in nonisolated context; this is an error in the Swift 6 language mode
        _$backingData.setValue(forKey: \.repeatRule, to: initialValue)
                      ^
@__swiftmacro_6alarmo8PlanItemC10repeatRule5ModelfMr14_.swift:1:1: note: in expansion of macro '_PersistedProperty' on property 'repeatRule' here
@_PersistedProperty
^
@__swiftmacro_6alarmo8PlanItemC10repeatRule5ModelfMr14_.swift:1:1: note: in expansion of macro '_PersistedProperty' on property 'repeatRule' here
@_PersistedProperty
^
@__swiftmacro_6alarmo8PlanItemC7mission18_PersistedPropertyfMa_.swift:5:23: warning: main actor-isolated conformance of 'MissionRequirement' to 'Encodable' cannot be used in nonisolated context; this is an error in the Swift 6 language mode
        _$backingData.setValue(forKey: \.mission, to: initialValue)
                      ^
@__swiftmacro_6alarmo8PlanItemC7mission5ModelfMr20_.swift:2:5: note: in expansion of macro '_PersistedProperty' on property 'mission' here
    @_PersistedProperty
    ^
@__swiftmacro_6alarmo8PlanItemC7mission5ModelfMr20_.swift:2:5: note: in expansion of macro '_PersistedProperty' on property 'mission' here
    @_PersistedProperty
    ^

SwiftCompile normal arm64 /Users/rukesh/Documents/projects/alarmo/alarmo/alarmo/Shared/Services/AlarmForegroundScheduler.swift (in target 'alarmo' from project 'alarmo')
    cd /Users/rukesh/Documents/projects/alarmo/alarmo
    
@__swiftmacro_6alarmo8PlanItemC10repeatRule18_PersistedPropertyfMa_.swift:4:23: warning: main actor-isolated conformance of 'RepeatRule' to 'Encodable' cannot be used in nonisolated context; this is an error in the Swift 6 language mode
        _$backingData.setValue(forKey: \.repeatRule, to: initialValue)
                      ^
@__swiftmacro_6alarmo8PlanItemC10repeatRule5ModelfMr14_.swift:1:1: note: in expansion of macro '_PersistedProperty' on property 'repeatRule' here
@_PersistedProperty
^
@__swiftmacro_6alarmo8PlanItemC10repeatRule5ModelfMr14_.swift:1:1: note: in expansion of macro '_PersistedProperty' on property 'repeatRule' here
@_PersistedProperty
^
@__swiftmacro_6alarmo8PlanItemC7mission18_PersistedPropertyfMa_.swift:5:23: warning: main actor-isolated conformance of 'MissionRequirement' to 'Encodable' cannot be used in nonisolated context; this is an error in the Swift 6 language mode
        _$backingData.setValue(forKey: \.mission, to: initialValue)
                      ^
@__swiftmacro_6alarmo8PlanItemC7mission5ModelfMr20_.swift:2:5: note: in expansion of macro '_PersistedProperty' on property 'mission' here
    @_PersistedProperty
    ^
@__swiftmacro_6alarmo8PlanItemC7mission5ModelfMr20_.swift:2:5: note: in expansion of macro '_PersistedProperty' on property 'mission' here
    @_PersistedProperty
    ^

SwiftCompile normal arm64 /Users/rukesh/Documents/projects/alarmo/alarmo/alarmo/Shared/Services/AlarmRingCoordinator.swift (in target 'alarmo' from project 'alarmo')
    cd /Users/rukesh/Documents/projects/alarmo/alarmo
    
@__swiftmacro_6alarmo8PlanItemC10repeatRule18_PersistedPropertyfMa_.swift:4:23: warning: main actor-isolated conformance of 'RepeatRule' to 'Encodable' cannot be used in nonisolated context; this is an error in the Swift 6 language mode
        _$backingData.setValue(forKey: \.repeatRule, to: initialValue)
                      ^
@__swiftmacro_6alarmo8PlanItemC10repeatRule5ModelfMr14_.swift:1:1: note: in expansion of macro '_PersistedProperty' on property 'repeatRule' here
@_PersistedProperty
^
@__swiftmacro_6alarmo8PlanItemC10repeatRule5ModelfMr14_.swift:1:1: note: in expansion of macro '_PersistedProperty' on property 'repeatRule' here
@_PersistedProperty
^
@__swiftmacro_6alarmo8PlanItemC7mission18_PersistedPropertyfMa_.swift:5:23: warning: main actor-isolated conformance of 'MissionRequirement' to 'Encodable' cannot be used in nonisolated context; this is an error in the Swift 6 language mode
        _$backingData.setValue(forKey: \.mission, to: initialValue)
                      ^
@__swiftmacro_6alarmo8PlanItemC7mission5ModelfMr20_.swift:2:5: note: in expansion of macro '_PersistedProperty' on property 'mission' here
    @_PersistedProperty
    ^
@__swiftmacro_6alarmo8PlanItemC7mission5ModelfMr20_.swift:2:5: note: in expansion of macro '_PersistedProperty' on property 'mission' here
    @_PersistedProperty
    ^
/Users/rukesh/Documents/projects/alarmo/alarmo/alarmo/Shared/Services/AlarmRingCoordinator.swift:291:24: warning: no 'async' operations occur within 'await' expression
                Task { await performSnoozeTransition() }
                       ^
/Users/rukesh/Documents/projects/alarmo/alarmo/alarmo/Shared/Services/AlarmRingCoordinator.swift:294:21: warning: no 'async' operations occur within 'await' expression
             Task { await performSnoozeTransition() }
                    ^

SwiftCompile normal arm64 /Users/rukesh/Documents/projects/alarmo/alarmo/alarmo/Shared/Services/AlarmScheduler.swift (in target 'alarmo' from project 'alarmo')
    cd /Users/rukesh/Documents/projects/alarmo/alarmo
    
@__swiftmacro_6alarmo8PlanItemC10repeatRule18_PersistedPropertyfMa_.swift:4:23: warning: main actor-isolated conformance of 'RepeatRule' to 'Encodable' cannot be used in nonisolated context; this is an error in the Swift 6 language mode
        _$backingData.setValue(forKey: \.repeatRule, to: initialValue)
                      ^
@__swiftmacro_6alarmo8PlanItemC10repeatRule5ModelfMr14_.swift:1:1: note: in expansion of macro '_PersistedProperty' on property 'repeatRule' here
@_PersistedProperty
^
@__swiftmacro_6alarmo8PlanItemC10repeatRule5ModelfMr14_.swift:1:1: note: in expansion of macro '_PersistedProperty' on property 'repeatRule' here
@_PersistedProperty
^
@__swiftmacro_6alarmo8PlanItemC7mission18_PersistedPropertyfMa_.swift:5:23: warning: main actor-isolated conformance of 'MissionRequirement' to 'Encodable' cannot be used in nonisolated context; this is an error in the Swift 6 language mode
        _$backingData.setValue(forKey: \.mission, to: initialValue)
                      ^
@__swiftmacro_6alarmo8PlanItemC7mission5ModelfMr20_.swift:2:5: note: in expansion of macro '_PersistedProperty' on property 'mission' here
    @_PersistedProperty
    ^
@__swiftmacro_6alarmo8PlanItemC7mission5ModelfMr20_.swift:2:5: note: in expansion of macro '_PersistedProperty' on property 'mission' here
    @_PersistedProperty
    ^

SwiftCompile normal arm64 /Users/rukesh/Documents/projects/alarmo/alarmo/alarmo/Shared/Services/AlarmStore.swift (in target 'alarmo' from project 'alarmo')
    cd /Users/rukesh/Documents/projects/alarmo/alarmo
    
@__swiftmacro_6alarmo8PlanItemC10repeatRule18_PersistedPropertyfMa_.swift:4:23: warning: main actor-isolated conformance of 'RepeatRule' to 'Encodable' cannot be used in nonisolated context; this is an error in the Swift 6 language mode
        _$backingData.setValue(forKey: \.repeatRule, to: initialValue)
                      ^
@__swiftmacro_6alarmo8PlanItemC10repeatRule5ModelfMr14_.swift:1:1: note: in expansion of macro '_PersistedProperty' on property 'repeatRule' here
@_PersistedProperty
^
@__swiftmacro_6alarmo8PlanItemC10repeatRule5ModelfMr14_.swift:1:1: note: in expansion of macro '_PersistedProperty' on property 'repeatRule' here
@_PersistedProperty
^
@__swiftmacro_6alarmo8PlanItemC7mission18_PersistedPropertyfMa_.swift:5:23: warning: main actor-isolated conformance of 'MissionRequirement' to 'Encodable' cannot be used in nonisolated context; this is an error in the Swift 6 language mode
        _$backingData.setValue(forKey: \.mission, to: initialValue)
                      ^
@__swiftmacro_6alarmo8PlanItemC7mission5ModelfMr20_.swift:2:5: note: in expansion of macro '_PersistedProperty' on property 'mission' here
    @_PersistedProperty
    ^
@__swiftmacro_6alarmo8PlanItemC7mission5ModelfMr20_.swift:2:5: note: in expansion of macro '_PersistedProperty' on property 'mission' here
    @_PersistedProperty
    ^

SwiftCompile normal arm64 /Users/rukesh/Documents/projects/alarmo/alarmo/alarmo/Shared/Services/AppPreferences.swift (in target 'alarmo' from project 'alarmo')
    cd /Users/rukesh/Documents/projects/alarmo/alarmo
    
@__swiftmacro_6alarmo8PlanItemC10repeatRule18_PersistedPropertyfMa_.swift:4:23: warning: main actor-isolated conformance of 'RepeatRule' to 'Encodable' cannot be used in nonisolated context; this is an error in the Swift 6 language mode
        _$backingData.setValue(forKey: \.repeatRule, to: initialValue)
                      ^
@__swiftmacro_6alarmo8PlanItemC10repeatRule5ModelfMr14_.swift:1:1: note: in expansion of macro '_PersistedProperty' on property 'repeatRule' here
@_PersistedProperty
^
@__swiftmacro_6alarmo8PlanItemC10repeatRule5ModelfMr14_.swift:1:1: note: in expansion of macro '_PersistedProperty' on property 'repeatRule' here
@_PersistedProperty
^
@__swiftmacro_6alarmo8PlanItemC7mission18_PersistedPropertyfMa_.swift:5:23: warning: main actor-isolated conformance of 'MissionRequirement' to 'Encodable' cannot be used in nonisolated context; this is an error in the Swift 6 language mode
        _$backingData.setValue(forKey: \.mission, to: initialValue)
                      ^
@__swiftmacro_6alarmo8PlanItemC7mission5ModelfMr20_.swift:2:5: note: in expansion of macro '_PersistedProperty' on property 'mission' here
    @_PersistedProperty
    ^
@__swiftmacro_6alarmo8PlanItemC7mission5ModelfMr20_.swift:2:5: note: in expansion of macro '_PersistedProperty' on property 'mission' here
    @_PersistedProperty
    ^

SwiftCompile normal arm64 /Users/rukesh/Documents/projects/alarmo/alarmo/alarmo/Shared/Services/AssetManager.swift (in target 'alarmo' from project 'alarmo')
    cd /Users/rukesh/Documents/projects/alarmo/alarmo
    
@__swiftmacro_6alarmo8PlanItemC10repeatRule18_PersistedPropertyfMa_.swift:4:23: warning: main actor-isolated conformance of 'RepeatRule' to 'Encodable' cannot be used in nonisolated context; this is an error in the Swift 6 language mode
        _$backingData.setValue(forKey: \.repeatRule, to: initialValue)
                      ^
@__swiftmacro_6alarmo8PlanItemC10repeatRule5ModelfMr14_.swift:1:1: note: in expansion of macro '_PersistedProperty' on property 'repeatRule' here
@_PersistedProperty
^
@__swiftmacro_6alarmo8PlanItemC10repeatRule5ModelfMr14_.swift:1:1: note: in expansion of macro '_PersistedProperty' on property 'repeatRule' here
@_PersistedProperty
^
@__swiftmacro_6alarmo8PlanItemC7mission18_PersistedPropertyfMa_.swift:5:23: warning: main actor-isolated conformance of 'MissionRequirement' to 'Encodable' cannot be used in nonisolated context; this is an error in the Swift 6 language mode
        _$backingData.setValue(forKey: \.mission, to: initialValue)
                      ^
@__swiftmacro_6alarmo8PlanItemC7mission5ModelfMr20_.swift:2:5: note: in expansion of macro '_PersistedProperty' on property 'mission' here
    @_PersistedProperty
    ^
@__swiftmacro_6alarmo8PlanItemC7mission5ModelfMr20_.swift:2:5: note: in expansion of macro '_PersistedProperty' on property 'mission' here
    @_PersistedProperty
    ^
/Users/rukesh/Documents/projects/alarmo/alarmo/alarmo/Shared/Services/AssetManager.swift:141:25: warning: result of call to 'run(resultType:body:)' is unused
        await MainActor.run { activeDownloads.insert(filename) }
                        ^   ~~~~~~~~~~~~~~~~~~~~~~~~~~~~~~~~~~~~

SwiftCompile normal arm64 /Users/rukesh/Documents/projects/alarmo/alarmo/alarmo/Shared/Services/AudioPlayerService.swift (in target 'alarmo' from project 'alarmo')
    cd /Users/rukesh/Documents/projects/alarmo/alarmo
    
@__swiftmacro_6alarmo8PlanItemC10repeatRule18_PersistedPropertyfMa_.swift:4:23: warning: main actor-isolated conformance of 'RepeatRule' to 'Encodable' cannot be used in nonisolated context; this is an error in the Swift 6 language mode
        _$backingData.setValue(forKey: \.repeatRule, to: initialValue)
                      ^
@__swiftmacro_6alarmo8PlanItemC10repeatRule5ModelfMr14_.swift:1:1: note: in expansion of macro '_PersistedProperty' on property 'repeatRule' here
@_PersistedProperty
^
@__swiftmacro_6alarmo8PlanItemC10repeatRule5ModelfMr14_.swift:1:1: note: in expansion of macro '_PersistedProperty' on property 'repeatRule' here
@_PersistedProperty
^
@__swiftmacro_6alarmo8PlanItemC7mission18_PersistedPropertyfMa_.swift:5:23: warning: main actor-isolated conformance of 'MissionRequirement' to 'Encodable' cannot be used in nonisolated context; this is an error in the Swift 6 language mode
        _$backingData.setValue(forKey: \.mission, to: initialValue)
                      ^
@__swiftmacro_6alarmo8PlanItemC7mission5ModelfMr20_.swift:2:5: note: in expansion of macro '_PersistedProperty' on property 'mission' here
    @_PersistedProperty
    ^
@__swiftmacro_6alarmo8PlanItemC7mission5ModelfMr20_.swift:2:5: note: in expansion of macro '_PersistedProperty' on property 'mission' here
    @_PersistedProperty
    ^

SwiftCompile normal arm64 /Users/rukesh/Documents/projects/alarmo/alarmo/alarmo/Shared/Services/EntitlementStore.swift (in target 'alarmo' from project 'alarmo')
    cd /Users/rukesh/Documents/projects/alarmo/alarmo
    
@__swiftmacro_6alarmo8PlanItemC10repeatRule18_PersistedPropertyfMa_.swift:4:23: warning: main actor-isolated conformance of 'RepeatRule' to 'Encodable' cannot be used in nonisolated context; this is an error in the Swift 6 language mode
        _$backingData.setValue(forKey: \.repeatRule, to: initialValue)
                      ^
@__swiftmacro_6alarmo8PlanItemC10repeatRule5ModelfMr14_.swift:1:1: note: in expansion of macro '_PersistedProperty' on property 'repeatRule' here
@_PersistedProperty
^
@__swiftmacro_6alarmo8PlanItemC10repeatRule5ModelfMr14_.swift:1:1: note: in expansion of macro '_PersistedProperty' on property 'repeatRule' here
@_PersistedProperty
^
@__swiftmacro_6alarmo8PlanItemC7mission18_PersistedPropertyfMa_.swift:5:23: warning: main actor-isolated conformance of 'MissionRequirement' to 'Encodable' cannot be used in nonisolated context; this is an error in the Swift 6 language mode
        _$backingData.setValue(forKey: \.mission, to: initialValue)
                      ^
@__swiftmacro_6alarmo8PlanItemC7mission5ModelfMr20_.swift:2:5: note: in expansion of macro '_PersistedProperty' on property 'mission' here
    @_PersistedProperty
    ^
@__swiftmacro_6alarmo8PlanItemC7mission5ModelfMr20_.swift:2:5: note: in expansion of macro '_PersistedProperty' on property 'mission' here
    @_PersistedProperty
    ^

SwiftDriverJobDiscovery normal x86_64 Compiling MemoryMatchSettingsView.swift, MemoryMatchViewModel.swift, QRBarcodeMissionView.swift, QRBarcodeMissionViewModel.swift, QRBarcodeModels.swift, QRBarcodeSettingsView.swift, QRScannerView.swift, ShakeMissionSettingsView.swift, ShakeMissionView.swift, ShakeMissionViewModel.swift, SquatMissionSettingsView.swift, SquatMissionView.swift, SquatMissionViewModel.swift, StepsMissionSettingsView.swift, StepsMissionView.swift, StepsMissionViewModel.swift, StepsMotionManager.swift, TicTacToeAI.swift, TicTacToeComponents.swift, TicTacToeEngine.swift, TicTacToeGameView.swift, TicTacToeModels.swift, TicTacToeSettingsView.swift (in target 'alarmo' from project 'alarmo')

SwiftCompile normal arm64 Compiling\ DiscountPaywallView.swift,\ DiscountPaywallViewModel.swift,\ PaywallView.swift,\ PaywallViewModel.swift,\ ProPaywallFlowView.swift,\ OnboardingSoundStubView.swift,\ OnboardingStep3StubView.swift,\ CreateHabitGalleryView.swift,\ CreateNoteView.swift,\ CreatePlanItemView.swift,\ PlanDetailSheetViews.swift,\ PlanFloatingMenu.swift,\ PlanGlassStyle.swift,\ PlanItemDetailView.swift,\ PlanItemOptionsSheet.swift,\ PlanItemTaskDetailView.swift,\ PlanView.swift,\ PlanViewModel.swift,\ PomoTimerWrapper.swift,\ ReportComponents.swift,\ ReportService.swift,\ ReportView.swift,\ ReportViewModel.swift /Users/rukesh/Documents/projects/alarmo/alarmo/alarmo/Features/Paywall/DiscountPaywallView.swift /Users/rukesh/Documents/projects/alarmo/alarmo/alarmo/Features/Paywall/DiscountPaywallViewModel.swift /Users/rukesh/Documents/projects/alarmo/alarmo/alarmo/Features/Paywall/PaywallView.swift /Users/rukesh/Documents/projects/alarmo/alarmo/alarmo/Features/Paywall/PaywallViewModel.swift /Users/rukesh/Documents/projects/alarmo/alarmo/alarmo/Features/Paywall/ProPaywallFlowView.swift /Users/rukesh/Documents/projects/alarmo/alarmo/alarmo/Features/Placeholder/OnboardingSoundStubView.swift /Users/rukesh/Documents/projects/alarmo/alarmo/alarmo/Features/Placeholder/OnboardingStep3StubView.swift /Users/rukesh/Documents/projects/alarmo/alarmo/alarmo/Features/Plan/CreateHabitGalleryView.swift /Users/rukesh/Documents/projects/alarmo/alarmo/alarmo/Features/Plan/CreateNoteView.swift /Users/rukesh/Documents/projects/alarmo/alarmo/alarmo/Features/Plan/CreatePlanItemView.swift /Users/rukesh/Documents/projects/alarmo/alarmo/alarmo/Features/Plan/PlanDetailSheetViews.swift /Users/rukesh/Documents/projects/alarmo/alarmo/alarmo/Features/Plan/PlanFloatingMenu.swift /Users/rukesh/Documents/projects/alarmo/alarmo/alarmo/Features/Plan/PlanGlassStyle.swift /Users/rukesh/Documents/projects/alarmo/alarmo/alarmo/Features/Plan/PlanItemDetailView.swift /Users/rukesh/Documents/projects/alarmo/alarmo/alarmo/Features/Plan/PlanItemOptionsSheet.swift /Users/rukesh/Documents/projects/alarmo/alarmo/alarmo/Features/Plan/PlanItemTaskDetailView.swift /Users/rukesh/Documents/projects/alarmo/alarmo/alarmo/Features/Plan/PlanView.swift /Users/rukesh/Documents/projects/alarmo/alarmo/alarmo/Features/Plan/PlanViewModel.swift /Users/rukesh/Documents/projects/alarmo/alarmo/alarmo/Features/Plan/PomoTimerWrapper.swift /Users/rukesh/Documents/projects/alarmo/alarmo/alarmo/Features/Report/ReportComponents.swift /Users/rukesh/Documents/projects/alarmo/alarmo/alarmo/Features/Report/ReportService.swift /Users/rukesh/Documents/projects/alarmo/alarmo/alarmo/Features/Report/ReportView.swift /Users/rukesh/Documents/projects/alarmo/alarmo/alarmo/Features/Report/ReportViewModel.swift (in target 'alarmo' from project 'alarmo')
SwiftCompile normal arm64 /Users/rukesh/Documents/projects/alarmo/alarmo/alarmo/Features/Paywall/DiscountPaywallView.swift (in target 'alarmo' from project 'alarmo')
    cd /Users/rukesh/Documents/projects/alarmo/alarmo
    

SwiftCompile normal arm64 /Users/rukesh/Documents/projects/alarmo/alarmo/alarmo/Features/Paywall/DiscountPaywallViewModel.swift (in target 'alarmo' from project 'alarmo')
    cd /Users/rukesh/Documents/projects/alarmo/alarmo
    

SwiftCompile normal arm64 /Users/rukesh/Documents/projects/alarmo/alarmo/alarmo/Features/Paywall/PaywallView.swift (in target 'alarmo' from project 'alarmo')
    cd /Users/rukesh/Documents/projects/alarmo/alarmo
    

SwiftCompile normal arm64 /Users/rukesh/Documents/projects/alarmo/alarmo/alarmo/Features/Paywall/PaywallViewModel.swift (in target 'alarmo' from project 'alarmo')
    cd /Users/rukesh/Documents/projects/alarmo/alarmo
    

SwiftCompile normal arm64 /Users/rukesh/Documents/projects/alarmo/alarmo/alarmo/Features/Paywall/ProPaywallFlowView.swift (in target 'alarmo' from project 'alarmo')
    cd /Users/rukesh/Documents/projects/alarmo/alarmo
    

SwiftCompile normal arm64 /Users/rukesh/Documents/projects/alarmo/alarmo/alarmo/Features/Placeholder/OnboardingSoundStubView.swift (in target 'alarmo' from project 'alarmo')
    cd /Users/rukesh/Documents/projects/alarmo/alarmo
    

SwiftCompile normal arm64 /Users/rukesh/Documents/projects/alarmo/alarmo/alarmo/Features/Placeholder/OnboardingStep3StubView.swift (in target 'alarmo' from project 'alarmo')
    cd /Users/rukesh/Documents/projects/alarmo/alarmo
    

SwiftCompile normal arm64 /Users/rukesh/Documents/projects/alarmo/alarmo/alarmo/Features/Plan/CreateHabitGalleryView.swift (in target 'alarmo' from project 'alarmo')
    cd /Users/rukesh/Documents/projects/alarmo/alarmo
    

SwiftCompile normal arm64 /Users/rukesh/Documents/projects/alarmo/alarmo/alarmo/Features/Plan/CreateNoteView.swift (in target 'alarmo' from project 'alarmo')
    cd /Users/rukesh/Documents/projects/alarmo/alarmo
    

SwiftCompile normal arm64 /Users/rukesh/Documents/projects/alarmo/alarmo/alarmo/Features/Plan/CreatePlanItemView.swift (in target 'alarmo' from project 'alarmo')
    cd /Users/rukesh/Documents/projects/alarmo/alarmo
    

SwiftCompile normal arm64 /Users/rukesh/Documents/projects/alarmo/alarmo/alarmo/Features/Plan/PlanDetailSheetViews.swift (in target 'alarmo' from project 'alarmo')
    cd /Users/rukesh/Documents/projects/alarmo/alarmo
    

SwiftCompile normal arm64 /Users/rukesh/Documents/projects/alarmo/alarmo/alarmo/Features/Plan/PlanFloatingMenu.swift (in target 'alarmo' from project 'alarmo')
    cd /Users/rukesh/Documents/projects/alarmo/alarmo
    

SwiftCompile normal arm64 /Users/rukesh/Documents/projects/alarmo/alarmo/alarmo/Features/Plan/PlanGlassStyle.swift (in target 'alarmo' from project 'alarmo')
    cd /Users/rukesh/Documents/projects/alarmo/alarmo
    

SwiftCompile normal arm64 /Users/rukesh/Documents/projects/alarmo/alarmo/alarmo/Features/Plan/PlanItemDetailView.swift (in target 'alarmo' from project 'alarmo')
    cd /Users/rukesh/Documents/projects/alarmo/alarmo
    

SwiftCompile normal arm64 /Users/rukesh/Documents/projects/alarmo/alarmo/alarmo/Features/Plan/PlanItemOptionsSheet.swift (in target 'alarmo' from project 'alarmo')
    cd /Users/rukesh/Documents/projects/alarmo/alarmo
    

SwiftCompile normal arm64 /Users/rukesh/Documents/projects/alarmo/alarmo/alarmo/Features/Plan/PlanItemTaskDetailView.swift (in target 'alarmo' from project 'alarmo')
    cd /Users/rukesh/Documents/projects/alarmo/alarmo
    

SwiftCompile normal arm64 /Users/rukesh/Documents/projects/alarmo/alarmo/alarmo/Features/Plan/PlanView.swift (in target 'alarmo' from project 'alarmo')
    cd /Users/rukesh/Documents/projects/alarmo/alarmo
    

SwiftCompile normal arm64 /Users/rukesh/Documents/projects/alarmo/alarmo/alarmo/Features/Plan/PlanViewModel.swift (in target 'alarmo' from project 'alarmo')
    cd /Users/rukesh/Documents/projects/alarmo/alarmo
    
/Users/rukesh/Documents/projects/alarmo/alarmo/alarmo/Features/Plan/PlanViewModel.swift:121:13: warning: initialization of immutable value 'calendar' was never used; consider replacing with assignment to '_' or removing it
        let calendar = Calendar.current
        ~~~~^~~~~~~~
        _
/Users/rukesh/Documents/projects/alarmo/alarmo/alarmo/Features/Plan/PlanViewModel.swift:375:19: warning: value 'monthStart' was defined but never used; consider replacing with boolean test
        guard let monthStart = calendar.date(from: DateComponents(year: year, month: month, day: 1)) else { return 0 }
              ~~~~^~~~~~~~~~~~~
                                                                                                     != nil

SwiftCompile normal arm64 /Users/rukesh/Documents/projects/alarmo/alarmo/alarmo/Features/Plan/PomoTimerWrapper.swift (in target 'alarmo' from project 'alarmo')
    cd /Users/rukesh/Documents/projects/alarmo/alarmo
    

SwiftCompile normal arm64 /Users/rukesh/Documents/projects/alarmo/alarmo/alarmo/Features/Report/ReportComponents.swift (in target 'alarmo' from project 'alarmo')
    cd /Users/rukesh/Documents/projects/alarmo/alarmo
    
/Users/rukesh/Documents/projects/alarmo/alarmo/alarmo/Features/Report/ReportComponents.swift:473:47: warning: immutable value 'last' was never used; consider replacing with '_' or removing it
        guard let first = weekDays.first, let last = weekDays.last else { return "" }
                                          ~~~~^~~~
                                          _

SwiftCompile normal arm64 /Users/rukesh/Documents/projects/alarmo/alarmo/alarmo/Features/Report/ReportService.swift (in target 'alarmo' from project 'alarmo')
    cd /Users/rukesh/Documents/projects/alarmo/alarmo
    

SwiftCompile normal arm64 /Users/rukesh/Documents/projects/alarmo/alarmo/alarmo/Features/Report/ReportView.swift (in target 'alarmo' from project 'alarmo')
    cd /Users/rukesh/Documents/projects/alarmo/alarmo
    

SwiftCompile normal arm64 /Users/rukesh/Documents/projects/alarmo/alarmo/alarmo/Features/Report/ReportViewModel.swift (in target 'alarmo' from project 'alarmo')
    cd /Users/rukesh/Documents/projects/alarmo/alarmo
    

SwiftDriverJobDiscovery normal x86_64 Compiling WallpaperCatalogLoader.swift, WallpaperConfig.swift, AlarmRepository.swift, CatalogRepository.swift, SoundCatalogRepository.swift, UserSettingsRepository.swift, CreateHabitAlarmView.swift, CreateHabitAlarmViewModel.swift, FindColorTilesMissionView.swift, FindColorTilesModels.swift, FindColorTilesSettingsView.swift, FindColorTilesViewModel.swift, MathMissionComponents.swift, MathMissionPlayView.swift, MathMissionSettingsView.swift, MathMissionViewModel.swift, MathModels.swift, MathProblemGenerator.swift, MemoryMatchComponents.swift, MemoryMatchEngine.swift, MemoryMatchGameView.swift, MemoryMatchHighScoresView.swift, MemoryMatchModels.swift (in target 'alarmo' from project 'alarmo')

SwiftCompile normal arm64 Compiling\ SoundPickerView.swift,\ SoundRecorderView.swift,\ SpotifyPickerView.swift,\ SwipeableSoundRow.swift,\ TimeZonePickerView.swift,\ WakeUpCheckView.swift,\ WallpaperPickerView.swift,\ WeekdayPill.swift,\ WorldClockData.swift,\ GamesListView.swift,\ FloatingAddMenu.swift,\ HomeView.swift,\ HomeViewModel.swift,\ MainTabContainerView.swift,\ QuickSettingsPanel.swift,\ MissionRunnerView.swift,\ MissionOption.swift,\ MissionRowView.swift,\ OnboardingMissionView.swift,\ OnboardingMissionViewModel.swift,\ WakeUpMissionType.swift,\ OnboardingState.swift,\ OnboardingSoundSelectionView.swift /Users/rukesh/Documents/projects/alarmo/alarmo/alarmo/Features/Alarms/SoundPickerView.swift /Users/rukesh/Documents/projects/alarmo/alarmo/alarmo/Features/Alarms/SoundRecorderView.swift /Users/rukesh/Documents/projects/alarmo/alarmo/alarmo/Features/Alarms/SpotifyPickerView.swift /Users/rukesh/Documents/projects/alarmo/alarmo/alarmo/Features/Alarms/SwipeableSoundRow.swift /Users/rukesh/Documents/projects/alarmo/alarmo/alarmo/Features/Alarms/TimeZonePickerView.swift /Users/rukesh/Documents/projects/alarmo/alarmo/alarmo/Features/Alarms/WakeUpCheckView.swift /Users/rukesh/Documents/projects/alarmo/alarmo/alarmo/Features/Alarms/WallpaperPickerView.swift /Users/rukesh/Documents/projects/alarmo/alarmo/alarmo/Features/Alarms/WeekdayPill.swift /Users/rukesh/Documents/projects/alarmo/alarmo/alarmo/Features/Alarms/WorldClockData.swift /Users/rukesh/Documents/projects/alarmo/alarmo/alarmo/Features/Games/GamesListView.swift /Users/rukesh/Documents/projects/alarmo/alarmo/alarmo/Features/Home/FloatingAddMenu.swift /Users/rukesh/Documents/projects/alarmo/alarmo/alarmo/Features/Home/HomeView.swift /Users/rukesh/Documents/projects/alarmo/alarmo/alarmo/Features/Home/HomeViewModel.swift /Users/rukesh/Documents/projects/alarmo/alarmo/alarmo/Features/Home/MainTabContainerView.swift /Users/rukesh/Documents/projects/alarmo/alarmo/alarmo/Features/Home/QuickSettingsPanel.swift /Users/rukesh/Documents/projects/alarmo/alarmo/alarmo/Features/Missions/MissionRunnerView.swift /Users/rukesh/Documents/projects/alarmo/alarmo/alarmo/Features/Onboarding/Missions/MissionOption.swift /Users/rukesh/Documents/projects/alarmo/alarmo/alarmo/Features/Onboarding/Missions/MissionRowView.swift /Users/rukesh/Documents/projects/alarmo/alarmo/alarmo/Features/Onboarding/Missions/OnboardingMissionView.swift /Users/rukesh/Documents/projects/alarmo/alarmo/alarmo/Features/Onboarding/Missions/OnboardingMissionViewModel.swift /Users/rukesh/Documents/projects/alarmo/alarmo/alarmo/Features/Onboarding/Missions/WakeUpMissionType.swift /Users/rukesh/Documents/projects/alarmo/alarmo/alarmo/Features/Onboarding/Models/OnboardingState.swift /Users/rukesh/Documents/projects/alarmo/alarmo/alarmo/Features/Onboarding/SoundSelection/OnboardingSoundSelectionView.swift (in target 'alarmo' from project 'alarmo')

SwiftCompile normal arm64 /Users/rukesh/Documents/projects/alarmo/alarmo/alarmo/Features/Alarms/SoundPickerView.swift (in target 'alarmo' from project 'alarmo')
    cd /Users/rukesh/Documents/projects/alarmo/alarmo
    
/Users/rukesh/Documents/projects/alarmo/alarmo/alarmo/Features/Alarms/SoundPickerView.swift:960:32: warning: no 'async' operations occur within 'await' expression
                        Task { await AssetManager.shared.cancelDownload(filename: remoteSound.filename) }
                               ^

SwiftCompile normal arm64 /Users/rukesh/Documents/projects/alarmo/alarmo/alarmo/Features/Alarms/SoundRecorderView.swift (in target 'alarmo' from project 'alarmo')
    cd /Users/rukesh/Documents/projects/alarmo/alarmo
    

SwiftCompile normal arm64 /Users/rukesh/Documents/projects/alarmo/alarmo/alarmo/Features/Alarms/SpotifyPickerView.swift (in target 'alarmo' from project 'alarmo')
    cd /Users/rukesh/Documents/projects/alarmo/alarmo
    

SwiftCompile normal arm64 /Users/rukesh/Documents/projects/alarmo/alarmo/alarmo/Features/Alarms/SwipeableSoundRow.swift (in target 'alarmo' from project 'alarmo')
    cd /Users/rukesh/Documents/projects/alarmo/alarmo
    

SwiftCompile normal arm64 /Users/rukesh/Documents/projects/alarmo/alarmo/alarmo/Features/Alarms/TimeZonePickerView.swift (in target 'alarmo' from project 'alarmo')
    cd /Users/rukesh/Documents/projects/alarmo/alarmo
    

SwiftCompile normal arm64 /Users/rukesh/Documents/projects/alarmo/alarmo/alarmo/Features/Alarms/WakeUpCheckView.swift (in target 'alarmo' from project 'alarmo')
    cd /Users/rukesh/Documents/projects/alarmo/alarmo
    

SwiftCompile normal arm64 /Users/rukesh/Documents/projects/alarmo/alarmo/alarmo/Features/Alarms/WallpaperPickerView.swift (in target 'alarmo' from project 'alarmo')
    cd /Users/rukesh/Documents/projects/alarmo/alarmo
    

SwiftCompile normal arm64 /Users/rukesh/Documents/projects/alarmo/alarmo/alarmo/Features/Alarms/WeekdayPill.swift (in target 'alarmo' from project 'alarmo')
    cd /Users/rukesh/Documents/projects/alarmo/alarmo
    

SwiftCompile normal arm64 /Users/rukesh/Documents/projects/alarmo/alarmo/alarmo/Features/Alarms/WorldClockData.swift (in target 'alarmo' from project 'alarmo')
    cd /Users/rukesh/Documents/projects/alarmo/alarmo
    

SwiftCompile normal arm64 /Users/rukesh/Documents/projects/alarmo/alarmo/alarmo/Features/Games/GamesListView.swift (in target 'alarmo' from project 'alarmo')
    cd /Users/rukesh/Documents/projects/alarmo/alarmo
    

SwiftCompile normal arm64 /Users/rukesh/Documents/projects/alarmo/alarmo/alarmo/Features/Home/FloatingAddMenu.swift (in target 'alarmo' from project 'alarmo')
    cd /Users/rukesh/Documents/projects/alarmo/alarmo
    

SwiftCompile normal arm64 /Users/rukesh/Documents/projects/alarmo/alarmo/alarmo/Features/Home/HomeView.swift (in target 'alarmo' from project 'alarmo')
    cd /Users/rukesh/Documents/projects/alarmo/alarmo
    

SwiftCompile normal arm64 /Users/rukesh/Documents/projects/alarmo/alarmo/alarmo/Features/Home/HomeViewModel.swift (in target 'alarmo' from project 'alarmo')
    cd /Users/rukesh/Documents/projects/alarmo/alarmo
    

SwiftCompile normal arm64 /Users/rukesh/Documents/projects/alarmo/alarmo/alarmo/Features/Home/MainTabContainerView.swift (in target 'alarmo' from project 'alarmo')
    cd /Users/rukesh/Documents/projects/alarmo/alarmo
    

SwiftCompile normal arm64 /Users/rukesh/Documents/projects/alarmo/alarmo/alarmo/Features/Home/QuickSettingsPanel.swift (in target 'alarmo' from project 'alarmo')
    cd /Users/rukesh/Documents/projects/alarmo/alarmo
    

SwiftCompile normal arm64 /Users/rukesh/Documents/projects/alarmo/alarmo/alarmo/Features/Missions/MissionRunnerView.swift (in target 'alarmo' from project 'alarmo')
    cd /Users/rukesh/Documents/projects/alarmo/alarmo
    

SwiftCompile normal arm64 /Users/rukesh/Documents/projects/alarmo/alarmo/alarmo/Features/Onboarding/Missions/MissionOption.swift (in target 'alarmo' from project 'alarmo')
    cd /Users/rukesh/Documents/projects/alarmo/alarmo
    

SwiftCompile normal arm64 /Users/rukesh/Documents/projects/alarmo/alarmo/alarmo/Features/Onboarding/Missions/MissionRowView.swift (in target 'alarmo' from project 'alarmo')
    cd /Users/rukesh/Documents/projects/alarmo/alarmo
    

SwiftCompile normal arm64 /Users/rukesh/Documents/projects/alarmo/alarmo/alarmo/Features/Onboarding/Missions/OnboardingMissionView.swift (in target 'alarmo' from project 'alarmo')
    cd /Users/rukesh/Documents/projects/alarmo/alarmo
    

SwiftCompile normal arm64 /Users/rukesh/Documents/projects/alarmo/alarmo/alarmo/Features/Onboarding/Missions/OnboardingMissionViewModel.swift (in target 'alarmo' from project 'alarmo')
    cd /Users/rukesh/Documents/projects/alarmo/alarmo
    

SwiftCompile normal arm64 /Users/rukesh/Documents/projects/alarmo/alarmo/alarmo/Features/Onboarding/Missions/WakeUpMissionType.swift (in target 'alarmo' from project 'alarmo')
    cd /Users/rukesh/Documents/projects/alarmo/alarmo
    

SwiftCompile normal arm64 /Users/rukesh/Documents/projects/alarmo/alarmo/alarmo/Features/Onboarding/Models/OnboardingState.swift (in target 'alarmo' from project 'alarmo')
    cd /Users/rukesh/Documents/projects/alarmo/alarmo
    

SwiftCompile normal arm64 /Users/rukesh/Documents/projects/alarmo/alarmo/alarmo/Features/Onboarding/SoundSelection/OnboardingSoundSelectionView.swift (in target 'alarmo' from project 'alarmo')
    cd /Users/rukesh/Documents/projects/alarmo/alarmo
    

SwiftDriverJobDiscovery normal arm64 Compiling LiveActivityIntents.swift, AlarmAppDelegate.swift, AlarmoApp.swift, AppEnvironment.swift, AppRootView.swift, Router.swift, AppConstants.swift, BarcodeScannerService.swift, CustomSoundService.swift, HealthKitManager.swift, SpotifyPlaybackController.swift, SpotifyService.swift, AppLayout.swift, Colors.swift, LayoutPreviews.swift, Radii.swift, Shadows.swift, Spacing.swift, Typography.swift, AlarmEditorComponents.swift, BottomSheetContainer.swift, Card.swift, CustomTabBar.swift (in target 'alarmo' from project 'alarmo')

SwiftCompile normal arm64 Compiling\ OnboardingSoundSelectionViewModel.swift,\ SoundModels.swift,\ TrackingExplainerView.swift,\ TrackingExplainerViewModel.swift,\ OnboardingVolumeSettingsView.swift,\ OnboardingVolumeSettingsViewModel.swift,\ ComparisonCardAppView.swift,\ ComparisonCardOtherAppsView.swift,\ OnboardingFlowView.swift,\ OnboardingIntroView.swift,\ OnboardingPermissionsView.swift,\ OnboardingSetTimeView.swift,\ OnboardingStep.swift,\ OnboardingViewModel.swift,\ OnboardingWallpaperPreviewView.swift,\ OnboardingWallpaperSelectionView.swift,\ CityDetailSheet.swift,\ CitySearchSheet.swift,\ OverlapAnalysisSheet.swift,\ OverlapCity.swift,\ OverlapStore.swift,\ OverlapView.swift,\ ExitDiscountDialogView.swift /Users/rukesh/Documents/projects/alarmo/alarmo/alarmo/Features/Onboarding/SoundSelection/OnboardingSoundSelectionViewModel.swift /Users/rukesh/Documents/projects/alarmo/alarmo/alarmo/Features/Onboarding/SoundSelection/SoundModels.swift /Users/rukesh/Documents/projects/alarmo/alarmo/alarmo/Features/Onboarding/Tracking/TrackingExplainerView.swift /Users/rukesh/Documents/projects/alarmo/alarmo/alarmo/Features/Onboarding/Tracking/TrackingExplainerViewModel.swift /Users/rukesh/Documents/projects/alarmo/alarmo/alarmo/Features/Onboarding/VolumeSettings/OnboardingVolumeSettingsView.swift /Users/rukesh/Documents/projects/alarmo/alarmo/alarmo/Features/Onboarding/VolumeSettings/OnboardingVolumeSettingsViewModel.swift /Users/rukesh/Documents/projects/alarmo/alarmo/alarmo/Features/Onboarding/ComparisonCardAppView.swift /Users/rukesh/Documents/projects/alarmo/alarmo/alarmo/Features/Onboarding/ComparisonCardOtherAppsView.swift /Users/rukesh/Documents/projects/alarmo/alarmo/alarmo/Features/Onboarding/OnboardingFlowView.swift /Users/rukesh/Documents/projects/alarmo/alarmo/alarmo/Features/Onboarding/OnboardingIntroView.swift /Users/rukesh/Documents/projects/alarmo/alarmo/alarmo/Features/Onboarding/OnboardingPermissionsView.swift /Users/rukesh/Documents/projects/alarmo/alarmo/alarmo/Features/Onboarding/OnboardingSetTimeView.swift /Users/rukesh/Documents/projects/alarmo/alarmo/alarmo/Features/Onboarding/OnboardingStep.swift /Users/rukesh/Documents/projects/alarmo/alarmo/alarmo/Features/Onboarding/OnboardingViewModel.swift /Users/rukesh/Documents/projects/alarmo/alarmo/alarmo/Features/Onboarding/OnboardingWallpaperPreviewView.swift /Users/rukesh/Documents/projects/alarmo/alarmo/alarmo/Features/Onboarding/OnboardingWallpaperSelectionView.swift /Users/rukesh/Documents/projects/alarmo/alarmo/alarmo/Features/Overlap/CityDetailSheet.swift /Users/rukesh/Documents/projects/alarmo/alarmo/alarmo/Features/Overlap/CitySearchSheet.swift /Users/rukesh/Documents/projects/alarmo/alarmo/alarmo/Features/Overlap/OverlapAnalysisSheet.swift /Users/rukesh/Documents/projects/alarmo/alarmo/alarmo/Features/Overlap/OverlapCity.swift /Users/rukesh/Documents/projects/alarmo/alarmo/alarmo/Features/Overlap/OverlapStore.swift /Users/rukesh/Documents/projects/alarmo/alarmo/alarmo/Features/Overlap/OverlapView.swift /Users/rukesh/Documents/projects/alarmo/alarmo/alarmo/Features/Paywall/Components/ExitDiscountDialogView.swift (in target 'alarmo' from project 'alarmo')

SwiftCompile normal arm64 /Users/rukesh/Documents/projects/alarmo/alarmo/alarmo/Features/Onboarding/SoundSelection/OnboardingSoundSelectionViewModel.swift (in target 'alarmo' from project 'alarmo')
    cd /Users/rukesh/Documents/projects/alarmo/alarmo
    

SwiftCompile normal arm64 /Users/rukesh/Documents/projects/alarmo/alarmo/alarmo/Features/Onboarding/SoundSelection/SoundModels.swift (in target 'alarmo' from project 'alarmo')
    cd /Users/rukesh/Documents/projects/alarmo/alarmo
    

SwiftCompile normal arm64 /Users/rukesh/Documents/projects/alarmo/alarmo/alarmo/Features/Onboarding/Tracking/TrackingExplainerView.swift (in target 'alarmo' from project 'alarmo')
    cd /Users/rukesh/Documents/projects/alarmo/alarmo
    

SwiftCompile normal arm64 /Users/rukesh/Documents/projects/alarmo/alarmo/alarmo/Features/Onboarding/Tracking/TrackingExplainerViewModel.swift (in target 'alarmo' from project 'alarmo')
    cd /Users/rukesh/Documents/projects/alarmo/alarmo
    

SwiftCompile normal arm64 /Users/rukesh/Documents/projects/alarmo/alarmo/alarmo/Features/Onboarding/VolumeSettings/OnboardingVolumeSettingsView.swift (in target 'alarmo' from project 'alarmo')
    cd /Users/rukesh/Documents/projects/alarmo/alarmo
    

SwiftCompile normal arm64 /Users/rukesh/Documents/projects/alarmo/alarmo/alarmo/Features/Onboarding/VolumeSettings/OnboardingVolumeSettingsViewModel.swift (in target 'alarmo' from project 'alarmo')
    cd /Users/rukesh/Documents/projects/alarmo/alarmo
    

SwiftCompile normal arm64 /Users/rukesh/Documents/projects/alarmo/alarmo/alarmo/Features/Onboarding/ComparisonCardAppView.swift (in target 'alarmo' from project 'alarmo')
    cd /Users/rukesh/Documents/projects/alarmo/alarmo
    

SwiftCompile normal arm64 /Users/rukesh/Documents/projects/alarmo/alarmo/alarmo/Features/Onboarding/ComparisonCardOtherAppsView.swift (in target 'alarmo' from project 'alarmo')
    cd /Users/rukesh/Documents/projects/alarmo/alarmo
    

SwiftCompile normal arm64 /Users/rukesh/Documents/projects/alarmo/alarmo/alarmo/Features/Onboarding/OnboardingFlowView.swift (in target 'alarmo' from project 'alarmo')
    cd /Users/rukesh/Documents/projects/alarmo/alarmo
    

SwiftCompile normal arm64 /Users/rukesh/Documents/projects/alarmo/alarmo/alarmo/Features/Onboarding/OnboardingIntroView.swift (in target 'alarmo' from project 'alarmo')
    cd /Users/rukesh/Documents/projects/alarmo/alarmo
    

SwiftCompile normal arm64 /Users/rukesh/Documents/projects/alarmo/alarmo/alarmo/Features/Onboarding/OnboardingPermissionsView.swift (in target 'alarmo' from project 'alarmo')
    cd /Users/rukesh/Documents/projects/alarmo/alarmo
    

SwiftCompile normal arm64 /Users/rukesh/Documents/projects/alarmo/alarmo/alarmo/Features/Onboarding/OnboardingSetTimeView.swift (in target 'alarmo' from project 'alarmo')
    cd /Users/rukesh/Documents/projects/alarmo/alarmo
    

SwiftCompile normal arm64 /Users/rukesh/Documents/projects/alarmo/alarmo/alarmo/Features/Onboarding/OnboardingStep.swift (in target 'alarmo' from project 'alarmo')
    cd /Users/rukesh/Documents/projects/alarmo/alarmo
    

SwiftCompile normal arm64 /Users/rukesh/Documents/projects/alarmo/alarmo/alarmo/Features/Onboarding/OnboardingViewModel.swift (in target 'alarmo' from project 'alarmo')
    cd /Users/rukesh/Documents/projects/alarmo/alarmo
    

SwiftCompile normal arm64 /Users/rukesh/Documents/projects/alarmo/alarmo/alarmo/Features/Onboarding/OnboardingWallpaperPreviewView.swift (in target 'alarmo' from project 'alarmo')
    cd /Users/rukesh/Documents/projects/alarmo/alarmo
    

SwiftCompile normal arm64 /Users/rukesh/Documents/projects/alarmo/alarmo/alarmo/Features/Onboarding/OnboardingWallpaperSelectionView.swift (in target 'alarmo' from project 'alarmo')
    cd /Users/rukesh/Documents/projects/alarmo/alarmo
    

SwiftCompile normal arm64 /Users/rukesh/Documents/projects/alarmo/alarmo/alarmo/Features/Overlap/CityDetailSheet.swift (in target 'alarmo' from project 'alarmo')
    cd /Users/rukesh/Documents/projects/alarmo/alarmo
    

SwiftCompile normal arm64 /Users/rukesh/Documents/projects/alarmo/alarmo/alarmo/Features/Overlap/CitySearchSheet.swift (in target 'alarmo' from project 'alarmo')
    cd /Users/rukesh/Documents/projects/alarmo/alarmo
    

SwiftCompile normal arm64 /Users/rukesh/Documents/projects/alarmo/alarmo/alarmo/Features/Overlap/OverlapAnalysisSheet.swift (in target 'alarmo' from project 'alarmo')
    cd /Users/rukesh/Documents/projects/alarmo/alarmo
    

SwiftCompile normal arm64 /Users/rukesh/Documents/projects/alarmo/alarmo/alarmo/Features/Overlap/OverlapCity.swift (in target 'alarmo' from project 'alarmo')
    cd /Users/rukesh/Documents/projects/alarmo/alarmo
    

SwiftCompile normal arm64 /Users/rukesh/Documents/projects/alarmo/alarmo/alarmo/Features/Overlap/OverlapStore.swift (in target 'alarmo' from project 'alarmo')
    cd /Users/rukesh/Documents/projects/alarmo/alarmo
    

SwiftCompile normal arm64 /Users/rukesh/Documents/projects/alarmo/alarmo/alarmo/Features/Overlap/OverlapView.swift (in target 'alarmo' from project 'alarmo')
    cd /Users/rukesh/Documents/projects/alarmo/alarmo
    

SwiftCompile normal arm64 /Users/rukesh/Documents/projects/alarmo/alarmo/alarmo/Features/Paywall/Components/ExitDiscountDialogView.swift (in target 'alarmo' from project 'alarmo')
    cd /Users/rukesh/Documents/projects/alarmo/alarmo
    

SwiftDriverJobDiscovery normal arm64 Compiling StopwatchEngine.swift, StopwatchHistoryView.swift, AddFocusRecordView.swift, AddTimerView.swift, AnytimePickerSheet.swift, CompletionCardView.swift, DetailedNewTaskView.swift, DialScaleView.swift, DurationPickerSheet.swift, FocusNoteSheet.swift, FocusSelectionView.swift, FocusSettingsComponents.swift, FocusSettingsView.swift, FrequentlyUsedPomoSheet.swift, IntervalTimerSettingsView.swift, LiveActivityManager.swift, NewTaskSheet.swift, PomoAttributes.swift, PomodoroEngine.swift, PomodoroMainView.swift, PomodoroModels.swift, PomodoroPersistence.swift (in target 'alarmo' from project 'alarmo')

SwiftCompile normal arm64 Compiling\ MemoryMatchSettingsView.swift,\ MemoryMatchViewModel.swift,\ QRBarcodeMissionView.swift,\ QRBarcodeMissionViewModel.swift,\ QRBarcodeModels.swift,\ QRBarcodeSettingsView.swift,\ QRScannerView.swift,\ ShakeMissionSettingsView.swift,\ ShakeMissionView.swift,\ ShakeMissionViewModel.swift,\ SquatMissionSettingsView.swift,\ SquatMissionView.swift,\ SquatMissionViewModel.swift,\ StepsMissionSettingsView.swift,\ StepsMissionView.swift,\ StepsMissionViewModel.swift,\ StepsMotionManager.swift,\ TicTacToeAI.swift,\ TicTacToeComponents.swift,\ TicTacToeEngine.swift,\ TicTacToeGameView.swift,\ TicTacToeModels.swift,\ TicTacToeSettingsView.swift /Users/rukesh/Documents/projects/alarmo/alarmo/alarmo/Features/Alarms/Missions/MemoryMatch/MemoryMatchSettingsView.swift /Users/rukesh/Documents/projects/alarmo/alarmo/alarmo/Features/Alarms/Missions/MemoryMatch/MemoryMatchViewModel.swift /Users/rukesh/Documents/projects/alarmo/alarmo/alarmo/Features/Alarms/Missions/QRBarcode/QRBarcodeMissionView.swift /Users/rukesh/Documents/projects/alarmo/alarmo/alarmo/Features/Alarms/Missions/QRBarcode/QRBarcodeMissionViewModel.swift /Users/rukesh/Documents/projects/alarmo/alarmo/alarmo/Features/Alarms/Missions/QRBarcode/QRBarcodeModels.swift /Users/rukesh/Documents/projects/alarmo/alarmo/alarmo/Features/Alarms/Missions/QRBarcode/QRBarcodeSettingsView.swift /Users/rukesh/Documents/projects/alarmo/alarmo/alarmo/Features/Alarms/Missions/QRBarcode/QRScannerView.swift /Users/rukesh/Documents/projects/alarmo/alarmo/alarmo/Features/Alarms/Missions/Shake/ShakeMissionSettingsView.swift /Users/rukesh/Documents/projects/alarmo/alarmo/alarmo/Features/Alarms/Missions/Shake/ShakeMissionView.swift /Users/rukesh/Documents/projects/alarmo/alarmo/alarmo/Features/Alarms/Missions/Shake/ShakeMissionViewModel.swift /Users/rukesh/Documents/projects/alarmo/alarmo/alarmo/Features/Alarms/Missions/Squat/SquatMissionSettingsView.swift /Users/rukesh/Documents/projects/alarmo/alarmo/alarmo/Features/Alarms/Missions/Squat/SquatMissionView.swift /Users/rukesh/Documents/projects/alarmo/alarmo/alarmo/Features/Alarms/Missions/Squat/SquatMissionViewModel.swift /Users/rukesh/Documents/projects/alarmo/alarmo/alarmo/Features/Alarms/Missions/Steps/StepsMissionSettingsView.swift /Users/rukesh/Documents/projects/alarmo/alarmo/alarmo/Features/Alarms/Missions/Steps/StepsMissionView.swift /Users/rukesh/Documents/projects/alarmo/alarmo/alarmo/Features/Alarms/Missions/Steps/StepsMissionViewModel.swift /Users/rukesh/Documents/projects/alarmo/alarmo/alarmo/Features/Alarms/Missions/Steps/StepsMotionManager.swift /Users/rukesh/Documents/projects/alarmo/alarmo/alarmo/Features/Alarms/Missions/TicTacToe/TicTacToeAI.swift /Users/rukesh/Documents/projects/alarmo/alarmo/alarmo/Features/Alarms/Missions/TicTacToe/TicTacToeComponents.swift /Users/rukesh/Documents/projects/alarmo/alarmo/alarmo/Features/Alarms/Missions/TicTacToe/TicTacToeEngine.swift /Users/rukesh/Documents/projects/alarmo/alarmo/alarmo/Features/Alarms/Missions/TicTacToe/TicTacToeGameView.swift /Users/rukesh/Documents/projects/alarmo/alarmo/alarmo/Features/Alarms/Missions/TicTacToe/TicTacToeModels.swift /Users/rukesh/Documents/projects/alarmo/alarmo/alarmo/Features/Alarms/Missions/TicTacToe/TicTacToeSettingsView.swift (in target 'alarmo' from project 'alarmo')

SwiftCompile normal arm64 /Users/rukesh/Documents/projects/alarmo/alarmo/alarmo/Features/Alarms/Missions/MemoryMatch/MemoryMatchSettingsView.swift (in target 'alarmo' from project 'alarmo')
    cd /Users/rukesh/Documents/projects/alarmo/alarmo
    

SwiftCompile normal arm64 /Users/rukesh/Documents/projects/alarmo/alarmo/alarmo/Features/Alarms/Missions/MemoryMatch/MemoryMatchViewModel.swift (in target 'alarmo' from project 'alarmo')
    cd /Users/rukesh/Documents/projects/alarmo/alarmo
    

SwiftCompile normal arm64 /Users/rukesh/Documents/projects/alarmo/alarmo/alarmo/Features/Alarms/Missions/QRBarcode/QRBarcodeMissionView.swift (in target 'alarmo' from project 'alarmo')
    cd /Users/rukesh/Documents/projects/alarmo/alarmo
    

SwiftCompile normal arm64 /Users/rukesh/Documents/projects/alarmo/alarmo/alarmo/Features/Alarms/Missions/QRBarcode/QRBarcodeMissionViewModel.swift (in target 'alarmo' from project 'alarmo')
    cd /Users/rukesh/Documents/projects/alarmo/alarmo
    

SwiftCompile normal arm64 /Users/rukesh/Documents/projects/alarmo/alarmo/alarmo/Features/Alarms/Missions/QRBarcode/QRBarcodeModels.swift (in target 'alarmo' from project 'alarmo')
    cd /Users/rukesh/Documents/projects/alarmo/alarmo
    

SwiftCompile normal arm64 /Users/rukesh/Documents/projects/alarmo/alarmo/alarmo/Features/Alarms/Missions/QRBarcode/QRBarcodeSettingsView.swift (in target 'alarmo' from project 'alarmo')
    cd /Users/rukesh/Documents/projects/alarmo/alarmo
    

SwiftCompile normal arm64 /Users/rukesh/Documents/projects/alarmo/alarmo/alarmo/Features/Alarms/Missions/QRBarcode/QRScannerView.swift (in target 'alarmo' from project 'alarmo')
    cd /Users/rukesh/Documents/projects/alarmo/alarmo
    

SwiftCompile normal arm64 /Users/rukesh/Documents/projects/alarmo/alarmo/alarmo/Features/Alarms/Missions/Shake/ShakeMissionSettingsView.swift (in target 'alarmo' from project 'alarmo')
    cd /Users/rukesh/Documents/projects/alarmo/alarmo
    

SwiftCompile normal arm64 /Users/rukesh/Documents/projects/alarmo/alarmo/alarmo/Features/Alarms/Missions/Shake/ShakeMissionView.swift (in target 'alarmo' from project 'alarmo')
    cd /Users/rukesh/Documents/projects/alarmo/alarmo
    

SwiftCompile normal arm64 /Users/rukesh/Documents/projects/alarmo/alarmo/alarmo/Features/Alarms/Missions/Shake/ShakeMissionViewModel.swift (in target 'alarmo' from project 'alarmo')
    cd /Users/rukesh/Documents/projects/alarmo/alarmo
    
/Users/rukesh/Documents/projects/alarmo/alarmo/alarmo/Features/Alarms/Missions/Shake/ShakeMissionViewModel.swift:125:47: warning: main actor-isolated conformance of 'ShakeMissionState' to 'Equatable' cannot be used in nonisolated context; this is an error in the Swift 6 language mode
            guard let self = self, self.state == .active else { return }
                                              ^

SwiftCompile normal arm64 /Users/rukesh/Documents/projects/alarmo/alarmo/alarmo/Features/Alarms/Missions/Squat/SquatMissionSettingsView.swift (in target 'alarmo' from project 'alarmo')
    cd /Users/rukesh/Documents/projects/alarmo/alarmo
    

SwiftCompile normal arm64 /Users/rukesh/Documents/projects/alarmo/alarmo/alarmo/Features/Alarms/Missions/Squat/SquatMissionView.swift (in target 'alarmo' from project 'alarmo')
    cd /Users/rukesh/Documents/projects/alarmo/alarmo
    

SwiftCompile normal arm64 /Users/rukesh/Documents/projects/alarmo/alarmo/alarmo/Features/Alarms/Missions/Squat/SquatMissionViewModel.swift (in target 'alarmo' from project 'alarmo')
    cd /Users/rukesh/Documents/projects/alarmo/alarmo
    
/Users/rukesh/Documents/projects/alarmo/alarmo/alarmo/Features/Alarms/Missions/Squat/SquatMissionViewModel.swift:176:47: warning: main actor-isolated conformance of 'SquatMissionState' to 'Equatable' cannot be used in nonisolated context; this is an error in the Swift 6 language mode
            guard let self = self, self.state == .active else { return }
                                              ^

SwiftCompile normal arm64 /Users/rukesh/Documents/projects/alarmo/alarmo/alarmo/Features/Alarms/Missions/Steps/StepsMissionSettingsView.swift (in target 'alarmo' from project 'alarmo')
    cd /Users/rukesh/Documents/projects/alarmo/alarmo
    

SwiftCompile normal arm64 /Users/rukesh/Documents/projects/alarmo/alarmo/alarmo/Features/Alarms/Missions/Steps/StepsMissionView.swift (in target 'alarmo' from project 'alarmo')
    cd /Users/rukesh/Documents/projects/alarmo/alarmo
    

SwiftCompile normal arm64 /Users/rukesh/Documents/projects/alarmo/alarmo/alarmo/Features/Alarms/Missions/Steps/StepsMissionViewModel.swift (in target 'alarmo' from project 'alarmo')
    cd /Users/rukesh/Documents/projects/alarmo/alarmo
    

SwiftCompile normal arm64 /Users/rukesh/Documents/projects/alarmo/alarmo/alarmo/Features/Alarms/Missions/Steps/StepsMotionManager.swift (in target 'alarmo' from project 'alarmo')
    cd /Users/rukesh/Documents/projects/alarmo/alarmo
    

SwiftCompile normal arm64 /Users/rukesh/Documents/projects/alarmo/alarmo/alarmo/Features/Alarms/Missions/TicTacToe/TicTacToeAI.swift (in target 'alarmo' from project 'alarmo')
    cd /Users/rukesh/Documents/projects/alarmo/alarmo
    

SwiftCompile normal arm64 /Users/rukesh/Documents/projects/alarmo/alarmo/alarmo/Features/Alarms/Missions/TicTacToe/TicTacToeComponents.swift (in target 'alarmo' from project 'alarmo')
    cd /Users/rukesh/Documents/projects/alarmo/alarmo
    

SwiftCompile normal arm64 /Users/rukesh/Documents/projects/alarmo/alarmo/alarmo/Features/Alarms/Missions/TicTacToe/TicTacToeEngine.swift (in target 'alarmo' from project 'alarmo')
    cd /Users/rukesh/Documents/projects/alarmo/alarmo
    

SwiftCompile normal arm64 /Users/rukesh/Documents/projects/alarmo/alarmo/alarmo/Features/Alarms/Missions/TicTacToe/TicTacToeGameView.swift (in target 'alarmo' from project 'alarmo')
    cd /Users/rukesh/Documents/projects/alarmo/alarmo
    

SwiftCompile normal arm64 /Users/rukesh/Documents/projects/alarmo/alarmo/alarmo/Features/Alarms/Missions/TicTacToe/TicTacToeModels.swift (in target 'alarmo' from project 'alarmo')
    cd /Users/rukesh/Documents/projects/alarmo/alarmo
    

SwiftCompile normal arm64 /Users/rukesh/Documents/projects/alarmo/alarmo/alarmo/Features/Alarms/Missions/TicTacToe/TicTacToeSettingsView.swift (in target 'alarmo' from project 'alarmo')
    cd /Users/rukesh/Documents/projects/alarmo/alarmo
    

SwiftDriverJobDiscovery normal arm64 Compiling AlarmMission.swift, AppListModels.swift, AssetModels.swift, AssetRef.swift, Item.swift, MotivationQuotes.swift, PlanModels.swift, RepeatMask.swift, Tag.swift, TaskItem.swift, WallpaperModels.swift, Clock.swift, NetworkMonitoring.swift, UUIDProviding.swift, AlarmForegroundScheduler.swift, AlarmRingCoordinator.swift, AlarmScheduler.swift, AlarmStore.swift, AppPreferences.swift, AssetManager.swift, AudioPlayerService.swift, EntitlementStore.swift (in target 'alarmo' from project 'alarmo')

SwiftCompile normal arm64 Compiling\ PomodoroTheme.swift,\ PomoDurationPickerSheet.swift,\ PomoSettingsView.swift,\ PomoTimerView.swift,\ PrimaryPlayPauseButton.swift,\ SecondaryActionButtonsRow.swift,\ StopwatchSettingsView.swift,\ StopwatchView.swift,\ TagSelectionView.swift,\ TaskPillView.swift,\ TaskSelectionSheet.swift,\ TimerDurationPickerView.swift,\ TimerGlassStyle.swift,\ TimerModels.swift,\ TimerRootView.swift,\ TimerViewModel.swift,\ TimerPlaceholderView.swift,\ CelebrationOverlayView.swift,\ ConfettiView.swift,\ AccountabilityModels.swift,\ Alarm.swift,\ AlarmDraft.swift /Users/rukesh/Documents/projects/alarmo/alarmo/alarmo/Features/Timer/PomodoroTheme.swift /Users/rukesh/Documents/projects/alarmo/alarmo/alarmo/Features/Timer/PomoDurationPickerSheet.swift /Users/rukesh/Documents/projects/alarmo/alarmo/alarmo/Features/Timer/PomoSettingsView.swift /Users/rukesh/Documents/projects/alarmo/alarmo/alarmo/Features/Timer/PomoTimerView.swift /Users/rukesh/Documents/projects/alarmo/alarmo/alarmo/Features/Timer/PrimaryPlayPauseButton.swift /Users/rukesh/Documents/projects/alarmo/alarmo/alarmo/Features/Timer/SecondaryActionButtonsRow.swift /Users/rukesh/Documents/projects/alarmo/alarmo/alarmo/Features/Timer/StopwatchSettingsView.swift /Users/rukesh/Documents/projects/alarmo/alarmo/alarmo/Features/Timer/StopwatchView.swift /Users/rukesh/Documents/projects/alarmo/alarmo/alarmo/Features/Timer/TagSelectionView.swift /Users/rukesh/Documents/projects/alarmo/alarmo/alarmo/Features/Timer/TaskPillView.swift /Users/rukesh/Documents/projects/alarmo/alarmo/alarmo/Features/Timer/TaskSelectionSheet.swift /Users/rukesh/Documents/projects/alarmo/alarmo/alarmo/Features/Timer/TimerDurationPickerView.swift /Users/rukesh/Documents/projects/alarmo/alarmo/alarmo/Features/Timer/TimerGlassStyle.swift /Users/rukesh/Documents/projects/alarmo/alarmo/alarmo/Features/Timer/TimerModels.swift /Users/rukesh/Documents/projects/alarmo/alarmo/alarmo/Features/Timer/TimerRootView.swift /Users/rukesh/Documents/projects/alarmo/alarmo/alarmo/Features/Timer/TimerViewModel.swift /Users/rukesh/Documents/projects/alarmo/alarmo/alarmo/Features/Timers/TimerPlaceholderView.swift /Users/rukesh/Documents/projects/alarmo/alarmo/alarmo/Features/Upsell/CelebrationOverlayView.swift /Users/rukesh/Documents/projects/alarmo/alarmo/alarmo/Features/Upsell/ConfettiView.swift /Users/rukesh/Documents/projects/alarmo/alarmo/alarmo/Shared/Models/AccountabilityModels.swift /Users/rukesh/Documents/projects/alarmo/alarmo/alarmo/Shared/Models/Alarm.swift /Users/rukesh/Documents/projects/alarmo/alarmo/alarmo/Shared/Models/AlarmDraft.swift (in target 'alarmo' from project 'alarmo')

SwiftCompile normal arm64 /Users/rukesh/Documents/projects/alarmo/alarmo/alarmo/Features/Timer/PomodoroTheme.swift (in target 'alarmo' from project 'alarmo')
    cd /Users/rukesh/Documents/projects/alarmo/alarmo
    

SwiftCompile normal arm64 /Users/rukesh/Documents/projects/alarmo/alarmo/alarmo/Features/Timer/PomoDurationPickerSheet.swift (in target 'alarmo' from project 'alarmo')
    cd /Users/rukesh/Documents/projects/alarmo/alarmo
    

SwiftCompile normal arm64 /Users/rukesh/Documents/projects/alarmo/alarmo/alarmo/Features/Timer/PomoSettingsView.swift (in target 'alarmo' from project 'alarmo')
    cd /Users/rukesh/Documents/projects/alarmo/alarmo
    

SwiftCompile normal arm64 /Users/rukesh/Documents/projects/alarmo/alarmo/alarmo/Features/Timer/PomoTimerView.swift (in target 'alarmo' from project 'alarmo')
    cd /Users/rukesh/Documents/projects/alarmo/alarmo
    

SwiftCompile normal arm64 /Users/rukesh/Documents/projects/alarmo/alarmo/alarmo/Features/Timer/PrimaryPlayPauseButton.swift (in target 'alarmo' from project 'alarmo')
    cd /Users/rukesh/Documents/projects/alarmo/alarmo
    

SwiftCompile normal arm64 /Users/rukesh/Documents/projects/alarmo/alarmo/alarmo/Features/Timer/SecondaryActionButtonsRow.swift (in target 'alarmo' from project 'alarmo')
    cd /Users/rukesh/Documents/projects/alarmo/alarmo
    

SwiftCompile normal arm64 /Users/rukesh/Documents/projects/alarmo/alarmo/alarmo/Features/Timer/StopwatchSettingsView.swift (in target 'alarmo' from project 'alarmo')
    cd /Users/rukesh/Documents/projects/alarmo/alarmo
    

SwiftCompile normal arm64 /Users/rukesh/Documents/projects/alarmo/alarmo/alarmo/Features/Timer/StopwatchView.swift (in target 'alarmo' from project 'alarmo')
    cd /Users/rukesh/Documents/projects/alarmo/alarmo
    

SwiftCompile normal arm64 /Users/rukesh/Documents/projects/alarmo/alarmo/alarmo/Features/Timer/TagSelectionView.swift (in target 'alarmo' from project 'alarmo')
    cd /Users/rukesh/Documents/projects/alarmo/alarmo
    

SwiftCompile normal arm64 /Users/rukesh/Documents/projects/alarmo/alarmo/alarmo/Features/Timer/TaskPillView.swift (in target 'alarmo' from project 'alarmo')
    cd /Users/rukesh/Documents/projects/alarmo/alarmo
    

SwiftCompile normal arm64 /Users/rukesh/Documents/projects/alarmo/alarmo/alarmo/Features/Timer/TaskSelectionSheet.swift (in target 'alarmo' from project 'alarmo')
    cd /Users/rukesh/Documents/projects/alarmo/alarmo
    

SwiftCompile normal arm64 /Users/rukesh/Documents/projects/alarmo/alarmo/alarmo/Features/Timer/TimerDurationPickerView.swift (in target 'alarmo' from project 'alarmo')
    cd /Users/rukesh/Documents/projects/alarmo/alarmo
    

SwiftCompile normal arm64 /Users/rukesh/Documents/projects/alarmo/alarmo/alarmo/Features/Timer/TimerGlassStyle.swift (in target 'alarmo' from project 'alarmo')
    cd /Users/rukesh/Documents/projects/alarmo/alarmo
    

SwiftCompile normal arm64 /Users/rukesh/Documents/projects/alarmo/alarmo/alarmo/Features/Timer/TimerModels.swift (in target 'alarmo' from project 'alarmo')
    cd /Users/rukesh/Documents/projects/alarmo/alarmo
    

SwiftCompile normal arm64 /Users/rukesh/Documents/projects/alarmo/alarmo/alarmo/Features/Timer/TimerRootView.swift (in target 'alarmo' from project 'alarmo')
    cd /Users/rukesh/Documents/projects/alarmo/alarmo
    

SwiftCompile normal arm64 /Users/rukesh/Documents/projects/alarmo/alarmo/alarmo/Features/Timer/TimerViewModel.swift (in target 'alarmo' from project 'alarmo')
    cd /Users/rukesh/Documents/projects/alarmo/alarmo
    

SwiftCompile normal arm64 /Users/rukesh/Documents/projects/alarmo/alarmo/alarmo/Features/Timers/TimerPlaceholderView.swift (in target 'alarmo' from project 'alarmo')
    cd /Users/rukesh/Documents/projects/alarmo/alarmo
    

SwiftCompile normal arm64 /Users/rukesh/Documents/projects/alarmo/alarmo/alarmo/Features/Upsell/CelebrationOverlayView.swift (in target 'alarmo' from project 'alarmo')
    cd /Users/rukesh/Documents/projects/alarmo/alarmo
    

SwiftCompile normal arm64 /Users/rukesh/Documents/projects/alarmo/alarmo/alarmo/Features/Upsell/ConfettiView.swift (in target 'alarmo' from project 'alarmo')
    cd /Users/rukesh/Documents/projects/alarmo/alarmo
    

SwiftCompile normal arm64 /Users/rukesh/Documents/projects/alarmo/alarmo/alarmo/Shared/Models/AccountabilityModels.swift (in target 'alarmo' from project 'alarmo')
    cd /Users/rukesh/Documents/projects/alarmo/alarmo
    

SwiftCompile normal arm64 /Users/rukesh/Documents/projects/alarmo/alarmo/alarmo/Shared/Models/Alarm.swift (in target 'alarmo' from project 'alarmo')
    cd /Users/rukesh/Documents/projects/alarmo/alarmo
    

SwiftCompile normal arm64 /Users/rukesh/Documents/projects/alarmo/alarmo/alarmo/Shared/Models/AlarmDraft.swift (in target 'alarmo' from project 'alarmo')
    cd /Users/rukesh/Documents/projects/alarmo/alarmo
    

SwiftDriverJobDiscovery normal x86_64 Compiling MockActivityPickerSheet.swift, MyPointsView.swift, NotificationSettingsView.swift, PermissionsView.swift, PreventPowerOffView.swift, ProUpsellFlowView.swift, ProView.swift, SettingsComponents.swift, SettingsGlassStyle.swift, SettingsRootView.swift, SignInView.swift, SystemConfigurationView.swift, ViolationCenterView.swift, AppProtectionGuideView.swift, SettingsCoordinator.swift, SettingsStore.swift, AddCountdownPresetView.swift, CountdownEngine.swift, CountdownPresetView.swift, LapStopwatchView.swift, MultiTimerEngine.swift, MultiTimerView.swift (in target 'alarmo' from project 'alarmo')

SwiftCompile normal x86_64 Compiling\ TicTacToeViewModel.swift,\ PhraseSelectionView.swift,\ TypingGameplayViewModel.swift,\ TypingMissionGameplayView.swift,\ TypingMissionModels.swift,\ TypingMissionSettingsView.swift,\ TypingMissionStore.swift,\ MissionComponents.swift,\ MissionPreviewAlarmView.swift,\ MissionSelectionView.swift,\ QuickAlarmTimePickerView.swift,\ QuickAlarmView.swift,\ QuickAlarmViewModel.swift,\ WallpaperThumbnailSmall.swift,\ AlarmRingingView.swift,\ CreateWakeUpAlarmView.swift,\ CreateWakeUpAlarmViewModel.swift,\ DaySelectionUI.swift,\ EmojiPickerView.swift,\ GentleWakeUpPickerView.swift,\ NewAlarmUIComponents.swift,\ NewAlarmUIHelpers.swift,\ SnoozePickerView.swift /Users/rukesh/Documents/projects/alarmo/alarmo/alarmo/Features/Alarms/Missions/TicTacToe/TicTacToeViewModel.swift /Users/rukesh/Documents/projects/alarmo/alarmo/alarmo/Features/Alarms/Missions/Typing/PhraseSelectionView.swift /Users/rukesh/Documents/projects/alarmo/alarmo/alarmo/Features/Alarms/Missions/Typing/TypingGameplayViewModel.swift /Users/rukesh/Documents/projects/alarmo/alarmo/alarmo/Features/Alarms/Missions/Typing/TypingMissionGameplayView.swift /Users/rukesh/Documents/projects/alarmo/alarmo/alarmo/Features/Alarms/Missions/Typing/TypingMissionModels.swift /Users/rukesh/Documents/projects/alarmo/alarmo/alarmo/Features/Alarms/Missions/Typing/TypingMissionSettingsView.swift /Users/rukesh/Documents/projects/alarmo/alarmo/alarmo/Features/Alarms/Missions/Typing/TypingMissionStore.swift /Users/rukesh/Documents/projects/alarmo/alarmo/alarmo/Features/Alarms/Missions/MissionComponents.swift /Users/rukesh/Documents/projects/alarmo/alarmo/alarmo/Features/Alarms/Missions/MissionPreviewAlarmView.swift /Users/rukesh/Documents/projects/alarmo/alarmo/alarmo/Features/Alarms/Missions/MissionSelectionView.swift /Users/rukesh/Documents/projects/alarmo/alarmo/alarmo/Features/Alarms/QuickAlarm/QuickAlarmTimePickerView.swift /Users/rukesh/Documents/projects/alarmo/alarmo/alarmo/Features/Alarms/QuickAlarm/QuickAlarmView.swift /Users/rukesh/Documents/projects/alarmo/alarmo/alarmo/Features/Alarms/QuickAlarm/QuickAlarmViewModel.swift /Users/rukesh/Documents/projects/alarmo/alarmo/alarmo/Features/Alarms/QuickAlarm/WallpaperThumbnailSmall.swift /Users/rukesh/Documents/projects/alarmo/alarmo/alarmo/Features/Alarms/AlarmRingingView.swift /Users/rukesh/Documents/projects/alarmo/alarmo/alarmo/Features/Alarms/CreateWakeUpAlarmView.swift /Users/rukesh/Documents/projects/alarmo/alarmo/alarmo/Features/Alarms/CreateWakeUpAlarmViewModel.swift /Users/rukesh/Documents/projects/alarmo/alarmo/alarmo/Features/Alarms/DaySelectionUI.swift /Users/rukesh/Documents/projects/alarmo/alarmo/alarmo/Features/Alarms/EmojiPickerView.swift /Users/rukesh/Documents/projects/alarmo/alarmo/alarmo/Features/Alarms/GentleWakeUpPickerView.swift /Users/rukesh/Documents/projects/alarmo/alarmo/alarmo/Features/Alarms/NewAlarmUIComponents.swift /Users/rukesh/Documents/projects/alarmo/alarmo/alarmo/Features/Alarms/NewAlarmUIHelpers.swift /Users/rukesh/Documents/projects/alarmo/alarmo/alarmo/Features/Alarms/SnoozePickerView.swift (in target 'alarmo' from project 'alarmo')

SwiftCompile normal x86_64 /Users/rukesh/Documents/projects/alarmo/alarmo/alarmo/Features/Alarms/Missions/TicTacToe/TicTacToeViewModel.swift (in target 'alarmo' from project 'alarmo')
    cd /Users/rukesh/Documents/projects/alarmo/alarmo
    

SwiftCompile normal x86_64 /Users/rukesh/Documents/projects/alarmo/alarmo/alarmo/Features/Alarms/Missions/Typing/PhraseSelectionView.swift (in target 'alarmo' from project 'alarmo')
    cd /Users/rukesh/Documents/projects/alarmo/alarmo
    

SwiftCompile normal x86_64 /Users/rukesh/Documents/projects/alarmo/alarmo/alarmo/Features/Alarms/Missions/Typing/TypingGameplayViewModel.swift (in target 'alarmo' from project 'alarmo')
    cd /Users/rukesh/Documents/projects/alarmo/alarmo
    

SwiftCompile normal x86_64 /Users/rukesh/Documents/projects/alarmo/alarmo/alarmo/Features/Alarms/Missions/Typing/TypingMissionGameplayView.swift (in target 'alarmo' from project 'alarmo')
    cd /Users/rukesh/Documents/projects/alarmo/alarmo
    

SwiftCompile normal x86_64 /Users/rukesh/Documents/projects/alarmo/alarmo/alarmo/Features/Alarms/Missions/Typing/TypingMissionModels.swift (in target 'alarmo' from project 'alarmo')
    cd /Users/rukesh/Documents/projects/alarmo/alarmo
    

SwiftCompile normal x86_64 /Users/rukesh/Documents/projects/alarmo/alarmo/alarmo/Features/Alarms/Missions/Typing/TypingMissionSettingsView.swift (in target 'alarmo' from project 'alarmo')
    cd /Users/rukesh/Documents/projects/alarmo/alarmo
    

SwiftCompile normal x86_64 /Users/rukesh/Documents/projects/alarmo/alarmo/alarmo/Features/Alarms/Missions/Typing/TypingMissionStore.swift (in target 'alarmo' from project 'alarmo')
    cd /Users/rukesh/Documents/projects/alarmo/alarmo
    

SwiftCompile normal x86_64 /Users/rukesh/Documents/projects/alarmo/alarmo/alarmo/Features/Alarms/Missions/MissionComponents.swift (in target 'alarmo' from project 'alarmo')
    cd /Users/rukesh/Documents/projects/alarmo/alarmo
    

SwiftCompile normal x86_64 /Users/rukesh/Documents/projects/alarmo/alarmo/alarmo/Features/Alarms/Missions/MissionPreviewAlarmView.swift (in target 'alarmo' from project 'alarmo')
    cd /Users/rukesh/Documents/projects/alarmo/alarmo
    

SwiftCompile normal x86_64 /Users/rukesh/Documents/projects/alarmo/alarmo/alarmo/Features/Alarms/Missions/MissionSelectionView.swift (in target 'alarmo' from project 'alarmo')
    cd /Users/rukesh/Documents/projects/alarmo/alarmo
    

SwiftCompile normal x86_64 /Users/rukesh/Documents/projects/alarmo/alarmo/alarmo/Features/Alarms/QuickAlarm/QuickAlarmTimePickerView.swift (in target 'alarmo' from project 'alarmo')
    cd /Users/rukesh/Documents/projects/alarmo/alarmo
    

SwiftCompile normal x86_64 /Users/rukesh/Documents/projects/alarmo/alarmo/alarmo/Features/Alarms/QuickAlarm/QuickAlarmView.swift (in target 'alarmo' from project 'alarmo')
    cd /Users/rukesh/Documents/projects/alarmo/alarmo
    

SwiftCompile normal x86_64 /Users/rukesh/Documents/projects/alarmo/alarmo/alarmo/Features/Alarms/QuickAlarm/QuickAlarmViewModel.swift (in target 'alarmo' from project 'alarmo')
    cd /Users/rukesh/Documents/projects/alarmo/alarmo
    

SwiftCompile normal x86_64 /Users/rukesh/Documents/projects/alarmo/alarmo/alarmo/Features/Alarms/QuickAlarm/WallpaperThumbnailSmall.swift (in target 'alarmo' from project 'alarmo')
    cd /Users/rukesh/Documents/projects/alarmo/alarmo
    

SwiftCompile normal x86_64 /Users/rukesh/Documents/projects/alarmo/alarmo/alarmo/Features/Alarms/AlarmRingingView.swift (in target 'alarmo' from project 'alarmo')
    cd /Users/rukesh/Documents/projects/alarmo/alarmo
    

SwiftCompile normal x86_64 /Users/rukesh/Documents/projects/alarmo/alarmo/alarmo/Features/Alarms/CreateWakeUpAlarmView.swift (in target 'alarmo' from project 'alarmo')
    cd /Users/rukesh/Documents/projects/alarmo/alarmo
    

SwiftCompile normal x86_64 /Users/rukesh/Documents/projects/alarmo/alarmo/alarmo/Features/Alarms/CreateWakeUpAlarmViewModel.swift (in target 'alarmo' from project 'alarmo')
    cd /Users/rukesh/Documents/projects/alarmo/alarmo
    

SwiftCompile normal x86_64 /Users/rukesh/Documents/projects/alarmo/alarmo/alarmo/Features/Alarms/DaySelectionUI.swift (in target 'alarmo' from project 'alarmo')
    cd /Users/rukesh/Documents/projects/alarmo/alarmo
    

SwiftCompile normal x86_64 /Users/rukesh/Documents/projects/alarmo/alarmo/alarmo/Features/Alarms/EmojiPickerView.swift (in target 'alarmo' from project 'alarmo')
    cd /Users/rukesh/Documents/projects/alarmo/alarmo
    

SwiftCompile normal x86_64 /Users/rukesh/Documents/projects/alarmo/alarmo/alarmo/Features/Alarms/GentleWakeUpPickerView.swift (in target 'alarmo' from project 'alarmo')
    cd /Users/rukesh/Documents/projects/alarmo/alarmo
    
/Users/rukesh/Documents/projects/alarmo/alarmo/alarmo/Features/Alarms/GentleWakeUpPickerView.swift:167:10: warning: 'onChange(of:perform:)' was deprecated in iOS 17.0: Use `onChange` with a two or zero parameter action closure instead.
        .onChange(of: soundPlayer.isPlaying) { isPlaying in
         ^

SwiftCompile normal x86_64 /Users/rukesh/Documents/projects/alarmo/alarmo/alarmo/Features/Alarms/NewAlarmUIComponents.swift (in target 'alarmo' from project 'alarmo')
    cd /Users/rukesh/Documents/projects/alarmo/alarmo
    

SwiftCompile normal x86_64 /Users/rukesh/Documents/projects/alarmo/alarmo/alarmo/Features/Alarms/NewAlarmUIHelpers.swift (in target 'alarmo' from project 'alarmo')
    cd /Users/rukesh/Documents/projects/alarmo/alarmo
    

SwiftCompile normal x86_64 /Users/rukesh/Documents/projects/alarmo/alarmo/alarmo/Features/Alarms/SnoozePickerView.swift (in target 'alarmo' from project 'alarmo')
    cd /Users/rukesh/Documents/projects/alarmo/alarmo
    

SwiftDriverJobDiscovery normal x86_64 Compiling OnboardingSoundSelectionViewModel.swift, SoundModels.swift, TrackingExplainerView.swift, TrackingExplainerViewModel.swift, OnboardingVolumeSettingsView.swift, OnboardingVolumeSettingsViewModel.swift, ComparisonCardAppView.swift, ComparisonCardOtherAppsView.swift, OnboardingFlowView.swift, OnboardingIntroView.swift, OnboardingPermissionsView.swift, OnboardingSetTimeView.swift, OnboardingStep.swift, OnboardingViewModel.swift, OnboardingWallpaperPreviewView.swift, OnboardingWallpaperSelectionView.swift, CityDetailSheet.swift, CitySearchSheet.swift, OverlapAnalysisSheet.swift, OverlapCity.swift, OverlapStore.swift, OverlapView.swift, ExitDiscountDialogView.swift (in target 'alarmo' from project 'alarmo')

CodeSign /Users/rukesh/Library/Developer/Xcode/DerivedData/alarmo-ceckqxjdtadmywhgpijqujqnffnr/Build/Products/Debug-iphonesimulator/AlarmoWidget.appex (in target 'AlarmoWidget' from project 'alarmo')
    cd /Users/rukesh/Documents/projects/alarmo/alarmo
    
    Signing Identity:     "Sign to Run Locally"
    
    /usr/bin/codesign --force --sign - --timestamp\=none --generate-entitlement-der /Users/rukesh/Library/Developer/Xcode/DerivedData/alarmo-ceckqxjdtadmywhgpijqujqnffnr/Build/Products/Debug-iphonesimulator/AlarmoWidget.appex

SwiftDriverJobDiscovery normal x86_64 Compiling PomodoroTheme.swift, PomoDurationPickerSheet.swift, PomoSettingsView.swift, PomoTimerView.swift, PrimaryPlayPauseButton.swift, SecondaryActionButtonsRow.swift, StopwatchSettingsView.swift, StopwatchView.swift, TagSelectionView.swift, TaskPillView.swift, TaskSelectionSheet.swift, TimerDurationPickerView.swift, TimerGlassStyle.swift, TimerModels.swift, TimerRootView.swift, TimerViewModel.swift, TimerPlaceholderView.swift, CelebrationOverlayView.swift, ConfettiView.swift, AccountabilityModels.swift, Alarm.swift, AlarmDraft.swift (in target 'alarmo' from project 'alarmo')

RegisterExecutionPolicyException /Users/rukesh/Library/Developer/Xcode/DerivedData/alarmo-ceckqxjdtadmywhgpijqujqnffnr/Build/Products/Debug-iphonesimulator/AlarmoWidget.appex (in target 'AlarmoWidget' from project 'alarmo')
    cd /Users/rukesh/Documents/projects/alarmo/alarmo
    builtin-RegisterExecutionPolicyException /Users/rukesh/Library/Developer/Xcode/DerivedData/alarmo-ceckqxjdtadmywhgpijqujqnffnr/Build/Products/Debug-iphonesimulator/AlarmoWidget.appex

Touch /Users/rukesh/Library/Developer/Xcode/DerivedData/alarmo-ceckqxjdtadmywhgpijqujqnffnr/Build/Products/Debug-iphonesimulator/AlarmoWidget.appex (in target 'AlarmoWidget' from project 'alarmo')
    cd /Users/rukesh/Documents/projects/alarmo/alarmo
    /usr/bin/touch -c /Users/rukesh/Library/Developer/Xcode/DerivedData/alarmo-ceckqxjdtadmywhgpijqujqnffnr/Build/Products/Debug-iphonesimulator/AlarmoWidget.appex

CpResource /Users/rukesh/Library/Developer/Xcode/DerivedData/alarmo-ceckqxjdtadmywhgpijqujqnffnr/Build/Products/Debug-iphonesimulator/alarmo.app/sounds /Users/rukesh/Documents/projects/alarmo/alarmo/HostedAssets/sounds (in target 'alarmo' from project 'alarmo')
    cd /Users/rukesh/Documents/projects/alarmo/alarmo
    builtin-copy -exclude .DS_Store -exclude CVS -exclude .svn -exclude .git -exclude .hg -resolve-src-symlinks /Users/rukesh/Documents/projects/alarmo/alarmo/HostedAssets/sounds /Users/rukesh/Library/Developer/Xcode/DerivedData/alarmo-ceckqxjdtadmywhgpijqujqnffnr/Build/Products/Debug-iphonesimulator/alarmo.app

Ld /Users/rukesh/Library/Developer/Xcode/DerivedData/alarmo-ceckqxjdtadmywhgpijqujqnffnr/Build/Intermediates.noindex/alarmo.build/Debug-iphonesimulator/alarmo.build/Objects-normal/x86_64/Binary/__preview.dylib normal x86_64 (in target 'alarmo' from project 'alarmo')
    cd /Users/rukesh/Documents/projects/alarmo/alarmo
    /Applications/Xcode.app/Contents/Developer/Toolchains/XcodeDefault.xctoolchain/usr/bin/clang -Xlinker -reproducible -target x86_64-apple-ios17.0-simulator -dynamiclib -isysroot /Applications/Xcode.app/Contents/Developer/Platforms/iPhoneSimulator.platform/Developer/SDKs/iPhoneSimulator26.2.sdk -O0 -L/Users/rukesh/Library/Developer/Xcode/DerivedData/alarmo-ceckqxjdtadmywhgpijqujqnffnr/Build/Products/Debug-iphonesimulator -F/Users/rukesh/Library/Developer/Xcode/DerivedData/alarmo-ceckqxjdtadmywhgpijqujqnffnr/Build/Products/Debug-iphonesimulator -install_name @rpath/alarmo.debug.dylib -dead_strip -rdynamic -Xlinker -no_deduplicate -Xlinker -objc_abi_version -Xlinker 2 -Xlinker -debug_variant -Xlinker -dependency_info -Xlinker /Users/rukesh/Library/Developer/Xcode/DerivedData/alarmo-ceckqxjdtadmywhgpijqujqnffnr/Build/Intermediates.noindex/alarmo.build/Debug-iphonesimulator/alarmo.build/Objects-normal/x86_64/alarmo_dependency_info.dat -Xlinker -sectcreate -Xlinker __TEXT -Xlinker __entitlements -Xlinker /Users/rukesh/Library/Developer/Xcode/DerivedData/alarmo-ceckqxjdtadmywhgpijqujqnffnr/Build/Intermediates.noindex/alarmo.build/Debug-iphonesimulator/alarmo.build/alarmo.app-Simulated.xcent -Xlinker -sectcreate -Xlinker __TEXT -Xlinker __ents_der -Xlinker /Users/rukesh/Library/Developer/Xcode/DerivedData/alarmo-ceckqxjdtadmywhgpijqujqnffnr/Build/Intermediates.noindex/alarmo.build/Debug-iphonesimulator/alarmo.build/alarmo.app-Simulated.xcent.der -Xlinker -no_adhoc_codesign -o /Users/rukesh/Library/Developer/Xcode/DerivedData/alarmo-ceckqxjdtadmywhgpijqujqnffnr/Build/Intermediates.noindex/alarmo.build/Debug-iphonesimulator/alarmo.build/Objects-normal/x86_64/Binary/__preview.dylib

SwiftDriverJobDiscovery normal x86_64 Compiling SoundPickerView.swift, SoundRecorderView.swift, SpotifyPickerView.swift, SwipeableSoundRow.swift, TimeZonePickerView.swift, WakeUpCheckView.swift, WallpaperPickerView.swift, WeekdayPill.swift, WorldClockData.swift, GamesListView.swift, FloatingAddMenu.swift, HomeView.swift, HomeViewModel.swift, MainTabContainerView.swift, QuickSettingsPanel.swift, MissionRunnerView.swift, MissionOption.swift, MissionRowView.swift, OnboardingMissionView.swift, OnboardingMissionViewModel.swift, WakeUpMissionType.swift, OnboardingState.swift, OnboardingSoundSelectionView.swift (in target 'alarmo' from project 'alarmo')

Ld /Users/rukesh/Library/Developer/Xcode/DerivedData/alarmo-ceckqxjdtadmywhgpijqujqnffnr/Build/Intermediates.noindex/alarmo.build/Debug-iphonesimulator/alarmo.build/Objects-normal/arm64/Binary/__preview.dylib normal arm64 (in target 'alarmo' from project 'alarmo')
    cd /Users/rukesh/Documents/projects/alarmo/alarmo
    /Applications/Xcode.app/Contents/Developer/Toolchains/XcodeDefault.xctoolchain/usr/bin/clang -Xlinker -reproducible -target arm64-apple-ios17.0-simulator -dynamiclib -isysroot /Applications/Xcode.app/Contents/Developer/Platforms/iPhoneSimulator.platform/Developer/SDKs/iPhoneSimulator26.2.sdk -O0 -L/Users/rukesh/Library/Developer/Xcode/DerivedData/alarmo-ceckqxjdtadmywhgpijqujqnffnr/Build/Products/Debug-iphonesimulator -F/Users/rukesh/Library/Developer/Xcode/DerivedData/alarmo-ceckqxjdtadmywhgpijqujqnffnr/Build/Products/Debug-iphonesimulator -install_name @rpath/alarmo.debug.dylib -dead_strip -rdynamic -Xlinker -no_deduplicate -Xlinker -objc_abi_version -Xlinker 2 -Xlinker -debug_variant -Xlinker -dependency_info -Xlinker /Users/rukesh/Library/Developer/Xcode/DerivedData/alarmo-ceckqxjdtadmywhgpijqujqnffnr/Build/Intermediates.noindex/alarmo.build/Debug-iphonesimulator/alarmo.build/Objects-normal/arm64/alarmo_dependency_info.dat -Xlinker -sectcreate -Xlinker __TEXT -Xlinker __entitlements -Xlinker /Users/rukesh/Library/Developer/Xcode/DerivedData/alarmo-ceckqxjdtadmywhgpijqujqnffnr/Build/Intermediates.noindex/alarmo.build/Debug-iphonesimulator/alarmo.build/alarmo.app-Simulated.xcent -Xlinker -sectcreate -Xlinker __TEXT -Xlinker __ents_der -Xlinker /Users/rukesh/Library/Developer/Xcode/DerivedData/alarmo-ceckqxjdtadmywhgpijqujqnffnr/Build/Intermediates.noindex/alarmo.build/Debug-iphonesimulator/alarmo.build/alarmo.app-Simulated.xcent.der -Xlinker -no_adhoc_codesign -o /Users/rukesh/Library/Developer/Xcode/DerivedData/alarmo-ceckqxjdtadmywhgpijqujqnffnr/Build/Intermediates.noindex/alarmo.build/Debug-iphonesimulator/alarmo.build/Objects-normal/arm64/Binary/__preview.dylib

CopyStringsFile /Users/rukesh/Library/Developer/Xcode/DerivedData/alarmo-ceckqxjdtadmywhgpijqujqnffnr/Build/Products/Debug-iphonesimulator/alarmo.app/Localizable.strings /Users/rukesh/Documents/projects/alarmo/alarmo/alarmo/SupportingFiles/Localizable.strings (in target 'alarmo' from project 'alarmo')
    cd /Users/rukesh/Documents/projects/alarmo/alarmo
    builtin-copyStrings --validate --outputencoding binary --outfilename Localizable.strings --outdir /Users/rukesh/Library/Developer/Xcode/DerivedData/alarmo-ceckqxjdtadmywhgpijqujqnffnr/Build/Products/Debug-iphonesimulator/alarmo.app -- /Users/rukesh/Documents/projects/alarmo/alarmo/alarmo/SupportingFiles/Localizable.strings
/Users/rukesh/Documents/projects/alarmo/alarmo/alarmo/SupportingFiles/Localizable.strings:1:1: note: detected encoding of input file as Unicode (UTF-8) (in target 'alarmo' from project 'alarmo')

CopyPlistFile /Users/rukesh/Library/Developer/Xcode/DerivedData/alarmo-ceckqxjdtadmywhgpijqujqnffnr/Build/Products/Debug-iphonesimulator/alarmo.app/SpotifyConfig.plist /Users/rukesh/Documents/projects/alarmo/alarmo/alarmo/SpotifyConfig.plist (in target 'alarmo' from project 'alarmo')
    cd /Users/rukesh/Documents/projects/alarmo/alarmo
    builtin-copyPlist --convert binary1 --outdir /Users/rukesh/Library/Developer/Xcode/DerivedData/alarmo-ceckqxjdtadmywhgpijqujqnffnr/Build/Products/Debug-iphonesimulator/alarmo.app -- /Users/rukesh/Documents/projects/alarmo/alarmo/alarmo/SpotifyConfig.plist

CreateUniversalBinary /Users/rukesh/Library/Developer/Xcode/DerivedData/alarmo-ceckqxjdtadmywhgpijqujqnffnr/Build/Products/Debug-iphonesimulator/alarmo.app/__preview.dylib normal arm64\ x86_64 (in target 'alarmo' from project 'alarmo')
    cd /Users/rukesh/Documents/projects/alarmo/alarmo
    /Applications/Xcode.app/Contents/Developer/Toolchains/XcodeDefault.xctoolchain/usr/bin/lipo -create /Users/rukesh/Library/Developer/Xcode/DerivedData/alarmo-ceckqxjdtadmywhgpijqujqnffnr/Build/Intermediates.noindex/alarmo.build/Debug-iphonesimulator/alarmo.build/Objects-normal/arm64/Binary/__preview.dylib /Users/rukesh/Library/Developer/Xcode/DerivedData/alarmo-ceckqxjdtadmywhgpijqujqnffnr/Build/Intermediates.noindex/alarmo.build/Debug-iphonesimulator/alarmo.build/Objects-normal/x86_64/Binary/__preview.dylib -output /Users/rukesh/Library/Developer/Xcode/DerivedData/alarmo-ceckqxjdtadmywhgpijqujqnffnr/Build/Products/Debug-iphonesimulator/alarmo.app/__preview.dylib

SwiftDriverJobDiscovery normal arm64 Compiling WallpaperCatalogLoader.swift, WallpaperConfig.swift, AlarmRepository.swift, CatalogRepository.swift, SoundCatalogRepository.swift, UserSettingsRepository.swift, CreateHabitAlarmView.swift, CreateHabitAlarmViewModel.swift, FindColorTilesMissionView.swift, FindColorTilesModels.swift, FindColorTilesSettingsView.swift, FindColorTilesViewModel.swift, MathMissionComponents.swift, MathMissionPlayView.swift, MathMissionSettingsView.swift, MathMissionViewModel.swift, MathModels.swift, MathProblemGenerator.swift, MemoryMatchComponents.swift, MemoryMatchEngine.swift, MemoryMatchGameView.swift, MemoryMatchHighScoresView.swift, MemoryMatchModels.swift (in target 'alarmo' from project 'alarmo')

SwiftDriverJobDiscovery normal x86_64 Compiling AccountabilityEnforcementManager.swift, AccountabilityShieldEngine.swift, AppShieldManager.swift, AudioRouteManager.swift, BlockingManager.swift, PenaltyCreditsManager.swift, PenaltyEngine.swift, PenaltyManager.swift, ScreenTimeAuthorizationManager.swift, SubscriptionManager.swift, SettingsModels.swift, KeychainHelper.swift, LocalizationManager.swift, AppListsViewModel.swift, BlockListDetailViewModel.swift, AccountabilityShieldSettingsView.swift, ActivityPickerSheet.swift, AdditionalSettingsViews.swift, AppListsView.swift, BlockedAppsSelectionView.swift, FAQView.swift, FreePlanSettingsBanner.swift (in target 'alarmo' from project 'alarmo')

SwiftDriverJobDiscovery normal arm64 Compiling AccountabilityEnforcementManager.swift, AccountabilityShieldEngine.swift, AppShieldManager.swift, AudioRouteManager.swift, BlockingManager.swift, PenaltyCreditsManager.swift, PenaltyEngine.swift, PenaltyManager.swift, ScreenTimeAuthorizationManager.swift, SubscriptionManager.swift, SettingsModels.swift, KeychainHelper.swift, LocalizationManager.swift, AppListsViewModel.swift, BlockListDetailViewModel.swift, AccountabilityShieldSettingsView.swift, ActivityPickerSheet.swift, AdditionalSettingsViews.swift, AppListsView.swift, BlockedAppsSelectionView.swift, FAQView.swift, FreePlanSettingsBanner.swift (in target 'alarmo' from project 'alarmo')

SwiftDriverJobDiscovery normal arm64 Compiling TicTacToeViewModel.swift, PhraseSelectionView.swift, TypingGameplayViewModel.swift, TypingMissionGameplayView.swift, TypingMissionModels.swift, TypingMissionSettingsView.swift, TypingMissionStore.swift, MissionComponents.swift, MissionPreviewAlarmView.swift, MissionSelectionView.swift, QuickAlarmTimePickerView.swift, QuickAlarmView.swift, QuickAlarmViewModel.swift, WallpaperThumbnailSmall.swift, AlarmRingingView.swift, CreateWakeUpAlarmView.swift, CreateWakeUpAlarmViewModel.swift, DaySelectionUI.swift, EmojiPickerView.swift, GentleWakeUpPickerView.swift, NewAlarmUIComponents.swift, NewAlarmUIHelpers.swift, SnoozePickerView.swift (in target 'alarmo' from project 'alarmo')

SwiftDriverJobDiscovery normal arm64 Compiling MemoryMatchSettingsView.swift, MemoryMatchViewModel.swift, QRBarcodeMissionView.swift, QRBarcodeMissionViewModel.swift, QRBarcodeModels.swift, QRBarcodeSettingsView.swift, QRScannerView.swift, ShakeMissionSettingsView.swift, ShakeMissionView.swift, ShakeMissionViewModel.swift, SquatMissionSettingsView.swift, SquatMissionView.swift, SquatMissionViewModel.swift, StepsMissionSettingsView.swift, StepsMissionView.swift, StepsMissionViewModel.swift, StepsMotionManager.swift, TicTacToeAI.swift, TicTacToeComponents.swift, TicTacToeEngine.swift, TicTacToeGameView.swift, TicTacToeModels.swift, TicTacToeSettingsView.swift (in target 'alarmo' from project 'alarmo')

SwiftDriverJobDiscovery normal arm64 Compiling MockActivityPickerSheet.swift, MyPointsView.swift, NotificationSettingsView.swift, PermissionsView.swift, PreventPowerOffView.swift, ProUpsellFlowView.swift, ProView.swift, SettingsComponents.swift, SettingsGlassStyle.swift, SettingsRootView.swift, SignInView.swift, SystemConfigurationView.swift, ViolationCenterView.swift, AppProtectionGuideView.swift, SettingsCoordinator.swift, SettingsStore.swift, AddCountdownPresetView.swift, CountdownEngine.swift, CountdownPresetView.swift, LapStopwatchView.swift, MultiTimerEngine.swift, MultiTimerView.swift (in target 'alarmo' from project 'alarmo')

SwiftDriverJobDiscovery normal arm64 Compiling OnboardingSoundSelectionViewModel.swift, SoundModels.swift, TrackingExplainerView.swift, TrackingExplainerViewModel.swift, OnboardingVolumeSettingsView.swift, OnboardingVolumeSettingsViewModel.swift, ComparisonCardAppView.swift, ComparisonCardOtherAppsView.swift, OnboardingFlowView.swift, OnboardingIntroView.swift, OnboardingPermissionsView.swift, OnboardingSetTimeView.swift, OnboardingStep.swift, OnboardingViewModel.swift, OnboardingWallpaperPreviewView.swift, OnboardingWallpaperSelectionView.swift, CityDetailSheet.swift, CitySearchSheet.swift, OverlapAnalysisSheet.swift, OverlapCity.swift, OverlapStore.swift, OverlapView.swift, ExitDiscountDialogView.swift (in target 'alarmo' from project 'alarmo')

SwiftDriverJobDiscovery normal x86_64 Compiling TicTacToeViewModel.swift, PhraseSelectionView.swift, TypingGameplayViewModel.swift, TypingMissionGameplayView.swift, TypingMissionModels.swift, TypingMissionSettingsView.swift, TypingMissionStore.swift, MissionComponents.swift, MissionPreviewAlarmView.swift, MissionSelectionView.swift, QuickAlarmTimePickerView.swift, QuickAlarmView.swift, QuickAlarmViewModel.swift, WallpaperThumbnailSmall.swift, AlarmRingingView.swift, CreateWakeUpAlarmView.swift, CreateWakeUpAlarmViewModel.swift, DaySelectionUI.swift, EmojiPickerView.swift, GentleWakeUpPickerView.swift, NewAlarmUIComponents.swift, NewAlarmUIHelpers.swift, SnoozePickerView.swift (in target 'alarmo' from project 'alarmo')

SwiftDriverJobDiscovery normal arm64 Compiling SoundPickerView.swift, SoundRecorderView.swift, SpotifyPickerView.swift, SwipeableSoundRow.swift, TimeZonePickerView.swift, WakeUpCheckView.swift, WallpaperPickerView.swift, WeekdayPill.swift, WorldClockData.swift, GamesListView.swift, FloatingAddMenu.swift, HomeView.swift, HomeViewModel.swift, MainTabContainerView.swift, QuickSettingsPanel.swift, MissionRunnerView.swift, MissionOption.swift, MissionRowView.swift, OnboardingMissionView.swift, OnboardingMissionViewModel.swift, WakeUpMissionType.swift, OnboardingState.swift, OnboardingSoundSelectionView.swift (in target 'alarmo' from project 'alarmo')

SwiftDriverJobDiscovery normal arm64 Compiling PomodoroTheme.swift, PomoDurationPickerSheet.swift, PomoSettingsView.swift, PomoTimerView.swift, PrimaryPlayPauseButton.swift, SecondaryActionButtonsRow.swift, StopwatchSettingsView.swift, StopwatchView.swift, TagSelectionView.swift, TaskPillView.swift, TaskSelectionSheet.swift, TimerDurationPickerView.swift, TimerGlassStyle.swift, TimerModels.swift, TimerRootView.swift, TimerViewModel.swift, TimerPlaceholderView.swift, CelebrationOverlayView.swift, ConfettiView.swift, AccountabilityModels.swift, Alarm.swift, AlarmDraft.swift (in target 'alarmo' from project 'alarmo')

SwiftDriverJobDiscovery normal x86_64 Compiling DiscountPaywallView.swift, DiscountPaywallViewModel.swift, PaywallView.swift, PaywallViewModel.swift, ProPaywallFlowView.swift, OnboardingSoundStubView.swift, OnboardingStep3StubView.swift, CreateHabitGalleryView.swift, CreateNoteView.swift, CreatePlanItemView.swift, PlanDetailSheetViews.swift, PlanFloatingMenu.swift, PlanGlassStyle.swift, PlanItemDetailView.swift, PlanItemOptionsSheet.swift, PlanItemTaskDetailView.swift, PlanView.swift, PlanViewModel.swift, PomoTimerWrapper.swift, ReportComponents.swift, ReportService.swift, ReportView.swift, ReportViewModel.swift (in target 'alarmo' from project 'alarmo')

SwiftDriver\ Compilation alarmo normal x86_64 com.apple.xcode.tools.swift.compiler (in target 'alarmo' from project 'alarmo')
    cd /Users/rukesh/Documents/projects/alarmo/alarmo
    builtin-Swift-Compilation -- /Applications/Xcode.app/Contents/Developer/Toolchains/XcodeDefault.xctoolchain/usr/bin/swiftc -module-name alarmo -Onone -enforce-exclusivity\=checked @/Users/rukesh/Library/Developer/Xcode/DerivedData/alarmo-ceckqxjdtadmywhgpijqujqnffnr/Build/Intermediates.noindex/alarmo.build/Debug-iphonesimulator/alarmo.build/Objects-normal/x86_64/alarmo.SwiftFileList -DDEBUG -default-isolation\=MainActor -enable-bare-slash-regex -enable-upcoming-feature DisableOutwardActorInference -enable-upcoming-feature InferSendableFromCaptures -enable-upcoming-feature GlobalActorIsolatedTypesUsability -enable-upcoming-feature MemberImportVisibility -enable-upcoming-feature InferIsolatedConformances -enable-upcoming-feature NonisolatedNonsendingByDefault -enable-experimental-feature DebugDescriptionMacro -sdk /Applications/Xcode.app/Contents/Developer/Platforms/iPhoneSimulator.platform/Developer/SDKs/iPhoneSimulator26.2.sdk -target x86_64-apple-ios17.0-simulator -g -module-cache-path /Users/rukesh/Library/Developer/Xcode/DerivedData/ModuleCache.noindex -Xfrontend -serialize-debugging-options -profile-coverage-mapping -profile-generate -enable-testing -index-store-path /Users/rukesh/Library/Developer/Xcode/DerivedData/alarmo-ceckqxjdtadmywhgpijqujqnffnr/Index.noindex/DataStore -Xcc -D_LIBCPP_HARDENING_MODE\=_LIBCPP_HARDENING_MODE_DEBUG -swift-version 5 -I /Users/rukesh/Library/Developer/Xcode/DerivedData/alarmo-ceckqxjdtadmywhgpijqujqnffnr/Build/Products/Debug-iphonesimulator -F /Users/rukesh/Library/Developer/Xcode/DerivedData/alarmo-ceckqxjdtadmywhgpijqujqnffnr/Build/Products/Debug-iphonesimulator -emit-localized-strings -emit-localized-strings-path /Users/rukesh/Library/Developer/Xcode/DerivedData/alarmo-ceckqxjdtadmywhgpijqujqnffnr/Build/Intermediates.noindex/alarmo.build/Debug-iphonesimulator/alarmo.build/Objects-normal/x86_64 -c -j14 -enable-batch-mode -incremental -Xcc -ivfsstatcache -Xcc /Users/rukesh/Library/Developer/Xcode/DerivedData/SDKStatCaches.noindex/iphonesimulator26.2-23C53-3885c01c3e6b6a337905948deab2002e7d00a8b37fbd7999ea79df8ebc024bf0.sdkstatcache -output-file-map /Users/rukesh/Library/Developer/Xcode/DerivedData/alarmo-ceckqxjdtadmywhgpijqujqnffnr/Build/Intermediates.noindex/alarmo.build/Debug-iphonesimulator/alarmo.build/Objects-normal/x86_64/alarmo-OutputFileMap.json -use-frontend-parseable-output -save-temps -no-color-diagnostics -explicit-module-build -module-cache-path /Users/rukesh/Library/Developer/Xcode/DerivedData/alarmo-ceckqxjdtadmywhgpijqujqnffnr/Build/Intermediates.noindex/SwiftExplicitPrecompiledModules -clang-scanner-module-cache-path /Users/rukesh/Library/Developer/Xcode/DerivedData/ModuleCache.noindex -sdk-module-cache-path /Users/rukesh/Library/Developer/Xcode/DerivedData/ModuleCache.noindex -serialize-diagnostics -emit-dependencies -emit-module -emit-module-path /Users/rukesh/Library/Developer/Xcode/DerivedData/alarmo-ceckqxjdtadmywhgpijqujqnffnr/Build/Intermediates.noindex/alarmo.build/Debug-iphonesimulator/alarmo.build/Objects-normal/x86_64/alarmo.swiftmodule -validate-clang-modules-once -clang-build-session-file /Users/rukesh/Library/Developer/Xcode/DerivedData/ModuleCache.noindex/Session.modulevalidation -Xcc -I/Users/rukesh/Library/Developer/Xcode/DerivedData/alarmo-ceckqxjdtadmywhgpijqujqnffnr/Build/Intermediates.noindex/alarmo.build/Debug-iphonesimulator/alarmo.build/swift-overrides.hmap -emit-const-values -Xfrontend -const-gather-protocols-file -Xfrontend /Users/rukesh/Library/Developer/Xcode/DerivedData/alarmo-ceckqxjdtadmywhgpijqujqnffnr/Build/Intermediates.noindex/alarmo.build/Debug-iphonesimulator/alarmo.build/Objects-normal/x86_64/alarmo_const_extract_protocols.json -Xcc -iquote -Xcc /Users/rukesh/Library/Developer/Xcode/DerivedData/alarmo-ceckqxjdtadmywhgpijqujqnffnr/Build/Intermediates.noindex/alarmo.build/Debug-iphonesimulator/alarmo.build/alarmo-generated-files.hmap -Xcc -I/Users/rukesh/Library/Developer/Xcode/DerivedData/alarmo-ceckqxjdtadmywhgpijqujqnffnr/Build/Intermediates.noindex/alarmo.build/Debug-iphonesimulator/alarmo.build/alarmo-own-target-headers.hmap -Xcc -I/Users/rukesh/Library/Developer/Xcode/DerivedData/alarmo-ceckqxjdtadmywhgpijqujqnffnr/Build/Intermediates.noindex/alarmo.build/Debug-iphonesimulator/alarmo.build/alarmo-all-target-headers.hmap -Xcc -iquote -Xcc /Users/rukesh/Library/Developer/Xcode/DerivedData/alarmo-ceckqxjdtadmywhgpijqujqnffnr/Build/Intermediates.noindex/alarmo.build/Debug-iphonesimulator/alarmo.build/alarmo-project-headers.hmap -Xcc -I/Users/rukesh/Library/Developer/Xcode/DerivedData/alarmo-ceckqxjdtadmywhgpijqujqnffnr/Build/Products/Debug-iphonesimulator/include -Xcc -I/Users/rukesh/Library/Developer/Xcode/DerivedData/alarmo-ceckqxjdtadmywhgpijqujqnffnr/Build/Intermediates.noindex/alarmo.build/Debug-iphonesimulator/alarmo.build/DerivedSources-normal/x86_64 -Xcc -I/Users/rukesh/Library/Developer/Xcode/DerivedData/alarmo-ceckqxjdtadmywhgpijqujqnffnr/Build/Intermediates.noindex/alarmo.build/Debug-iphonesimulator/alarmo.build/DerivedSources/x86_64 -Xcc -I/Users/rukesh/Library/Developer/Xcode/DerivedData/alarmo-ceckqxjdtadmywhgpijqujqnffnr/Build/Intermediates.noindex/alarmo.build/Debug-iphonesimulator/alarmo.build/DerivedSources -Xcc -DDEBUG\=1 -emit-objc-header -emit-objc-header-path /Users/rukesh/Library/Developer/Xcode/DerivedData/alarmo-ceckqxjdtadmywhgpijqujqnffnr/Build/Intermediates.noindex/alarmo.build/Debug-iphonesimulator/alarmo.build/Objects-normal/x86_64/alarmo-Swift.h -working-directory /Users/rukesh/Documents/projects/alarmo/alarmo -experimental-emit-module-separately -disable-cmo

Ld /Users/rukesh/Library/Developer/Xcode/DerivedData/alarmo-ceckqxjdtadmywhgpijqujqnffnr/Build/Intermediates.noindex/alarmo.build/Debug-iphonesimulator/alarmo.build/Objects-normal/x86_64/Binary/alarmo.debug.dylib normal x86_64 (in target 'alarmo' from project 'alarmo')
    cd /Users/rukesh/Documents/projects/alarmo/alarmo
    /Applications/Xcode.app/Contents/Developer/Toolchains/XcodeDefault.xctoolchain/usr/bin/clang -Xlinker -reproducible -target x86_64-apple-ios17.0-simulator -dynamiclib -isysroot /Applications/Xcode.app/Contents/Developer/Platforms/iPhoneSimulator.platform/Developer/SDKs/iPhoneSimulator26.2.sdk -O0 -L/Users/rukesh/Library/Developer/Xcode/DerivedData/alarmo-ceckqxjdtadmywhgpijqujqnffnr/Build/Intermediates.noindex/EagerLinkingTBDs/Debug-iphonesimulator -L/Users/rukesh/Library/Developer/Xcode/DerivedData/alarmo-ceckqxjdtadmywhgpijqujqnffnr/Build/Products/Debug-iphonesimulator -F/Users/rukesh/Library/Developer/Xcode/DerivedData/alarmo-ceckqxjdtadmywhgpijqujqnffnr/Build/Intermediates.noindex/EagerLinkingTBDs/Debug-iphonesimulator -F/Users/rukesh/Library/Developer/Xcode/DerivedData/alarmo-ceckqxjdtadmywhgpijqujqnffnr/Build/Products/Debug-iphonesimulator -filelist /Users/rukesh/Library/Developer/Xcode/DerivedData/alarmo-ceckqxjdtadmywhgpijqujqnffnr/Build/Intermediates.noindex/alarmo.build/Debug-iphonesimulator/alarmo.build/Objects-normal/x86_64/alarmo.LinkFileList -install_name @rpath/alarmo.debug.dylib -Xlinker -rpath -Xlinker /usr/lib/swift -Xlinker -rpath -Xlinker @executable_path/Frameworks -dead_strip -Xlinker -object_path_lto -Xlinker /Users/rukesh/Library/Developer/Xcode/DerivedData/alarmo-ceckqxjdtadmywhgpijqujqnffnr/Build/Intermediates.noindex/alarmo.build/Debug-iphonesimulator/alarmo.build/Objects-normal/x86_64/alarmo_lto.o -rdynamic -Xlinker -no_deduplicate -Xlinker -objc_abi_version -Xlinker 2 -Xlinker -debug_variant -Xlinker -dependency_info -Xlinker /Users/rukesh/Library/Developer/Xcode/DerivedData/alarmo-ceckqxjdtadmywhgpijqujqnffnr/Build/Intermediates.noindex/alarmo.build/Debug-iphonesimulator/alarmo.build/Objects-normal/x86_64/alarmo_dependency_info.dat -fobjc-link-runtime -fprofile-instr-generate -L/Applications/Xcode.app/Contents/Developer/Toolchains/XcodeDefault.xctoolchain/usr/lib/swift/iphonesimulator -L/usr/lib/swift -Xlinker -add_ast_path -Xlinker /Users/rukesh/Library/Developer/Xcode/DerivedData/alarmo-ceckqxjdtadmywhgpijqujqnffnr/Build/Intermediates.noindex/alarmo.build/Debug-iphonesimulator/alarmo.build/Objects-normal/x86_64/alarmo.swiftmodule @/Users/rukesh/Library/Developer/Xcode/DerivedData/alarmo-ceckqxjdtadmywhgpijqujqnffnr/Build/Intermediates.noindex/alarmo.build/Debug-iphonesimulator/alarmo.build/Objects-normal/x86_64/alarmo-linker-args.resp -Xlinker -alias -Xlinker _main -Xlinker ___debug_main_executable_dylib_entry_point -Xlinker -no_adhoc_codesign -o /Users/rukesh/Library/Developer/Xcode/DerivedData/alarmo-ceckqxjdtadmywhgpijqujqnffnr/Build/Intermediates.noindex/alarmo.build/Debug-iphonesimulator/alarmo.build/Objects-normal/x86_64/Binary/alarmo.debug.dylib

ConstructStubExecutorLinkFileList /Users/rukesh/Library/Developer/Xcode/DerivedData/alarmo-ceckqxjdtadmywhgpijqujqnffnr/Build/Intermediates.noindex/alarmo.build/Debug-iphonesimulator/alarmo.build/alarmo-ExecutorLinkFileList-normal-x86_64.txt (in target 'alarmo' from project 'alarmo')
    cd /Users/rukesh/Documents/projects/alarmo/alarmo
    construct-stub-executor-link-file-list /Users/rukesh/Library/Developer/Xcode/DerivedData/alarmo-ceckqxjdtadmywhgpijqujqnffnr/Build/Intermediates.noindex/alarmo.build/Debug-iphonesimulator/alarmo.build/Objects-normal/x86_64/Binary/alarmo.debug.dylib /Applications/Xcode.app/Contents/Developer/Platforms/iPhoneSimulator.platform/Developer/usr/lib/libPreviewsJITStubExecutor_no_swift_entry_point.a /Applications/Xcode.app/Contents/Developer/Platforms/iPhoneSimulator.platform/Developer/usr/lib/libPreviewsJITStubExecutor.a --output /Users/rukesh/Library/Developer/Xcode/DerivedData/alarmo-ceckqxjdtadmywhgpijqujqnffnr/Build/Intermediates.noindex/alarmo.build/Debug-iphonesimulator/alarmo.build/alarmo-ExecutorLinkFileList-normal-x86_64.txt
note: Using stub executor library with Swift entry point. (in target 'alarmo' from project 'alarmo')

Ld /Users/rukesh/Library/Developer/Xcode/DerivedData/alarmo-ceckqxjdtadmywhgpijqujqnffnr/Build/Intermediates.noindex/alarmo.build/Debug-iphonesimulator/alarmo.build/Objects-normal/x86_64/Binary/alarmo normal x86_64 (in target 'alarmo' from project 'alarmo')
    cd /Users/rukesh/Documents/projects/alarmo/alarmo
    /Applications/Xcode.app/Contents/Developer/Toolchains/XcodeDefault.xctoolchain/usr/bin/clang -Xlinker -reproducible -target x86_64-apple-ios17.0-simulator -isysroot /Applications/Xcode.app/Contents/Developer/Platforms/iPhoneSimulator.platform/Developer/SDKs/iPhoneSimulator26.2.sdk -O0 -L/Users/rukesh/Library/Developer/Xcode/DerivedData/alarmo-ceckqxjdtadmywhgpijqujqnffnr/Build/Products/Debug-iphonesimulator -F/Users/rukesh/Library/Developer/Xcode/DerivedData/alarmo-ceckqxjdtadmywhgpijqujqnffnr/Build/Products/Debug-iphonesimulator -Xlinker -rpath -Xlinker @executable_path -Xlinker -rpath -Xlinker @executable_path/Frameworks -rdynamic -Xlinker -no_deduplicate -Xlinker -objc_abi_version -Xlinker 2 -Xlinker -debug_variant -e ___debug_blank_executor_main -Xlinker -sectcreate -Xlinker __TEXT -Xlinker __debug_dylib -Xlinker /Users/rukesh/Library/Developer/Xcode/DerivedData/alarmo-ceckqxjdtadmywhgpijqujqnffnr/Build/Intermediates.noindex/alarmo.build/Debug-iphonesimulator/alarmo.build/alarmo-DebugDylibPath-normal-x86_64.txt -Xlinker -sectcreate -Xlinker __TEXT -Xlinker __debug_instlnm -Xlinker /Users/rukesh/Library/Developer/Xcode/DerivedData/alarmo-ceckqxjdtadmywhgpijqujqnffnr/Build/Intermediates.noindex/alarmo.build/Debug-iphonesimulator/alarmo.build/alarmo-DebugDylibInstallName-normal-x86_64.txt -Xlinker -filelist -Xlinker /Users/rukesh/Library/Developer/Xcode/DerivedData/alarmo-ceckqxjdtadmywhgpijqujqnffnr/Build/Intermediates.noindex/alarmo.build/Debug-iphonesimulator/alarmo.build/alarmo-ExecutorLinkFileList-normal-x86_64.txt -Xlinker -sectcreate -Xlinker __TEXT -Xlinker __entitlements -Xlinker /Users/rukesh/Library/Developer/Xcode/DerivedData/alarmo-ceckqxjdtadmywhgpijqujqnffnr/Build/Intermediates.noindex/alarmo.build/Debug-iphonesimulator/alarmo.build/alarmo.app-Simulated.xcent -Xlinker -sectcreate -Xlinker __TEXT -Xlinker __ents_der -Xlinker /Users/rukesh/Library/Developer/Xcode/DerivedData/alarmo-ceckqxjdtadmywhgpijqujqnffnr/Build/Intermediates.noindex/alarmo.build/Debug-iphonesimulator/alarmo.build/alarmo.app-Simulated.xcent.der /Users/rukesh/Library/Developer/Xcode/DerivedData/alarmo-ceckqxjdtadmywhgpijqujqnffnr/Build/Intermediates.noindex/alarmo.build/Debug-iphonesimulator/alarmo.build/Objects-normal/x86_64/Binary/alarmo.debug.dylib -Xlinker -no_adhoc_codesign -o /Users/rukesh/Library/Developer/Xcode/DerivedData/alarmo-ceckqxjdtadmywhgpijqujqnffnr/Build/Intermediates.noindex/alarmo.build/Debug-iphonesimulator/alarmo.build/Objects-normal/x86_64/Binary/alarmo

SwiftDriverJobDiscovery normal arm64 Compiling DiscountPaywallView.swift, DiscountPaywallViewModel.swift, PaywallView.swift, PaywallViewModel.swift, ProPaywallFlowView.swift, OnboardingSoundStubView.swift, OnboardingStep3StubView.swift, CreateHabitGalleryView.swift, CreateNoteView.swift, CreatePlanItemView.swift, PlanDetailSheetViews.swift, PlanFloatingMenu.swift, PlanGlassStyle.swift, PlanItemDetailView.swift, PlanItemOptionsSheet.swift, PlanItemTaskDetailView.swift, PlanView.swift, PlanViewModel.swift, PomoTimerWrapper.swift, ReportComponents.swift, ReportService.swift, ReportView.swift, ReportViewModel.swift (in target 'alarmo' from project 'alarmo')

SwiftDriver\ Compilation alarmo normal arm64 com.apple.xcode.tools.swift.compiler (in target 'alarmo' from project 'alarmo')
    cd /Users/rukesh/Documents/projects/alarmo/alarmo
    builtin-Swift-Compilation -- /Applications/Xcode.app/Contents/Developer/Toolchains/XcodeDefault.xctoolchain/usr/bin/swiftc -module-name alarmo -Onone -enforce-exclusivity\=checked @/Users/rukesh/Library/Developer/Xcode/DerivedData/alarmo-ceckqxjdtadmywhgpijqujqnffnr/Build/Intermediates.noindex/alarmo.build/Debug-iphonesimulator/alarmo.build/Objects-normal/arm64/alarmo.SwiftFileList -DDEBUG -default-isolation\=MainActor -enable-bare-slash-regex -enable-upcoming-feature DisableOutwardActorInference -enable-upcoming-feature InferSendableFromCaptures -enable-upcoming-feature GlobalActorIsolatedTypesUsability -enable-upcoming-feature MemberImportVisibility -enable-upcoming-feature InferIsolatedConformances -enable-upcoming-feature NonisolatedNonsendingByDefault -enable-experimental-feature DebugDescriptionMacro -sdk /Applications/Xcode.app/Contents/Developer/Platforms/iPhoneSimulator.platform/Developer/SDKs/iPhoneSimulator26.2.sdk -target arm64-apple-ios17.0-simulator -g -module-cache-path /Users/rukesh/Library/Developer/Xcode/DerivedData/ModuleCache.noindex -Xfrontend -serialize-debugging-options -profile-coverage-mapping -profile-generate -enable-testing -index-store-path /Users/rukesh/Library/Developer/Xcode/DerivedData/alarmo-ceckqxjdtadmywhgpijqujqnffnr/Index.noindex/DataStore -Xcc -D_LIBCPP_HARDENING_MODE\=_LIBCPP_HARDENING_MODE_DEBUG -swift-version 5 -I /Users/rukesh/Library/Developer/Xcode/DerivedData/alarmo-ceckqxjdtadmywhgpijqujqnffnr/Build/Products/Debug-iphonesimulator -F /Users/rukesh/Library/Developer/Xcode/DerivedData/alarmo-ceckqxjdtadmywhgpijqujqnffnr/Build/Products/Debug-iphonesimulator -emit-localized-strings -emit-localized-strings-path /Users/rukesh/Library/Developer/Xcode/DerivedData/alarmo-ceckqxjdtadmywhgpijqujqnffnr/Build/Intermediates.noindex/alarmo.build/Debug-iphonesimulator/alarmo.build/Objects-normal/arm64 -c -j14 -enable-batch-mode -incremental -Xcc -ivfsstatcache -Xcc /Users/rukesh/Library/Developer/Xcode/DerivedData/SDKStatCaches.noindex/iphonesimulator26.2-23C53-3885c01c3e6b6a337905948deab2002e7d00a8b37fbd7999ea79df8ebc024bf0.sdkstatcache -output-file-map /Users/rukesh/Library/Developer/Xcode/DerivedData/alarmo-ceckqxjdtadmywhgpijqujqnffnr/Build/Intermediates.noindex/alarmo.build/Debug-iphonesimulator/alarmo.build/Objects-normal/arm64/alarmo-OutputFileMap.json -use-frontend-parseable-output -save-temps -no-color-diagnostics -explicit-module-build -module-cache-path /Users/rukesh/Library/Developer/Xcode/DerivedData/alarmo-ceckqxjdtadmywhgpijqujqnffnr/Build/Intermediates.noindex/SwiftExplicitPrecompiledModules -clang-scanner-module-cache-path /Users/rukesh/Library/Developer/Xcode/DerivedData/ModuleCache.noindex -sdk-module-cache-path /Users/rukesh/Library/Developer/Xcode/DerivedData/ModuleCache.noindex -serialize-diagnostics -emit-dependencies -emit-module -emit-module-path /Users/rukesh/Library/Developer/Xcode/DerivedData/alarmo-ceckqxjdtadmywhgpijqujqnffnr/Build/Intermediates.noindex/alarmo.build/Debug-iphonesimulator/alarmo.build/Objects-normal/arm64/alarmo.swiftmodule -validate-clang-modules-once -clang-build-session-file /Users/rukesh/Library/Developer/Xcode/DerivedData/ModuleCache.noindex/Session.modulevalidation -Xcc -I/Users/rukesh/Library/Developer/Xcode/DerivedData/alarmo-ceckqxjdtadmywhgpijqujqnffnr/Build/Intermediates.noindex/alarmo.build/Debug-iphonesimulator/alarmo.build/swift-overrides.hmap -emit-const-values -Xfrontend -const-gather-protocols-file -Xfrontend /Users/rukesh/Library/Developer/Xcode/DerivedData/alarmo-ceckqxjdtadmywhgpijqujqnffnr/Build/Intermediates.noindex/alarmo.build/Debug-iphonesimulator/alarmo.build/Objects-normal/arm64/alarmo_const_extract_protocols.json -Xcc -iquote -Xcc /Users/rukesh/Library/Developer/Xcode/DerivedData/alarmo-ceckqxjdtadmywhgpijqujqnffnr/Build/Intermediates.noindex/alarmo.build/Debug-iphonesimulator/alarmo.build/alarmo-generated-files.hmap -Xcc -I/Users/rukesh/Library/Developer/Xcode/DerivedData/alarmo-ceckqxjdtadmywhgpijqujqnffnr/Build/Intermediates.noindex/alarmo.build/Debug-iphonesimulator/alarmo.build/alarmo-own-target-headers.hmap -Xcc -I/Users/rukesh/Library/Developer/Xcode/DerivedData/alarmo-ceckqxjdtadmywhgpijqujqnffnr/Build/Intermediates.noindex/alarmo.build/Debug-iphonesimulator/alarmo.build/alarmo-all-target-headers.hmap -Xcc -iquote -Xcc /Users/rukesh/Library/Developer/Xcode/DerivedData/alarmo-ceckqxjdtadmywhgpijqujqnffnr/Build/Intermediates.noindex/alarmo.build/Debug-iphonesimulator/alarmo.build/alarmo-project-headers.hmap -Xcc -I/Users/rukesh/Library/Developer/Xcode/DerivedData/alarmo-ceckqxjdtadmywhgpijqujqnffnr/Build/Products/Debug-iphonesimulator/include -Xcc -I/Users/rukesh/Library/Developer/Xcode/DerivedData/alarmo-ceckqxjdtadmywhgpijqujqnffnr/Build/Intermediates.noindex/alarmo.build/Debug-iphonesimulator/alarmo.build/DerivedSources-normal/arm64 -Xcc -I/Users/rukesh/Library/Developer/Xcode/DerivedData/alarmo-ceckqxjdtadmywhgpijqujqnffnr/Build/Intermediates.noindex/alarmo.build/Debug-iphonesimulator/alarmo.build/DerivedSources/arm64 -Xcc -I/Users/rukesh/Library/Developer/Xcode/DerivedData/alarmo-ceckqxjdtadmywhgpijqujqnffnr/Build/Intermediates.noindex/alarmo.build/Debug-iphonesimulator/alarmo.build/DerivedSources -Xcc -DDEBUG\=1 -emit-objc-header -emit-objc-header-path /Users/rukesh/Library/Developer/Xcode/DerivedData/alarmo-ceckqxjdtadmywhgpijqujqnffnr/Build/Intermediates.noindex/alarmo.build/Debug-iphonesimulator/alarmo.build/Objects-normal/arm64/alarmo-Swift.h -working-directory /Users/rukesh/Documents/projects/alarmo/alarmo -experimental-emit-module-separately -disable-cmo

Ld /Users/rukesh/Library/Developer/Xcode/DerivedData/alarmo-ceckqxjdtadmywhgpijqujqnffnr/Build/Intermediates.noindex/alarmo.build/Debug-iphonesimulator/alarmo.build/Objects-normal/arm64/Binary/alarmo.debug.dylib normal arm64 (in target 'alarmo' from project 'alarmo')
    cd /Users/rukesh/Documents/projects/alarmo/alarmo
    /Applications/Xcode.app/Contents/Developer/Toolchains/XcodeDefault.xctoolchain/usr/bin/clang -Xlinker -reproducible -target arm64-apple-ios17.0-simulator -dynamiclib -isysroot /Applications/Xcode.app/Contents/Developer/Platforms/iPhoneSimulator.platform/Developer/SDKs/iPhoneSimulator26.2.sdk -O0 -L/Users/rukesh/Library/Developer/Xcode/DerivedData/alarmo-ceckqxjdtadmywhgpijqujqnffnr/Build/Intermediates.noindex/EagerLinkingTBDs/Debug-iphonesimulator -L/Users/rukesh/Library/Developer/Xcode/DerivedData/alarmo-ceckqxjdtadmywhgpijqujqnffnr/Build/Products/Debug-iphonesimulator -F/Users/rukesh/Library/Developer/Xcode/DerivedData/alarmo-ceckqxjdtadmywhgpijqujqnffnr/Build/Intermediates.noindex/EagerLinkingTBDs/Debug-iphonesimulator -F/Users/rukesh/Library/Developer/Xcode/DerivedData/alarmo-ceckqxjdtadmywhgpijqujqnffnr/Build/Products/Debug-iphonesimulator -filelist /Users/rukesh/Library/Developer/Xcode/DerivedData/alarmo-ceckqxjdtadmywhgpijqujqnffnr/Build/Intermediates.noindex/alarmo.build/Debug-iphonesimulator/alarmo.build/Objects-normal/arm64/alarmo.LinkFileList -install_name @rpath/alarmo.debug.dylib -Xlinker -rpath -Xlinker /usr/lib/swift -Xlinker -rpath -Xlinker @executable_path/Frameworks -dead_strip -Xlinker -object_path_lto -Xlinker /Users/rukesh/Library/Developer/Xcode/DerivedData/alarmo-ceckqxjdtadmywhgpijqujqnffnr/Build/Intermediates.noindex/alarmo.build/Debug-iphonesimulator/alarmo.build/Objects-normal/arm64/alarmo_lto.o -rdynamic -Xlinker -no_deduplicate -Xlinker -objc_abi_version -Xlinker 2 -Xlinker -debug_variant -Xlinker -dependency_info -Xlinker /Users/rukesh/Library/Developer/Xcode/DerivedData/alarmo-ceckqxjdtadmywhgpijqujqnffnr/Build/Intermediates.noindex/alarmo.build/Debug-iphonesimulator/alarmo.build/Objects-normal/arm64/alarmo_dependency_info.dat -fobjc-link-runtime -fprofile-instr-generate -L/Applications/Xcode.app/Contents/Developer/Toolchains/XcodeDefault.xctoolchain/usr/lib/swift/iphonesimulator -L/usr/lib/swift -Xlinker -add_ast_path -Xlinker /Users/rukesh/Library/Developer/Xcode/DerivedData/alarmo-ceckqxjdtadmywhgpijqujqnffnr/Build/Intermediates.noindex/alarmo.build/Debug-iphonesimulator/alarmo.build/Objects-normal/arm64/alarmo.swiftmodule @/Users/rukesh/Library/Developer/Xcode/DerivedData/alarmo-ceckqxjdtadmywhgpijqujqnffnr/Build/Intermediates.noindex/alarmo.build/Debug-iphonesimulator/alarmo.build/Objects-normal/arm64/alarmo-linker-args.resp -Xlinker -alias -Xlinker _main -Xlinker ___debug_main_executable_dylib_entry_point -Xlinker -no_adhoc_codesign -o /Users/rukesh/Library/Developer/Xcode/DerivedData/alarmo-ceckqxjdtadmywhgpijqujqnffnr/Build/Intermediates.noindex/alarmo.build/Debug-iphonesimulator/alarmo.build/Objects-normal/arm64/Binary/alarmo.debug.dylib

CreateUniversalBinary /Users/rukesh/Library/Developer/Xcode/DerivedData/alarmo-ceckqxjdtadmywhgpijqujqnffnr/Build/Products/Debug-iphonesimulator/alarmo.app/alarmo.debug.dylib normal arm64\ x86_64 (in target 'alarmo' from project 'alarmo')
    cd /Users/rukesh/Documents/projects/alarmo/alarmo
    /Applications/Xcode.app/Contents/Developer/Toolchains/XcodeDefault.xctoolchain/usr/bin/lipo -create /Users/rukesh/Library/Developer/Xcode/DerivedData/alarmo-ceckqxjdtadmywhgpijqujqnffnr/Build/Intermediates.noindex/alarmo.build/Debug-iphonesimulator/alarmo.build/Objects-normal/arm64/Binary/alarmo.debug.dylib /Users/rukesh/Library/Developer/Xcode/DerivedData/alarmo-ceckqxjdtadmywhgpijqujqnffnr/Build/Intermediates.noindex/alarmo.build/Debug-iphonesimulator/alarmo.build/Objects-normal/x86_64/Binary/alarmo.debug.dylib -output /Users/rukesh/Library/Developer/Xcode/DerivedData/alarmo-ceckqxjdtadmywhgpijqujqnffnr/Build/Products/Debug-iphonesimulator/alarmo.app/alarmo.debug.dylib

ConstructStubExecutorLinkFileList /Users/rukesh/Library/Developer/Xcode/DerivedData/alarmo-ceckqxjdtadmywhgpijqujqnffnr/Build/Intermediates.noindex/alarmo.build/Debug-iphonesimulator/alarmo.build/alarmo-ExecutorLinkFileList-normal-arm64.txt (in target 'alarmo' from project 'alarmo')
    cd /Users/rukesh/Documents/projects/alarmo/alarmo
    construct-stub-executor-link-file-list /Users/rukesh/Library/Developer/Xcode/DerivedData/alarmo-ceckqxjdtadmywhgpijqujqnffnr/Build/Intermediates.noindex/alarmo.build/Debug-iphonesimulator/alarmo.build/Objects-normal/arm64/Binary/alarmo.debug.dylib /Applications/Xcode.app/Contents/Developer/Platforms/iPhoneSimulator.platform/Developer/usr/lib/libPreviewsJITStubExecutor_no_swift_entry_point.a /Applications/Xcode.app/Contents/Developer/Platforms/iPhoneSimulator.platform/Developer/usr/lib/libPreviewsJITStubExecutor.a --output /Users/rukesh/Library/Developer/Xcode/DerivedData/alarmo-ceckqxjdtadmywhgpijqujqnffnr/Build/Intermediates.noindex/alarmo.build/Debug-iphonesimulator/alarmo.build/alarmo-ExecutorLinkFileList-normal-arm64.txt
note: Using stub executor library with Swift entry point. (in target 'alarmo' from project 'alarmo')

Ld /Users/rukesh/Library/Developer/Xcode/DerivedData/alarmo-ceckqxjdtadmywhgpijqujqnffnr/Build/Intermediates.noindex/alarmo.build/Debug-iphonesimulator/alarmo.build/Objects-normal/arm64/Binary/alarmo normal arm64 (in target 'alarmo' from project 'alarmo')
    cd /Users/rukesh/Documents/projects/alarmo/alarmo
    /Applications/Xcode.app/Contents/Developer/Toolchains/XcodeDefault.xctoolchain/usr/bin/clang -Xlinker -reproducible -target arm64-apple-ios17.0-simulator -isysroot /Applications/Xcode.app/Contents/Developer/Platforms/iPhoneSimulator.platform/Developer/SDKs/iPhoneSimulator26.2.sdk -O0 -L/Users/rukesh/Library/Developer/Xcode/DerivedData/alarmo-ceckqxjdtadmywhgpijqujqnffnr/Build/Products/Debug-iphonesimulator -F/Users/rukesh/Library/Developer/Xcode/DerivedData/alarmo-ceckqxjdtadmywhgpijqujqnffnr/Build/Products/Debug-iphonesimulator -Xlinker -rpath -Xlinker @executable_path -Xlinker -rpath -Xlinker @executable_path/Frameworks -rdynamic -Xlinker -no_deduplicate -Xlinker -objc_abi_version -Xlinker 2 -Xlinker -debug_variant -e ___debug_blank_executor_main -Xlinker -sectcreate -Xlinker __TEXT -Xlinker __debug_dylib -Xlinker /Users/rukesh/Library/Developer/Xcode/DerivedData/alarmo-ceckqxjdtadmywhgpijqujqnffnr/Build/Intermediates.noindex/alarmo.build/Debug-iphonesimulator/alarmo.build/alarmo-DebugDylibPath-normal-arm64.txt -Xlinker -sectcreate -Xlinker __TEXT -Xlinker __debug_instlnm -Xlinker /Users/rukesh/Library/Developer/Xcode/DerivedData/alarmo-ceckqxjdtadmywhgpijqujqnffnr/Build/Intermediates.noindex/alarmo.build/Debug-iphonesimulator/alarmo.build/alarmo-DebugDylibInstallName-normal-arm64.txt -Xlinker -filelist -Xlinker /Users/rukesh/Library/Developer/Xcode/DerivedData/alarmo-ceckqxjdtadmywhgpijqujqnffnr/Build/Intermediates.noindex/alarmo.build/Debug-iphonesimulator/alarmo.build/alarmo-ExecutorLinkFileList-normal-arm64.txt -Xlinker -sectcreate -Xlinker __TEXT -Xlinker __entitlements -Xlinker /Users/rukesh/Library/Developer/Xcode/DerivedData/alarmo-ceckqxjdtadmywhgpijqujqnffnr/Build/Intermediates.noindex/alarmo.build/Debug-iphonesimulator/alarmo.build/alarmo.app-Simulated.xcent -Xlinker -sectcreate -Xlinker __TEXT -Xlinker __ents_der -Xlinker /Users/rukesh/Library/Developer/Xcode/DerivedData/alarmo-ceckqxjdtadmywhgpijqujqnffnr/Build/Intermediates.noindex/alarmo.build/Debug-iphonesimulator/alarmo.build/alarmo.app-Simulated.xcent.der /Users/rukesh/Library/Developer/Xcode/DerivedData/alarmo-ceckqxjdtadmywhgpijqujqnffnr/Build/Intermediates.noindex/alarmo.build/Debug-iphonesimulator/alarmo.build/Objects-normal/arm64/Binary/alarmo.debug.dylib -Xlinker -no_adhoc_codesign -o /Users/rukesh/Library/Developer/Xcode/DerivedData/alarmo-ceckqxjdtadmywhgpijqujqnffnr/Build/Intermediates.noindex/alarmo.build/Debug-iphonesimulator/alarmo.build/Objects-normal/arm64/Binary/alarmo

CreateUniversalBinary /Users/rukesh/Library/Developer/Xcode/DerivedData/alarmo-ceckqxjdtadmywhgpijqujqnffnr/Build/Products/Debug-iphonesimulator/alarmo.app/alarmo normal arm64\ x86_64 (in target 'alarmo' from project 'alarmo')
    cd /Users/rukesh/Documents/projects/alarmo/alarmo
    /Applications/Xcode.app/Contents/Developer/Toolchains/XcodeDefault.xctoolchain/usr/bin/lipo -create /Users/rukesh/Library/Developer/Xcode/DerivedData/alarmo-ceckqxjdtadmywhgpijqujqnffnr/Build/Intermediates.noindex/alarmo.build/Debug-iphonesimulator/alarmo.build/Objects-normal/arm64/Binary/alarmo /Users/rukesh/Library/Developer/Xcode/DerivedData/alarmo-ceckqxjdtadmywhgpijqujqnffnr/Build/Intermediates.noindex/alarmo.build/Debug-iphonesimulator/alarmo.build/Objects-normal/x86_64/Binary/alarmo -output /Users/rukesh/Library/Developer/Xcode/DerivedData/alarmo-ceckqxjdtadmywhgpijqujqnffnr/Build/Products/Debug-iphonesimulator/alarmo.app/alarmo

Copy /Users/rukesh/Library/Developer/Xcode/DerivedData/alarmo-ceckqxjdtadmywhgpijqujqnffnr/Build/Products/Debug-iphonesimulator/alarmo.app/PlugIns/AlarmoShieldUI.appex /Users/rukesh/Library/Developer/Xcode/DerivedData/alarmo-ceckqxjdtadmywhgpijqujqnffnr/Build/Products/Debug-iphonesimulator/AlarmoShieldUI.appex (in target 'alarmo' from project 'alarmo')
    cd /Users/rukesh/Documents/projects/alarmo/alarmo
    builtin-copy -exclude .DS_Store -exclude CVS -exclude .svn -exclude .git -exclude .hg -exclude Headers -exclude PrivateHeaders -exclude Modules -exclude \*.tbd -resolve-src-symlinks -remove-static-executable /Users/rukesh/Library/Developer/Xcode/DerivedData/alarmo-ceckqxjdtadmywhgpijqujqnffnr/Build/Products/Debug-iphonesimulator/AlarmoShieldUI.appex /Users/rukesh/Library/Developer/Xcode/DerivedData/alarmo-ceckqxjdtadmywhgpijqujqnffnr/Build/Products/Debug-iphonesimulator/alarmo.app/PlugIns

Copy /Users/rukesh/Library/Developer/Xcode/DerivedData/alarmo-ceckqxjdtadmywhgpijqujqnffnr/Build/Products/Debug-iphonesimulator/alarmo.app/PlugIns/AlarmoWidget.appex /Users/rukesh/Library/Developer/Xcode/DerivedData/alarmo-ceckqxjdtadmywhgpijqujqnffnr/Build/Products/Debug-iphonesimulator/AlarmoWidget.appex (in target 'alarmo' from project 'alarmo')
    cd /Users/rukesh/Documents/projects/alarmo/alarmo
    builtin-copy -exclude .DS_Store -exclude CVS -exclude .svn -exclude .git -exclude .hg -exclude Headers -exclude PrivateHeaders -exclude Modules -exclude \*.tbd -resolve-src-symlinks -remove-static-executable /Users/rukesh/Library/Developer/Xcode/DerivedData/alarmo-ceckqxjdtadmywhgpijqujqnffnr/Build/Products/Debug-iphonesimulator/AlarmoWidget.appex /Users/rukesh/Library/Developer/Xcode/DerivedData/alarmo-ceckqxjdtadmywhgpijqujqnffnr/Build/Products/Debug-iphonesimulator/alarmo.app/PlugIns

ProcessInfoPlistFile /Users/rukesh/Library/Developer/Xcode/DerivedData/alarmo-ceckqxjdtadmywhgpijqujqnffnr/Build/Products/Debug-iphonesimulator/alarmo.app/Info.plist /Users/rukesh/Library/Developer/Xcode/DerivedData/alarmo-ceckqxjdtadmywhgpijqujqnffnr/Build/Intermediates.noindex/alarmo.build/Debug-iphonesimulator/alarmo.build/empty-alarmo.plist (in target 'alarmo' from project 'alarmo')
    cd /Users/rukesh/Documents/projects/alarmo/alarmo
    builtin-infoPlistUtility /Users/rukesh/Library/Developer/Xcode/DerivedData/alarmo-ceckqxjdtadmywhgpijqujqnffnr/Build/Intermediates.noindex/alarmo.build/Debug-iphonesimulator/alarmo.build/empty-alarmo.plist -producttype com.apple.product-type.application -genpkginfo /Users/rukesh/Library/Developer/Xcode/DerivedData/alarmo-ceckqxjdtadmywhgpijqujqnffnr/Build/Products/Debug-iphonesimulator/alarmo.app/PkgInfo -expandbuildsettings -format binary -platform iphonesimulator -additionalcontentfile /Users/rukesh/Library/Developer/Xcode/DerivedData/alarmo-ceckqxjdtadmywhgpijqujqnffnr/Build/Intermediates.noindex/alarmo.build/Debug-iphonesimulator/alarmo.build/assetcatalog_generated_info.plist -scanforprivacyfile /Users/rukesh/Library/Developer/Xcode/DerivedData/alarmo-ceckqxjdtadmywhgpijqujqnffnr/Build/Products/Debug-iphonesimulator/alarmo.app/PlugIns/AlarmoShieldUI.appex -scanforprivacyfile /Users/rukesh/Library/Developer/Xcode/DerivedData/alarmo-ceckqxjdtadmywhgpijqujqnffnr/Build/Products/Debug-iphonesimulator/alarmo.app/PlugIns/AlarmoWidget.appex -o /Users/rukesh/Library/Developer/Xcode/DerivedData/alarmo-ceckqxjdtadmywhgpijqujqnffnr/Build/Products/Debug-iphonesimulator/alarmo.app/Info.plist

CopySwiftLibs /Users/rukesh/Library/Developer/Xcode/DerivedData/alarmo-ceckqxjdtadmywhgpijqujqnffnr/Build/Products/Debug-iphonesimulator/alarmo.app (in target 'alarmo' from project 'alarmo')
    cd /Users/rukesh/Documents/projects/alarmo/alarmo
    builtin-swiftStdLibTool --copy --verbose --sign - --scan-executable /Users/rukesh/Library/Developer/Xcode/DerivedData/alarmo-ceckqxjdtadmywhgpijqujqnffnr/Build/Products/Debug-iphonesimulator/alarmo.app/alarmo.debug.dylib --scan-folder /Users/rukesh/Library/Developer/Xcode/DerivedData/alarmo-ceckqxjdtadmywhgpijqujqnffnr/Build/Products/Debug-iphonesimulator/alarmo.app/Frameworks --scan-folder /Users/rukesh/Library/Developer/Xcode/DerivedData/alarmo-ceckqxjdtadmywhgpijqujqnffnr/Build/Products/Debug-iphonesimulator/alarmo.app/PlugIns --scan-folder /Users/rukesh/Library/Developer/Xcode/DerivedData/alarmo-ceckqxjdtadmywhgpijqujqnffnr/Build/Products/Debug-iphonesimulator/alarmo.app/SystemExtensions --scan-folder /Users/rukesh/Library/Developer/Xcode/DerivedData/alarmo-ceckqxjdtadmywhgpijqujqnffnr/Build/Products/Debug-iphonesimulator/alarmo.app/Extensions --platform iphonesimulator --toolchain /var/run/com.apple.security.cryptexd/mnt/com.apple.MobileAsset.MetalToolchain-v17.3.48.0.Qfs0Sy/Metal.xctoolchain --toolchain /Applications/Xcode.app/Contents/Developer/Toolchains/XcodeDefault.xctoolchain --destination /Users/rukesh/Library/Developer/Xcode/DerivedData/alarmo-ceckqxjdtadmywhgpijqujqnffnr/Build/Products/Debug-iphonesimulator/alarmo.app/Frameworks --strip-bitcode --strip-bitcode-tool /Applications/Xcode.app/Contents/Developer/Toolchains/XcodeDefault.xctoolchain/usr/bin/bitcode_strip --emit-dependency-info /Users/rukesh/Library/Developer/Xcode/DerivedData/alarmo-ceckqxjdtadmywhgpijqujqnffnr/Build/Intermediates.noindex/alarmo.build/Debug-iphonesimulator/alarmo.build/SwiftStdLibToolInputDependencies.dep --filter-for-swift-os --back-deploy-swift-span

ExtractAppIntentsMetadata (in target 'alarmo' from project 'alarmo')
    cd /Users/rukesh/Documents/projects/alarmo/alarmo
    /Applications/Xcode.app/Contents/Developer/Toolchains/XcodeDefault.xctoolchain/usr/bin/appintentsmetadataprocessor --toolchain-dir /var/run/com.apple.security.cryptexd/mnt/com.apple.MobileAsset.MetalToolchain-v17.3.48.0.Qfs0Sy/Metal.xctoolchain --module-name alarmo --sdk-root /Applications/Xcode.app/Contents/Developer/Platforms/iPhoneSimulator.platform/Developer/SDKs/iPhoneSimulator26.2.sdk --xcode-version 17C52 --platform-family iOS --deployment-target 17.0 --bundle-identifier ht.alarmo --output /Users/rukesh/Library/Developer/Xcode/DerivedData/alarmo-ceckqxjdtadmywhgpijqujqnffnr/Build/Products/Debug-iphonesimulator/alarmo.app --target-triple arm64-apple-ios17.0-simulator --target-triple x86_64-apple-ios17.0-simulator --binary-file /Users/rukesh/Library/Developer/Xcode/DerivedData/alarmo-ceckqxjdtadmywhgpijqujqnffnr/Build/Products/Debug-iphonesimulator/alarmo.app/alarmo --dependency-file /Users/rukesh/Library/Developer/Xcode/DerivedData/alarmo-ceckqxjdtadmywhgpijqujqnffnr/Build/Intermediates.noindex/alarmo.build/Debug-iphonesimulator/alarmo.build/Objects-normal/arm64/alarmo_dependency_info.dat --dependency-file /Users/rukesh/Library/Developer/Xcode/DerivedData/alarmo-ceckqxjdtadmywhgpijqujqnffnr/Build/Intermediates.noindex/alarmo.build/Debug-iphonesimulator/alarmo.build/Objects-normal/x86_64/alarmo_dependency_info.dat --stringsdata-file /Users/rukesh/Library/Developer/Xcode/DerivedData/alarmo-ceckqxjdtadmywhgpijqujqnffnr/Build/Intermediates.noindex/alarmo.build/Debug-iphonesimulator/alarmo.build/Objects-normal/arm64/ExtractedAppShortcutsMetadata.stringsdata --stringsdata-file /Users/rukesh/Library/Developer/Xcode/DerivedData/alarmo-ceckqxjdtadmywhgpijqujqnffnr/Build/Intermediates.noindex/alarmo.build/Debug-iphonesimulator/alarmo.build/Objects-normal/x86_64/ExtractedAppShortcutsMetadata.stringsdata --source-file-list /Users/rukesh/Library/Developer/Xcode/DerivedData/alarmo-ceckqxjdtadmywhgpijqujqnffnr/Build/Intermediates.noindex/alarmo.build/Debug-iphonesimulator/alarmo.build/Objects-normal/arm64/alarmo.SwiftFileList --source-file-list /Users/rukesh/Library/Developer/Xcode/DerivedData/alarmo-ceckqxjdtadmywhgpijqujqnffnr/Build/Intermediates.noindex/alarmo.build/Debug-iphonesimulator/alarmo.build/Objects-normal/x86_64/alarmo.SwiftFileList --metadata-file-list /Users/rukesh/Library/Developer/Xcode/DerivedData/alarmo-ceckqxjdtadmywhgpijqujqnffnr/Build/Intermediates.noindex/alarmo.build/Debug-iphonesimulator/alarmo.build/alarmo.DependencyMetadataFileList --static-metadata-file-list /Users/rukesh/Library/Developer/Xcode/DerivedData/alarmo-ceckqxjdtadmywhgpijqujqnffnr/Build/Intermediates.noindex/alarmo.build/Debug-iphonesimulator/alarmo.build/alarmo.DependencyStaticMetadataFileList --swift-const-vals-list /Users/rukesh/Library/Developer/Xcode/DerivedData/alarmo-ceckqxjdtadmywhgpijqujqnffnr/Build/Intermediates.noindex/alarmo.build/Debug-iphonesimulator/alarmo.build/Objects-normal/arm64/alarmo.SwiftConstValuesFileList --swift-const-vals-list /Users/rukesh/Library/Developer/Xcode/DerivedData/alarmo-ceckqxjdtadmywhgpijqujqnffnr/Build/Intermediates.noindex/alarmo.build/Debug-iphonesimulator/alarmo.build/Objects-normal/x86_64/alarmo.SwiftConstValuesFileList --compile-time-extraction --deployment-aware-processing --validate-assistant-intents --no-app-shortcuts-localization
2026-03-01 21:08:30.213 appintentsmetadataprocessor[88241:2002374] Starting appintentsmetadataprocessor export
2026-03-01 21:08:30.313 appintentsmetadataprocessor[88241:2002374] Writing Metadata.appintents
2026-03-01 21:08:30.313 appintentsmetadataprocessor[88241:2002374] Metadata root: /Users/rukesh/Library/Developer/Xcode/DerivedData/alarmo-ceckqxjdtadmywhgpijqujqnffnr/Build/Products/Debug-iphonesimulator/alarmo.app/Metadata.appintents

AppIntentsSSUTraining (in target 'alarmo' from project 'alarmo')
    cd /Users/rukesh/Documents/projects/alarmo/alarmo
    /Applications/Xcode.app/Contents/Developer/Toolchains/XcodeDefault.xctoolchain/usr/bin/appintentsnltrainingprocessor --infoplist-path /Users/rukesh/Library/Developer/Xcode/DerivedData/alarmo-ceckqxjdtadmywhgpijqujqnffnr/Build/Products/Debug-iphonesimulator/alarmo.app/Info.plist --temp-dir-path /Users/rukesh/Library/Developer/Xcode/DerivedData/alarmo-ceckqxjdtadmywhgpijqujqnffnr/Build/Intermediates.noindex/alarmo.build/Debug-iphonesimulator/alarmo.build/ssu --bundle-id ht.alarmo --product-path /Users/rukesh/Library/Developer/Xcode/DerivedData/alarmo-ceckqxjdtadmywhgpijqujqnffnr/Build/Products/Debug-iphonesimulator/alarmo.app --extracted-metadata-path /Users/rukesh/Library/Developer/Xcode/DerivedData/alarmo-ceckqxjdtadmywhgpijqujqnffnr/Build/Products/Debug-iphonesimulator/alarmo.app/Metadata.appintents --metadata-file-list /Users/rukesh/Library/Developer/Xcode/DerivedData/alarmo-ceckqxjdtadmywhgpijqujqnffnr/Build/Intermediates.noindex/alarmo.build/Debug-iphonesimulator/alarmo.build/alarmo.DependencyMetadataFileList --archive-ssu-assets
2026-03-01 21:08:30.329 appintentsnltrainingprocessor[88242:2002381] Parsing options for appintentsnltrainingprocessor
2026-03-01 21:08:30.329 appintentsnltrainingprocessor[88242:2002381] Starting AppIntents SSU YAML Generation
2026-03-01 21:08:30.334 appintentsnltrainingprocessor[88242:2002381] No AppShortcuts found - Skipping.

CodeSign /Users/rukesh/Library/Developer/Xcode/DerivedData/alarmo-ceckqxjdtadmywhgpijqujqnffnr/Build/Products/Debug-iphonesimulator/alarmo.app/alarmo.debug.dylib (in target 'alarmo' from project 'alarmo')
    cd /Users/rukesh/Documents/projects/alarmo/alarmo
    
    Signing Identity:     "Sign to Run Locally"
    
    /usr/bin/codesign --force --sign - --timestamp\=none --generate-entitlement-der /Users/rukesh/Library/Developer/Xcode/DerivedData/alarmo-ceckqxjdtadmywhgpijqujqnffnr/Build/Products/Debug-iphonesimulator/alarmo.app/alarmo.debug.dylib

CodeSign /Users/rukesh/Library/Developer/Xcode/DerivedData/alarmo-ceckqxjdtadmywhgpijqujqnffnr/Build/Products/Debug-iphonesimulator/alarmo.app/__preview.dylib (in target 'alarmo' from project 'alarmo')
    cd /Users/rukesh/Documents/projects/alarmo/alarmo
    
    Signing Identity:     "Sign to Run Locally"
    
    /usr/bin/codesign --force --sign - --timestamp\=none --generate-entitlement-der /Users/rukesh/Library/Developer/Xcode/DerivedData/alarmo-ceckqxjdtadmywhgpijqujqnffnr/Build/Products/Debug-iphonesimulator/alarmo.app/__preview.dylib

CodeSign /Users/rukesh/Library/Developer/Xcode/DerivedData/alarmo-ceckqxjdtadmywhgpijqujqnffnr/Build/Products/Debug-iphonesimulator/alarmo.app (in target 'alarmo' from project 'alarmo')
    cd /Users/rukesh/Documents/projects/alarmo/alarmo
    
    Signing Identity:     "Sign to Run Locally"
    
    /usr/bin/codesign --force --sign - --entitlements /Users/rukesh/Library/Developer/Xcode/DerivedData/alarmo-ceckqxjdtadmywhgpijqujqnffnr/Build/Intermediates.noindex/alarmo.build/Debug-iphonesimulator/alarmo.build/alarmo.app.xcent --timestamp\=none --generate-entitlement-der /Users/rukesh/Library/Developer/Xcode/DerivedData/alarmo-ceckqxjdtadmywhgpijqujqnffnr/Build/Products/Debug-iphonesimulator/alarmo.app

ValidateEmbeddedBinary /Users/rukesh/Library/Developer/Xcode/DerivedData/alarmo-ceckqxjdtadmywhgpijqujqnffnr/Build/Products/Debug-iphonesimulator/alarmo.app/PlugIns/AlarmoShieldUI.appex (in target 'alarmo' from project 'alarmo')
    cd /Users/rukesh/Documents/projects/alarmo/alarmo
    /Applications/Xcode.app/Contents/Developer/usr/bin/embeddedBinaryValidationUtility /Users/rukesh/Library/Developer/Xcode/DerivedData/alarmo-ceckqxjdtadmywhgpijqujqnffnr/Build/Products/Debug-iphonesimulator/alarmo.app/PlugIns/AlarmoShieldUI.appex -signing-cert - -info-plist-path /Users/rukesh/Library/Developer/Xcode/DerivedData/alarmo-ceckqxjdtadmywhgpijqujqnffnr/Build/Products/Debug-iphonesimulator/alarmo.app/Info.plist

ValidateEmbeddedBinary /Users/rukesh/Library/Developer/Xcode/DerivedData/alarmo-ceckqxjdtadmywhgpijqujqnffnr/Build/Products/Debug-iphonesimulator/alarmo.app/PlugIns/AlarmoWidget.appex (in target 'alarmo' from project 'alarmo')
    cd /Users/rukesh/Documents/projects/alarmo/alarmo
    /Applications/Xcode.app/Contents/Developer/usr/bin/embeddedBinaryValidationUtility /Users/rukesh/Library/Developer/Xcode/DerivedData/alarmo-ceckqxjdtadmywhgpijqujqnffnr/Build/Products/Debug-iphonesimulator/alarmo.app/PlugIns/AlarmoWidget.appex -signing-cert - -info-plist-path /Users/rukesh/Library/Developer/Xcode/DerivedData/alarmo-ceckqxjdtadmywhgpijqujqnffnr/Build/Products/Debug-iphonesimulator/alarmo.app/Info.plist

RegisterExecutionPolicyException /Users/rukesh/Library/Developer/Xcode/DerivedData/alarmo-ceckqxjdtadmywhgpijqujqnffnr/Build/Products/Debug-iphonesimulator/alarmo.app (in target 'alarmo' from project 'alarmo')
    cd /Users/rukesh/Documents/projects/alarmo/alarmo
    builtin-RegisterExecutionPolicyException /Users/rukesh/Library/Developer/Xcode/DerivedData/alarmo-ceckqxjdtadmywhgpijqujqnffnr/Build/Products/Debug-iphonesimulator/alarmo.app

Validate /Users/rukesh/Library/Developer/Xcode/DerivedData/alarmo-ceckqxjdtadmywhgpijqujqnffnr/Build/Products/Debug-iphonesimulator/alarmo.app (in target 'alarmo' from project 'alarmo')
    cd /Users/rukesh/Documents/projects/alarmo/alarmo
    builtin-validationUtility /Users/rukesh/Library/Developer/Xcode/DerivedData/alarmo-ceckqxjdtadmywhgpijqujqnffnr/Build/Products/Debug-iphonesimulator/alarmo.app -shallow-bundle -infoplist-subpath Info.plist

Touch /Users/rukesh/Library/Developer/Xcode/DerivedData/alarmo-ceckqxjdtadmywhgpijqujqnffnr/Build/Products/Debug-iphonesimulator/alarmo.app (in target 'alarmo' from project 'alarmo')
    cd /Users/rukesh/Documents/projects/alarmo/alarmo
    /usr/bin/touch -c /Users/rukesh/Library/Developer/Xcode/DerivedData/alarmo-ceckqxjdtadmywhgpijqujqnffnr/Build/Products/Debug-iphonesimulator/alarmo.app

** BUILD SUCCEEDED **

